W/WindowManager(  295):     content=[0,0][428,240] visible=[0,0][428,240]
W/WindowManager(  295): Cur insets: content=[0,0][0,0] visible=[0,0][0,0]
W/WindowManager(  295): Lst insets: content=[0,0][0,0] visible=[0,0][0,0]
W/WindowManager(  295): mSurface=Surface(name=SurfaceView, identity=42)
W/WindowManager(  295): mDrawState=HAS_DRAWN mLastHidden=true
W/WindowManager(  295): Surface: shown=false layer=21020 alpha=1.0 rect=(0.0,0.0) 428.0 x 240.0
W/WindowManager(  295): This window was lost: Window{41643fe0 org.test.hud_key_test/org.renpy.android.PythonActivity paused=false}
W/WindowManager(  295): mSession=Session{4165f8d0 uid 10006} mClient=android.os.BinderProxy@4166fea0
W/WindowManager(  295): mAttrs=WM.LayoutParams{(0,0)(fillxfill) sim=#123 ty=1 fl=#1810500 pfl=0x8 fmt=-3 wanim=0x10302e0}
W/WindowManager(  295): Requested w=428 h=240 mLayoutSeq=224
W/WindowManager(  295): mBaseLayer=21000 mSubLayer=0 mAnimLayer=21025+0=21025 mLastLayer=21025
W/WindowManager(  295): mToken=AppWindowToken{4163a670 token=Token{416477d0 ActivityRecord{4160cec0 org.test.hud_key_test/org.renpy.android.PythonActivity}}}
W/WindowManager(  295): mRootToken=AppWindowToken{4163a670 token=Token{416477d0 ActivityRecord{4160cec0 org.test.hud_key_test/org.renpy.android.PythonActivity}}}
W/WindowManager(  295): mAppToken=AppWindowToken{4163a670 token=Token{416477d0 ActivityRecord{4160cec0 org.test.hud_key_test/org.renpy.android.PythonActivity}}}
W/WindowManager(  295): mViewVisibility=0x0 mHaveFrame=true mObscured=false
W/WindowManager(  295): mSeq=0 mSystemUiVisibility=0x0
W/WindowManager(  295): mGivenContentInsets=[0,0][0,0] mGivenVisibleInsets=[0,0][0,0]
W/WindowManager(  295): mConfiguration={1.0 0mcc0mnc en_US sw240dp w428dp h208dp smll land -touch -keyb/v/h -nav/h s.3}
W/WindowManager(  295): mHasSurface=true mShownFrame=[0.0,0.0][428.0,240.0]
W/WindowManager(  295): mFrame=[0,0][428,240] last=[0,0][428,240]
W/WindowManager(  295): mSystemDecorRect=[0,0][428,240] last=[0,0][428,240]
W/WindowManager(  295): Frames: containing=[0,0][428,240] parent=[0,0][428,240] display=[0,0][428,240]
W/WindowManager(  295):     content=[0,0][428,240] visible=[0,0][428,240]
W/WindowManager(  295): Cur insets: content=[0,0][0,0] visible=[0,0][0,0]
W/WindowManager(  295): Lst insets: content=[0,0][0,0] visible=[0,0][0,0]
W/WindowManager(  295): mSurface=Surface(name=org.test.hud_key_test/org.renpy.android.PythonActivity, identity=41)
W/WindowManager(  295): mDrawState=HAS_DRAWN mLastHidden=true
W/WindowManager(  295): Surface: shown=false layer=21025 alpha=1.0 rect=(0.0,0.0) 428.0 x 240.0
W/WindowManager(  295): Current app token list:
V/WindowManager(  295):   #2: Token{415187b8 ActivityRecord{4151e8a0 com.reconinstruments.jetapplauncher/.applauncher.AppLauncherActivity}}
V/WindowManager(  295):   #1: Token{4153f158 ActivityRecord{41435af0 com.reconinstruments.itemhost/.ItemHostActivity}}
V/WindowManager(  295):   #0: Token{415fe2a8 ActivityRecord{41575648 com.reconinstruments.dashwarning/.WarningActivity}}
W/WindowManager(  295): Final window list:
V/WindowManager(  295):   #6: Window{415f5720 RecentsPanel paused=false}
V/WindowManager(  295):   #5: Window{41609bd8 StatusBar paused=false}
V/WindowManager(  295):   #4: Window{41661558 InputMethod paused=false}
V/WindowManager(  295):   #3: Window{41672168 com.reconinstruments.jetapplauncher/com.reconinstruments.jetapplauncher.applauncher.AppLauncherActivity paused=false}
V/WindowManager(  295):   #2: Window{416580f8 com.reconinstruments.itemhost/com.reconinstruments.itemhost.ItemHostActivity paused=false}
V/WindowManager(  295):   #1: Window{415a7170 com.reconinstruments.dashwarning/com.reconinstruments.dashwarning.WarningActivity paused=false}
V/WindowManager(  295):   #0: Window{415e3a20 com.android.systemui.ImageWallpaper paused=false}
I/WindowState(  295): WIN DEATH: Window{416c3f98 SurfaceView paused=false}
I/WindowState(  295): WIN DEATH: Window{41643fe0 org.test.hud_key_test/org.renpy.android.PythonActivity paused=false}
I/ActivityManager(  295): Force stopping package org.test.hud_key_test uid=10006
D/BackupManagerService(  295): Received broadcast Intent { act=android.intent.action.PACKAGE_REMOVED dat=package:org.test.hud_key_test flg=0x8000010 (has extras) }
V/BackupManagerService(  295): removePackageParticipantsLocked: uid=10006 #1
E/AndroidRuntime( 6060): FATAL EXCEPTION: IntentService[VoicemailCleanupService]
E/AndroidRuntime( 6060): java.lang.SecurityException: The caller must have permission: com.android.voicemail.permission.ADD_VOICEMAIL
E/AndroidRuntime( 6060): 	at com.android.providers.contacts.VoicemailPermissions.checkCallerHasOwnVoicemailAccess(VoicemailPermissions.java:52)
E/AndroidRuntime( 6060): 	at com.android.providers.contacts.VoicemailContentProvider.checkPermissionsAndCreateUriData(VoicemailContentProvider.java:299)
E/AndroidRuntime( 6060): 	at com.android.providers.contacts.VoicemailContentProvider.delete(VoicemailContentProvider.java:127)
E/AndroidRuntime( 6060): 	at android.content.ContentProvider$Transport.delete(ContentProvider.java:228)
E/AndroidRuntime( 6060): 	at android.content.ContentResolver.delete(ContentResolver.java:956)
E/AndroidRuntime( 6060): 	at com.android.providers.contacts.VoicemailCleanupService.handleIntentInternal(VoicemailCleanupService.java:51)
E/AndroidRuntime( 6060): 	at com.android.providers.contacts.VoicemailCleanupService.onHandleIntent(VoicemailCleanupService.java:40)
E/AndroidRuntime( 6060): 	at android.app.IntentService$ServiceHandler.handleMessage(IntentService.java:65)
E/AndroidRuntime( 6060): 	at android.os.Handler.dispatchMessage(Handler.java:99)
E/AndroidRuntime( 6060): 	at android.os.Looper.loop(Looper.java:137)
E/AndroidRuntime( 6060): 	at android.os.HandlerThread.run(HandlerThread.java:60)
W/InputMethodManagerService(  295): Found no subtypes in a system IME: com.reconinstruments.offsetkeyboard
I/ActivityManager(  295): Process android.process.acore (pid 6060) has died.
W/ActivityManager(  295): Scheduling restart of crashed service com.android.providers.contacts/.VoicemailCleanupService in 5000ms
W/ThrottleService(  295): unable to find stats for iface rmnet0
W/ActivityManager(  295): No content provider found for permission revoke: file:///data/local/tmp/HUDKeyTest-0.1-debug.apk
W/ActivityManager(  295): No content provider found for permission revoke: file:///data/local/tmp/HUDKeyTest-0.1-debug.apk
I/ActivityManager(  295): Force stopping package org.test.hud_key_test uid=10006
D/BackupManagerService(  295): Received broadcast Intent { act=android.intent.action.PACKAGE_ADDED dat=package:org.test.hud_key_test flg=0x8000010 (has extras) }
V/BackupManagerService(  295): addPackageParticipantsLocked: #1
W/InputMethodManagerService(  295): Found no subtypes in a system IME: com.reconinstruments.offsetkeyboard
W/RecognitionManagerService(  295): no available voice recognition services found
I/ActivityManager(  295): Start proc android.process.acore for broadcast com.android.providers.contacts/.PackageIntentReceiver: pid=6364 uid=10000 gids={3003, 1028}
I/ActivityManager(  295): START {act=com.reconinstruments.jetappsettings.apps cmp=com.reconinstruments.jetapplauncher/.applauncher.AppLauncherActivity u=0} from pid 958
I/NotificationService(  295): cancelToast pkg=com.reconinstruments.itemhost callback=android.app.ITransientNotification$Stub$Proxy@416fd820
W/NotificationService(  295): Toast already cancelled. pkg=com.reconinstruments.itemhost callback=android.app.ITransientNotification$Stub$Proxy@416fd820
I/ActivityManager(  295): START {act=android.intent.action.MAIN cat=[android.intent.category.LAUNCHER] flg=0x10200000 cmp=org.test.hud_key_test/org.renpy.android.PythonActivity u=0} from pid 651
I/ActivityManager(  295): Start proc org.test.hud_key_test:python for activity org.test.hud_key_test/org.renpy.android.PythonActivity: pid=6459 uid=10006 gids={1015, 1028}
I/WindowState(  295): WIN DEATH: Window{416f1098 SurfaceView paused=false}
I/ActivityManager(  295): Process org.test.hud_key_test:python (pid 6459) has died.
W/ActivityManager(  295): Force removing ActivityRecord{415ac2d0 org.test.hud_key_test/org.renpy.android.PythonActivity}: app died, no saved state
I/WindowState(  295): WIN DEATH: Window{4165fe00 org.test.hud_key_test/org.renpy.android.PythonActivity paused=false}
I/WindowManager(  295): WINDOW DIED Window{4165fe00 org.test.hud_key_test/org.renpy.android.PythonActivity paused=false}
W/InputMethodManagerService(  295): Got RemoteException sending setActive(false) notification to pid 6459 uid 10006
I/ActivityManager(  295): START {act=android.intent.action.MAIN cat=[android.intent.category.LAUNCHER] flg=0x10200000 cmp=org.test.hud_key_test/org.renpy.android.PythonActivity u=0} from pid 651
I/ActivityManager(  295): Start proc org.test.hud_key_test:python for activity org.test.hud_key_test/org.renpy.android.PythonActivity: pid=6542 uid=10006 gids={1015, 1028}
W/ThrottleService(  295): unable to find stats for iface rmnet0
I/WindowState(  295): WIN DEATH: Window{415936a0 SurfaceView paused=false}
I/ActivityManager(  295): Process org.test.hud_key_test:python (pid 6542) has died.
W/ActivityManager(  295): Force removing ActivityRecord{41692128 org.test.hud_key_test/org.renpy.android.PythonActivity}: app died, no saved state
I/WindowState(  295): WIN DEATH: Window{415839a8 org.test.hud_key_test/org.renpy.android.PythonActivity paused=false}
I/WindowManager(  295): WINDOW DIED Window{415839a8 org.test.hud_key_test/org.renpy.android.PythonActivity paused=false}
W/InputMethodManagerService(  295): Got RemoteException sending setActive(false) notification to pid 6542 uid 10006
W/SocketClient(  100): write error (Broken pipe)
W/ThrottleService(  295): unable to find stats for iface rmnet0
W/ThrottleService(  295): unable to find stats for iface rmnet0
W/ThrottleService(  295): unable to find stats for iface rmnet0
W/SocketClient(  100): write error (Broken pipe)
W/ThrottleService(  295): unable to find stats for iface rmnet0
W/ThrottleService(  295): unable to find stats for iface rmnet0
W/SocketClient(  100): write error (Broken pipe)
W/ThrottleService(  295): unable to find stats for iface rmnet0
W/SocketClient(  100): write error (Broken pipe)
W/ThrottleService(  295): unable to find stats for iface rmnet0
W/ThrottleService(  295): unable to find stats for iface rmnet0
W/ThrottleService(  295): unable to find stats for iface rmnet0
W/ThrottleService(  295): unable to find stats for iface rmnet0
W/ThrottleService(  295): unable to find stats for iface rmnet0
W/SocketClient(  100): write error (Broken pipe)
W/SocketClient(  100): write error (Broken pipe)
W/ThrottleService(  295): unable to find stats for iface rmnet0
W/SocketClient(  100): write error (Broken pipe)
W/ThrottleService(  295): unable to find stats for iface rmnet0
W/SocketClient(  100): write error (Broken pipe)
W/ThrottleService(  295): unable to find stats for iface rmnet0
W/SocketClient(  100): write error (Broken pipe)
W/ThrottleService(  295): unable to find stats for iface rmnet0
W/ThrottleService(  295): unable to find stats for iface rmnet0
W/ThrottleService(  295): unable to find stats for iface rmnet0
W/SocketClient(  100): write error (Broken pipe)
W/ThrottleService(  295): unable to find stats for iface rmnet0
W/SocketClient(  100): write error (Broken pipe)
W/ThrottleService(  295): unable to find stats for iface rmnet0
W/ThrottleService(  295): unable to find stats for iface rmnet0
W/SocketClient(  100): write error (Broken pipe)
W/ThrottleService(  295): unable to find stats for iface rmnet0
W/SocketClient(  100): write error (Broken pipe)
W/ThrottleService(  295): unable to find stats for iface rmnet0
W/SocketClient(  100): write error (Broken pipe)
W/ThrottleService(  295): unable to find stats for iface rmnet0
W/ThrottleService(  295): unable to find stats for iface rmnet0
W/SocketClient(  100): write error (Broken pipe)
W/SocketClient(  100): write error (Broken pipe)
W/ThrottleService(  295): unable to find stats for iface rmnet0
W/ThrottleService(  295): unable to find stats for iface rmnet0
W/ThrottleService(  295): unable to find stats for iface rmnet0
W/SocketClient(  100): write error (Broken pipe)
W/PowerUI (  390): unknown intent: Intent { act=android.intent.action.ACTION_POWER_CONNECTED flg=0x8000010 }
D/PhoneStatusBar(  390): addNotification score=-20
D/PhoneStatusBar(  390): addNotification score=-10
D/PhoneStatusBar(  390): addNotification score=-20
D/PhoneStatusBar(  390): addNotification score=-10
W/ThrottleService(  295): unable to find stats for iface rmnet0
W/PackageManager(  295): Package named 'org.teset.hud_key_test' doesn't exist.
I/ActivityManager(  295): Force stopping package org.test.hud_key_test uid=10006
I/ActivityManager(  295): Force stopping package org.test.hud_key_test uid=10006
W/InputMethodManagerService(  295): Found no subtypes in a system IME: com.reconinstruments.offsetkeyboard
E/AndroidRuntime( 6364): FATAL EXCEPTION: IntentService[VoicemailCleanupService]
E/AndroidRuntime( 6364): java.lang.SecurityException: The caller must have permission: com.android.voicemail.permission.ADD_VOICEMAIL
E/AndroidRuntime( 6364): 	at com.android.providers.contacts.VoicemailPermissions.checkCallerHasOwnVoicemailAccess(VoicemailPermissions.java:52)
E/AndroidRuntime( 6364): 	at com.android.providers.contacts.VoicemailContentProvider.checkPermissionsAndCreateUriData(VoicemailContentProvider.java:299)
E/AndroidRuntime( 6364): 	at com.android.providers.contacts.VoicemailContentProvider.delete(VoicemailContentProvider.java:127)
E/AndroidRuntime( 6364): 	at android.content.ContentProvider$Transport.delete(ContentProvider.java:228)
E/AndroidRuntime( 6364): 	at android.content.ContentResolver.delete(ContentResolver.java:956)
E/AndroidRuntime( 6364): 	at com.android.providers.contacts.VoicemailCleanupService.handleIntentInternal(VoicemailCleanupService.java:51)
E/AndroidRuntime( 6364): 	at com.android.providers.contacts.VoicemailCleanupService.onHandleIntent(VoicemailCleanupService.java:40)
E/AndroidRuntime( 6364): 	at android.app.IntentService$ServiceHandler.handleMessage(IntentService.java:65)
E/AndroidRuntime( 6364): 	at android.os.Handler.dispatchMessage(Handler.java:99)
E/AndroidRuntime( 6364): 	at android.os.Looper.loop(Looper.java:137)
E/AndroidRuntime( 6364): 	at android.os.HandlerThread.run(HandlerThread.java:60)
D/BackupManagerService(  295): Received broadcast Intent { act=android.intent.action.PACKAGE_REMOVED dat=package:org.test.hud_key_test flg=0x8000010 (has extras) }
V/BackupManagerService(  295): removePackageParticipantsLocked: uid=10006 #1
I/ActivityManager(  295): Process android.process.acore (pid 6364) has died.
W/ActivityManager(  295): Scheduling restart of crashed service com.android.providers.contacts/.VoicemailCleanupService in 5000ms
W/ActivityManager(  295): No content provider found for permission revoke: file:///data/local/tmp/HUDTotalTest-0.1-debug.apk
W/ActivityManager(  295): No content provider found for permission revoke: file:///data/local/tmp/HUDTotalTest-0.1-debug.apk
I/ActivityManager(  295): Force stopping package org.test.hud_total_test uid=10006
D/BackupManagerService(  295): Received broadcast Intent { act=android.intent.action.PACKAGE_ADDED dat=package:org.test.hud_total_test flg=0x8000010 (has extras) }
V/BackupManagerService(  295): addPackageParticipantsLocked: #1
W/InputMethodManagerService(  295): Found no subtypes in a system IME: com.reconinstruments.offsetkeyboard
I/ActivityManager(  295): Start proc android.process.acore for broadcast com.android.providers.contacts/.PackageIntentReceiver: pid=6941 uid=10000 gids={3003, 1028}
W/RecognitionManagerService(  295): no available voice recognition services found
I/UsageStats(  295): Deleting usage file : usage-20160426
I/ActivityManager(  295): START {act=com.reconinstruments.jetappsettings.apps cmp=com.reconinstruments.jetapplauncher/.applauncher.AppLauncherActivity u=0} from pid 958
I/UsageStats(  295): No package stats for pkg:com.reconinstruments.itemhost
I/NotificationService(  295): cancelToast pkg=com.reconinstruments.itemhost callback=android.app.ITransientNotification$Stub$Proxy@41471790
W/NotificationService(  295): Toast already cancelled. pkg=com.reconinstruments.itemhost callback=android.app.ITransientNotification$Stub$Proxy@41471790
I/ActivityManager(  295): START {act=android.intent.action.MAIN cat=[android.intent.category.LAUNCHER] flg=0x10200000 cmp=org.test.hud_total_test/org.renpy.android.PythonActivity u=0} from pid 651
I/ActivityManager(  295): Start proc org.test.hud_total_test:python for activity org.test.hud_total_test/org.renpy.android.PythonActivity: pid=7034 uid=10006 gids={1015, 3003, 1028}
I/LocationManagerService(  295): request RECON_AGPS (pid 7034) 1000 0
I/LocationManagerService(  295): request passive (pid 7034) 1000 0
I/LocationManagerService(  295): request gps (pid 7034) 1000 0
I/WindowState(  295): WIN DEATH: Window{417035e8 SurfaceView paused=false}
I/LocationManagerService(  295): remove passive (pid 295), next minTime = 0
I/LocationManagerService(  295): remove gps (pid 295), next minTime = 0
I/LocationManagerService(  295): remove RECON_AGPS (pid 295), next minTime = 0
I/ActivityManager(  295): Process org.test.hud_total_test:python (pid 7034) has died.
W/ActivityManager(  295): Force removing ActivityRecord{41647000 org.test.hud_total_test/org.renpy.android.PythonActivity}: app died, no saved state
I/WindowState(  295): WIN DEATH: Window{416bd3c0 org.test.hud_total_test/org.renpy.android.PythonActivity paused=false}
I/WindowManager(  295): WINDOW DIED Window{416bd3c0 org.test.hud_total_test/org.renpy.android.PythonActivity paused=false}
W/InputMethodManagerService(  295): Got RemoteException sending setActive(false) notification to pid 7034 uid 10006
I/ActivityManager(  295): START {act=android.intent.action.MAIN cat=[android.intent.category.LAUNCHER] flg=0x10200000 cmp=org.test.hud_total_test/org.renpy.android.PythonActivity u=0} from pid 651
I/ActivityManager(  295): Start proc org.test.hud_total_test:python for activity org.test.hud_total_test/org.renpy.android.PythonActivity: pid=15060 uid=10006 gids={1015, 3003, 1028}
I/LocationManagerService(  295): request RECON_AGPS (pid 15060) 1000 0
I/LocationManagerService(  295): request passive (pid 15060) 1000 0
I/LocationManagerService(  295): request gps (pid 15060) 1000 0
--------- beginning of /dev/log/main
I/python  (15060): Original myUID:  2b8341b3-6854-4066-8d68-18a7df543118
I/python  (15060): Dummy myUID:  2b8341b3-6854-4066-8d68-18a7df543118
I/python  (15060): self.user_data {100: {'markerStruct': {'paint_level': 67, 'batteries': [0], 'tank_pressure': 31}, 'posStruct': {'lat': '39.9574', 'planet': 'earth', 'altitude': 80, 'heading': 356, 'long': '-75.1896'}, 'uid': 100, 'name': 'test uid 100'}, 101: {'markerStruct': {'paint_level': 45, 'batteries': [0], 'tank_pressure': 18}, 'posStruct': {'lat': '39.9558', 'planet': 'earth', 'altitude': 24, 'heading': 97, 'long': '-75.1906'}, 'uid': 101, 'name': 'test uid 101'}, 102: {'markerStruct': {'paint_level': 37, 'batteries': [0], 'tank_pressure': 4}, 'posStruct': {'lat': '39.9557', 'planet': 'earth', 'altitude': -98, 'heading': 40, 'long': '-75.1909'}, 'uid': 102, 'name': 'test uid 102'}}
I/python  (15060): 1462148571.9 Drawing scope_canvas...
I/python  (15060): uid_me:  2b8341b3-6854-4066-8d68-18a7df543118
I/python  (15060): Painted Users:  False
I/python  (15060): 1462148571.91 Done
I/python  (15060): Inside updateDisplay
I/python  (15060): Trying to draw user...
I/python  (15060): Done drawing user icon
I/python  (15060): 1462148572.85 Starting...
I/python  (15060): 1462148572.85 Requesting list of users...
I/python  (15060): User List Not Found...
I/python  (15060): Dumping:
I/python  (15060): {'self.in_json_obj': {}, 'self.users': {100: {'markerStruct': {'paint_level': 67, 'batteries': [0], 'tank_pressure': 31}, 'posStruct': {'lat': '39.9574', 'planet': 'earth', 'altitude': 80, 'heading': 356, 'long': '-75.1896'}, 'uid': 100, 'name': 'test uid 100'}, 101: {'markerStruct': {'paint_level': 45, 'batteries': [0], 'tank_pressure': 18}, 'posStruct': {'lat': '39.9558', 'planet': 'earth', 'altitude': 24, 'heading': 97, 'long': '-75.1906'}, 'uid': 101, 'name': 'test uid 101'}, 102: {'markerStruct': {'paint_level': 37, 'batteries': [0], 'tank_pressure': 4}, 'posStruct': {'lat': '39.9557', 'planet': 'earth', 'altitude': -98, 'heading': 40, 'long': '-75.1909'}, 'uid': 102, 'name': 'test uid 102'}}, 'self.log_file': 'gui_dump.log', 'dump_timestamp': 'EUS 2016-05-01 19:22:52.867237', 'self.errors': {}, 'self.out_json_obj': {}}
I/python  (15060): Original myUID:  2b8341b3-6854-4066-8d68-18a7df543118
I/python  (15060): Dummy myUID:  2b8341b3-6854-4066-8d68-18a7df543118
I/python  (15060): self.user_data {100: {'markerStruct': {'paint_level': 26, 'batteries': [0], 'tank_pressure': 45}, 'posStruct': {'lat': '39.9573', 'planet': 'earth', 'altitude': 18, 'heading': 346, 'long': '-75.1894'}, 'uid': 100, 'name': 'test uid 100'}, 101: {'markerStruct': {'paint_level': 22, 'batteries': [0], 'tank_pressure': 100}, 'posStruct': {'lat': '39.9568', 'planet': 'earth', 'altitude': 33, 'heading': 296, 'long': '-75.1895'}, 'uid': 101, 'name': 'test uid 101'}, 102: {'markerStruct': {'paint_level': 25, 'batteries': [0], 'tank_pressure': 50}, 'posStruct': {'lat': '39.9556', 'planet': 'earth', 'altitude': 1, 'heading': 49, 'long': '-75.1907'}, 'uid': 102, 'name': 'test uid 102'}}
I/python  (15060): 1462148572.89 Drawing scope_canvas...
I/python  (15060): uid_me:  2b8341b3-6854-4066-8d68-18a7df543118
I/python  (15060): Painted Users:  False
I/python  (15060): 1462148572.89 Done
I/python  (15060): Inside updateDisplay
I/python  (15060): Trying to draw user...
I/python  (15060): Done drawing user icon
I/python  (15060): 1462148573.85 Starting...
I/python  (15060): 1462148573.85 Requesting list of users...
I/python  (15060): User List Not Found...
I/python  (15060): Dumping:
I/python  (15060): {'self.in_json_obj': {}, 'self.users': {100: {'markerStruct': {'paint_level': 26, 'batteries': [0], 'tank_pressure': 45}, 'posStruct': {'lat': '39.9573', 'planet': 'earth', 'altitude': 18, 'heading': 346, 'long': '-75.1894'}, 'uid': 100, 'name': 'test uid 100'}, 101: {'markerStruct': {'paint_level': 22, 'batteries': [0], 'tank_pressure': 100}, 'posStruct': {'lat': '39.9568', 'planet': 'earth', 'altitude': 33, 'heading': 296, 'long': '-75.1895'}, 'uid': 101, 'name': 'test uid 101'}, 102: {'markerStruct': {'paint_level': 25, 'batteries': [0], 'tank_pressure': 50}, 'posStruct': {'lat': '39.9556', 'planet': 'earth', 'altitude': 1, 'heading': 49, 'long': '-75.1907'}, 'uid': 102, 'name': 'test uid 102'}}, 'self.log_file': 'gui_dump.log', 'dump_timestamp': 'EUS 2016-05-01 19:22:53.868824', 'self.errors': {}, 'self.out_json_obj': {}}
I/python  (15060): Original myUID:  2b8341b3-6854-4066-8d68-18a7df543118
I/python  (15060): Dummy myUID:  2b8341b3-6854-4066-8d68-18a7df543118
I/python  (15060): self.user_data {100: {'markerStruct': {'paint_level': 94, 'batteries': [0], 'tank_pressure': 6}, 'posStruct': {'lat': '39.9557', 'planet': 'earth', 'altitude': -81, 'heading': 10, 'long': '-75.189'}, 'uid': 100, 'name': 'test uid 100'}, 101: {'markerStruct': {'paint_level': 22, 'batteries': [0], 'tank_pressure': 51}, 'posStruct': {'lat': '39.9565', 'planet': 'earth', 'altitude': 29, 'heading': 118, 'long': '-75.1899'}, 'uid': 101, 'name': 'test uid 101'}, 102: {'markerStruct': {'paint_level': 61, 'batteries': [0], 'tank_pressure': 54}, 'posStruct': {'lat': '39.9559', 'planet': 'earth', 'altitude': 27, 'heading': 267, 'long': '-75.1889'}, 'uid': 102, 'name': 'test uid 102'}}
I/python  (15060): 1462148573.9 Drawing scope_canvas...
I/python  (15060): uid_me:  2b8341b3-6854-4066-8d68-18a7df543118
I/python  (15060): Painted Users:  False
I/python  (15060): 1462148573.9 Done
I/python  (15060): Inside updateDisplay
I/python  (15060): Trying to draw user...
I/python  (15060): Done drawing user icon
I/python  (15060): 1462148574.85 Starting...
I/python  (15060): 1462148574.85 Requesting list of users...
I/python  (15060): User List Not Found...
I/python  (15060): Dumping:
I/python  (15060): {'self.in_json_obj': {}, 'self.users': {100: {'markerStruct': {'paint_level': 94, 'batteries': [0], 'tank_pressure': 6}, 'posStruct': {'lat': '39.9557', 'planet': 'earth', 'altitude': -81, 'heading': 10, 'long': '-75.189'}, 'uid': 100, 'name': 'test uid 100'}, 101: {'markerStruct': {'paint_level': 22, 'batteries': [0], 'tank_pressure': 51}, 'posStruct': {'lat': '39.9565', 'planet': 'earth', 'altitude': 29, 'heading': 118, 'long': '-75.1899'}, 'uid': 101, 'name': 'test uid 101'}, 102: {'markerStruct': {'paint_level': 61, 'batteries': [0], 'tank_pressure': 54}, 'posStruct': {'lat': '39.9559', 'planet': 'earth', 'altitude': 27, 'heading': 267, 'long': '-75.1889'}, 'uid': 102, 'name': 'test uid 102'}}, 'self.log_file': 'gui_dump.log', 'dump_timestamp': 'EUS 2016-05-01 19:22:54.865132', 'self.errors': {}, 'self.out_json_obj': {}}
I/python  (15060): Original myUID:  2b8341b3-6854-4066-8d68-18a7df543118
I/python  (15060): Dummy myUID:  2b8341b3-6854-4066-8d68-18a7df543118
I/python  (15060): self.user_data {100: {'markerStruct': {'paint_level': 14, 'batteries': [0], 'tank_pressure': 63}, 'posStruct': {'lat': '39.9563', 'planet': 'earth', 'altitude': -20, 'heading': 268, 'long': '-75.1907'}, 'uid': 100, 'name': 'test uid 100'}, 101: {'markerStruct': {'paint_level': 77, 'batteries': [0], 'tank_pressure': 83}, 'posStruct': {'lat': '39.9574', 'planet': 'earth', 'altitude': 73, 'heading': 350, 'long': '-75.1904'}, 'uid': 101, 'name': 'test uid 101'}, 102: {'markerStruct': {'paint_level': 11, 'batteries': [0], 'tank_pressure': 23}, 'posStruct': {'lat': '39.9568', 'planet': 'earth', 'altitude': 75, 'heading': 14, 'long': '-75.1892'}, 'uid': 102, 'name': 'test uid 102'}}
I/python  (15060): 1462148574.99 Drawing scope_canvas...
I/python  (15060): uid_me:  2b8341b3-6854-4066-8d68-18a7df543118
I/python  (15060): Painted Users:  False
I/python  (15060): 1462148575.0 Done
I/python  (15060): Inside updateDisplay
I/python  (15060): Trying to draw user...
I/python  (15060): Done drawing user icon
I/python  (15060): 1462148575.85 Starting...
I/python  (15060): 1462148575.85 Requesting list of users...
I/python  (15060): User List Not Found...
I/python  (15060): Dumping:
I/python  (15060): {'self.in_json_obj': {}, 'self.users': {100: {'markerStruct': {'paint_level': 14, 'batteries': [0], 'tank_pressure': 63}, 'posStruct': {'lat': '39.9563', 'planet': 'earth', 'altitude': -20, 'heading': 268, 'long': '-75.1907'}, 'uid': 100, 'name': 'test uid 100'}, 101: {'markerStruct': {'paint_level': 77, 'batteries': [0], 'tank_pressure': 83}, 'posStruct': {'lat': '39.9574', 'planet': 'earth', 'altitude': 73, 'heading': 350, 'long': '-75.1904'}, 'uid': 101, 'name': 'test uid 101'}, 102: {'markerStruct': {'paint_level': 11, 'batteries': [0], 'tank_pressure': 23}, 'posStruct': {'lat': '39.9568', 'planet': 'earth', 'altitude': 75, 'heading': 14, 'long': '-75.1892'}, 'uid': 102, 'name': 'test uid 102'}}, 'self.log_file': 'gui_dump.log', 'dump_timestamp': 'EUS 2016-05-01 19:22:55.874836', 'self.errors': {}, 'self.out_json_obj': {}}
I/python  (15060): Original myUID:  2b8341b3-6854-4066-8d68-18a7df543118
I/python  (15060): Dummy myUID:  2b8341b3-6854-4066-8d68-18a7df543118
I/python  (15060): self.user_data {100: {'markerStruct': {'paint_level': 47, 'batteries': [0], 'tank_pressure': 57}, 'posStruct': {'lat': '39.9566', 'planet': 'earth', 'altitude': 35, 'heading': 34, 'long': '-75.189'}, 'uid': 100, 'name': 'test uid 100'}, 101: {'markerStruct': {'paint_level': 28, 'batteries': [0], 'tank_pressure': 55}, 'posStruct': {'lat': '39.957', 'planet': 'earth', 'altitude': -69, 'heading': 109, 'long': '-75.1908'}, 'uid': 101, 'name': 'test uid 101'}, 102: {'markerStruct': {'paint_level': 84, 'batteries': [0], 'tank_pressure': 86}, 'posStruct': {'lat': '39.9562', 'planet': 'earth', 'altitude': 40, 'heading': 294, 'long': '-75.1894'}, 'uid': 102, 'name': 'test uid 102'}}
I/python  (15060): 1462148575.9 Drawing scope_canvas...
I/python  (15060): uid_me:  2b8341b3-6854-4066-8d68-18a7df543118
I/python  (15060): Painted Users:  False
I/python  (15060): 1462148575.91 Done
I/python  (15060): Inside updateDisplay
I/python  (15060): Trying to draw user...
I/python  (15060): Done drawing user icon
I/python  (15060): 1462148576.85 Starting...
I/python  (15060): 1462148576.85 Requesting list of users...
I/python  (15060): User List Not Found...
I/python  (15060): Dumping:
I/python  (15060): {'self.in_json_obj': {}, 'self.users': {100: {'markerStruct': {'paint_level': 47, 'batteries': [0], 'tank_pressure': 57}, 'posStruct': {'lat': '39.9566', 'planet': 'earth', 'altitude': 35, 'heading': 34, 'long': '-75.189'}, 'uid': 100, 'name': 'test uid 100'}, 101: {'markerStruct': {'paint_level': 28, 'batteries': [0], 'tank_pressure': 55}, 'posStruct': {'lat': '39.957', 'planet': 'earth', 'altitude': -69, 'heading': 109, 'long': '-75.1908'}, 'uid': 101, 'name': 'test uid 101'}, 102: {'markerStruct': {'paint_level': 84, 'batteries': [0], 'tank_pressure': 86}, 'posStruct': {'lat': '39.9562', 'planet': 'earth', 'altitude': 40, 'heading': 294, 'long': '-75.1894'}, 'uid': 102, 'name': 'test uid 102'}}, 'self.log_file': 'gui_dump.log', 'dump_timestamp': 'EUS 2016-05-01 19:22:56.876698', 'self.errors': {}, 'self.out_json_obj': {}}
I/python  (15060): Original myUID:  2b8341b3-6854-4066-8d68-18a7df543118
I/python  (15060): Dummy myUID:  2b8341b3-6854-4066-8d68-18a7df543118
I/python  (15060): self.user_data {100: {'markerStruct': {'paint_level': 85, 'batteries': [0], 'tank_pressure': 18}, 'posStruct': {'lat': '39.9567', 'planet': 'earth', 'altitude': 31, 'heading': 341, 'long': '-75.1894'}, 'uid': 100, 'name': 'test uid 100'}, 101: {'markerStruct': {'paint_level': 66, 'batteries': [0], 'tank_pressure': 74}, 'posStruct': {'lat': '39.9559', 'planet': 'earth', 'altitude': -44, 'heading': 308, 'long': '-75.1894'}, 'uid': 101, 'name': 'test uid 101'}, 102: {'markerStruct': {'paint_level': 44, 'batteries': [0], 'tank_pressure': 35}, 'posStruct': {'lat': '39.9564', 'planet': 'earth', 'altitude': -64, 'heading': 156, 'long': '-75.1906'}, 'uid': 102, 'name': 'test uid 102'}}
I/python  (15060): 1462148576.91 Drawing scope_canvas...
I/python  (15060): uid_me:  2b8341b3-6854-4066-8d68-18a7df543118
I/python  (15060): Painted Users:  False
I/python  (15060): 1462148576.91 Done
W/ThrottleService(  295): unable to find stats for iface rmnet0
I/python  (15060): Inside updateDisplay
I/python  (15060): Trying to draw user...
I/python  (15060): Done drawing user icon
I/python  (15060): 1462148577.85 Starting...
I/python  (15060): 1462148577.85 Requesting list of users...
I/python  (15060): User List Not Found...
I/python  (15060): Dumping:
I/python  (15060): {'self.in_json_obj': {}, 'self.users': {100: {'markerStruct': {'paint_level': 85, 'batteries': [0], 'tank_pressure': 18}, 'posStruct': {'lat': '39.9567', 'planet': 'earth', 'altitude': 31, 'heading': 341, 'long': '-75.1894'}, 'uid': 100, 'name': 'test uid 100'}, 101: {'markerStruct': {'paint_level': 66, 'batteries': [0], 'tank_pressure': 74}, 'posStruct': {'lat': '39.9559', 'planet': 'earth', 'altitude': -44, 'heading': 308, 'long': '-75.1894'}, 'uid': 101, 'name': 'test uid 101'}, 102: {'markerStruct': {'paint_level': 44, 'batteries': [0], 'tank_pressure': 35}, 'posStruct': {'lat': '39.9564', 'planet': 'earth', 'altitude': -64, 'heading': 156, 'long': '-75.1906'}, 'uid': 102, 'name': 'test uid 102'}}, 'self.log_file': 'gui_dump.log', 'dump_timestamp': 'EUS 2016-05-01 19:22:57.871266', 'self.errors': {}, 'self.out_json_obj': {}}
I/python  (15060): Original myUID:  2b8341b3-6854-4066-8d68-18a7df543118
I/python  (15060): Dummy myUID:  2b8341b3-6854-4066-8d68-18a7df543118
I/python  (15060): self.user_data {100: {'markerStruct': {'paint_level': 31, 'batteries': [0], 'tank_pressure': 39}, 'posStruct': {'lat': '39.9573', 'planet': 'earth', 'altitude': -40, 'heading': 183, 'long': '-75.1889'}, 'uid': 100, 'name': 'test uid 100'}, 101: {'markerStruct': {'paint_level': 49, 'batteries': [0], 'tank_pressure': 93}, 'posStruct': {'lat': '39.9575', 'planet': 'earth', 'altitude': -69, 'heading': 199, 'long': '-75.1908'}, 'uid': 101, 'name': 'test uid 101'}, 102: {'markerStruct': {'paint_level': 49, 'batteries': [0], 'tank_pressure': 82}, 'posStruct': {'lat': '39.956', 'planet': 'earth', 'altitude': -85, 'heading': 130, 'long': '-75.1895'}, 'uid': 102, 'name': 'test uid 102'}}
I/python  (15060): 1462148577.89 Drawing scope_canvas...
I/python  (15060): uid_me:  2b8341b3-6854-4066-8d68-18a7df543118
I/python  (15060): Painted Users:  False
I/python  (15060): 1462148577.9 Done
I/python  (15060): Inside updateDisplay
I/python  (15060): Trying to draw user...
I/python  (15060): Done drawing user icon
I/python  (15060): 1462148578.85 Starting...
I/python  (15060): 1462148578.85 Requesting list of users...
I/python  (15060): User List Not Found...
I/python  (15060): Dumping:
I/python  (15060): {'self.in_json_obj': {}, 'self.users': {100: {'markerStruct': {'paint_level': 31, 'batteries': [0], 'tank_pressure': 39}, 'posStruct': {'lat': '39.9573', 'planet': 'earth', 'altitude': -40, 'heading': 183, 'long': '-75.1889'}, 'uid': 100, 'name': 'test uid 100'}, 101: {'markerStruct': {'paint_level': 49, 'batteries': [0], 'tank_pressure': 93}, 'posStruct': {'lat': '39.9575', 'planet': 'earth', 'altitude': -69, 'heading': 199, 'long': '-75.1908'}, 'uid': 101, 'name': 'test uid 101'}, 102: {'markerStruct': {'paint_level': 49, 'batteries': [0], 'tank_pressure': 82}, 'posStruct': {'lat': '39.956', 'planet': 'earth', 'altitude': -85, 'heading': 130, 'long': '-75.1895'}, 'uid': 102, 'name': 'test uid 102'}}, 'self.log_file': 'gui_dump.log', 'dump_timestamp': 'EUS 2016-05-01 19:22:58.873371', 'self.errors': {}, 'self.out_json_obj': {}}
I/python  (15060): Original myUID:  2b8341b3-6854-4066-8d68-18a7df543118
I/python  (15060): Dummy myUID:  2b8341b3-6854-4066-8d68-18a7df543118
I/python  (15060): self.user_data {100: {'markerStruct': {'paint_level': 18, 'batteries': [0], 'tank_pressure': 64}, 'posStruct': {'lat': '39.9557', 'planet': 'earth', 'altitude': -7, 'heading': 288, 'long': '-75.1898'}, 'uid': 100, 'name': 'test uid 100'}, 101: {'markerStruct': {'paint_level': 56, 'batteries': [0], 'tank_pressure': 20}, 'posStruct': {'lat': '39.9568', 'planet': 'earth', 'altitude': 75, 'heading': 323, 'long': '-75.19'}, 'uid': 101, 'name': 'test uid 101'}, 102: {'markerStruct': {'paint_level': 9, 'batteries': [0], 'tank_pressure': 59}, 'posStruct': {'lat': '39.9565', 'planet': 'earth', 'altitude': 25, 'heading': 210, 'long': '-75.1902'}, 'uid': 102, 'name': 'test uid 102'}}
I/python  (15060): 1462148578.9 Drawing scope_canvas...
I/python  (15060): uid_me:  2b8341b3-6854-4066-8d68-18a7df543118
I/python  (15060): Painted Users:  False
I/python  (15060): 1462148578.9 Done
I/python  (15060): Inside updateDisplay
I/python  (15060): Trying to draw user...
I/python  (15060): Done drawing user icon
I/python  (15060): 1462148579.85 Starting...
I/python  (15060): 1462148579.85 Requesting list of users...
I/python  (15060): User List Not Found...
I/python  (15060): Dumping:
I/python  (15060): {'self.in_json_obj': {}, 'self.users': {100: {'markerStruct': {'paint_level': 18, 'batteries': [0], 'tank_pressure': 64}, 'posStruct': {'lat': '39.9557', 'planet': 'earth', 'altitude': -7, 'heading': 288, 'long': '-75.1898'}, 'uid': 100, 'name': 'test uid 100'}, 101: {'markerStruct': {'paint_level': 56, 'batteries': [0], 'tank_pressure': 20}, 'posStruct': {'lat': '39.9568', 'planet': 'earth', 'altitude': 75, 'heading': 323, 'long': '-75.19'}, 'uid': 101, 'name': 'test uid 101'}, 102: {'markerStruct': {'paint_level': 9, 'batteries': [0], 'tank_pressure': 59}, 'posStruct': {'lat': '39.9565', 'planet': 'earth', 'altitude': 25, 'heading': 210, 'long': '-75.1902'}, 'uid': 102, 'name': 'test uid 102'}}, 'self.log_file': 'gui_dump.log', 'dump_timestamp': 'EUS 2016-05-01 19:22:59.865528', 'self.errors': {}, 'self.out_json_obj': {}}
I/python  (15060): Original myUID:  2b8341b3-6854-4066-8d68-18a7df543118
I/python  (15060): Dummy myUID:  2b8341b3-6854-4066-8d68-18a7df543118
I/python  (15060): self.user_data {100: {'markerStruct': {'paint_level': 51, 'batteries': [0], 'tank_pressure': 25}, 'posStruct': {'lat': '39.9557', 'planet': 'earth', 'altitude': -49, 'heading': 188, 'long': '-75.1897'}, 'uid': 100, 'name': 'test uid 100'}, 101: {'markerStruct': {'paint_level': 3, 'batteries': [0], 'tank_pressure': 92}, 'posStruct': {'lat': '39.9569', 'planet': 'earth', 'altitude': 21, 'heading': 236, 'long': '-75.1903'}, 'uid': 101, 'name': 'test uid 101'}, 102: {'markerStruct': {'paint_level': 10, 'batteries': [0], 'tank_pressure': 64}, 'posStruct': {'lat': '39.957', 'planet': 'earth', 'altitude': 84, 'heading': 287, 'long': '-75.1893'}, 'uid': 102, 'name': 'test uid 102'}}
I/python  (15060): 1462148579.89 Drawing scope_canvas...
I/python  (15060): uid_me:  2b8341b3-6854-4066-8d68-18a7df543118
I/python  (15060): Painted Users:  False
I/python  (15060): 1462148579.9 Done
I/python  (15060): Inside updateDisplay
I/python  (15060): Trying to draw user...
I/python  (15060): Done drawing user icon
I/python  (15060): 1462148580.85 Starting...
I/python  (15060): 1462148580.85 Requesting list of users...
I/python  (15060): User List Not Found...
I/python  (15060): Dumping:
I/python  (15060): {'self.in_json_obj': {}, 'self.users': {100: {'markerStruct': {'paint_level': 51, 'batteries': [0], 'tank_pressure': 25}, 'posStruct': {'lat': '39.9557', 'planet': 'earth', 'altitude': -49, 'heading': 188, 'long': '-75.1897'}, 'uid': 100, 'name': 'test uid 100'}, 101: {'markerStruct': {'paint_level': 3, 'batteries': [0], 'tank_pressure': 92}, 'posStruct': {'lat': '39.9569', 'planet': 'earth', 'altitude': 21, 'heading': 236, 'long': '-75.1903'}, 'uid': 101, 'name': 'test uid 101'}, 102: {'markerStruct': {'paint_level': 10, 'batteries': [0], 'tank_pressure': 64}, 'posStruct': {'lat': '39.957', 'planet': 'earth', 'altitude': 84, 'heading': 287, 'long': '-75.1893'}, 'uid': 102, 'name': 'test uid 102'}}, 'self.log_file': 'gui_dump.log', 'dump_timestamp': 'EUS 2016-05-01 19:23:00.860371', 'self.errors': {}, 'self.out_json_obj': {}}
I/python  (15060): Original myUID:  2b8341b3-6854-4066-8d68-18a7df543118
I/python  (15060): Dummy myUID:  2b8341b3-6854-4066-8d68-18a7df543118
I/python  (15060): self.user_data {100: {'markerStruct': {'paint_level': 81, 'batteries': [0], 'tank_pressure': 58}, 'posStruct': {'lat': '39.9562', 'planet': 'earth', 'altitude': -74, 'heading': 225, 'long': '-75.189'}, 'uid': 100, 'name': 'test uid 100'}, 101: {'markerStruct': {'paint_level': 24, 'batteries': [0], 'tank_pressure': 34}, 'posStruct': {'lat': '39.9564', 'planet': 'earth', 'altitude': 71, 'heading': 197, 'long': '-75.1899'}, 'uid': 101, 'name': 'test uid 101'}, 102: {'markerStruct': {'paint_level': 25, 'batteries': [0], 'tank_pressure': 59}, 'posStruct': {'lat': '39.9574', 'planet': 'earth', 'altitude': -47, 'heading': 277, 'long': '-75.1901'}, 'uid': 102, 'name': 'test uid 102'}}
I/python  (15060): 1462148580.88 Drawing scope_canvas...
I/python  (15060): uid_me:  2b8341b3-6854-4066-8d68-18a7df543118
I/python  (15060): Painted Users:  False
I/python  (15060): 1462148580.88 Done
I/python  (15060): Inside updateDisplay
I/python  (15060): Trying to draw user...
I/python  (15060): Done drawing user icon
I/python  (15060): 1462148581.86 Starting...
I/python  (15060): 1462148581.86 Requesting list of users...
I/python  (15060): User List Not Found...
I/python  (15060): Dumping:
I/python  (15060): {'self.in_json_obj': {}, 'self.users': {100: {'markerStruct': {'paint_level': 81, 'batteries': [0], 'tank_pressure': 58}, 'posStruct': {'lat': '39.9562', 'planet': 'earth', 'altitude': -74, 'heading': 225, 'long': '-75.189'}, 'uid': 100, 'name': 'test uid 100'}, 101: {'markerStruct': {'paint_level': 24, 'batteries': [0], 'tank_pressure': 34}, 'posStruct': {'lat': '39.9564', 'planet': 'earth', 'altitude': 71, 'heading': 197, 'long': '-75.1899'}, 'uid': 101, 'name': 'test uid 101'}, 102: {'markerStruct': {'paint_level': 25, 'batteries': [0], 'tank_pressure': 59}, 'posStruct': {'lat': '39.9574', 'planet': 'earth', 'altitude': -47, 'heading': 277, 'long': '-75.1901'}, 'uid': 102, 'name': 'test uid 102'}}, 'self.log_file': 'gui_dump.log', 'dump_timestamp': 'EUS 2016-05-01 19:23:01.877369', 'self.errors': {}, 'self.out_json_obj': {}}
I/python  (15060): Original myUID:  2b8341b3-6854-4066-8d68-18a7df543118
I/python  (15060): Dummy myUID:  2b8341b3-6854-4066-8d68-18a7df543118
I/python  (15060): self.user_data {100: {'markerStruct': {'paint_level': 25, 'batteries': [0], 'tank_pressure': 45}, 'posStruct': {'lat': '39.9574', 'planet': 'earth', 'altitude': -60, 'heading': 230, 'long': '-75.1889'}, 'uid': 100, 'name': 'test uid 100'}, 101: {'markerStruct': {'paint_level': 91, 'batteries': [0], 'tank_pressure': 38}, 'posStruct': {'lat': '39.9572', 'planet': 'earth', 'altitude': -31, 'heading': 82, 'long': '-75.1889'}, 'uid': 101, 'name': 'test uid 101'}, 102: {'markerStruct': {'paint_level': 51, 'batteries': [0], 'tank_pressure': 15}, 'posStruct': {'lat': '39.9557', 'planet': 'earth', 'altitude': -78, 'heading': 240, 'long': '-75.1907'}, 'uid': 102, 'name': 'test uid 102'}}
I/python  (15060): 1462148581.9 Drawing scope_canvas...
I/python  (15060): uid_me:  2b8341b3-6854-4066-8d68-18a7df543118
I/python  (15060): Painted Users:  False
I/python  (15060): 1462148581.9 Done
I/python  (15060): Inside updateDisplay
I/python  (15060): Trying to draw user...
I/python  (15060): Done drawing user icon
I/python  (15060): 1462148582.86 Starting...
I/python  (15060): 1462148582.86 Requesting list of users...
I/python  (15060): User List Not Found...
I/python  (15060): Dumping:
I/python  (15060): {'self.in_json_obj': {}, 'self.users': {100: {'markerStruct': {'paint_level': 25, 'batteries': [0], 'tank_pressure': 45}, 'posStruct': {'lat': '39.9574', 'planet': 'earth', 'altitude': -60, 'heading': 230, 'long': '-75.1889'}, 'uid': 100, 'name': 'test uid 100'}, 101: {'markerStruct': {'paint_level': 91, 'batteries': [0], 'tank_pressure': 38}, 'posStruct': {'lat': '39.9572', 'planet': 'earth', 'altitude': -31, 'heading': 82, 'long': '-75.1889'}, 'uid': 101, 'name': 'test uid 101'}, 102: {'markerStruct': {'paint_level': 51, 'batteries': [0], 'tank_pressure': 15}, 'posStruct': {'lat': '39.9557', 'planet': 'earth', 'altitude': -78, 'heading': 240, 'long': '-75.1907'}, 'uid': 102, 'name': 'test uid 102'}}, 'self.log_file': 'gui_dump.log', 'dump_timestamp': 'EUS 2016-05-01 19:23:02.889179', 'self.errors': {}, 'self.out_json_obj': {}}
I/python  (15060): Original myUID:  2b8341b3-6854-4066-8d68-18a7df543118
I/python  (15060): Dummy myUID:  2b8341b3-6854-4066-8d68-18a7df543118
I/python  (15060): self.user_data {100: {'markerStruct': {'paint_level': 64, 'batteries': [0], 'tank_pressure': 42}, 'posStruct': {'lat': '39.9564', 'planet': 'earth', 'altitude': 8, 'heading': 117, 'long': '-75.1907'}, 'uid': 100, 'name': 'test uid 100'}, 101: {'markerStruct': {'paint_level': 19, 'batteries': [0], 'tank_pressure': 71}, 'posStruct': {'lat': '39.9561', 'planet': 'earth', 'altitude': -47, 'heading': 214, 'long': '-75.1894'}, 'uid': 101, 'name': 'test uid 101'}, 102: {'markerStruct': {'paint_level': 100, 'batteries': [0], 'tank_pressure': 30}, 'posStruct': {'lat': '39.9567', 'planet': 'earth', 'altitude': -42, 'heading': 80, 'long': '-75.1899'}, 'uid': 102, 'name': 'test uid 102'}}
I/python  (15060): 1462148582.91 Drawing scope_canvas...
I/python  (15060): uid_me:  2b8341b3-6854-4066-8d68-18a7df543118
I/python  (15060): Painted Users:  False
I/python  (15060): 1462148582.91 Done
I/python  (15060): Inside updateDisplay
I/python  (15060): Trying to draw user...
I/python  (15060): Done drawing user icon
I/python  (15060): 1462148583.87 Starting...
I/python  (15060): 1462148583.87 Requesting list of users...
I/python  (15060): User List Not Found...
I/python  (15060): Dumping:
I/python  (15060): {'self.in_json_obj': {}, 'self.users': {100: {'markerStruct': {'paint_level': 64, 'batteries': [0], 'tank_pressure': 42}, 'posStruct': {'lat': '39.9564', 'planet': 'earth', 'altitude': 8, 'heading': 117, 'long': '-75.1907'}, 'uid': 100, 'name': 'test uid 100'}, 101: {'markerStruct': {'paint_level': 19, 'batteries': [0], 'tank_pressure': 71}, 'posStruct': {'lat': '39.9561', 'planet': 'earth', 'altitude': -47, 'heading': 214, 'long': '-75.1894'}, 'uid': 101, 'name': 'test uid 101'}, 102: {'markerStruct': {'paint_level': 100, 'batteries': [0], 'tank_pressure': 30}, 'posStruct': {'lat': '39.9567', 'planet': 'earth', 'altitude': -42, 'heading': 80, 'long': '-75.1899'}, 'uid': 102, 'name': 'test uid 102'}}, 'self.log_file': 'gui_dump.log', 'dump_timestamp': 'EUS 2016-05-01 19:23:03.881520', 'self.errors': {}, 'self.out_json_obj': {}}
I/python  (15060): Original myUID:  2b8341b3-6854-4066-8d68-18a7df543118
I/python  (15060): Dummy myUID:  2b8341b3-6854-4066-8d68-18a7df543118
I/python  (15060): self.user_data {100: {'markerStruct': {'paint_level': 91, 'batteries': [0], 'tank_pressure': 59}, 'posStruct': {'lat': '39.9566', 'planet': 'earth', 'altitude': -4, 'heading': 221, 'long': '-75.1904'}, 'uid': 100, 'name': 'test uid 100'}, 101: {'markerStruct': {'paint_level': 53, 'batteries': [0], 'tank_pressure': 80}, 'posStruct': {'lat': '39.9575', 'planet': 'earth', 'altitude': -71, 'heading': 101, 'long': '-75.1901'}, 'uid': 101, 'name': 'test uid 101'}, 102: {'markerStruct': {'paint_level': 88, 'batteries': [0], 'tank_pressure': 38}, 'posStruct': {'lat': '39.9571', 'planet': 'earth', 'altitude': -12, 'heading': 337, 'long': '-75.1889'}, 'uid': 102, 'name': 'test uid 102'}}
I/python  (15060): 1462148583.91 Drawing scope_canvas...
I/python  (15060): uid_me:  2b8341b3-6854-4066-8d68-18a7df543118
I/python  (15060): Painted Users:  False
I/python  (15060): 1462148583.98 Done
I/python  (15060): Inside updateDisplay
I/python  (15060): Trying to draw user...
I/python  (15060): Done drawing user icon
I/python  (15060): 1462148584.86 Starting...
I/python  (15060): 1462148584.86 Requesting list of users...
I/python  (15060): User List Not Found...
I/python  (15060): Dumping:
I/python  (15060): {'self.in_json_obj': {}, 'self.users': {100: {'markerStruct': {'paint_level': 91, 'batteries': [0], 'tank_pressure': 59}, 'posStruct': {'lat': '39.9566', 'planet': 'earth', 'altitude': -4, 'heading': 221, 'long': '-75.1904'}, 'uid': 100, 'name': 'test uid 100'}, 101: {'markerStruct': {'paint_level': 53, 'batteries': [0], 'tank_pressure': 80}, 'posStruct': {'lat': '39.9575', 'planet': 'earth', 'altitude': -71, 'heading': 101, 'long': '-75.1901'}, 'uid': 101, 'name': 'test uid 101'}, 102: {'markerStruct': {'paint_level': 88, 'batteries': [0], 'tank_pressure': 38}, 'posStruct': {'lat': '39.9571', 'planet': 'earth', 'altitude': -12, 'heading': 337, 'long': '-75.1889'}, 'uid': 102, 'name': 'test uid 102'}}, 'self.log_file': 'gui_dump.log', 'dump_timestamp': 'EUS 2016-05-01 19:23:04.880299', 'self.errors': {}, 'self.out_json_obj': {}}
I/python  (15060): Original myUID:  2b8341b3-6854-4066-8d68-18a7df543118
I/python  (15060): Dummy myUID:  2b8341b3-6854-4066-8d68-18a7df543118
I/python  (15060): self.user_data {100: {'markerStruct': {'paint_level': 80, 'batteries': [0], 'tank_pressure': 72}, 'posStruct': {'lat': '39.9561', 'planet': 'earth', 'altitude': 97, 'heading': 197, 'long': '-75.1893'}, 'uid': 100, 'name': 'test uid 100'}, 101: {'markerStruct': {'paint_level': 6, 'batteries': [0], 'tank_pressure': 32}, 'posStruct': {'lat': '39.9567', 'planet': 'earth', 'altitude': 92, 'heading': 211, 'long': '-75.1894'}, 'uid': 101, 'name': 'test uid 101'}, 102: {'markerStruct': {'paint_level': 83, 'batteries': [0], 'tank_pressure': 4}, 'posStruct': {'lat': '39.9563', 'planet': 'earth', 'altitude': -38, 'heading': 198, 'long': '-75.1892'}, 'uid': 102, 'name': 'test uid 102'}}
I/python  (15060): 1462148584.9 Drawing scope_canvas...
I/python  (15060): uid_me:  2b8341b3-6854-4066-8d68-18a7df543118
I/python  (15060): Painted Users:  False
I/python  (15060): 1462148584.92 Done
I/python  (15060): Inside updateDisplay
I/python  (15060): Trying to draw user...
I/python  (15060): Done drawing user icon
I/python  (15060): 1462148585.86 Starting...
I/python  (15060): 1462148585.86 Requesting list of users...
I/python  (15060): User List Not Found...
I/python  (15060): Dumping:
I/python  (15060): {'self.in_json_obj': {}, 'self.users': {100: {'markerStruct': {'paint_level': 80, 'batteries': [0], 'tank_pressure': 72}, 'posStruct': {'lat': '39.9561', 'planet': 'earth', 'altitude': 97, 'heading': 197, 'long': '-75.1893'}, 'uid': 100, 'name': 'test uid 100'}, 101: {'markerStruct': {'paint_level': 6, 'batteries': [0], 'tank_pressure': 32}, 'posStruct': {'lat': '39.9567', 'planet': 'earth', 'altitude': 92, 'heading': 211, 'long': '-75.1894'}, 'uid': 101, 'name': 'test uid 101'}, 102: {'markerStruct': {'paint_level': 83, 'batteries': [0], 'tank_pressure': 4}, 'posStruct': {'lat': '39.9563', 'planet': 'earth', 'altitude': -38, 'heading': 198, 'long': '-75.1892'}, 'uid': 102, 'name': 'test uid 102'}}, 'self.log_file': 'gui_dump.log', 'dump_timestamp': 'EUS 2016-05-01 19:23:05.874623', 'self.errors': {}, 'self.out_json_obj': {}}
I/python  (15060): Original myUID:  2b8341b3-6854-4066-8d68-18a7df543118
I/python  (15060): Dummy myUID:  2b8341b3-6854-4066-8d68-18a7df543118
