I/python  (15060): {'self.in_json_obj': {}, 'self.users': {100: {'markerStruct': {'paint_level': 70, 'batteries': [0], 'tank_pressure': 12}, 'posStruct': {'lat': '39.9572', 'planet': 'earth', 'altitude': -8, 'heading': 224, 'long': '-75.1903'}, 'uid': 100, 'name': 'test uid 100'}, 101: {'markerStruct': {'paint_level': 0, 'batteries': [0], 'tank_pressure': 56}, 'posStruct': {'lat': '39.9575', 'planet': 'earth', 'altitude': -87, 'heading': 103, 'long': '-75.189'}, 'uid': 101, 'name': 'test uid 101'}, 102: {'markerStruct': {'paint_level': 86, 'batteries': [0], 'tank_pressure': 23}, 'posStruct': {'lat': '39.9559', 'planet': 'earth', 'altitude': -12, 'heading': 160, 'long': '-75.1898'}, 'uid': 102, 'name': 'test uid 102'}}, 'self.log_file': 'gui_dump.log', 'dump_timestamp': 'EUS 2016-05-01 19:24:11.003987', 'self.errors': {}, 'self.out_json_obj': {}}
I/python  (15060): Original myUID:  100
I/python  (15060): Dummy myUID:  100
I/python  (15060): self.user_data {100: {'markerStruct': {'paint_level': 99, 'batteries': [0], 'tank_pressure': 32}, 'posStruct': {'lat': '39.9571', 'planet': 'earth', 'altitude': -53, 'heading': 233, 'long': '-75.1898'}, 'uid': 100, 'name': 'test uid 100'}, 101: {'markerStruct': {'paint_level': 78, 'batteries': [0], 'tank_pressure': 30}, 'posStruct': {'lat': '39.9568', 'planet': 'earth', 'altitude': -55, 'heading': 297, 'long': '-75.1909'}, 'uid': 101, 'name': 'test uid 101'}, 102: {'markerStruct': {'paint_level': 64, 'batteries': [0], 'tank_pressure': 90}, 'posStruct': {'lat': '39.9569', 'planet': 'earth', 'altitude': 76, 'heading': 118, 'long': '-75.1891'}, 'uid': 102, 'name': 'test uid 102'}}
I/python  (15060): 1462148651.06 Drawing scope_canvas...
I/python  (15060): uid_me:  100
I/python  (15060): Bearing = 250.415000467
I/python  (15060): Trying to draw user...
I/python  (15060): Done drawing user icon
I/python  (15060): Bearing = 110.442156143
I/python  (15060): Trying to draw user...
I/python  (15060): Done drawing user icon
I/python  (15060): Painted Users:  True
I/python  (15060): 1462148651.08 Done
I/python  (15060): Inside updateDisplay
I/python  (15060): Trying to draw user...
I/python  (15060): Done drawing user icon
I/python  (15060): 1462148652.0 Starting...
I/python  (15060): 1462148652.0 Requesting list of users...
I/python  (15060): User List Not Found...
I/python  (15060): Dumping:
I/python  (15060): {'self.in_json_obj': {}, 'self.users': {100: {'markerStruct': {'paint_level': 99, 'batteries': [0], 'tank_pressure': 32}, 'posStruct': {'lat': '39.9571', 'planet': 'earth', 'altitude': -53, 'heading': 233, 'long': '-75.1898'}, 'uid': 100, 'name': 'test uid 100'}, 101: {'markerStruct': {'paint_level': 78, 'batteries': [0], 'tank_pressure': 30}, 'posStruct': {'lat': '39.9568', 'planet': 'earth', 'altitude': -55, 'heading': 297, 'long': '-75.1909'}, 'uid': 101, 'name': 'test uid 101'}, 102: {'markerStruct': {'paint_level': 64, 'batteries': [0], 'tank_pressure': 90}, 'posStruct': {'lat': '39.9569', 'planet': 'earth', 'altitude': 76, 'heading': 118, 'long': '-75.1891'}, 'uid': 102, 'name': 'test uid 102'}}, 'self.log_file': 'gui_dump.log', 'dump_timestamp': 'EUS 2016-05-01 19:24:12.006855', 'self.errors': {}, 'self.out_json_obj': {}}
I/python  (15060): Original myUID:  100
I/python  (15060): Dummy myUID:  100
I/python  (15060): self.user_data {100: {'markerStruct': {'paint_level': 64, 'batteries': [0], 'tank_pressure': 43}, 'posStruct': {'lat': '39.9561', 'planet': 'earth', 'altitude': 90, 'heading': 149, 'long': '-75.1904'}, 'uid': 100, 'name': 'test uid 100'}, 101: {'markerStruct': {'paint_level': 92, 'batteries': [0], 'tank_pressure': 29}, 'posStruct': {'lat': '39.9562', 'planet': 'earth', 'altitude': -47, 'heading': 282, 'long': '-75.1892'}, 'uid': 101, 'name': 'test uid 101'}, 102: {'markerStruct': {'paint_level': 78, 'batteries': [0], 'tank_pressure': 57}, 'posStruct': {'lat': '39.9563', 'planet': 'earth', 'altitude': 24, 'heading': 298, 'long': '-75.1905'}, 'uid': 102, 'name': 'test uid 102'}}
I/python  (15060): 1462148652.06 Drawing scope_canvas...
I/python  (15060): uid_me:  100
I/python  (15060): Bearing = 83.7951188567
I/python  (15060): Trying to draw user...
I/python  (15060): Done drawing user icon
I/python  (15060): Bearing = 339.029812464
I/python  (15060): Trying to draw user...
I/python  (15060): Done drawing user icon
I/python  (15060): Painted Users:  True
I/python  (15060): 1462148652.09 Done
I/python  (15060): Inside updateDisplay
I/python  (15060): Trying to draw user...
I/python  (15060): Done drawing user icon
I/python  (15060): 1462148653.0 Starting...
I/python  (15060): 1462148653.0 Requesting list of users...
I/python  (15060): User List Not Found...
I/python  (15060): Dumping:
I/python  (15060): {'self.in_json_obj': {}, 'self.users': {100: {'markerStruct': {'paint_level': 64, 'batteries': [0], 'tank_pressure': 43}, 'posStruct': {'lat': '39.9561', 'planet': 'earth', 'altitude': 90, 'heading': 149, 'long': '-75.1904'}, 'uid': 100, 'name': 'test uid 100'}, 101: {'markerStruct': {'paint_level': 92, 'batteries': [0], 'tank_pressure': 29}, 'posStruct': {'lat': '39.9562', 'planet': 'earth', 'altitude': -47, 'heading': 282, 'long': '-75.1892'}, 'uid': 101, 'name': 'test uid 101'}, 102: {'markerStruct': {'paint_level': 78, 'batteries': [0], 'tank_pressure': 57}, 'posStruct': {'lat': '39.9563', 'planet': 'earth', 'altitude': 24, 'heading': 298, 'long': '-75.1905'}, 'uid': 102, 'name': 'test uid 102'}}, 'self.log_file': 'gui_dump.log', 'dump_timestamp': 'EUS 2016-05-01 19:24:13.008564', 'self.errors': {}, 'self.out_json_obj': {}}
I/python  (15060): Original myUID:  100
I/python  (15060): Dummy myUID:  100
I/python  (15060): self.user_data {100: {'markerStruct': {'paint_level': 37, 'batteries': [0], 'tank_pressure': 30}, 'posStruct': {'lat': '39.9576', 'planet': 'earth', 'altitude': 85, 'heading': 151, 'long': '-75.1897'}, 'uid': 100, 'name': 'test uid 100'}, 101: {'markerStruct': {'paint_level': 98, 'batteries': [0], 'tank_pressure': 8}, 'posStruct': {'lat': '39.9562', 'planet': 'earth', 'altitude': 61, 'heading': 289, 'long': '-75.1908'}, 'uid': 101, 'name': 'test uid 101'}, 102: {'markerStruct': {'paint_level': 49, 'batteries': [0], 'tank_pressure': 16}, 'posStruct': {'lat': '39.9572', 'planet': 'earth', 'altitude': 54, 'heading': 330, 'long': '-75.1903'}, 'uid': 102, 'name': 'test uid 102'}}
I/python  (15060): 1462148653.21 Drawing scope_canvas...
I/python  (15060): uid_me:  100
I/python  (15060): Bearing = 211.059723372
I/python  (15060): Trying to draw user...
I/python  (15060): Done drawing user icon
I/python  (15060): Bearing = 228.985757397
I/python  (15060): Trying to draw user...
I/python  (15060): Done drawing user icon
I/python  (15060): Painted Users:  True
I/python  (15060): 1462148653.23 Done
I/python  (15060): Inside updateDisplay
I/python  (15060): Trying to draw user...
I/python  (15060): Done drawing user icon
I/python  (15060): 1462148654.0 Starting...
I/python  (15060): 1462148654.0 Requesting list of users...
I/python  (15060): User List Not Found...
I/python  (15060): Dumping:
I/python  (15060): {'self.in_json_obj': {}, 'self.users': {100: {'markerStruct': {'paint_level': 37, 'batteries': [0], 'tank_pressure': 30}, 'posStruct': {'lat': '39.9576', 'planet': 'earth', 'altitude': 85, 'heading': 151, 'long': '-75.1897'}, 'uid': 100, 'name': 'test uid 100'}, 101: {'markerStruct': {'paint_level': 98, 'batteries': [0], 'tank_pressure': 8}, 'posStruct': {'lat': '39.9562', 'planet': 'earth', 'altitude': 61, 'heading': 289, 'long': '-75.1908'}, 'uid': 101, 'name': 'test uid 101'}, 102: {'markerStruct': {'paint_level': 49, 'batteries': [0], 'tank_pressure': 16}, 'posStruct': {'lat': '39.9572', 'planet': 'earth', 'altitude': 54, 'heading': 330, 'long': '-75.1903'}, 'uid': 102, 'name': 'test uid 102'}}, 'self.log_file': 'gui_dump.log', 'dump_timestamp': 'EUS 2016-05-01 19:24:14.005268', 'self.errors': {}, 'self.out_json_obj': {}}
I/python  (15060): Original myUID:  100
I/python  (15060): Dummy myUID:  100
I/python  (15060): self.user_data {100: {'markerStruct': {'paint_level': 97, 'batteries': [0], 'tank_pressure': 54}, 'posStruct': {'lat': '39.9569', 'planet': 'earth', 'altitude': -52, 'heading': 109, 'long': '-75.1906'}, 'uid': 100, 'name': 'test uid 100'}, 101: {'markerStruct': {'paint_level': 43, 'batteries': [0], 'tank_pressure': 18}, 'posStruct': {'lat': '39.9572', 'planet': 'earth', 'altitude': 47, 'heading': 330, 'long': '-75.1906'}, 'uid': 101, 'name': 'test uid 101'}, 102: {'markerStruct': {'paint_level': 99, 'batteries': [0], 'tank_pressure': 92}, 'posStruct': {'lat': '39.9563', 'planet': 'earth', 'altitude': -67, 'heading': 70, 'long': '-75.1903'}, 'uid': 102, 'name': 'test uid 102'}}
I/python  (15060): 1462148654.09 Drawing scope_canvas...
I/python  (15060): uid_me:  100
I/python  (15060): Bearing = 0.0
I/python  (15060): Trying to draw user...
I/python  (15060): Done drawing user icon
I/python  (15060): Bearing = 159.029796013
I/python  (15060): Trying to draw user...
I/python  (15060): Done drawing user icon
I/python  (15060): Painted Users:  True
I/python  (15060): 1462148654.11 Done
I/python  (15060): Inside updateDisplay
I/python  (15060): Trying to draw user...
I/python  (15060): Done drawing user icon
I/python  (15060): 1462148655.0 Starting...
I/python  (15060): 1462148655.0 Requesting list of users...
I/python  (15060): User List Not Found...
I/python  (15060): Dumping:
I/python  (15060): {'self.in_json_obj': {}, 'self.users': {100: {'markerStruct': {'paint_level': 97, 'batteries': [0], 'tank_pressure': 54}, 'posStruct': {'lat': '39.9569', 'planet': 'earth', 'altitude': -52, 'heading': 109, 'long': '-75.1906'}, 'uid': 100, 'name': 'test uid 100'}, 101: {'markerStruct': {'paint_level': 43, 'batteries': [0], 'tank_pressure': 18}, 'posStruct': {'lat': '39.9572', 'planet': 'earth', 'altitude': 47, 'heading': 330, 'long': '-75.1906'}, 'uid': 101, 'name': 'test uid 101'}, 102: {'markerStruct': {'paint_level': 99, 'batteries': [0], 'tank_pressure': 92}, 'posStruct': {'lat': '39.9563', 'planet': 'earth', 'altitude': -67, 'heading': 70, 'long': '-75.1903'}, 'uid': 102, 'name': 'test uid 102'}}, 'self.log_file': 'gui_dump.log', 'dump_timestamp': 'EUS 2016-05-01 19:24:15.000813', 'self.errors': {}, 'self.out_json_obj': {}}
I/python  (15060): Original myUID:  100
I/python  (15060): Dummy myUID:  100
I/python  (15060): self.user_data {100: {'markerStruct': {'paint_level': 19, 'batteries': [0], 'tank_pressure': 69}, 'posStruct': {'lat': '39.9566', 'planet': 'earth', 'altitude': 83, 'heading': 357, 'long': '-75.1906'}, 'uid': 100, 'name': 'test uid 100'}, 101: {'markerStruct': {'paint_level': 27, 'batteries': [0], 'tank_pressure': 44}, 'posStruct': {'lat': '39.9556', 'planet': 'earth', 'altitude': 29, 'heading': 113, 'long': '-75.1893'}, 'uid': 101, 'name': 'test uid 101'}, 102: {'markerStruct': {'paint_level': 58, 'batteries': [0], 'tank_pressure': 45}, 'posStruct': {'lat': '39.9564', 'planet': 'earth', 'altitude': 44, 'heading': 11, 'long': '-75.1889'}, 'uid': 102, 'name': 'test uid 102'}}
I/python  (15060): 1462148655.19 Drawing scope_canvas...
I/python  (15060): uid_me:  100
I/python  (15060): Bearing = 135.100090875
I/python  (15060): Trying to draw user...
I/python  (15060): Done drawing user icon
I/python  (15060): Bearing = 98.7250986814
I/python  (15060): Trying to draw user...
I/python  (15060): Done drawing user icon
I/python  (15060): Painted Users:  True
I/python  (15060): 1462148655.2 Done
I/python  (15060): Inside updateDisplay
I/python  (15060): Trying to draw user...
I/python  (15060): Done drawing user icon
I/python  (15060): 1462148656.0 Starting...
I/python  (15060): 1462148656.0 Requesting list of users...
I/python  (15060): User List Not Found...
I/python  (15060): Dumping:
I/python  (15060): {'self.in_json_obj': {}, 'self.users': {100: {'markerStruct': {'paint_level': 19, 'batteries': [0], 'tank_pressure': 69}, 'posStruct': {'lat': '39.9566', 'planet': 'earth', 'altitude': 83, 'heading': 357, 'long': '-75.1906'}, 'uid': 100, 'name': 'test uid 100'}, 101: {'markerStruct': {'paint_level': 27, 'batteries': [0], 'tank_pressure': 44}, 'posStruct': {'lat': '39.9556', 'planet': 'earth', 'altitude': 29, 'heading': 113, 'long': '-75.1893'}, 'uid': 101, 'name': 'test uid 101'}, 102: {'markerStruct': {'paint_level': 58, 'batteries': [0], 'tank_pressure': 45}, 'posStruct': {'lat': '39.9564', 'planet': 'earth', 'altitude': 44, 'heading': 11, 'long': '-75.1889'}, 'uid': 102, 'name': 'test uid 102'}}, 'self.log_file': 'gui_dump.log', 'dump_timestamp': 'EUS 2016-05-01 19:24:16.010426', 'self.errors': {}, 'self.out_json_obj': {}}
I/python  (15060): Original myUID:  100
I/python  (15060): Dummy myUID:  100
I/python  (15060): self.user_data {100: {'markerStruct': {'paint_level': 45, 'batteries': [0], 'tank_pressure': 96}, 'posStruct': {'lat': '39.9576', 'planet': 'earth', 'altitude': 91, 'heading': 354, 'long': '-75.1891'}, 'uid': 100, 'name': 'test uid 100'}, 101: {'markerStruct': {'paint_level': 99, 'batteries': [0], 'tank_pressure': 5}, 'posStruct': {'lat': '39.9562', 'planet': 'earth', 'altitude': 54, 'heading': 87, 'long': '-75.1899'}, 'uid': 101, 'name': 'test uid 101'}, 102: {'markerStruct': {'paint_level': 70, 'batteries': [0], 'tank_pressure': 45}, 'posStruct': {'lat': '39.9572', 'planet': 'earth', 'altitude': -31, 'heading': 293, 'long': '-75.1899'}, 'uid': 102, 'name': 'test uid 102'}}
I/python  (15060): 1462148656.19 Drawing scope_canvas...
I/python  (15060): uid_me:  100
I/python  (15060): Bearing = 203.654438076
I/python  (15060): Trying to draw user...
I/python  (15060): Done drawing user icon
I/python  (15060): Bearing = 236.88397253
I/python  (15060): Trying to draw user...
I/python  (15060): Done drawing user icon
I/python  (15060): Painted Users:  True
I/python  (15060): 1462148656.21 Done
I/python  (15060): Inside updateDisplay
I/python  (15060): Trying to draw user...
I/python  (15060): Done drawing user icon
I/python  (15060): 1462148657.0 Starting...
I/python  (15060): 1462148657.0 Requesting list of users...
I/python  (15060): User List Not Found...
I/python  (15060): Dumping:
I/python  (15060): {'self.in_json_obj': {}, 'self.users': {100: {'markerStruct': {'paint_level': 45, 'batteries': [0], 'tank_pressure': 96}, 'posStruct': {'lat': '39.9576', 'planet': 'earth', 'altitude': 91, 'heading': 354, 'long': '-75.1891'}, 'uid': 100, 'name': 'test uid 100'}, 101: {'markerStruct': {'paint_level': 99, 'batteries': [0], 'tank_pressure': 5}, 'posStruct': {'lat': '39.9562', 'planet': 'earth', 'altitude': 54, 'heading': 87, 'long': '-75.1899'}, 'uid': 101, 'name': 'test uid 101'}, 102: {'markerStruct': {'paint_level': 70, 'batteries': [0], 'tank_pressure': 45}, 'posStruct': {'lat': '39.9572', 'planet': 'earth', 'altitude': -31, 'heading': 293, 'long': '-75.1899'}, 'uid': 102, 'name': 'test uid 102'}}, 'self.log_file': 'gui_dump.log', 'dump_timestamp': 'EUS 2016-05-01 19:24:17.009876', 'self.errors': {}, 'self.out_json_obj': {}}
I/python  (15060): Original myUID:  100
I/python  (15060): Dummy myUID:  100
I/python  (15060): self.user_data {100: {'markerStruct': {'paint_level': 63, 'batteries': [0], 'tank_pressure': 26}, 'posStruct': {'lat': '39.9559', 'planet': 'earth', 'altitude': -92, 'heading': 31, 'long': '-75.19'}, 'uid': 100, 'name': 'test uid 100'}, 101: {'markerStruct': {'paint_level': 50, 'batteries': [0], 'tank_pressure': 58}, 'posStruct': {'lat': '39.9568', 'planet': 'earth', 'altitude': -36, 'heading': 108, 'long': '-75.1895'}, 'uid': 101, 'name': 'test uid 101'}, 102: {'markerStruct': {'paint_level': 0, 'batteries': [0], 'tank_pressure': 87}, 'posStruct': {'lat': '39.9556', 'planet': 'earth', 'altitude': 70, 'heading': 163, 'long': '-75.1897'}, 'uid': 102, 'name': 'test uid 102'}}
I/python  (15060): 1462148657.2 Drawing scope_canvas...
I/python  (15060): uid_me:  100
I/python  (15060): Bearing = 23.0666749809
I/python  (15060): Trying to draw user...
I/python  (15060): Done drawing user icon
I/python  (15060): Bearing = 142.528271952
I/python  (15060): Trying to draw user...
I/python  (15060): Done drawing user icon
I/python  (15060): Painted Users:  True
I/python  (15060): 1462148657.22 Done
I/python  (15060): Inside updateDisplay
I/python  (15060): Trying to draw user...
I/python  (15060): Done drawing user icon
I/python  (15060): 1462148658.0 Starting...
I/python  (15060): 1462148658.0 Requesting list of users...
I/python  (15060): User List Not Found...
I/python  (15060): Dumping:
I/python  (15060): {'self.in_json_obj': {}, 'self.users': {100: {'markerStruct': {'paint_level': 63, 'batteries': [0], 'tank_pressure': 26}, 'posStruct': {'lat': '39.9559', 'planet': 'earth', 'altitude': -92, 'heading': 31, 'long': '-75.19'}, 'uid': 100, 'name': 'test uid 100'}, 101: {'markerStruct': {'paint_level': 50, 'batteries': [0], 'tank_pressure': 58}, 'posStruct': {'lat': '39.9568', 'planet': 'earth', 'altitude': -36, 'heading': 108, 'long': '-75.1895'}, 'uid': 101, 'name': 'test uid 101'}, 102: {'markerStruct': {'paint_level': 0, 'batteries': [0], 'tank_pressure': 87}, 'posStruct': {'lat': '39.9556', 'planet': 'earth', 'altitude': 70, 'heading': 163, 'long': '-75.1897'}, 'uid': 102, 'name': 'test uid 102'}}, 'self.log_file': 'gui_dump.log', 'dump_timestamp': 'EUS 2016-05-01 19:24:18.003468', 'self.errors': {}, 'self.out_json_obj': {}}
I/python  (15060): Original myUID:  100
I/python  (15060): Dummy myUID:  100
I/python  (15060): self.user_data {100: {'markerStruct': {'paint_level': 85, 'batteries': [0], 'tank_pressure': 41}, 'posStruct': {'lat': '39.9559', 'planet': 'earth', 'altitude': -1, 'heading': 187, 'long': '-75.1905'}, 'uid': 100, 'name': 'test uid 100'}, 101: {'markerStruct': {'paint_level': 3, 'batteries': [0], 'tank_pressure': 97}, 'posStruct': {'lat': '39.956', 'planet': 'earth', 'altitude': -75, 'heading': 127, 'long': '-75.1906'}, 'uid': 101, 'name': 'test uid 101'}, 102: {'markerStruct': {'paint_level': 52, 'batteries': [0], 'tank_pressure': 23}, 'posStruct': {'lat': '39.9562', 'planet': 'earth', 'altitude': -93, 'heading': 333, 'long': '-75.1891'}, 'uid': 102, 'name': 'test uid 102'}}
I/python  (15060): 1462148658.03 Drawing scope_canvas...
I/python  (15060): uid_me:  100
I/python  (15060): Bearing = 322.528481294
I/python  (15060): Trying to draw user...
I/python  (15060): Done drawing user icon
I/python  (15060): Bearing = 74.3812004105
I/python  (15060): Trying to draw user...
I/python  (15060): Done drawing user icon
I/python  (15060): Painted Users:  True
I/python  (15060): 1462148658.04 Done
I/python  (15060): Inside updateDisplay
I/python  (15060): Trying to draw user...
I/python  (15060): Done drawing user icon
I/python  (15060): 1462148659.0 Starting...
I/python  (15060): 1462148659.0 Requesting list of users...
I/python  (15060): User List Not Found...
I/python  (15060): Dumping:
I/python  (15060): {'self.in_json_obj': {}, 'self.users': {100: {'markerStruct': {'paint_level': 85, 'batteries': [0], 'tank_pressure': 41}, 'posStruct': {'lat': '39.9559', 'planet': 'earth', 'altitude': -1, 'heading': 187, 'long': '-75.1905'}, 'uid': 100, 'name': 'test uid 100'}, 101: {'markerStruct': {'paint_level': 3, 'batteries': [0], 'tank_pressure': 97}, 'posStruct': {'lat': '39.956', 'planet': 'earth', 'altitude': -75, 'heading': 127, 'long': '-75.1906'}, 'uid': 101, 'name': 'test uid 101'}, 102: {'markerStruct': {'paint_level': 52, 'batteries': [0], 'tank_pressure': 23}, 'posStruct': {'lat': '39.9562', 'planet': 'earth', 'altitude': -93, 'heading': 333, 'long': '-75.1891'}, 'uid': 102, 'name': 'test uid 102'}}, 'self.log_file': 'gui_dump.log', 'dump_timestamp': 'EUS 2016-05-01 19:24:19.011708', 'self.errors': {}, 'self.out_json_obj': {}}
I/python  (15060): Original myUID:  100
I/python  (15060): Dummy myUID:  100
I/python  (15060): self.user_data {100: {'markerStruct': {'paint_level': 31, 'batteries': [0], 'tank_pressure': 56}, 'posStruct': {'lat': '39.9565', 'planet': 'earth', 'altitude': -8, 'heading': 59, 'long': '-75.1894'}, 'uid': 100, 'name': 'test uid 100'}, 101: {'markerStruct': {'paint_level': 62, 'batteries': [0], 'tank_pressure': 91}, 'posStruct': {'lat': '39.9556', 'planet': 'earth', 'altitude': -5, 'heading': 304, 'long': '-75.1899'}, 'uid': 101, 'name': 'test uid 101'}, 102: {'markerStruct': {'paint_level': 23, 'batteries': [0], 'tank_pressure': 8}, 'posStruct': {'lat': '39.9564', 'planet': 'earth', 'altitude': 29, 'heading': 151, 'long': '-75.1892'}, 'uid': 102, 'name': 'test uid 102'}}
I/python  (15060): 1462148659.04 Drawing scope_canvas...
I/python  (15060): uid_me:  100
I/python  (15060): Bearing = 203.067086684
I/python  (15060): Trying to draw user...
I/python  (15060): Done drawing user icon
I/python  (15060): Bearing = 123.115855925
I/python  (15060): Trying to draw user...
I/python  (15060): Done drawing user icon
I/python  (15060): Painted Users:  True
I/python  (15060): 1462148659.06 Done
I/python  (15060): Inside updateDisplay
I/python  (15060): Trying to draw user...
I/python  (15060): Done drawing user icon
I/python  (15060): 1462148660.0 Starting...
I/python  (15060): 1462148660.0 Requesting list of users...
I/python  (15060): User List Not Found...
I/python  (15060): Dumping:
I/python  (15060): {'self.in_json_obj': {}, 'self.users': {100: {'markerStruct': {'paint_level': 31, 'batteries': [0], 'tank_pressure': 56}, 'posStruct': {'lat': '39.9565', 'planet': 'earth', 'altitude': -8, 'heading': 59, 'long': '-75.1894'}, 'uid': 100, 'name': 'test uid 100'}, 101: {'markerStruct': {'paint_level': 62, 'batteries': [0], 'tank_pressure': 91}, 'posStruct': {'lat': '39.9556', 'planet': 'earth', 'altitude': -5, 'heading': 304, 'long': '-75.1899'}, 'uid': 101, 'name': 'test uid 101'}, 102: {'markerStruct': {'paint_level': 23, 'batteries': [0], 'tank_pressure': 8}, 'posStruct': {'lat': '39.9564', 'planet': 'earth', 'altitude': 29, 'heading': 151, 'long': '-75.1892'}, 'uid': 102, 'name': 'test uid 102'}}, 'self.log_file': 'gui_dump.log', 'dump_timestamp': 'EUS 2016-05-01 19:24:20.189259', 'self.errors': {}, 'self.out_json_obj': {}}
I/python  (15060): Original myUID:  100
I/python  (15060): Dummy myUID:  100
I/python  (15060): self.user_data {100: {'markerStruct': {'paint_level': 36, 'batteries': [0], 'tank_pressure': 4}, 'posStruct': {'lat': '39.9565', 'planet': 'earth', 'altitude': -72, 'heading': 245, 'long': '-75.1892'}, 'uid': 100, 'name': 'test uid 100'}, 101: {'markerStruct': {'paint_level': 97, 'batteries': [0], 'tank_pressure': 1}, 'posStruct': {'lat': '39.9562', 'planet': 'earth', 'altitude': -68, 'heading': 269, 'long': '-75.19'}, 'uid': 101, 'name': 'test uid 101'}, 102: {'markerStruct': {'paint_level': 90, 'batteries': [0], 'tank_pressure': 92}, 'posStruct': {'lat': '39.9568', 'planet': 'earth', 'altitude': 23, 'heading': 143, 'long': '-75.1891'}, 'uid': 102, 'name': 'test uid 102'}}
I/python  (15060): 1462148660.21 Drawing scope_canvas...
I/python  (15060): uid_me:  100
I/python  (15060): Bearing = 243.931676577
I/python  (15060): Trying to draw user...
I/python  (15060): Done drawing user icon
I/python  (15060): Bearing = 14.3329631433
I/python  (15060): Trying to draw user...
I/python  (15060): Done drawing user icon
I/python  (15060): Painted Users:  True
I/python  (15060): 1462148660.23 Done
I/python  (15060): Inside updateDisplay
I/python  (15060): Trying to draw user...
I/python  (15060): Done drawing user icon
I/python  (15060): 1462148660.99 Starting...
I/python  (15060): 1462148660.99 Requesting list of users...
I/python  (15060): User List Not Found...
I/python  (15060): Dumping:
I/python  (15060): {'self.in_json_obj': {}, 'self.users': {100: {'markerStruct': {'paint_level': 36, 'batteries': [0], 'tank_pressure': 4}, 'posStruct': {'lat': '39.9565', 'planet': 'earth', 'altitude': -72, 'heading': 245, 'long': '-75.1892'}, 'uid': 100, 'name': 'test uid 100'}, 101: {'markerStruct': {'paint_level': 97, 'batteries': [0], 'tank_pressure': 1}, 'posStruct': {'lat': '39.9562', 'planet': 'earth', 'altitude': -68, 'heading': 269, 'long': '-75.19'}, 'uid': 101, 'name': 'test uid 101'}, 102: {'markerStruct': {'paint_level': 90, 'batteries': [0], 'tank_pressure': 92}, 'posStruct': {'lat': '39.9568', 'planet': 'earth', 'altitude': 23, 'heading': 143, 'long': '-75.1891'}, 'uid': 102, 'name': 'test uid 102'}}, 'self.log_file': 'gui_dump.log', 'dump_timestamp': 'EUS 2016-05-01 19:24:20.999867', 'self.errors': {}, 'self.out_json_obj': {}}
I/python  (15060): Original myUID:  100
I/python  (15060): Dummy myUID:  100
I/python  (15060): self.user_data {100: {'markerStruct': {'paint_level': 76, 'batteries': [0], 'tank_pressure': 1}, 'posStruct': {'lat': '39.9567', 'planet': 'earth', 'altitude': -79, 'heading': 175, 'long': '-75.1903'}, 'uid': 100, 'name': 'test uid 100'}, 101: {'markerStruct': {'paint_level': 84, 'batteries': [0], 'tank_pressure': 48}, 'posStruct': {'lat': '39.9565', 'planet': 'earth', 'altitude': 99, 'heading': 44, 'long': '-75.1901'}, 'uid': 101, 'name': 'test uid 101'}, 102: {'markerStruct': {'paint_level': 0, 'batteries': [0], 'tank_pressure': 79}, 'posStruct': {'lat': '39.9567', 'planet': 'earth', 'altitude': -49, 'heading': 161, 'long': '-75.1903'}, 'uid': 102, 'name': 'test uid 102'}}
I/python  (15060): 1462148661.03 Drawing scope_canvas...
I/python  (15060): uid_me:  100
I/python  (15060): Bearing = 142.528647901
I/python  (15060): Trying to draw user...
I/python  (15060): Done drawing user icon
I/python  (15060): Bearing = 0.0
I/python  (15060): Trying to draw user...
I/python  (15060): Done drawing user icon
I/python  (15060): Painted Users:  True
I/python  (15060): 1462148661.13 Done
D/skia    (22315): SkGraphics::Init() - BLTsville (CPU) dlopen success
D/AndroidRuntime(22315): 
D/AndroidRuntime(22315): >>>>>> AndroidRuntime START com.android.internal.os.RuntimeInit <<<<<<
D/AndroidRuntime(22315): CheckJNI is OFF
D/dalvikvm(22315): Trying to load lib libjavacore.so 0x0
D/dalvikvm(22315): Added shared lib libjavacore.so 0x0
D/dalvikvm(22315): Trying to load lib libnativehelper.so 0x0
D/dalvikvm(22315): Added shared lib libnativehelper.so 0x0
D/AndroidRuntime(22315): Calling main entry com.android.commands.input.Input
I/Input   (22315): InjectKeyEvent: KeyEvent { action=ACTION_DOWN, keyCode=KEYCODE_BACK, scanCode=0, metaState=0, flags=0x0, repeatCount=0, eventTime=23668035, downTime=23668035, deviceId=-1, source=0x101 }
I/Input   (22315): InjectKeyEvent: KeyEvent { action=ACTION_UP, keyCode=KEYCODE_BACK, scanCode=0, metaState=0, flags=0x0, repeatCount=0, eventTime=23668035, downTime=23668035, deviceId=-1, source=0x101 }
D/AndroidRuntime(22315): Shutting down VM
I/python  (15060): ('The key', 27, 'have been pressed')
I/python  (15060):  - text is 4
I/python  (15060):  - modifiers are []
I/python  (15060): Issue adjusting the zoom level
I/python  (15060): [INFO              ] [Base        ] Leaving application in progress...
I/AndroidRuntime(22315): NOTE: attach of thread 'Binder_2' failed
I/python  (15060): Python for android ended.
I/AndroidRuntime(15060): VM exiting with result code 0, cleanup skipped.
D/skia    (22315): SkGraphics::Term() dlclose() BLTsville (CPU) 
W/InputDispatcher(  295): channel '41650678 org.test.hud_total_test/org.renpy.android.PythonActivity (server)' ~ Consumer closed input channel or an error occurred.  events=0x9
E/InputDispatcher(  295): channel '41650678 org.test.hud_total_test/org.renpy.android.PythonActivity (server)' ~ Channel is unrecoverably broken and will be disposed!
W/InputDispatcher(  295): Attempted to unregister already unregistered input channel '41650678 org.test.hud_total_test/org.renpy.android.PythonActivity (server)'
I/WindowManager(  295): WINDOW DIED Window{41650678 org.test.hud_total_test/org.renpy.android.PythonActivity paused=false}
I/ActivityManager(  295): Process org.test.hud_total_test:python (pid 15060) has died.
W/WindowManager(  295): Force-removing child win Window{41668e40 SurfaceView paused=false} from container Window{41650678 org.test.hud_total_test/org.renpy.android.PythonActivity paused=false}
W/ActivityManager(  295): Force removing ActivityRecord{415608a8 org.test.hud_total_test/org.renpy.android.PythonActivity}: app died, no saved state
I/LocationManagerService(  295): remove passive (pid 295), next minTime = 0
I/LocationManagerService(  295): remove gps (pid 295), next minTime = 0
I/LocationManagerService(  295): remove RECON_AGPS (pid 295), next minTime = 0
W/WindowManager(  295): Failed looking up window
W/WindowManager(  295): java.lang.IllegalArgumentException: Requested window android.os.BinderProxy@4145f818 does not exist
W/WindowManager(  295): 	at com.android.server.wm.WindowManagerService.windowForClientLocked(WindowManagerService.java:7790)
W/WindowManager(  295): 	at com.android.server.wm.WindowManagerService.windowForClientLocked(WindowManagerService.java:7781)
W/WindowManager(  295): 	at com.android.server.wm.WindowState$DeathRecipient.binderDied(WindowState.java:854)
W/WindowManager(  295): 	at android.os.BinderProxy.sendDeathNotice(Binder.java:449)
W/WindowManager(  295): 	at dalvik.system.NativeStart.run(Native Method)
I/WindowState(  295): WIN DEATH: null
W/WindowManager(  295): Failed looking up window
W/WindowManager(  295): java.lang.IllegalArgumentException: Requested window android.os.BinderProxy@41473878 does not exist
W/WindowManager(  295): 	at com.android.server.wm.WindowManagerService.windowForClientLocked(WindowManagerService.java:7790)
W/WindowManager(  295): 	at com.android.server.wm.WindowManagerService.windowForClientLocked(WindowManagerService.java:7781)
W/WindowManager(  295): 	at com.android.server.wm.WindowState$DeathRecipient.binderDied(WindowState.java:854)
W/WindowManager(  295): 	at android.os.BinderProxy.sendDeathNotice(Binder.java:449)
W/WindowManager(  295): 	at com.android.server.SystemServer.init1(Native Method)
W/WindowManager(  295): 	at com.android.server.SystemServer.main(SystemServer.java:1001)
W/WindowManager(  295): 	at java.lang.reflect.Method.invokeNative(Native Method)
W/WindowManager(  295): 	at java.lang.reflect.Method.invoke(Method.java:511)
W/WindowManager(  295): 	at com.android.internal.os.ZygoteInit$MethodAndArgsCaller.run(ZygoteInit.java:786)
W/WindowManager(  295): 	at com.android.internal.os.ZygoteInit.main(ZygoteInit.java:553)
W/WindowManager(  295): 	at dalvik.system.NativeStart.main(Native Method)
I/WindowState(  295): WIN DEATH: null
W/InputMethodManagerService(  295): Got RemoteException sending setActive(false) notification to pid 15060 uid 10006
I/NAVD.GPSC_TIMER_API(  802): +++ gpsc_os_timer_expired_res: Timer Expired:19, GPSC State:ACTIVE, Sequence:GET ASSISTANCE   +++
I/NAVD.GPSC_MGP(  802): +++ gpsc_mgp_process_msg: AI_REP_CLOCK +++
I/NAVD.GPSC_MGP(  802): C_TIMER_RXN_EPHE_VALID Timer expired: request for assistance
I/NAVD.GPSC_APP_API(  802): +++ gpsc_request_assistance: Assist Attempt [0] +++
I/NAVD.GPSC_APP_API(  802): +++ gpsc_request_assistance: GPS Time - Valid [1], Week [1895], MSec [88074000], Unc [0.000033] +++
I/NAVD.GPSC_MGP(  802): +++ recon_request_assistance: Sent Assistance Request [mask = 0xd] to Recon Status Pipe /data/gps/reconcontrol +++
I/NAVD.GPSC_APP_API(  802): +++ gpsc_request_assistance: Successfully requested Assistance from Assistance Provider(s). Request number [1] (maximum 1)  +++
I/NAVD.GPSC_APP_API(  802): C_TIMER_RXN_EPHE_VALID Timer started
I/RECON.GPS(  896): +++ GPSDriver::processAssistanceRequest: Assistance Request Received. Flags: [0xd] +++
D/ReconAGPS.Java(  896): +++ GPS Status callback. Status: [0x5], Extra: [0xd] +++
D/ReconAGPS.Java(  896): handleMessage(), msg.what : 2
I/RXN_IntApp(  889): Start gpsPrnBitMask: -1, gloSlotBitMask 0
I/RXN_IntApp(  889): EE/BCE callback 0
I/RXN_IntApp(  889): 1, 3, 5, 6, 7, 8, 9, 10, 11, 12, 13, 14, 15, 16, 17, 18, 19, 20, 21, 22, 23, 24, 26, 27, 28, 29, 30, 31, 
I/RXN_IntApp(  889): Finished: 0
I/NAVD.GPSC_APP_API(  802): +++ gpsc_app_assist_inject_req: Assistance set is complete, start the injection +++
I/NAVD.GPSC_STATE(  802): +++ StateGpscActive: State [ACTIVE], Event: [ASSIST_INJECT ] +++
I/NAVD.GPSC_APP_API(  802): +++ gpsc_app_assist_inject_req: Assistance set is complete, start the injection +++
I/NAVD.GPSC_STATE(  802): +++ StateGpscActive: State [ACTIVE], Event: [ASSIST_INJECT ] +++
I/NAVD.GPSC_MGP(  802): +++ gpsc_mgp_process_msg: AI_REP_SV_DIR +++
I/NAVD.GPSC_MGP(  802): +++ gpsc_mgp_process_msg: AI_REP_CLOCK +++
I/NAVD.GPSC_APP_API(  802): +++ gpsc_get_min_toe_diff: good_eph_count 12, toe_min 53 +++
I/NAVD.GPSC_SESS(  802): +++ gpsc_get_assistance_from_network: Requesting Assistance (toe_diff = 53) +++
I/NAVD.GPSC_APP_API(  802): +++ gpsc_request_assistance: Exceeded maximum number of Assistance Attempts (1). Assist Request (1) will not be sent +++
E/NAVD.GPSC_SESS(  802): +++ gpsc_get_assistance_from_network: Assistance Request Failure +++
I/NAVD.GPSC_MGP(  802): +++ gpsc_mgp_process_msg: AI_REP_SV_DIR +++
I/NAVD.GPSC_MGP(  802): +++ gpsc_mgp_process_msg: AI_REP_CLOCK +++
I/NAVD.GPSC_MGP(  802): +++ gpsc_mgp_process_msg: Ephemeris Report Received. SV ID: 24 +++
I/NAVD.GPSC_MGP(  802): +++ gpsc_mgp_process_msg: Ephemeris Report Received. SV ID: 6 +++
I/NAVD.GPSC_TIMER_API(  802): +++ gpsc_os_timer_expired_res: Timer Expired:20, GPSC State:ACTIVE, Sequence:GET ASSISTANCE   +++
I/NAVD.GPSC_TIMER_API(  802): C_TIMER_NVS_SAVE timer expired, saving NVS state
I/NAVD.GPSC_DATABASE(  802): +++ Updated [/data/gps/aiding/GPSCPositionFile] Binary Position File. Data: +++
I/NAVD.GPSC_DATABASE(  802): +++ Updated [/data/gps/aiding/GPSCEphFile] Binary Ephemeris File. Data: +++
I/NAVD.GPSC_DATABASE(  802): +++ Updated [/data/gps/aiding/GPSCIonoFile] Binary Iono  File. Data: +++
I/NAVD.GPSC_DATABASE(  802): +++ Updated [/data/gps/aiding/GPSCUtcFile] Binary UTC File. Data: +++
I/NAVD.GPSC_DATABASE(  802): +++ Updated [/data/gps/aiding/GPSCAlmanacFile] Binary Almanac File. Data: +++
I/NAVD.GPSC_DATABASE(  802): +++ Updated [/data/gps/aiding/GPSCHealthFile] Binary Health File. Data: +++
I/NAVD.GPSC_DATABASE(  802): +++ Updated [/data/gps/aiding/GPSCTcxoFile] Binary TCXO File. Data: +++
I/NAVD.GPSC_TIMER_API(  802): C_TIMER_NVS_SAVE Timer started
I/NAVD.GPSC_TIMER_API(  802): +++ gpsc_os_timer_expired_res: Timer Expired:19, GPSC State:ACTIVE, Sequence:GET ASSISTANCE   +++
I/NAVD.GPSC_MGP(  802): +++ gpsc_mgp_process_msg: AI_REP_CLOCK +++
I/NAVD.GPSC_MGP(  802): C_TIMER_RXN_EPHE_VALID Timer expired: request for assistance
I/NAVD.GPSC_APP_API(  802): +++ gpsc_request_assistance: Assist Attempt [0] +++
I/NAVD.GPSC_APP_API(  802): +++ gpsc_request_assistance: GPS Time - Valid [1], Week [1895], MSec [88314250], Unc [0.000048] +++
I/NAVD.GPSC_MGP(  802): +++ recon_request_assistance: Sent Assistance Request [mask = 0xd] to Recon Status Pipe /data/gps/reconcontrol +++
I/NAVD.GPSC_APP_API(  802): +++ gpsc_request_assistance: Successfully requested Assistance from Assistance Provider(s). Request number [1] (maximum 1)  +++
I/NAVD.GPSC_APP_API(  802): C_TIMER_RXN_EPHE_VALID Timer started
I/RECON.GPS(  896): +++ GPSDriver::processAssistanceRequest: Assistance Request Received. Flags: [0xd] +++
D/ReconAGPS.Java(  896): +++ GPS Status callback. Status: [0x5], Extra: [0xd] +++
D/ReconAGPS.Java(  896): handleMessage(), msg.what : 2
I/RXN_IntApp(  889): Start gpsPrnBitMask: -1, gloSlotBitMask 0
I/RXN_IntApp(  889): EE/BCE callback 0
I/RXN_IntApp(  889): 1, 3, 5, 6, 7, 8, 9, 10, 11, 12, 13, 14, 15, 16, 17, 18, 19, 20, 21, 22, 23, 24, 26, 27, 28, 29, 30, 31, 
I/RXN_IntApp(  889): Finished: 0
I/NAVD.GPSC_APP_API(  802): +++ gpsc_app_assist_inject_req: Assistance set is complete, start the injection +++
I/NAVD.GPSC_STATE(  802): +++ StateGpscActive: State [ACTIVE], Event: [ASSIST_INJECT ] +++
I/NAVD.GPSC_APP_API(  802): +++ gpsc_app_assist_inject_req: Assistance set is complete, start the injection +++
I/NAVD.GPSC_STATE(  802): +++ StateGpscActive: State [ACTIVE], Event: [ASSIST_INJECT ] +++
I/NAVD.GPSC_MGP(  802): +++ gpsc_mgp_process_msg: AI_REP_SV_DIR +++
I/NAVD.GPSC_MGP(  802): +++ gpsc_mgp_process_msg: AI_REP_CLOCK +++
I/NAVD.GPSC_APP_API(  802): +++ gpsc_get_min_toe_diff: good_eph_count 12, toe_min 53 +++
I/NAVD.GPSC_SESS(  802): +++ gpsc_get_assistance_from_network: Requesting Assistance (toe_diff = 53) +++
I/NAVD.GPSC_APP_API(  802): +++ gpsc_request_assistance: Exceeded maximum number of Assistance Attempts (1). Assist Request (1) will not be sent +++
E/NAVD.GPSC_SESS(  802): +++ gpsc_get_assistance_from_network: Assistance Request Failure +++
I/NAVD.GPSC_MGP(  802): +++ gpsc_mgp_process_msg: AI_REP_SV_DIR +++
I/NAVD.GPSC_MGP(  802): +++ gpsc_mgp_process_msg: AI_REP_CLOCK +++
I/NAVD.GPSC_MGP(  802): +++ gpsc_mgp_process_msg: Ephemeris Report Received. SV ID: 24 +++
V/ReconTranscend_service(  568): Periodic save
D/ReconTimeManager(  568): Saving state
V/SimpleLocationLogger(  568): dumping buffers to file
D/ReconAltManager(  568): Saving state
D/ReconSpeedManager(  568): Saving state
D/Distance Manager(  568): Saving state
D/ReconGradeManager(  568): Saving state
D/ReconRunManager(  568): Saving state
D/ReconRunManager(  568): Saving all time runs
D/ReconRunManager(  568): saving run info
D/ReconRunManager(  568): Attempt to marshal and write
D/ReconRunManager(  568): Attempt to flush
D/ReconTemperatureManager(  568): Saving state
D/ReconVerticalManager(  568): Saving state
D/ReconHRManager(  568): Saving state
D/ReconCadenceManager(  568): Saving state
D/ReconPowerManager(  568): Saving state
D/SportsActivityManager(  568): Saving state
D/ReconCalorieManager(  568): Saving state
W/ThrottleService(  295): unable to find stats for iface rmnet0
W/SocketClient(  100): write error (Broken pipe)
I/NAVD.GPSC_TIMER_API(  802): +++ gpsc_os_timer_expired_res: Timer Expired:19, GPSC State:ACTIVE, Sequence:GET ASSISTANCE   +++
I/NAVD.GPSC_MGP(  802): +++ gpsc_mgp_process_msg: AI_REP_CLOCK +++
I/NAVD.GPSC_MGP(  802): C_TIMER_RXN_EPHE_VALID Timer expired: request for assistance
I/NAVD.GPSC_APP_API(  802): +++ gpsc_request_assistance: Assist Attempt [0] +++
I/NAVD.GPSC_APP_API(  802): +++ gpsc_request_assistance: GPS Time - Valid [1], Week [1895], MSec [88554250], Unc [0.000035] +++
I/NAVD.GPSC_MGP(  802): +++ recon_request_assistance: Sent Assistance Request [mask = 0xd] to Recon Status Pipe /data/gps/reconcontrol +++
I/NAVD.GPSC_APP_API(  802): +++ gpsc_request_assistance: Successfully requested Assistance from Assistance Provider(s). Request number [1] (maximum 1)  +++
I/NAVD.GPSC_APP_API(  802): C_TIMER_RXN_EPHE_VALID Timer started
I/RECON.GPS(  896): +++ GPSDriver::processAssistanceRequest: Assistance Request Received. Flags: [0xd] +++
I/RXN_IntApp(  889): Start gpsPrnBitMask: -1, gloSlotBitMask 0
D/ReconAGPS.Java(  896): +++ GPS Status callback. Status: [0x5], Extra: [0xd] +++
D/ReconAGPS.Java(  896): handleMessage(), msg.what : 2
I/RXN_IntApp(  889): EE/BCE callback 0
I/RXN_IntApp(  889): 1, 3, 5, 6, 7, 8, 9, 10, 11, 12, 13, 14, 15, 16, 17, 18, 19, 20, 21, 22, 23, 24, 26, 27, 28, 29, 30, 31, 
I/RXN_IntApp(  889): Finished: 0
I/NAVD.GPSC_APP_API(  802): +++ gpsc_app_assist_inject_req: Assistance set is complete, start the injection +++
I/NAVD.GPSC_STATE(  802): +++ StateGpscActive: State [ACTIVE], Event: [ASSIST_INJECT ] +++
I/NAVD.GPSC_APP_API(  802): +++ gpsc_app_assist_inject_req: Assistance set is complete, start the injection +++
I/NAVD.GPSC_STATE(  802): +++ StateGpscActive: State [ACTIVE], Event: [ASSIST_INJECT ] +++
I/NAVD.GPSC_MGP(  802): +++ gpsc_mgp_process_msg: AI_REP_SV_DIR +++
I/NAVD.GPSC_MGP(  802): +++ gpsc_mgp_process_msg: AI_REP_CLOCK +++
I/NAVD.GPSC_APP_API(  802): +++ gpsc_get_min_toe_diff: good_eph_count 12, toe_min 53 +++
I/NAVD.GPSC_SESS(  802): +++ gpsc_get_assistance_from_network: Requesting Assistance (toe_diff = 53) +++
I/NAVD.GPSC_APP_API(  802): +++ gpsc_request_assistance: Exceeded maximum number of Assistance Attempts (1). Assist Request (1) will not be sent +++
E/NAVD.GPSC_SESS(  802): +++ gpsc_get_assistance_from_network: Assistance Request Failure +++
I/NAVD.GPSC_MGP(  802): +++ gpsc_mgp_process_msg: AI_REP_SV_DIR +++
I/NAVD.GPSC_MGP(  802): +++ gpsc_mgp_process_msg: AI_REP_CLOCK +++
I/NAVD.GPSC_MGP(  802): +++ gpsc_mgp_process_msg: Ephemeris Report Received. SV ID: 24 +++
I/NAVD.GPSC_TIMER_API(  802): +++ gpsc_os_timer_expired_res: Timer Expired:19, GPSC State:ACTIVE, Sequence:GET ASSISTANCE   +++
I/NAVD.GPSC_MGP(  802): +++ gpsc_mgp_process_msg: AI_REP_CLOCK +++
I/NAVD.GPSC_MGP(  802): C_TIMER_RXN_EPHE_VALID Timer expired: request for assistance
I/NAVD.GPSC_APP_API(  802): +++ gpsc_request_assistance: Assist Attempt [0] +++
I/NAVD.GPSC_APP_API(  802): +++ gpsc_request_assistance: GPS Time - Valid [1], Week [1895], MSec [88794250], Unc [0.002236] +++
I/NAVD.GPSC_MGP(  802): +++ recon_request_assistance: Sent Assistance Request [mask = 0xd] to Recon Status Pipe /data/gps/reconcontrol +++
I/NAVD.GPSC_APP_API(  802): +++ gpsc_request_assistance: Successfully requested Assistance from Assistance Provider(s). Request number [1] (maximum 1)  +++
I/NAVD.GPSC_APP_API(  802): C_TIMER_RXN_EPHE_VALID Timer started
I/RECON.GPS(  896): +++ GPSDriver::processAssistanceRequest: Assistance Request Received. Flags: [0xd] +++
D/ReconAGPS.Java(  896): +++ GPS Status callback. Status: [0x5], Extra: [0xd] +++
D/ReconAGPS.Java(  896): handleMessage(), msg.what : 2
I/RXN_IntApp(  889): Start gpsPrnBitMask: -1, gloSlotBitMask 0
I/RXN_IntApp(  889): EE/BCE callback 0
I/RXN_IntApp(  889): 1, 3, 5, 6, 7, 8, 9, 10, 11, 12, 13, 14, 15, 16, 17, 18, 19, 20, 21, 22, 23, 24, 26, 27, 28, 29, 30, 31, 
I/RXN_IntApp(  889): Finished: 0
I/NAVD.GPSC_APP_API(  802): +++ gpsc_app_assist_inject_req: Assistance set is complete, start the injection +++
I/NAVD.GPSC_STATE(  802): +++ StateGpscActive: State [ACTIVE], Event: [ASSIST_INJECT ] +++
I/NAVD.GPSC_APP_API(  802): +++ gpsc_app_assist_inject_req: Assistance set is complete, start the injection +++
I/NAVD.GPSC_STATE(  802): +++ StateGpscActive: State [ACTIVE], Event: [ASSIST_INJECT ] +++
I/NAVD.GPSC_MGP(  802): +++ gpsc_mgp_process_msg: AI_REP_SV_DIR +++
I/NAVD.GPSC_MGP(  802): +++ gpsc_mgp_process_msg: AI_REP_CLOCK +++
I/NAVD.GPSC_APP_API(  802): +++ gpsc_get_min_toe_diff: good_eph_count 12, toe_min 53 +++
I/NAVD.GPSC_SESS(  802): +++ gpsc_get_assistance_from_network: Requesting Assistance (toe_diff = 53) +++
I/NAVD.GPSC_APP_API(  802): +++ gpsc_request_assistance: Exceeded maximum number of Assistance Attempts (1). Assist Request (1) will not be sent +++
E/NAVD.GPSC_SESS(  802): +++ gpsc_get_assistance_from_network: Assistance Request Failure +++
I/NAVD.GPSC_MGP(  802): +++ gpsc_mgp_process_msg: AI_REP_SV_DIR +++
I/NAVD.GPSC_MGP(  802): +++ gpsc_mgp_process_msg: AI_REP_CLOCK +++
I/NAVD.GPSC_MGP(  802): +++ gpsc_mgp_process_msg: Ephemeris Report Received. SV ID: 24 +++
I/NAVD.GPSC_TIMER_API(  802): +++ gpsc_os_timer_expired_res: Timer Expired:20, GPSC State:ACTIVE, Sequence:GET ASSISTANCE   +++
I/NAVD.GPSC_TIMER_API(  802): C_TIMER_NVS_SAVE timer expired, saving NVS state
I/NAVD.GPSC_DATABASE(  802): +++ Updated [/data/gps/aiding/GPSCPositionFile] Binary Position File. Data: +++
I/NAVD.GPSC_DATABASE(  802): +++ Updated [/data/gps/aiding/GPSCEphFile] Binary Ephemeris File. Data: +++
I/NAVD.GPSC_DATABASE(  802): +++ Updated [/data/gps/aiding/GPSCIonoFile] Binary Iono  File. Data: +++
I/NAVD.GPSC_DATABASE(  802): +++ Updated [/data/gps/aiding/GPSCUtcFile] Binary UTC File. Data: +++
I/NAVD.GPSC_DATABASE(  802): +++ Updated [/data/gps/aiding/GPSCAlmanacFile] Binary Almanac File. Data: +++
I/NAVD.GPSC_DATABASE(  802): +++ Updated [/data/gps/aiding/GPSCHealthFile] Binary Health File. Data: +++
I/NAVD.GPSC_DATABASE(  802): +++ Updated [/data/gps/aiding/GPSCTcxoFile] Binary TCXO File. Data: +++
I/NAVD.GPSC_TIMER_API(  802): C_TIMER_NVS_SAVE Timer started
V/ReconTranscend_service(  568): Periodic save
D/ReconTimeManager(  568): Saving state
V/SimpleLocationLogger(  568): dumping buffers to file
D/ReconAltManager(  568): Saving state
D/ReconSpeedManager(  568): Saving state
D/Distance Manager(  568): Saving state
D/ReconGradeManager(  568): Saving state
D/ReconRunManager(  568): Saving state
D/ReconRunManager(  568): Saving all time runs
D/ReconRunManager(  568): saving run info
D/ReconRunManager(  568): Attempt to marshal and write
D/ReconRunManager(  568): Attempt to flush
D/ReconTemperatureManager(  568): Saving state
D/ReconVerticalManager(  568): Saving state
D/ReconHRManager(  568): Saving state
D/ReconCadenceManager(  568): Saving state
D/ReconPowerManager(  568): Saving state
D/SportsActivityManager(  568): Saving state
D/ReconCalorieManager(  568): Saving state
W/ThrottleService(  295): unable to find stats for iface rmnet0
W/SocketClient(  100): write error (Broken pipe)
I/NAVD.GPSC_MGP_RX(  802): +++ gpsc_check_session_for_fix: Re-Request for MSB assistance. Number of consecutive Time-outs [5] +++/n
I/NAVD.GPSC_APP_API(  802): +++ gpsc_request_assistance: Position Information Not Known +++
I/NAVD.GPSC_APP_API(  802): +++ gpsc_request_assistance: Assist Attempt [0] +++
I/NAVD.GPSC_APP_API(  802): +++ gpsc_request_assistance: GPS Time - Valid [1], Week [1895], MSec [89000000], Unc [0.000061] +++
I/NAVD.GPSC_MGP(  802): +++ recon_request_assistance: Sent Assistance Request [mask = 0xd] to Recon Status Pipe /data/gps/reconcontrol +++
I/NAVD.GPSC_APP_API(  802): +++ gpsc_request_assistance: Successfully requested Assistance from Assistance Provider(s). Request number [1] (maximum 1)  +++
I/RXN_IntApp(  889): Start gpsPrnBitMask: -1, gloSlotBitMask 0
I/RXN_IntApp(  889): EE/BCE callback 0
I/RXN_IntApp(  889): 1, 3, 5, 6, 7, 8, 9, 10, 11, 12, 13, 14, 15, 16, 17, 18, 19, 20, 21, 22, 23, 24, 26, 27, 28, 29, 30, 31, 
I/RXN_IntApp(  889): Finished: 0
I/RECON.GPS(  896): +++ GPSDriver::processAssistanceRequest: Assistance Request Received. Flags: [0xd] +++
D/ReconAGPS.Java(  896): +++ GPS Status callback. Status: [0x5], Extra: [0xd] +++
D/ReconAGPS.Java(  896): handleMessage(), msg.what : 2
I/NAVD.GPSC_APP_API(  802): +++ gpsc_app_assist_inject_req: Assistance set is complete, start the injection +++
I/NAVD.GPSC_STATE(  802): +++ StateGpscActive: State [ACTIVE], Event: [ASSIST_INJECT ] +++
I/NAVD.GPSC_APP_API(  802): +++ gpsc_app_assist_inject_req: Assistance set is complete, start the injection +++
I/NAVD.GPSC_STATE(  802): +++ StateGpscActive: State [ACTIVE], Event: [ASSIST_INJECT ] +++
I/NAVD.GPSC_MGP(  802): +++ gpsc_mgp_process_msg: AI_REP_SV_DIR +++
I/NAVD.GPSC_MGP(  802): +++ gpsc_mgp_process_msg: AI_REP_CLOCK +++
I/NAVD.GPSC_APP_API(  802): +++ gpsc_get_min_toe_diff: good_eph_count 12, toe_min 88 +++
I/NAVD.GPSC_SESS(  802): +++ gpsc_get_assistance_from_network: Requesting Assistance (toe_diff = 88) +++
I/NAVD.GPSC_APP_API(  802): +++ gpsc_request_assistance: Exceeded maximum number of Assistance Attempts (1). Assist Request (1) will not be sent +++
E/NAVD.GPSC_SESS(  802): +++ gpsc_get_assistance_from_network: Assistance Request Failure +++
I/NAVD.GPSC_MGP(  802): +++ gpsc_mgp_process_msg: AI_REP_SV_DIR +++
I/NAVD.GPSC_MGP(  802): +++ gpsc_mgp_process_msg: AI_REP_CLOCK +++
I/NAVD.GPSC_MGP(  802): +++ gpsc_mgp_process_msg: Ephemeris Report Received. SV ID: 24 +++
I/NAVD.GPSC_TIMER_API(  802): +++ gpsc_os_timer_expired_res: Timer Expired:19, GPSC State:ACTIVE, Sequence:GET ASSISTANCE   +++
I/NAVD.GPSC_MGP(  802): +++ gpsc_mgp_process_msg: AI_REP_CLOCK +++
I/NAVD.GPSC_MGP(  802): C_TIMER_RXN_EPHE_VALID Timer expired: request for assistance
I/NAVD.GPSC_APP_API(  802): +++ gpsc_request_assistance: Assist Attempt [0] +++
I/NAVD.GPSC_APP_API(  802): +++ gpsc_request_assistance: GPS Time - Valid [1], Week [1895], MSec [89034250], Unc [0.000493] +++
I/NAVD.GPSC_MGP(  802): +++ recon_request_assistance: Sent Assistance Request [mask = 0xd] to Recon Status Pipe /data/gps/reconcontrol +++
I/NAVD.GPSC_APP_API(  802): +++ gpsc_request_assistance: Successfully requested Assistance from Assistance Provider(s). Request number [1] (maximum 1)  +++
I/NAVD.GPSC_APP_API(  802): C_TIMER_RXN_EPHE_VALID Timer started
I/RECON.GPS(  896): +++ GPSDriver::processAssistanceRequest: Assistance Request Received. Flags: [0xd] +++
D/ReconAGPS.Java(  896): +++ GPS Status callback. Status: [0x5], Extra: [0xd] +++
D/ReconAGPS.Java(  896): handleMessage(), msg.what : 2
I/RXN_IntApp(  889): Start gpsPrnBitMask: -1, gloSlotBitMask 0
I/RXN_IntApp(  889): EE/BCE callback 0
I/RXN_IntApp(  889): 1, 3, 5, 6, 7, 8, 9, 10, 11, 12, 13, 14, 15, 16, 17, 18, 19, 20, 21, 22, 23, 24, 26, 27, 28, 29, 30, 31, 
I/RXN_IntApp(  889): Finished: 0
I/NAVD.GPSC_APP_API(  802): +++ gpsc_app_assist_inject_req: Assistance set is complete, start the injection +++
I/NAVD.GPSC_STATE(  802): +++ StateGpscActive: State [ACTIVE], Event: [ASSIST_INJECT ] +++
I/NAVD.GPSC_APP_API(  802): +++ gpsc_app_assist_inject_req: Assistance set is complete, start the injection +++
I/NAVD.GPSC_STATE(  802): +++ StateGpscActive: State [ACTIVE], Event: [ASSIST_INJECT ] +++
I/NAVD.GPSC_MGP(  802): +++ gpsc_mgp_process_msg: AI_REP_SV_DIR +++
I/NAVD.GPSC_MGP(  802): +++ gpsc_mgp_process_msg: AI_REP_CLOCK +++
I/NAVD.GPSC_APP_API(  802): +++ gpsc_get_min_toe_diff: good_eph_count 12, toe_min 261 +++
I/NAVD.GPSC_SESS(  802): +++ gpsc_get_assistance_from_network: Requesting Assistance (toe_diff = 261) +++
I/NAVD.GPSC_APP_API(  802): +++ gpsc_request_assistance: Exceeded maximum number of Assistance Attempts (1). Assist Request (1) will not be sent +++
E/NAVD.GPSC_SESS(  802): +++ gpsc_get_assistance_from_network: Assistance Request Failure +++
I/NAVD.GPSC_MGP(  802): +++ gpsc_mgp_process_msg: AI_REP_SV_DIR +++
I/NAVD.GPSC_MGP(  802): +++ gpsc_mgp_process_msg: AI_REP_CLOCK +++
I/NAVD.GPSC_MGP(  802): +++ gpsc_mgp_process_msg: Ephemeris Report Received. SV ID: 24 +++
D/skia    (22585): SkGraphics::Init() - BLTsville (CPU) dlopen success
D/AndroidRuntime(22585): 
D/AndroidRuntime(22585): >>>>>> AndroidRuntime START com.android.internal.os.RuntimeInit <<<<<<
D/AndroidRuntime(22585): CheckJNI is OFF
D/dalvikvm(22585): Trying to load lib libjavacore.so 0x0
