D/dalvikvm(22585): Added shared lib libjavacore.so 0x0
D/dalvikvm(22585): Trying to load lib libnativehelper.so 0x0
D/dalvikvm(22585): Added shared lib libnativehelper.so 0x0
D/AndroidRuntime(22585): Calling main entry com.android.commands.pm.Pm
W/PackageManager(  295): Package named 'org.test.hud_test_total' doesn't exist.
D/AndroidRuntime(22585): Shutting down VM
D/skia    (22585): SkGraphics::Term() dlclose() BLTsville (CPU) 
D/skia    (22598): SkGraphics::Init() - BLTsville (CPU) dlopen success
D/AndroidRuntime(22598): 
D/AndroidRuntime(22598): >>>>>> AndroidRuntime START com.android.internal.os.RuntimeInit <<<<<<
D/AndroidRuntime(22598): CheckJNI is OFF
D/dalvikvm(22598): Trying to load lib libjavacore.so 0x0
D/dalvikvm(22598): Added shared lib libjavacore.so 0x0
D/dalvikvm(22598): Trying to load lib libnativehelper.so 0x0
D/dalvikvm(22598): Added shared lib libnativehelper.so 0x0
D/AndroidRuntime(22598): Calling main entry com.android.commands.pm.Pm
D/AndroidRuntime(22598): Shutting down VM
D/skia    (22598): SkGraphics::Term() dlclose() BLTsville (CPU) 
D/skia    (22611): SkGraphics::Init() - BLTsville (CPU) dlopen success
D/AndroidRuntime(22611): 
D/AndroidRuntime(22611): >>>>>> AndroidRuntime START com.android.internal.os.RuntimeInit <<<<<<
D/AndroidRuntime(22611): CheckJNI is OFF
D/dalvikvm(22611): Trying to load lib libjavacore.so 0x0
D/dalvikvm(22611): Added shared lib libjavacore.so 0x0
D/dalvikvm(22611): Trying to load lib libnativehelper.so 0x0
D/dalvikvm(22611): Added shared lib libnativehelper.so 0x0
D/AndroidRuntime(22611): Calling main entry com.android.commands.pm.Pm
I/PackageManager(  295): Removing non-system package:org.test.hud_total_test
I/ActivityManager(  295): Force stopping package org.test.hud_total_test uid=10006
I/ActivityManager(  295): Force stopping package org.test.hud_total_test uid=10006
I/InputReader(  295): Reconfiguring input devices.  changes=0x00000010
D/AppAddDetect(  651): ++++++++ Package add/remove +++++++++++
D/VoicemailCleanupService( 6941): Cleaning up data for package: org.test.hud_total_test
W/InputMethodManagerService(  295): Found no subtypes in a system IME: com.reconinstruments.offsetkeyboard
W/Searchables(  295): No global search activity found
W/dalvikvm( 6941): threadid=13: thread exiting with uncaught exception (group=0x40e28300)
D/PackageManager(  295): generateServicesMap(android.accounts.AccountAuthenticator): 0 services unchanged
D/PackageManager(  295): generateServicesMap(android.content.SyncAdapter): 0 services unchanged
D/BackupManagerService(  295): Received broadcast Intent { act=android.intent.action.PACKAGE_REMOVED dat=package:org.test.hud_total_test flg=0x8000010 (has extras) }
V/BackupManagerService(  295): removePackageParticipantsLocked: uid=10006 #1
E/AndroidRuntime( 6941): FATAL EXCEPTION: IntentService[VoicemailCleanupService]
E/AndroidRuntime( 6941): java.lang.SecurityException: The caller must have permission: com.android.voicemail.permission.ADD_VOICEMAIL
E/AndroidRuntime( 6941): 	at com.android.providers.contacts.VoicemailPermissions.checkCallerHasOwnVoicemailAccess(VoicemailPermissions.java:52)
E/AndroidRuntime( 6941): 	at com.android.providers.contacts.VoicemailContentProvider.checkPermissionsAndCreateUriData(VoicemailContentProvider.java:299)
E/AndroidRuntime( 6941): 	at com.android.providers.contacts.VoicemailContentProvider.delete(VoicemailContentProvider.java:127)
E/AndroidRuntime( 6941): 	at android.content.ContentProvider$Transport.delete(ContentProvider.java:228)
E/AndroidRuntime( 6941): 	at android.content.ContentResolver.delete(ContentResolver.java:956)
E/AndroidRuntime( 6941): 	at com.android.providers.contacts.VoicemailCleanupService.handleIntentInternal(VoicemailCleanupService.java:51)
E/AndroidRuntime( 6941): 	at com.android.providers.contacts.VoicemailCleanupService.onHandleIntent(VoicemailCleanupService.java:40)
E/AndroidRuntime( 6941): 	at android.app.IntentService$ServiceHandler.handleMessage(IntentService.java:65)
E/AndroidRuntime( 6941): 	at android.os.Handler.dispatchMessage(Handler.java:99)
E/AndroidRuntime( 6941): 	at android.os.Looper.loop(Looper.java:137)
E/AndroidRuntime( 6941): 	at android.os.HandlerThread.run(HandlerThread.java:60)
I/Process ( 6941): Sending signal. PID: 6941 SIG: 9
I/ActivityManager(  295): Process android.process.acore (pid 6941) has died.
W/ActivityManager(  295): Scheduling restart of crashed service com.android.providers.contacts/.VoicemailCleanupService in 5000ms
D/AndroidRuntime(22611): Shutting down VM
D/InstallerFileObserver(  631): File changed: installed_packages.xml
D/RifInstaller(  631): No rif files found
V/ReconPackageRecorder(  631): Wrote package list to /storage/sdcard0/ReconApps/Installer/installed_packages.xml.
D/UpdatePackageListReceiver(  631): Package is updated
D/skia    (22611): SkGraphics::Term() dlclose() BLTsville (CPU) 
D/skia    (22630): SkGraphics::Init() - BLTsville (CPU) dlopen success
D/AndroidRuntime(22630): 
D/AndroidRuntime(22630): >>>>>> AndroidRuntime START com.android.internal.os.RuntimeInit <<<<<<
D/AndroidRuntime(22630): CheckJNI is OFF
D/dalvikvm(22630): Trying to load lib libjavacore.so 0x0
D/dalvikvm(22630): Added shared lib libjavacore.so 0x0
D/dalvikvm(22630): Trying to load lib libnativehelper.so 0x0
D/dalvikvm(22630): Added shared lib libnativehelper.so 0x0
D/AndroidRuntime(22630): Calling main entry com.android.commands.pm.Pm
W/ActivityManager(  295): No content provider found for permission revoke: file:///data/local/tmp/HUDTotalTest-0.1-debug.apk
W/ActivityManager(  295): No content provider found for permission revoke: file:///data/local/tmp/HUDTotalTest-0.1-debug.apk
D/AndroidLocationListener(  568): Time Mismatch by 3175, use location time, LocationTime : 1462149891000 , SystemTime : 1462149894175
D/AndroidLocationListener(  568): Time Mismatch by 1964, use location time, LocationTime : 1462149893000 , SystemTime : 1462149891036
D/SystemClock(  568): Setting time of day to sec=1462149893
I/BT Audio Gateway(  774): select thread timed out, but 1215ms of waiting remain.
I/PackageManager(  295): Running dexopt on: org.test.hud_total_test
D/dalvikvm(22641): DexOpt: load 17ms, verify+opt 104ms, 568932 bytes
D/AndroidLocationListener(  568): Time Mismatch by 1283, use location time, LocationTime : 1462149895000 , SystemTime : 1462149893717
D/SystemClock(  568): Setting time of day to sec=1462149895
D/SystemClock(  568): Setting time of day to sec=1462149891
I/ActivityManager(  295): Force stopping package org.test.hud_total_test uid=10006
D/AndroidLocationListener(  568): Time Mismatch by 1429, use location time, LocationTime : 1462149896000 , SystemTime : 1462149897429
I/BT Audio Gateway(  774): select thread timed out, but 1429ms of waiting remain.
D/AndroidLocationListener(  568): Time Mismatch by 1403, use location time, LocationTime : 1462149898000 , SystemTime : 1462149896597
D/SystemClock(  568): Setting time of day to sec=1462149898
D/SystemClock(  568): Setting time of day to sec=1462149896
D/PackageManager(  295): New package installed in /data/app/org.test.hud_total_test-1.apk
D/AppAddDetect(  651): ++++++++ Package add/remove +++++++++++
D/PackageManager(  295): generateServicesMap(android.accounts.AccountAuthenticator): 0 services unchanged
D/PackageManager(  295): generateServicesMap(android.content.SyncAdapter): 0 services unchanged
D/BackupManagerService(  295): Received broadcast Intent { act=android.intent.action.PACKAGE_ADDED dat=package:org.test.hud_total_test flg=0x8000010 (has extras) }
I/InputReader(  295): Reconfiguring input devices.  changes=0x00000010
V/BackupManagerService(  295): addPackageParticipantsLocked: #1
W/InputMethodManagerService(  295): Found no subtypes in a system IME: com.reconinstruments.offsetkeyboard
W/RecognitionManagerService(  295): no available voice recognition services found
W/Searchables(  295): No global search activity found
I/ActivityManager(  295): Start proc android.process.acore for broadcast com.android.providers.contacts/.PackageIntentReceiver: pid=22642 uid=10000 gids={3003, 1028}
I/ActivityThread(22642): Pub com.android.voicemail: com.android.providers.contacts.VoicemailContentProvider
I/ActivityThread(22642): Pub applications: com.android.providers.applications.ApplicationsProvider
D/AndroidRuntime(22630): Shutting down VM
I/AndroidRuntime(22630): NOTE: attach of thread 'Binder_3' failed
I/ActivityThread(22642): Pub contacts;com.android.contacts: com.android.providers.contacts.ContactsProvider2
D/skia    (22630): SkGraphics::Term() dlclose() BLTsville (CPU) 
I/ActivityThread(22642): Pub call_log: com.android.providers.contacts.CallLogProvider
I/ActivityThread(22642): Pub user_dictionary: com.android.providers.userdictionary.UserDictionaryProvider
W/ProcessStats(  295): Skipping unknown process pid 22659
W/ProcessStats(  295): Skipping unknown process pid 22661
D/InstallerFileObserver(  631): File changed: installed_packages.xml
D/RifInstaller(  631): No rif files found
V/ReconPackageRecorder(  631): Wrote package list to /storage/sdcard0/ReconApps/Installer/installed_packages.xml.
D/UpdatePackageListReceiver(  631): Package is updated
D/AndroidLocationListener(  568): Time Mismatch by 1976, use location time, LocationTime : 1462149903000 , SystemTime : 1462149901024
D/SystemClock(  568): Setting time of day to sec=1462149903
D/AndroidLocationListener(  568): Time Mismatch by 1835, use location time, LocationTime : 1462149905000 , SystemTime : 1462149903165
D/SystemClock(  568): Setting time of day to sec=1462149905
D/AndroidLocationListener(  568): Time Mismatch by 3785, use location time, LocationTime : 1462149901000 , SystemTime : 1462149904785
D/SystemClock(  568): Setting time of day to sec=1462149901
D/skia    (22668): SkGraphics::Init() - BLTsville (CPU) dlopen success
D/AndroidRuntime(22668): 
D/AndroidRuntime(22668): >>>>>> AndroidRuntime START com.android.internal.os.RuntimeInit <<<<<<
D/AndroidRuntime(22668): CheckJNI is OFF
D/dalvikvm(22668): Trying to load lib libjavacore.so 0x0
D/dalvikvm(22668): Added shared lib libjavacore.so 0x0
D/dalvikvm(22668): Trying to load lib libnativehelper.so 0x0
D/dalvikvm(22668): Added shared lib libnativehelper.so 0x0
D/AndroidRuntime(22668): Calling main entry com.android.commands.input.Input
I/Input   (22668): InjectKeyEvent: KeyEvent { action=ACTION_DOWN, keyCode=KEYCODE_DPAD_RIGHT, scanCode=0, metaState=0, flags=0x0, repeatCount=0, eventTime=24932977, downTime=24932977, deviceId=-1, source=0x101 }
I/Input   (22668): InjectKeyEvent: KeyEvent { action=ACTION_UP, keyCode=KEYCODE_DPAD_RIGHT, scanCode=0, metaState=0, flags=0x0, repeatCount=0, eventTime=24932977, downTime=24932977, deviceId=-1, source=0x101 }
D/AndroidRuntime(22668): Shutting down VM
D/skia    (22668): SkGraphics::Term() dlclose() BLTsville (CPU) 
D/skia    (22684): SkGraphics::Init() - BLTsville (CPU) dlopen success
D/AndroidRuntime(22684): 
D/AndroidRuntime(22684): >>>>>> AndroidRuntime START com.android.internal.os.RuntimeInit <<<<<<
D/AndroidRuntime(22684): CheckJNI is OFF
D/dalvikvm(22684): Trying to load lib libjavacore.so 0x0
D/dalvikvm(22684): Added shared lib libjavacore.so 0x0
D/dalvikvm(22684): Trying to load lib libnativehelper.so 0x0
D/dalvikvm(22684): Added shared lib libnativehelper.so 0x0
D/AndroidRuntime(22684): Calling main entry com.android.commands.input.Input
I/Input   (22684): InjectKeyEvent: KeyEvent { action=ACTION_DOWN, keyCode=KEYCODE_DPAD_RIGHT, scanCode=0, metaState=0, flags=0x0, repeatCount=0, eventTime=24935110, downTime=24935110, deviceId=-1, source=0x101 }
I/Input   (22684): InjectKeyEvent: KeyEvent { action=ACTION_UP, keyCode=KEYCODE_DPAD_RIGHT, scanCode=0, metaState=0, flags=0x0, repeatCount=0, eventTime=24935110, downTime=24935110, deviceId=-1, source=0x101 }
D/AndroidRuntime(22684): Shutting down VM
I/AndroidRuntime(22684): NOTE: attach of thread 'Binder_3' failed
D/skia    (22684): SkGraphics::Term() dlclose() BLTsville (CPU) 
D/skia    (22698): SkGraphics::Init() - BLTsville (CPU) dlopen success
D/AndroidRuntime(22698): 
D/AndroidRuntime(22698): >>>>>> AndroidRuntime START com.android.internal.os.RuntimeInit <<<<<<
D/AndroidRuntime(22698): CheckJNI is OFF
D/dalvikvm(22698): Trying to load lib libjavacore.so 0x0
D/dalvikvm(22698): Added shared lib libjavacore.so 0x0
D/dalvikvm(22698): Trying to load lib libnativehelper.so 0x0
D/dalvikvm(22698): Added shared lib libnativehelper.so 0x0
D/AndroidRuntime(22698): Calling main entry com.android.commands.input.Input
I/Input   (22698): InjectKeyEvent: KeyEvent { action=ACTION_DOWN, keyCode=KEYCODE_DPAD_CENTER, scanCode=0, metaState=0, flags=0x0, repeatCount=0, eventTime=24937117, downTime=24937117, deviceId=-1, source=0x101 }
I/Input   (22698): InjectKeyEvent: KeyEvent { action=ACTION_UP, keyCode=KEYCODE_DPAD_CENTER, scanCode=0, metaState=0, flags=0x0, repeatCount=0, eventTime=24937117, downTime=24937117, deviceId=-1, source=0x101 }
I/ActivityManager(  295): START {act=android.intent.action.MAIN cat=[android.intent.category.LAUNCHER] flg=0x10200000 cmp=org.test.hud_total_test/org.renpy.android.PythonActivity u=0} from pid 651
D/AndroidRuntime(22698): Shutting down VM
I/AndroidRuntime(22698): NOTE: attach of thread 'Binder_3' failed
D/dalvikvm(22710): Late-enabling CheckJNI
I/ActivityManager(  295): Start proc org.test.hud_total_test:python for activity org.test.hud_total_test/org.renpy.android.PythonActivity: pid=22710 uid=10006 gids={1015, 3003, 1028}
W/ResourceType(22710): No package identifier when getting value for resource number 0x00000000
V/python  (22710): metadata fullscreen is1
I/SDLSurface(22710): Surface will NOT be transparent
V/Python  (22710): Extracting private assets.
I/dalvikvm-heap(22710): Grow heap (frag case) to 7.123MB for 1048592-byte allocation
I/python  (22710): extracting libpymodules.so
D/skia    (22698): SkGraphics::Term() dlclose() BLTsville (CPU) 
I/libEGL  (22710): Processor type: omap4430
I/libEGL  (22710): egl.cfg: entry POWERVR_SGX540_120 omap4430
I/libEGL  (22710): Picked EGL type 'POWERVR_SGX540_120' for processor 'omap4430'
D/libEGL  (22710): loaded /vendor/lib/egl/libEGL_POWERVR_SGX540_120.so
D/libEGL  (22710): loaded /vendor/lib/egl/libGLESv1_CM_POWERVR_SGX540_120.so
D/libEGL  (22710): loaded /vendor/lib/egl/libGLESv2_POWERVR_SGX540_120.so
D/OpenGLRenderer(22710): Enabling debug mode 0
I/SDLSurface(22710): Choose egl configuration
I/SDLSurface(22710): Try to use graphics config R8G8B8A8S8
W/SDLSurface(22710): Create egl surface
I/dalvikvm-heap(22710): Grow heap (frag case) to 7.664MB for 524304-byte allocation
I/ActivityManager(  295): Displayed org.test.hud_total_test/org.renpy.android.PythonActivity: +506ms
I/dalvikvm-heap(22710): Grow heap (frag case) to 8.164MB for 524304-byte allocation
I/python  (22710): presplash-fit is null
I/python  (22710): presplash (fit=null) mx=0.417969,my=0.234375
I/python  (22710): extracting lib/
I/python  (22710): extracting lib/python27.zip
I/python  (22710): extracting lib/python2.7/
I/python  (22710): extracting lib/python2.7/lib-dynload/
I/python  (22710): extracting lib/python2.7/lib-dynload/_io.so
I/python  (22710): extracting lib/python2.7/lib-dynload/_ctypes.so
I/python  (22710): extracting lib/python2.7/lib-dynload/syslog.so
I/python  (22710): extracting lib/python2.7/lib-dynload/future_builtins.so
I/python  (22710): extracting lib/python2.7/lib-dynload/unicodedata.so
I/python  (22710): extracting lib/python2.7/config/
I/python  (22710): extracting lib/python2.7/config/Setup.local
I/python  (22710): extracting lib/python2.7/config/Makefile
I/python  (22710): extracting lib/python2.7/config/config.c
I/python  (22710): extracting lib/python2.7/config/config.c.in
I/python  (22710): extracting lib/python2.7/config/Setup.config
I/python  (22710): extracting lib/python2.7/config/Setup
I/python  (22710): extracting lib/python2.7/config/install-sh
I/python  (22710): extracting lib/python2.7/site-packages/
I/python  (22710): extracting lib/python2.7/site-packages/README
I/python  (22710): extracting lib/python2.7/site-packages/jnius_config.pyo
I/python  (22710): extracting lib/python2.7/site-packages/six.pyo
I/python  (22710): extracting lib/python2.7/site-packages/kivy/
I/python  (22710): extracting lib/python2.7/site-packages/kivy/multistroke.pyo
I/python  (22710): extracting lib/python2.7/site-packages/kivy/weakproxy.so
I/python  (22710): extracting lib/python2.7/site-packages/kivy/properties.pxd
I/python  (22710): extracting lib/python2.7/site-packages/kivy/_event.so
I/python  (22710): extracting lib/python2.7/site-packages/kivy/lang.pyo
I/python  (22710): extracting lib/python2.7/site-packages/kivy/cache.pyo
I/python  (22710): extracting lib/python2.7/site-packages/kivy/setupconfig.pyo
I/python  (22710): extracting lib/python2.7/site-packages/kivy/properties.so
I/python  (22710): extracting lib/python2.7/site-packages/kivy/app.pyo
I/python  (22710): extracting lib/python2.7/site-packages/kivy/__init__.pyo
I/python  (22710): extracting lib/python2.7/site-packages/kivy/clock.pyo
I/python  (22710): extracting lib/python2.7/site-packages/kivy/parser.pyo
I/python  (22710): extracting lib/python2.7/site-packages/kivy/animation.pyo
I/python  (22710): extracting lib/python2.7/site-packages/kivy/config.pyo
I/python  (22710): extracting lib/python2.7/site-packages/kivy/atlas.pyo
I/python  (22710): extracting lib/python2.7/site-packages/kivy/utils.pyo
I/python  (22710): extracting lib/python2.7/site-packages/kivy/event.pyo
I/python  (22710): extracting lib/python2.7/site-packages/kivy/factory_registers.pyo
I/python  (22710): extracting lib/python2.7/site-packages/kivy/support.pyo
I/python  (22710): extracting lib/python2.7/site-packages/kivy/context.pyo
I/python  (22710): extracting lib/python2.7/site-packages/kivy/vector.pyo
I/python  (22710): extracting lib/python2.7/site-packages/kivy/weakmethod.pyo
I/python  (22710): extracting lib/python2.7/site-packages/kivy/_event.pxd
I/python  (22710): extracting lib/python2.7/site-packages/kivy/gesture.pyo
I/python  (22710): extracting lib/python2.7/site-packages/kivy/loader.pyo
I/python  (22710): extracting lib/python2.7/site-packages/kivy/metrics.pyo
I/python  (22710): extracting lib/python2.7/site-packages/kivy/resources.pyo
I/python  (22710): extracting lib/python2.7/site-packages/kivy/factory.pyo
I/python  (22710): extracting lib/python2.7/site-packages/kivy/logger.pyo
I/python  (22710): extracting lib/python2.7/site-packages/kivy/interactive.pyo
I/python  (22710): extracting lib/python2.7/site-packages/kivy/compat.pyo
I/python  (22710): extracting lib/python2.7/site-packages/kivy/base.pyo
I/python  (22710): extracting lib/python2.7/site-packages/kivy/geometry.pyo
I/python  (22710): extracting lib/python2.7/site-packages/kivy/storage/
I/python  (22710): extracting lib/python2.7/site-packages/kivy/storage/redisstore.pyo
I/python  (22710): extracting lib/python2.7/site-packages/kivy/storage/__init__.pyo
I/python  (22710): extracting lib/python2.7/site-packages/kivy/storage/jsonstore.pyo
I/python  (22710): extracting lib/python2.7/site-packages/kivy/storage/dictstore.pyo
I/python  (22710): extracting lib/python2.7/site-packages/kivy/tests/
I/python  (22710): extracting lib/python2.7/site-packages/kivy/tests/test_vector.pyo
I/python  (22710): extracting lib/python2.7/site-packages/kivy/tests/test_uix_layout.pyo
I/python  (22710): extracting lib/python2.7/site-packages/kivy/tests/test_filechooser_unicode.pyo
I/python  (22710): extracting lib/python2.7/site-packages/kivy/tests/test_uix_stacklayout.pyo
I/python  (22710): extracting lib/python2.7/site-packages/kivy/tests/unicode_files.zip
I/python  (22710): extracting lib/python2.7/site-packages/kivy/tests/test_button.png
I/python  (22710): extracting lib/python2.7/site-packages/kivy/tests/test_invalid_lang.pyo
I/python  (22710): extracting lib/python2.7/site-packages/kivy/tests/__init__.pyo
I/python  (22710): extracting lib/python2.7/site-packages/kivy/tests/test_issue_1091.pyo
I/python  (22710): extracting lib/python2.7/site-packages/kivy/tests/test_utils.pyo
I/python  (22710): extracting lib/python2.7/site-packages/kivy/tests/test_selection.pyo
I/python  (22710): extracting lib/python2.7/site-packages/kivy/tests/sample1.ogg
I/python  (22710): extracting lib/python2.7/site-packages/kivy/tests/testkv.kv
I/python  (22710): extracting lib/python2.7/site-packages/kivy/tests/test_video.pyo
I/python  (22710): extracting lib/python2.7/site-packages/kivy/tests/test_adapters.pyo
I/python  (22710): extracting lib/python2.7/site-packages/kivy/tests/test_uix_relativelayout.pyo
I/python  (22710): extracting lib/python2.7/site-packages/kivy/tests/test_graphics.pyo
I/python  (22710): extracting lib/python2.7/site-packages/kivy/tests/test_fonts.pyo
I/python  (22710): extracting lib/python2.7/site-packages/kivy/tests/test_issue_599.pyo
I/python  (22710): extracting lib/python2.7/site-packages/kivy/tests/test_knspace.pyo
I/python  (22710): extracting lib/python2.7/site-packages/kivy/tests/test_widget.pyo
I/python  (22710): extracting lib/python2.7/site-packages/kivy/tests/test_uix_widget.pyo
I/python  (22710): extracting lib/python2.7/site-packages/kivy/tests/test_uix_anchorlayout.pyo
I/python  (22710): extracting lib/python2.7/site-packages/kivy/tests/test_lang.pyo
I/python  (22710): extracting lib/python2.7/site-packages/kivy/tests/test_issue_609.pyo
I/python  (22710): extracting lib/python2.7/site-packages/kivy/tests/test_filechooser.pyo
I/python  (22710): extracting lib/python2.7/site-packages/kivy/tests/test_animations.pyo
I/python  (22710): extracting lib/python2.7/site-packages/kivy/tests/test_image.pyo
I/python  (22710): extracting lib/python2.7/site-packages/kivy/tests/perf_test_textinput.pyo
I/python  (22710): extracting lib/python2.7/site-packages/kivy/tests/test_storage.pyo
I/python  (22710): extracting lib/python2.7/site-packages/kivy/tests/test_multistroke.pyo
I/python  (22710): extracting lib/python2.7/site-packages/kivy/tests/test_issue_1084.pyo
I/python  (22710): extracting lib/python2.7/site-packages/kivy/tests/test_uix_boxlayout.pyo
I/python  (22710): extracting lib/python2.7/site-packages/kivy/tests/test_clock.pyo
I/python  (22710): extracting lib/python2.7/site-packages/kivy/tests/visual_test_label.pyo
I/python  (22710): extracting lib/python2.7/site-packages/kivy/tests/test_app.pyo
I/python  (22710): extracting lib/python2.7/site-packages/kivy/tests/test_widget_walk.pyo
I/python  (22710): extracting lib/python2.7/site-packages/kivy/tests/test_lang_complex.pyo
I/python  (22710): extracting lib/python2.7/site-packages/kivy/tests/test_audio.pyo
I/python  (22710): extracting lib/python2.7/site-packages/kivy/tests/common.pyo
I/python  (22710): extracting lib/python2.7/site-packages/kivy/tests/test_issue_883.pyo
I/python  (22710): extracting lib/python2.7/site-packages/kivy/tests/test_clipboard.pyo
I/python  (22710): extracting lib/python2.7/site-packages/kivy/tests/test_properties.pyo
I/python  (22710): extracting lib/python2.7/site-packages/kivy/tests/unicode_font.zip
I/python  (22710): extracting lib/python2.7/site-packages/kivy/tests/test_urlrequest.pyo
I/python  (22710): extracting lib/python2.7/site-packages/kivy/tests/test_uix_listview.pyo
I/python  (22710): extracting lib/python2.7/site-packages/kivy/tests/test_doc_gallery.pyo
I/python  (22710): extracting lib/python2.7/site-packages/kivy/tests/test_uix_gridlayout.pyo
I/python  (22710): extracting lib/python2.7/site-packages/kivy/deps/
I/python  (22710): extracting lib/python2.7/site-packages/kivy/deps/__init__.pyo
I/python  (22710): extracting lib/python2.7/site-packages/kivy/graphics/
I/python  (22710): extracting lib/python2.7/site-packages/kivy/graphics/vertex.so
I/python  (22710): extracting lib/python2.7/site-packages/kivy/graphics/tesselator.so
I/python  (22710): extracting lib/python2.7/site-packages/kivy/graphics/vertex_instructions.pxd
I/python  (22710): extracting lib/python2.7/site-packages/kivy/graphics/context_instructions.so
I/python  (22710): extracting lib/python2.7/site-packages/kivy/graphics/config.h
I/python  (22710): extracting lib/python2.7/site-packages/kivy/graphics/khrplatform.h
I/python  (22710): extracting lib/python2.7/site-packages/kivy/graphics/stencil_instructions.so
I/python  (22710): extracting lib/python2.7/site-packages/kivy/graphics/instructions.so
I/python  (22710): extracting lib/python2.7/site-packages/kivy/graphics/vbo.so
I/python  (22710): extracting lib/python2.7/site-packages/kivy/graphics/__init__.pyo
I/python  (22710): extracting lib/python2.7/site-packages/kivy/graphics/vertex.pxd
I/python  (22710): extracting lib/python2.7/site-packages/kivy/graphics/shader.pxd
I/python  (22710): extracting lib/python2.7/site-packages/kivy/graphics/opengl_utils.so
I/python  (22710): extracting lib/python2.7/site-packages/kivy/graphics/shader.so
I/python  (22710): extracting lib/python2.7/site-packages/kivy/graphics/tesselator.pxd
I/python  (22710): extracting lib/python2.7/site-packages/kivy/graphics/c_opengl_debug.so
I/python  (22710): extracting lib/python2.7/site-packages/kivy/graphics/vertex_instructions.so
I/python  (22710): extracting lib/python2.7/site-packages/kivy/graphics/transformation.pxd
I/python  (22710): extracting lib/python2.7/site-packages/kivy/graphics/c_opengl_debug.pxd
I/python  (22710): extracting lib/python2.7/site-packages/kivy/graphics/vbo.pxd
I/python  (22710): extracting lib/python2.7/site-packages/kivy/graphics/buffer.so
I/python  (22710): extracting lib/python2.7/site-packages/kivy/graphics/texture.so
I/python  (22710): extracting lib/python2.7/site-packages/kivy/graphics/instructions.pxd
I/python  (22710): extracting lib/python2.7/site-packages/kivy/graphics/context_instructions.pxd
I/python  (22710): extracting lib/python2.7/site-packages/kivy/graphics/opengl.so
I/python  (22710): extracting lib/python2.7/site-packages/kivy/graphics/config.pxi
I/python  (22710): extracting lib/python2.7/site-packages/kivy/graphics/gl2platform.h
I/python  (22710): extracting lib/python2.7/site-packages/kivy/graphics/compiler.so
I/python  (22710): extracting lib/python2.7/site-packages/kivy/graphics/c_opengl.pxd
I/python  (22710): extracting lib/python2.7/site-packages/kivy/graphics/svg.so
I/python  (22710): extracting lib/python2.7/site-packages/kivy/graphics/svg.pxd
I/python  (22710): extracting lib/python2.7/site-packages/kivy/graphics/fbo.pxd
I/python  (22710): extracting lib/python2.7/site-packages/kivy/graphics/gl_redirect.h
I/python  (22710): extracting lib/python2.7/site-packages/kivy/graphics/gl_debug_logger.pxi
I/python  (22710): extracting lib/python2.7/site-packages/kivy/graphics/compiler.pxd
I/python  (22710): extracting lib/python2.7/site-packages/kivy/graphics/texture.pxd
I/python  (22710): extracting lib/python2.7/site-packages/kivy/graphics/opengl_utils_def.pxi
I/python  (22710): extracting lib/python2.7/site-packages/kivy/graphics/context.so
I/python  (22710): extracting lib/python2.7/site-packages/kivy/graphics/stencil_instructions.pxd
I/python  (22710): extracting lib/python2.7/site-packages/kivy/graphics/opengl_utils.pxd
I/python  (22710): extracting lib/python2.7/site-packages/kivy/graphics/transformation.so
I/python  (22710): extracting lib/python2.7/site-packages/kivy/graphics/fbo.so
I/python  (22710): extracting lib/python2.7/site-packages/kivy/graphics/img_tools.pxi
I/python  (22710): extracting lib/python2.7/site-packages/kivy/graphics/context.pxd
I/python  (22710): extracting lib/python2.7/site-packages/kivy/graphics/opcodes.pxi
I/python  (22710): extracting lib/python2.7/site-packages/kivy/graphics/scissor_instructions.so
I/python  (22710): extracting lib/python2.7/site-packages/kivy/graphics/common_subset.h
I/python  (22710): extracting lib/python2.7/site-packages/kivy/graphics/buffer.pxd
I/python  (22710): extracting lib/python2.7/site-packages/kivy/graphics/vertex_instructions_line.pxi
I/python  (22710): extracting lib/python2.7/site-packages/kivy/graphics/gl_instructions.so
I/python  (22710): extracting lib/python2.7/site-packages/kivy/graphics/common.pxi
I/python  (22710): extracting lib/python2.7/site-packages/kivy/network/
I/python  (22710): extracting lib/python2.7/site-packages/kivy/network/__init__.pyo
I/python  (22710): extracting lib/python2.7/site-packages/kivy/network/urlrequest.pyo
I/python  (22710): extracting lib/python2.7/site-packages/kivy/effects/
I/python  (22710): extracting lib/python2.7/site-packages/kivy/effects/opacityscroll.pyo
I/python  (22710): extracting lib/python2.7/site-packages/kivy/effects/kinetic.pyo
I/python  (22710): extracting lib/python2.7/site-packages/kivy/effects/__init__.pyo
I/python  (22710): extracting lib/python2.7/site-packages/kivy/effects/dampedscroll.pyo
I/python  (22710): extracting lib/python2.7/site-packages/kivy/effects/scroll.pyo
I/python  (22710): extracting lib/python2.7/site-packages/kivy/lib/
I/python  (22710): extracting lib/python2.7/site-packages/kivy/lib/ddsfile.pyo
I/python  (22710): extracting lib/python2.7/site-packages/kivy/lib/__init__.pyo
I/python  (22710): extracting lib/python2.7/site-packages/kivy/lib/mtdev.pyo
I/python  (22710): extracting lib/python2.7/site-packages/kivy/lib/gstplayer/
I/python  (22710): extracting lib/python2.7/site-packages/kivy/lib/gstplayer/__init__.pyo
I/python  (22710): extracting lib/python2.7/site-packages/kivy/lib/osc/
I/python  (22710): extracting lib/python2.7/site-packages/kivy/lib/osc/__init__.pyo
I/python  (22710): extracting lib/python2.7/site-packages/kivy/lib/osc/oscAPI.pyo
I/python  (22710): extracting lib/python2.7/site-packages/kivy/lib/osc/OSC.pyo
I/python  (22710): extracting lib/python2.7/site-packages/kivy/lib/vidcore_lite/
I/python  (22710): extracting lib/python2.7/site-packages/kivy/lib/vidcore_lite/__init__.pyo
I/python  (22710): extracting lib/python2.7/site-packages/kivy/lib/vidcore_lite/bcm.pxd
I/python  (22710): extracting lib/python2.7/site-packages/kivy/uix/
I/python  (22710): extracting lib/python2.7/site-packages/kivy/uix/bubble.pyo
I/python  (22710): extracting lib/python2.7/site-packages/kivy/uix/anchorlayout.pyo
I/python  (22710): extracting lib/python2.7/site-packages/kivy/uix/stencilview.pyo
I/python  (22710): extracting lib/python2.7/site-packages/kivy/uix/slider.pyo
I/python  (22710): extracting lib/python2.7/site-packages/kivy/uix/sandbox.pyo
I/python  (22710): extracting lib/python2.7/site-packages/kivy/uix/treeview.pyo
I/python  (22710): extracting lib/python2.7/site-packages/kivy/uix/selectableview.pyo
I/python  (22710): extracting lib/python2.7/site-packages/kivy/uix/label.pyo
I/python  (22710): extracting lib/python2.7/site-packages/kivy/uix/scrollview.pyo
I/python  (22710): extracting lib/python2.7/site-packages/kivy/uix/gesturesurface.pyo
I/python  (22710): extracting lib/python2.7/site-packages/kivy/uix/vkeyboard.pyo
I/python  (22710): extracting lib/python2.7/site-packages/kivy/uix/actionbar.pyo
I/python  (22710): extracting lib/python2.7/site-packages/kivy/uix/__init__.pyo
I/python  (22710): extracting lib/python2.7/site-packages/kivy/uix/rst.pyo
I/python  (22710): extracting lib/python2.7/site-packages/kivy/uix/popup.pyo
I/python  (22710): extracting lib/python2.7/site-packages/kivy/uix/screenmanager.pyo
I/python  (22710): extracting lib/python2.7/site-packages/kivy/uix/video.pyo
I/python  (22710): extracting lib/python2.7/site-packages/kivy/uix/scatterlayout.pyo
I/python  (22710): extracting lib/python2.7/site-packages/kivy/uix/relativelayout.pyo
I/python  (22710): extracting lib/python2.7/site-packages/kivy/uix/accordion.pyo
I/python  (22710): extracting lib/python2.7/site-packages/kivy/uix/boxlayout.pyo
I/python  (22710): extracting lib/python2.7/site-packages/kivy/uix/gridlayout.pyo
I/python  (22710): extracting lib/python2.7/site-packages/kivy/uix/stacklayout.pyo
I/python  (22710): extracting lib/python2.7/site-packages/kivy/uix/spinner.pyo
I/python  (22710): extracting lib/python2.7/site-packages/kivy/uix/camera.pyo
I/python  (22710): extracting lib/python2.7/site-packages/kivy/uix/togglebutton.pyo
I/python  (22710): extracting lib/python2.7/site-packages/kivy/uix/abstractview.pyo
I/python  (22710): extracting lib/python2.7/site-packages/kivy/uix/effectwidget.pyo
I/python  (22710): extracting lib/python2.7/site-packages/kivy/uix/settings.pyo
I/python  (22710): extracting lib/python2.7/site-packages/kivy/uix/listview.pyo
I/python  (22710): extracting lib/python2.7/site-packages/kivy/uix/button.pyo
I/python  (22710): extracting lib/python2.7/site-packages/kivy/uix/dropdown.pyo
I/python  (22710): extracting lib/python2.7/site-packages/kivy/uix/tabbedpanel.pyo
I/python  (22710): extracting lib/python2.7/site-packages/kivy/uix/splitter.pyo
I/python  (22710): extracting lib/python2.7/site-packages/kivy/uix/filechooser.pyo
I/python  (22710): extracting lib/python2.7/site-packages/kivy/uix/textinput.pyo
I/python  (22710): extracting lib/python2.7/site-packages/kivy/uix/floatlayout.pyo
I/python  (22710): extracting lib/python2.7/site-packages/kivy/uix/scatter.pyo
I/python  (22710): extracting lib/python2.7/site-packages/kivy/uix/layout.pyo
I/python  (22710): extracting lib/python2.7/site-packages/kivy/uix/image.pyo
I/python  (22710): extracting lib/python2.7/site-packages/kivy/uix/progressbar.pyo
I/python  (22710): extracting lib/python2.7/site-packages/kivy/uix/pagelayout.pyo
I/python  (22710): extracting lib/python2.7/site-packages/kivy/uix/modalview.pyo
I/python  (22710): extracting lib/python2.7/site-packages/kivy/uix/codeinput.pyo
I/python  (22710): extracting lib/python2.7/site-packages/kivy/uix/colorpicker.pyo
I/python  (22710): extracting lib/python2.7/site-packages/kivy/uix/videoplayer.pyo
I/python  (22710): extracting lib/python2.7/site-packages/kivy/uix/widget.pyo
I/python  (22710): extracting lib/python2.7/site-packages/kivy/uix/checkbox.pyo
I/python  (22710): extracting lib/python2.7/site-packages/kivy/uix/switch.pyo
I/python  (22710): extracting lib/python2.7/site-packages/kivy/uix/carousel.pyo
I/python  (22710): extracting lib/python2.7/site-packages/kivy/uix/behaviors/
I/python  (22710): extracting lib/python2.7/site-packages/kivy/uix/behaviors/knspace.pyo
I/python  (22710): extracting lib/python2.7/site-packages/kivy/uix/behaviors/focus.pyo
I/python  (22710): extracting lib/python2.7/site-packages/kivy/uix/behaviors/__init__.pyo
I/python  (22710): extracting lib/python2.7/site-packages/kivy/uix/behaviors/emacs.pyo
I/python  (22710): extracting lib/python2.7/site-packages/kivy/uix/behaviors/compoundselection.pyo
I/python  (22710): extracting lib/python2.7/site-packages/kivy/uix/behaviors/togglebutton.pyo
I/python  (22710): extracting lib/python2.7/site-packages/kivy/uix/behaviors/codenavigation.pyo
I/python  (22710): extracting lib/python2.7/site-packages/kivy/uix/behaviors/button.pyo
I/python  (22710): extracting lib/python2.7/site-packages/kivy/uix/behaviors/drag.pyo
I/python  (22710): extracting lib/python2.7/site-packages/kivy/extras/
I/python  (22710): extracting lib/python2.7/site-packages/kivy/extras/__init__.pyo
I/python  (22710): extracting lib/python2.7/site-packages/kivy/extras/highlight.pyo
I/python  (22710): extracting lib/python2.7/site-packages/kivy/garden/
I/python  (22710): extracting lib/python2.7/site-packages/kivy/garden/__init__.pyo
I/python  (22710): extracting lib/python2.7/site-packages/kivy/modules/
I/python  (22710): extracting lib/python2.7/site-packages/kivy/modules/monitor.pyo
I/python  (22710): extracting lib/python2.7/site-packages/kivy/modules/keybinding.pyo
I/python  (22710): extracting lib/python2.7/site-packages/kivy/modules/webdebugger.pyo
I/python  (22710): extracting lib/python2.7/site-packages/kivy/modules/__init__.pyo
I/python  (22710): extracting lib/python2.7/site-packages/kivy/modules/touchring.pyo
I/python  (22710): extracting lib/python2.7/site-packages/kivy/modules/inspector.pyo
I/python  (22710): extracting lib/python2.7/site-packages/kivy/modules/console.pyo
I/python  (22710): extracting lib/python2.7/site-packages/kivy/modules/_webdebugger.pyo
I/python  (22710): extracting lib/python2.7/site-packages/kivy/modules/screen.pyo
I/python  (22710): extracting lib/python2.7/site-packages/kivy/modules/recorder.pyo
I/python  (22710): extracting lib/python2.7/site-packages/kivy/core/
I/python  (22710): extracting lib/python2.7/site-packages/kivy/core/__init__.pyo
I/python  (22710): extracting lib/python2.7/site-packages/kivy/core/video/
I/python  (22710): extracting lib/python2.7/site-packages/kivy/core/video/video_ffpyplayer.pyo
I/python  (22710): extracting lib/python2.7/site-packages/kivy/core/video/video_gi.pyo
I/python  (22710): extracting lib/python2.7/site-packages/kivy/core/video/__init__.pyo
I/python  (22710): extracting lib/python2.7/site-packages/kivy/core/video/video_null.pyo
I/python  (22710): extracting lib/python2.7/site-packages/kivy/core/video/video_ffmpeg.pyo
I/python  (22710): extracting lib/python2.7/site-packages/kivy/core/video/video_pygst.pyo
I/python  (22710): extracting lib/python2.7/site-packages/kivy/core/video/video_gstplayer.pyo
I/python  (22710): extracting lib/python2.7/site-packages/kivy/core/image/
I/python  (22710): extracting lib/python2.7/site-packages/kivy/core/image/img_pil.pyo
I/python  (22710): extracting lib/python2.7/site-packages/kivy/core/image/__init__.pyo
I/python  (22710): extracting lib/python2.7/site-packages/kivy/core/image/img_gif.pyo
I/python  (22710): extracting lib/python2.7/site-packages/kivy/core/image/img_dds.pyo
I/python  (22710): extracting lib/python2.7/site-packages/kivy/core/image/img_ffpyplayer.pyo
I/python  (22710): extracting lib/python2.7/site-packages/kivy/core/image/img_sdl2.pyo
I/python  (22710): extracting lib/python2.7/site-packages/kivy/core/image/img_pygame.pyo
I/python  (22710): extracting lib/python2.7/site-packages/kivy/core/image/img_tex.pyo
I/python  (22710): extracting lib/python2.7/site-packages/kivy/core/window/
I/python  (22710): extracting lib/python2.7/site-packages/kivy/core/window/window_sdl2.pyo
I/python  (22710): extracting lib/python2.7/site-packages/kivy/core/window/__init__.pyo
I/python  (22710): extracting lib/python2.7/site-packages/kivy/core/window/window_pygame.pyo
I/python  (22710): extracting lib/python2.7/site-packages/kivy/core/window/window_egl_rpi.pyo
I/python  (22710): extracting lib/python2.7/site-packages/kivy/core/gl/
I/python  (22710): extracting lib/python2.7/site-packages/kivy/core/gl/__init__.pyo
I/python  (22710): extracting lib/python2.7/site-packages/kivy/core/spelling/
I/python  (22710): extracting lib/python2.7/site-packages/kivy/core/spelling/__init__.pyo
I/python  (22710): extracting lib/python2.7/site-packages/kivy/core/spelling/spelling_enchant.pyo
I/python  (22710): extracting lib/python2.7/site-packages/kivy/core/audio/
I/python  (22710): extracting lib/python2.7/site-packages/kivy/core/audio/__init__.pyo
I/python  (22710): extracting lib/python2.7/site-packages/kivy/core/audio/audio_avplayer.pyo
I/python  (22710): extracting lib/python2.7/site-packages/kivy/core/audio/audio_pygst.pyo
I/python  (22710): extracting lib/python2.7/site-packages/kivy/core/audio/audio_pygame.pyo
I/python  (22710): extracting lib/python2.7/site-packages/kivy/core/audio/audio_gstplayer.pyo
I/python  (22710): extracting lib/python2.7/site-packages/kivy/core/audio/audio_ffpyplayer.pyo
I/python  (22710): extracting lib/python2.7/site-packages/kivy/core/audio/audio_gi.pyo
I/python  (22710): extracting lib/python2.7/site-packages/kivy/core/camera/
I/python  (22710): extracting lib/python2.7/site-packages/kivy/core/camera/__init__.pyo
I/python  (22710): extracting lib/python2.7/site-packages/kivy/core/camera/camera_android.pyo
I/python  (22710): extracting lib/python2.7/site-packages/kivy/core/camera/camera_pygst.pyo
I/python  (22710): extracting lib/python2.7/site-packages/kivy/core/camera/camera_opencv.pyo
I/python  (22710): extracting lib/python2.7/site-packages/kivy/core/camera/camera_gi.pyo
I/python  (22710): extracting lib/python2.7/site-packages/kivy/core/clipboard/
D/AndroidLocationListener(  568): Time Mismatch by 4680, use location time, LocationTime : 1462149936000 , SystemTime : 1462149940680
I/python  (22710): extracting lib/python2.7/site-packages/kivy/core/clipboard/__init__.pyo
D/SystemClock(  568): Setting time of day to sec=1462149936
I/python  (22710): extracting lib/python2.7/site-packages/kivy/core/clipboard/clipboard_nspaste.pyo
I/python  (22710): extracting lib/python2.7/site-packages/kivy/core/clipboard/clipboard_gtk3.pyo
I/python  (22710): extracting lib/python2.7/site-packages/kivy/core/clipboard/clipboard_dbusklipper.pyo
I/python  (22710): extracting lib/python2.7/site-packages/kivy/core/clipboard/clipboard_sdl2.pyo
I/python  (22710): extracting lib/python2.7/site-packages/kivy/core/clipboard/clipboard_android.pyo
I/python  (22710): extracting lib/python2.7/site-packages/kivy/core/clipboard/clipboard_xclip.pyo
I/python  (22710): extracting lib/python2.7/site-packages/kivy/core/clipboard/clipboard_winctypes.pyo
I/python  (22710): extracting lib/python2.7/site-packages/kivy/core/clipboard/clipboard_xsel.pyo
I/python  (22710): extracting lib/python2.7/site-packages/kivy/core/clipboard/_clipboard_ext.pyo
I/python  (22710): extracting lib/python2.7/site-packages/kivy/core/clipboard/clipboard_pygame.pyo
I/python  (22710): extracting lib/python2.7/site-packages/kivy/core/clipboard/clipboard_dummy.pyo
I/python  (22710): extracting lib/python2.7/site-packages/kivy/core/text/
I/python  (22710): extracting lib/python2.7/site-packages/kivy/core/text/text_layout.pxd
I/python  (22710): extracting lib/python2.7/site-packages/kivy/core/text/__init__.pyo
I/python  (22710): extracting lib/python2.7/site-packages/kivy/core/text/text_layout.so
I/python  (22710): extracting lib/python2.7/site-packages/kivy/core/text/text_sdl2.pyo
I/python  (22710): extracting lib/python2.7/site-packages/kivy/core/text/text_pil.pyo
I/python  (22710): extracting lib/python2.7/site-packages/kivy/core/text/text_pygame.pyo
I/python  (22710): extracting lib/python2.7/site-packages/kivy/core/text/markup.pyo
I/python  (22710): extracting lib/python2.7/site-packages/kivy/data/
I/python  (22710): extracting lib/python2.7/site-packages/kivy/data/style.kv
I/python  (22710): extracting lib/python2.7/site-packages/kivy/data/settings_kivy.json
I/python  (22710): extracting lib/python2.7/site-packages/kivy/data/keyboards/
D/AndroidLocationListener(  568): Time Mismatch by 3820, use location time, LocationTime : 1462149940000 , SystemTime : 1462149936180
D/SystemClock(  568): Setting time of day to sec=1462149940
I/python  (22710): extracting lib/python2.7/site-packages/kivy/data/keyboards/azerty.json
I/python  (22710): extracting lib/python2.7/site-packages/kivy/data/keyboards/de_CH.json
I/python  (22710): extracting lib/python2.7/site-packages/kivy/data/keyboards/qwerty.json
I/python  (22710): extracting lib/python2.7/site-packages/kivy/data/keyboards/en_US.json
I/python  (22710): extracting lib/python2.7/site-packages/kivy/data/keyboards/fr_CH.json
I/python  (22710): extracting lib/python2.7/site-packages/kivy/data/keyboards/qwertz.json
I/python  (22710): extracting lib/python2.7/site-packages/kivy/data/glsl/
I/python  (22710): extracting lib/python2.7/site-packages/kivy/data/glsl/default.vs
I/python  (22710): extracting lib/python2.7/site-packages/kivy/data/glsl/default.png
I/python  (22710): extracting lib/python2.7/site-packages/kivy/data/glsl/header.vs
I/python  (22710): extracting lib/python2.7/site-packages/kivy/data/glsl/header.fs
I/python  (22710): extracting lib/python2.7/site-packages/kivy/data/glsl/default.fs
I/python  (22710): extracting lib/python2.7/site-packages/kivy/data/logo/
I/python  (22710): extracting lib/python2.7/site-packages/kivy/data/logo/kivy-icon-32.png
I/python  (22710): extracting lib/python2.7/site-packages/kivy/data/logo/kivy-icon-256.png
I/python  (22710): extracting lib/python2.7/site-packages/kivy/data/logo/kivy-icon-128.png
I/python  (22710): extracting lib/python2.7/site-packages/kivy/data/logo/kivy-icon-512.png
I/python  (22710): extracting lib/python2.7/site-packages/kivy/data/logo/kivy-icon-24.png
I/python  (22710): extracting lib/python2.7/site-packages/kivy/data/logo/kivy-icon-48.png
I/python  (22710): extracting lib/python2.7/site-packages/kivy/data/logo/kivy-icon-64.png
I/python  (22710): extracting lib/python2.7/site-packages/kivy/data/logo/kivy-icon-16.png
I/python  (22710): extracting lib/python2.7/site-packages/kivy/data/images/
I/python  (22710): extracting lib/python2.7/site-packages/kivy/data/images/background.jpg
I/python  (22710): extracting lib/python2.7/site-packages/kivy/data/images/defaulttheme.atlas
I/python  (22710): extracting lib/python2.7/site-packages/kivy/data/images/defaulttheme-0.png
I/python  (22710): extracting lib/python2.7/site-packages/kivy/data/images/image-loading.gif
I/python  (22710): extracting lib/python2.7/site-packages/kivy/data/images/testpattern.png
I/python  (22710): extracting lib/python2.7/site-packages/kivy/data/fonts/
I/python  (22710): extracting lib/python2.7/site-packages/kivy/data/fonts/RobotoMono-Regular.ttf
I/python  (22710): extracting lib/python2.7/site-packages/kivy/data/fonts/Roboto-Italic.ttf
I/python  (22710): extracting lib/python2.7/site-packages/kivy/data/fonts/Roboto-Regular.ttf
I/python  (22710): extracting lib/python2.7/site-packages/kivy/data/fonts/Roboto-Bold.ttf
I/python  (22710): extracting lib/python2.7/site-packages/kivy/data/fonts/DejaVuSans.ttf
I/BT Audio Gateway(  774): select thread timed out, but 863ms of waiting remain.
I/python  (22710): extracting lib/python2.7/site-packages/kivy/data/fonts/Roboto-BoldItalic.ttf
I/python  (22710): extracting lib/python2.7/site-packages/kivy/input/
I/python  (22710): extracting lib/python2.7/site-packages/kivy/input/shape.pyo
I/python  (22710): extracting lib/python2.7/site-packages/kivy/input/__init__.pyo
I/python  (22710): extracting lib/python2.7/site-packages/kivy/input/motionevent.pyo
I/python  (22710): extracting lib/python2.7/site-packages/kivy/input/provider.pyo
I/python  (22710): extracting lib/python2.7/site-packages/kivy/input/factory.pyo
I/python  (22710): extracting lib/python2.7/site-packages/kivy/input/recorder.pyo
I/python  (22710): extracting lib/python2.7/site-packages/kivy/input/providers/
I/python  (22710): extracting lib/python2.7/site-packages/kivy/input/providers/mouse.pyo
I/python  (22710): extracting lib/python2.7/site-packages/kivy/input/providers/linuxwacom.pyo
I/python  (22710): extracting lib/python2.7/site-packages/kivy/input/providers/__init__.pyo
I/python  (22710): extracting lib/python2.7/site-packages/kivy/input/providers/androidjoystick.pyo
I/python  (22710): extracting lib/python2.7/site-packages/kivy/input/providers/tuio.pyo
I/python  (22710): extracting lib/python2.7/site-packages/kivy/input/providers/leapfinger.pyo
I/python  (22710): extracting lib/python2.7/site-packages/kivy/input/postproc/
I/python  (22710): extracting lib/python2.7/site-packages/kivy/input/postproc/calibration.pyo
I/python  (22710): extracting lib/python2.7/site-packages/kivy/input/postproc/retaintouch.pyo
I/python  (22710): extracting lib/python2.7/site-packages/kivy/input/postproc/__init__.pyo
I/python  (22710): extracting lib/python2.7/site-packages/kivy/input/postproc/dejitter.pyo
I/python  (22710): extracting lib/python2.7/site-packages/kivy/input/postproc/ignorelist.pyo
I/python  (22710): extracting lib/python2.7/site-packages/kivy/input/postproc/doubletap.pyo
I/python  (22710): extracting lib/python2.7/site-packages/kivy/input/postproc/tripletap.pyo
I/python  (22710): extracting lib/python2.7/site-packages/kivy/adapters/
I/python  (22710): extracting lib/python2.7/site-packages/kivy/adapters/models.pyo
I/python  (22710): extracting lib/python2.7/site-packages/kivy/adapters/listadapter.pyo
I/python  (22710): extracting lib/python2.7/site-packages/kivy/adapters/__init__.pyo
I/python  (22710): extracting lib/python2.7/site-packages/kivy/adapters/adapter.pyo
I/python  (22710): extracting lib/python2.7/site-packages/kivy/adapters/simplelistadapter.pyo
I/python  (22710): extracting lib/python2.7/site-packages/kivy/adapters/dictadapter.pyo
I/python  (22710): extracting lib/python2.7/site-packages/kivy/adapters/args_converters.pyo
I/python  (22710): extracting lib/python2.7/site-packages/kivy/ext/
I/python  (22710): extracting lib/python2.7/site-packages/kivy/ext/__init__.pyo
I/python  (22710): extracting lib/python2.7/site-packages/android/
I/python  (22710): extracting lib/python2.7/site-packages/android/runnable.pyo
I/python  (22710): extracting lib/python2.7/site-packages/android/__init__.pyo
I/python  (22710): extracting lib/python2.7/site-packages/android/broadcast.pyo
I/python  (22710): extracting lib/python2.7/site-packages/android/billing.pyo
I/python  (22710): extracting lib/python2.7/site-packages/android/activity.pyo
I/python  (22710): extracting lib/python2.7/site-packages/android/_android_sound.so
I/python  (22710): extracting lib/python2.7/site-packages/android/mixer.pyo
I/python  (22710): extracting lib/python2.7/site-packages/android/_android.so
I/python  (22710): extracting lib/python2.7/site-packages/android/_android_billing.so
I/python  (22710): extracting lib/python2.7/site-packages/pygame/
I/python  (22710): extracting lib/python2.7/site-packages/pygame/sysfont.pyo
I/python  (22710): extracting lib/python2.7/site-packages/pygame/pygame.ico
I/python  (22710): extracting lib/python2.7/site-packages/pygame/gfxdraw.so
I/python  (22710): extracting lib/python2.7/site-packages/pygame/rwobject.so
I/python  (22710): extracting lib/python2.7/site-packages/pygame/mask.so
I/python  (22710): extracting lib/python2.7/site-packages/pygame/overlay.so
I/python  (22710): extracting lib/python2.7/site-packages/pygame/key.so
I/python  (22710): extracting lib/python2.7/site-packages/pygame/mouse.so
I/python  (22710): extracting lib/python2.7/site-packages/pygame/cursors.pyo
I/python  (22710): extracting lib/python2.7/site-packages/pygame/surflock.so
