--------- beginning of /dev/log/system
I/Vold    (   95): Vold 2.1 (the revenge) firing up
D/Vold    (   95): Volume sdcard state changing -1 (Initializing) -> 0 (No-Media)
I/SystemServer(  295): Entered the Android system server!
I/SystemServer(  295): Entropy Mixer
I/SystemServer(  295): Power Manager
I/SystemServer(  295): Activity Manager
I/ActivityManager(  295): Memory class: 48
I/SystemServer(  295): Telephony Registry
I/SystemServer(  295): Scheduling Policy
I/SystemServer(  295): Package Manager
I/PackageParser(  295): com.reconinstruments.agps: compat added android.permission.READ_PHONE_STATE
I/PackageParser(  295): com.reconinstruments.dashlauncherredux: compat added android.permission.WRITE_EXTERNAL_STORAGE android.permission.READ_PHONE_STATE
I/PackageParser(  295): com.reconinstruments.geodataservice: compat added android.permission.WRITE_EXTERNAL_STORAGE android.permission.READ_PHONE_STATE
I/PackageParser(  295): com.reconinstruments.lispxml: compat added android.permission.READ_PHONE_STATE
W/PackageParser(  295): No actions in intent filter at /system/app/Settings.apk Binary XML file line #1143
I/Installer(  295): connecting...
W/PackageParser(  295): No actions in intent filter at /data/app/Bluetooth.apk Binary XML file line #159
I/PackageParser(  295): com.reconinstruments.shutdowner: compat added android.permission.WRITE_EXTERNAL_STORAGE android.permission.READ_PHONE_STATE
I/PackageManager(  295): Time to scan packages: 4.481 seconds
W/PackageManager(  295): Unknown permission com.google.android.googleapps.permission.GOOGLE_AUTH in package com.android.providers.calendar
W/PackageManager(  295): Unknown permission com.google.android.googleapps.permission.GOOGLE_AUTH.cl in package com.android.providers.calendar
W/PackageManager(  295): Unknown permission com.google.android.googleapps.permission.GOOGLE_AUTH in package com.android.settings
W/PackageManager(  295): Unknown permission com.android.launcher.permission.READ_SETTINGS in package com.android.settings
W/PackageManager(  295): Unknown permission com.android.launcher.permission.WRITE_SETTINGS in package com.android.settings
W/PackageManager(  295): Unknown permission com.google.android.googleapps.permission.GOOGLE_AUTH in package com.android.providers.contacts
W/PackageManager(  295): Unknown permission com.google.android.googleapps.permission.GOOGLE_AUTH.cp in package com.android.providers.contacts
I/SystemServer(  295): Account Manager
I/SystemServer(  295): Content Manager
I/SystemServer(  295): System Content Providers
I/SystemServer(  295): Lights Service
I/SystemServer(  295): Battery Service
I/SystemServer(  295): PCB temperature Service
V/PcbtemperatureService(  295): Service registered!
I/SystemServer(  295): Vibrator Service
I/SystemServer(  295): Alarm Manager
I/SystemServer(  295): Init Watchdog
I/SystemServer(  295): Window Manager
I/InputManager(  295): Initializing input manager
W/StatusBarManager(  295): warning: no STATUS_BAR_SERVICE
I/InputManager(  295): Starting input manager
I/SystemServer(  295): Bluetooth Service
I/SystemServer(  295): Input Method Service
W/InputMethodManagerService(  295): Couldn't create dir.: /data/system/inputmethod
I/SystemServer(  295): Accessibility Manager
I/Display (  295): Mirroring region is Rect(0, 0 - 1280, 720)
I/ActivityManager(  295): Config changed: {1.0 0mcc0mnc en_US sw240dp w428dp h208dp smll land ?uimode ?night -touch -keyb/v/h -nav/h s.2}
I/SystemServer(  295): Mount Service
D/MountService(  295): got storage path: /storage/sdcard0 description: Internal storage primary: true removable: false emulated: true mtpReserve: 0 allowMassStorage: false maxFileSize: 0
D/MountService(  295): using emulated external storage
I/SystemServer(  295): LockSettingsService
I/SystemServer(  295): Device Policy
I/SystemServer(  295): Status Bar
I/SystemServer(  295): Clipboard Service
I/SystemServer(  295): NetworkManagement Service
I/SystemServer(  295): Text Service Manager Service
W/TextServicesManagerService(  295): no available spell checker services found
I/SystemServer(  295): NetworkStats Service
D/VoldCmdListener(   95): volume list
D/MountService(  295): volume state changed for /storage/sdcard1 (null -> removed)
D/VoldCmdListener(   95): asec list
I/SystemServer(  295): NetworkPolicy Service
W/PackageManager(  295): Unknown permission com.google.android.googleapps.permission.GOOGLE_AUTH in package com.android.providers.calendar
W/PackageManager(  295): Unknown permission com.google.android.googleapps.permission.GOOGLE_AUTH.cl in package com.android.providers.calendar
I/SystemServer(  295): Wi-Fi P2pService
W/PackageManager(  295): Unknown permission com.google.android.googleapps.permission.GOOGLE_AUTH in package com.android.settings
W/PackageManager(  295): Unknown permission com.android.launcher.permission.READ_SETTINGS in package com.android.settings
W/PackageManager(  295): Unknown permission com.android.launcher.permission.WRITE_SETTINGS in package com.android.settings
W/PackageManager(  295): Unknown permission com.google.android.googleapps.permission.GOOGLE_AUTH in package com.android.providers.contacts
W/PackageManager(  295): Unknown permission com.google.android.googleapps.permission.GOOGLE_AUTH.cp in package com.android.providers.contacts
I/SystemServer(  295): Wi-Fi Service
I/SystemServer(  295): TIEthernet Service not started because android.hardware.ethernet feature is absent
I/SystemServer(  295): Connectivity Service
D/ConnectivityService(  295): ConnectivityService starting up
E/ConnectivityService(  295): Ignoring protectedNetwork 10
E/ConnectivityService(  295): Ignoring protectedNetwork 11
E/ConnectivityService(  295): Ignoring protectedNetwork 12
I/WifiService(  295): WifiService starting up with Wi-Fi disabled
I/SystemServer(  295): Network Service Discovery Service
D/NsdService(  295): Network service discovery enabled true
I/SystemServer(  295): Throttle Service
I/SystemServer(  295): UpdateLock Service
I/SystemServer(  295): Notification Manager
I/SystemServer(  295): Device Storage Monitor
I/SystemServer(  295): starting SUPL Service (SystemServer)
I/SystemServer(  295): Location Manager
I/SystemServer(  295): Country Detector
I/SystemServer(  295): Search Service
I/SystemServer(  295): DropBox Service
I/SystemServer(  295): Wallpaper Service
I/SystemServer(  295): Audio Service
I/SystemServer(  295): Dock Observer
W/DockObserver(  295): This kernel does not have dock station support
I/SystemServer(  295): Wired Accessory Observer
W/WiredAccessoryObserver(  295): This kernel does not have usb audio support
I/SystemServer(  295): USB Service
I/SystemServer(  295): Serial Service
I/SystemServer(  295): UI Mode Manager Service
I/SystemServer(  295): Backup Service
V/BackupManagerService(  295): Initializing package tracking
V/BackupManagerService(  295): No ancestral data
V/BackupManagerService(  295): addPackageParticipantsLocked: all
I/BackupManagerService(  295): New app android never backed up; scheduling
D/BackupManagerService(  295): Now staging backup of android
I/BackupManagerService(  295): New app com.android.providers.settings never backed up; scheduling
D/BackupManagerService(  295): Now staging backup of com.android.providers.settings
I/BackupManagerService(  295): New app com.android.providers.userdictionary never backed up; scheduling
D/BackupManagerService(  295): Now staging backup of com.android.providers.userdictionary
I/BackupManagerService(  295): New app com.android.sharedstoragebackup never backed up; scheduling
D/BackupManagerService(  295): Now staging backup of com.android.sharedstoragebackup
V/BackupManagerService(  295): Registering transport android/com.android.internal.backup.LocalTransport = com.android.internal.backup.LocalTransport@415744c8
V/BackupManagerService(  295): Starting with transport android/com.android.internal.backup.LocalTransport
V/BackupManagerService(  295): Google transport not present
I/BackupManagerService(  295): Found stale backup journal, scheduling
I/BackupManagerService(  295):   android
I/BackupManagerService(  295):   com.android.providers.settings
I/BackupManagerService(  295):   com.android.providers.userdictionary
I/BackupManagerService(  295):   com.android.sharedstoragebackup
I/BackupManagerService(  295): Backup enabled => false
I/BackupManagerService(  295): Opting out of backup
I/SystemServer(  295): AppWidget Service
I/SystemServer(  295): Recognition Service
I/SystemServer(  295): DiskStats Service
I/SystemServer(  295): SamplingProfiler Service
I/SystemServer(  295): NetworkTimeUpdateService
I/SystemServer(  295): CommonTimeManagementService
I/SystemServer(  295): CertBlacklister
D/PowerManagerService(  295): system ready!
I/ActivityManager(  295): System now ready
I/SystemServer(  295): Making services ready
D/SystemServer(  295): Starting service: Intent { cmp=com.android.systemui/.SystemUIService }
I/ActivityManager(  295): Start proc com.android.systemui for service com.android.systemui/.SystemUIService: pid=390 uid=10027 gids={1028, 1015, 3002, 3001}
D/NetworkManagementService(  295): enabling bandwidth control
D/SystemUIService(  390): loading: class com.android.systemui.statusbar.phone.PhoneStatusBar
D/SystemUIService(  390): running: com.android.systemui.statusbar.phone.PhoneStatusBar@41462540
I/StatusBarManagerService(  295): registerStatusBar bar=com.android.internal.statusbar.IStatusBar$Stub$Proxy@414e8520
I/ActivityManager(  295): Config changed: {1.0 0mcc0mnc en_US sw240dp w428dp h208dp smll land -touch -keyb/v/h -nav/h s.3}
W/RecognitionManagerService(  295): no available voice recognition services found
W/InputMethodManagerService(  295): Ignoring setImeWindowStatus of uid 1000 token: null
W/InputMethodManagerService(  295): Found no subtypes in a system IME: com.reconinstruments.offsetkeyboard
I/ActivityManager(  295): Start proc com.reconinstruments.offsetkeyboard for service com.reconinstruments.offsetkeyboard/.OffsetKeyboard: pid=438 uid=10026 gids={1028}
W/ThrottleService(  295): unable to find stats for iface rmnet0
I/ActivityManager(  295): Start proc com.reconinstruments.ble_ss1 for added application com.reconinstruments.ble_ss1: pid=453 uid=1000 gids={3002, 3001, 1015, 1028, 3003, 1007, 1006}
I/ActivityManager(  295): Start proc com.reconinstruments.mfiservice for added application com.reconinstruments.mfiservice: pid=469 uid=1000 gids={3002, 3001, 1015, 1028, 3003, 1007, 1006}
I/ActivityManager(  295): Start proc com.reconinstruments.heading for added application com.reconinstruments.heading: pid=493 uid=1000 gids={3002, 3001, 1015, 1028, 3003, 1007, 1006}
I/ActivityManager(  295): Start proc com.reconinstruments.dashlauncherredux for added application com.reconinstruments.dashlauncherredux: pid=505 uid=1000 gids={3002, 3001, 1015, 1028, 3003, 1007, 1006}
I/ActivityManager(  295): Start proc com.reconinstruments.os.analyticsservice for added application com.reconinstruments.os.analyticsservice: pid=519 uid=1000 gids={3002, 3001, 1015, 1028, 3003, 1007, 1006}
I/ActivityManager(  295): Start proc com.reconinstruments.geodataservice for added application com.reconinstruments.geodataservice: pid=531 uid=10035 gids={3003, 1015, 1028}
I/ActivityManager(  295): Start proc com.reconinstruments.hudservice for added application com.reconinstruments.hudservice: pid=545 uid=1000 gids={3002, 3001, 1015, 1028, 3003, 1007, 1006}
I/ActivityManager(  295): Start proc com.reconinstruments.hudserver for added application com.reconinstruments.hudserver: pid=557 uid=1000 gids={3002, 3001, 1015, 1028, 3003, 1007, 1006}
I/ActivityManager(  295): Start proc com.reconinstruments.applauncher for added application com.reconinstruments.applauncher: pid=568 uid=1000 gids={3002, 3001, 1015, 1028, 3003, 1007, 1006}
I/ActivityManager(  295): Start proc com.reconinstruments.phone for added application com.reconinstruments.phone: pid=581 uid=1000 gids={3002, 3001, 1015, 1028, 3003, 1007, 1006}
I/ActivityManager(  295): START {act=android.intent.action.MAIN cat=[android.intent.category.HOME] flg=0x10000000 cmp=com.reconinstruments.dashwarning/.WarningActivity u=0} from pid 0
I/ActivityManager(  295): Start proc com.reconinstruments.dashwarning for activity com.reconinstruments.dashwarning/.WarningActivity: pid=597 uid=1000 gids={3002, 3001, 1015, 1028, 3003, 1007, 1006}
I/ActivityManager(  295): Start proc android.process.media for broadcast com.android.providers.media/.UsbReceiver: pid=608 uid=10010 gids={1015, 1023, 1024, 1028, 2001, 3003, 3007}
I/LocationManagerService(  295): whitelist: []
I/LocationManagerService(  295): blacklist: []
D/PhoneStatusBar(  390): disable: < expand icons alerts ticker system_info back home recent clock >
D/StorageNotification(  390): Startup with UMS connection false (media state mounted)
I/StorageNotification(  390): UMS connection changed to false (media state mounted)
D/SystemUIService(  390): loading: class com.android.systemui.power.PowerUI
D/SystemUIService(  390): running: com.android.systemui.power.PowerUI@414c6890
D/SystemUIService(  390): loading: class com.android.systemui.media.RingtonePlayer
D/SystemUIService(  390): running: com.android.systemui.media.RingtonePlayer@414c79e0
I/LocationManagerService(  295): request passive (pid 295) 0 0
D/PhoneStatusBar(  390): addNotification score=-20
D/PhoneStatusBar(  390): addNotification score=-10
I/ActivityManager(  295): Start proc com.reconinstruments.installer for service com.reconinstruments.installer/.InstallerService: pid=631 uid=1000 gids={3002, 3001, 1015, 1028, 3003, 1007, 1006}
I/ActivityManager(  295): Start proc com.reconinstruments.nativetest for service com.reconinstruments.nativetest/com.reconinstruments.bletest.BLETestService: pid=638 uid=10021 gids={1015, 1028}
I/ActivityManager(  295): Start proc com.reconinstruments.jetapplauncher for service com.reconinstruments.jetapplauncher/.settings.service.GlanceAppService: pid=651 uid=1000 gids={3002, 3001, 1015, 1028, 3003, 1007, 1006}
D/HUDActivityMotionManager(  568): Connecting to IHUDActivityMotionService by name [com.reconinstruments.os.hardware.motion.IHUDActivityMotionService]
I/ActivityManager(  295): Start proc com.reconinstruments.lispxml for service com.reconinstruments.lispxml/.LispXmlService: pid=667 uid=1000 gids={3002, 3001, 1015, 1028, 3003, 1007, 1006}
I/LocationManagerService(  295): request passive (pid 531) 0 0
D/WifiService(  295): New client listening to asynchronous messages
W/WindowManager(  295): Window freeze timeout expired.
W/WindowManager(  295): Force clearing orientation change: Window{415a7170 com.reconinstruments.dashwarning/com.reconinstruments.dashwarning.WarningActivity paused=false}
W/WindowManager(  295): Force clearing orientation change: Window{415e3a20 com.android.systemui.ImageWallpaper paused=false}
D/PowerManagerService(  295): setBrightness - id:4 brightness:62
I/ActivityManager(  295): Start proc .HUDGattService for on-hold: pid=756 uid=10033 gids={3003, 3002, 3001, 1015, 3005, 1028}
D/PowerManagerService(  295): bootCompleted
V/DevicePolicyManagerService(  295): Sending password expiration notifications for action android.intent.action.BOOT_COMPLETED
W/MountService(  295): Duplicate state transition (mounted -> mounted) for /storage/sdcard0
D/MountService(  295): sendStorageIntent Intent { act=android.intent.action.MEDIA_MOUNTED dat=file:///storage/sdcard0 (has extras) }
I/ActivityManager(  295): ActivityManagerService has created AnalyticsAgent: ActivityManager
V/WiredAccessoryObserver(  295): init()
D/PhoneStatusBar(  390): addNotification score=0
I/ActivityManager(  295): Start proc com.android.settings for broadcast com.android.settings/.widget.SettingsAppWidgetProvider: pid=774 uid=1000 gids={3002, 3001, 1015, 1028, 3003, 1007, 1006}
I/ActivityManager(  295): Start proc com.reconinstruments.battery.logger for broadcast com.reconinstruments.battery.logger/.BatteryLogBootReceiver: pid=836 uid=10032 gids={1015, 1028}
I/BootReceiver(  295): Copying /data/tombstones/tombstone_02 to DropBox (SYSTEM_TOMBSTONE)
I/ActivityManager(  295): Start proc com.android.providers.calendar for broadcast com.android.providers.calendar/.CalendarReceiver: pid=849 uid=10002 gids={3003, 1015, 1028}
D/SystemUIBootReceiver(  390): Animation scale: 1.0
I/ActivityManager(  295): Start proc com.rxnetworks.rxnservicesxybrid for broadcast com.rxnetworks.rxnservicesxybrid/.RXNetworksServiceManager: pid=866 uid=10043 gids={3003, 1028, 1015}
I/ActivityManager(  295): Start proc com.reconinstruments.agps for service com.reconinstruments.agps/.AssistedGpsService: pid=896 uid=1000 gids={3002, 3001, 1015, 1028, 3003, 1007, 1006}
I/LocationManagerService(  295): request RECON_AGPS (pid 531) 0 0
D/PhoneStatusBar(  390): addNotification score=10
I/LocationManagerService(  295): request passive (pid 896) 0 0
I/ActivityManager(  295): START {act=com.reconinstruments.itemhost.ItemHostActivity cmp=com.reconinstruments.itemhost/.ItemHostActivity u=0} from pid 597
W/PowerUI (  390): unknown intent: Intent { act=com.reconinstruments.showIfBadShutdown flg=0x10 }
I/ActivityManager(  295): START {act=com.reconinstruments.itemhost.ItemHostActivity cmp=com.reconinstruments.itemhost/.ItemHostActivity u=0} from pid 597
W/PowerUI (  390): unknown intent: Intent { act=com.reconinstruments.showIfBadShutdown flg=0x10 }
I/ActivityManager(  295): Start proc com.reconinstruments.itemhost for activity com.reconinstruments.itemhost/.ItemHostActivity: pid=928 uid=10039 gids={1028}
W/BackupManagerService(  295): dataChanged but no participant pkg='com.android.providers.settings' uid=10039
E/AndroidRuntime(  928): FATAL EXCEPTION: main
E/AndroidRuntime(  928): java.lang.NullPointerException
E/AndroidRuntime(  928): 	at com.reconinstruments.commonwidgets.CarouselItemFragment.pushIn(CarouselItemFragment.java:128)
E/AndroidRuntime(  928): 	at com.reconinstruments.commonwidgets.CarouselItemHostActivity.onKeyUp(CarouselItemHostActivity.java:127)
E/AndroidRuntime(  928): 	at com.reconinstruments.itemhost.ItemHostActivity.onKeyUp(ItemHostActivity.java:217)
E/AndroidRuntime(  928): 	at android.view.KeyEvent.dispatch(KeyEvent.java:2633)
E/AndroidRuntime(  928): 	at android.app.Activity.dispatchKeyEvent(Activity.java:2361)
E/AndroidRuntime(  928): 	at com.android.internal.policy.impl.PhoneWindow$DecorView.dispatchKeyEvent(PhoneWindow.java:1819)
E/AndroidRuntime(  928): 	at android.view.ViewRootImpl.deliverKeyEventPostIme(ViewRootImpl.java:3577)
E/AndroidRuntime(  928): 	at android.view.ViewRootImpl.deliverKeyEvent(ViewRootImpl.java:3533)
E/AndroidRuntime(  928): 	at android.view.ViewRootImpl.deliverInputEvent(ViewRootImpl.java:3115)
E/AndroidRuntime(  928): 	at android.view.ViewRootImpl.doProcessInputEvents(ViewRootImpl.java:4155)
E/AndroidRuntime(  928): 	at android.view.ViewRootImpl.enqueueInputEvent(ViewRootImpl.java:4134)
E/AndroidRuntime(  928): 	at android.view.ViewRootImpl$WindowInputEventReceiver.onInputEvent(ViewRootImpl.java:4226)
E/AndroidRuntime(  928): 	at android.view.InputEventReceiver.dispatchInputEvent(InputEventReceiver.java:171)
E/AndroidRuntime(  928): 	at android.os.MessageQueue.nativePollOnce(Native Method)
E/AndroidRuntime(  928): 	at android.os.MessageQueue.next(MessageQueue.java:125)
E/AndroidRuntime(  928): 	at android.os.Looper.loop(Looper.java:124)
E/AndroidRuntime(  928): 	at android.app.ActivityThread.main(ActivityThread.java:4745)
E/AndroidRuntime(  928): 	at java.lang.reflect.Method.invokeNative(Native Method)
E/AndroidRuntime(  928): 	at java.lang.reflect.Method.invoke(Method.java:511)
E/AndroidRuntime(  928): 	at com.android.internal.os.ZygoteInit$MethodAndArgsCaller.run(ZygoteInit.java:786)
E/AndroidRuntime(  928): 	at com.android.internal.os.ZygoteInit.main(ZygoteInit.java:553)
E/AndroidRuntime(  928): 	at dalvik.system.NativeStart.main(Native Method)
W/ActivityManager(  295):   Force finishing activity com.reconinstruments.itemhost/.ItemHostActivity
I/WindowManager(  295): WINDOW DIED Window{41652a58 com.reconinstruments.itemhost/com.reconinstruments.itemhost.ItemHostActivity paused=true}
I/ActivityManager(  295): Process com.reconinstruments.itemhost (pid 928) has died.
W/ActivityManager(  295): Scheduling restart of crashed service com.reconinstruments.itemhost/.ItemHostService in 5000ms
I/WindowState(  295): WIN DEATH: Window{41652a58 com.reconinstruments.itemhost/com.reconinstruments.itemhost.ItemHostActivity paused=true}
I/WindowState(  295): WIN DEATH: Window{41653808 Toast paused=false}
I/WindowManager(  295): WINDOW DIED Window{41653808 Toast paused=false}
W/InputMethodManagerService(  295): Window already focused, ignoring focus gain of: com.android.internal.view.IInputMethodClient$Stub$Proxy@415efc10 attribute=null
I/ActivityManager(  295): START {act=com.reconinstruments.itemhost.ItemHostActivity cmp=com.reconinstruments.itemhost/.ItemHostActivity u=0} from pid 597
W/NotificationService(  295): Object died trying to hide notification android.app.ITransientNotification$Stub$Proxy@41646668 in package com.reconinstruments.itemhost
W/PowerUI (  390): unknown intent: Intent { act=com.reconinstruments.showIfBadShutdown flg=0x10 }
I/ActivityManager(  295): START {act=com.reconinstruments.itemhost.ItemHostActivity cmp=com.reconinstruments.itemhost/.ItemHostActivity u=0} from pid 597
W/PowerUI (  390): unknown intent: Intent { act=com.reconinstruments.showIfBadShutdown flg=0x10 }
I/ActivityManager(  295): Start proc com.reconinstruments.itemhost for activity com.reconinstruments.itemhost/.ItemHostActivity: pid=958 uid=10039 gids={1028}
W/WindowManager(  295): Rebuild removed 3 windows but added 2
W/WindowManager(  295): This window was lost: Window{41652a58 com.reconinstruments.itemhost/com.reconinstruments.itemhost.ItemHostActivity paused=true}
W/WindowManager(  295): mSession=Session{416524a8 uid 10039} mClient=android.os.BinderProxy@416527c8
W/WindowManager(  295): mAttrs=WM.LayoutParams{(0,0)(fillxfill) sim=#120 ty=1 fl=#1810100 pfl=0x8 wanim=0x1030001}
W/WindowManager(  295): Requested w=428 h=240 mLayoutSeq=24
W/WindowManager(  295): mBaseLayer=21000 mSubLayer=0 mAnimLayer=21005+0=21005 mLastLayer=21010
W/WindowManager(  295): mToken=AppWindowToken{41626380 token=Token{41591a18 ActivityRecord{41595e38 com.reconinstruments.itemhost/.ItemHostActivity}}}
W/WindowManager(  295): mRootToken=AppWindowToken{41626380 token=Token{41591a18 ActivityRecord{41595e38 com.reconinstruments.itemhost/.ItemHostActivity}}}
W/WindowManager(  295): mAppToken=AppWindowToken{41626380 token=Token{41591a18 ActivityRecord{41595e38 com.reconinstruments.itemhost/.ItemHostActivity}}}
W/WindowManager(  295): mViewVisibility=0x0 mHaveFrame=true mObscured=true
W/WindowManager(  295): mSeq=0 mSystemUiVisibility=0x0
W/WindowManager(  295): mGivenContentInsets=[0,0][0,0] mGivenVisibleInsets=[0,0][0,0]
W/WindowManager(  295): mConfiguration={1.0 0mcc0mnc en_US sw240dp w428dp h208dp smll land -touch -keyb/v/h -nav/h s.3}
W/WindowManager(  295): mHasSurface=true mShownFrame=[0.0,0.0][428.0,240.0]
W/WindowManager(  295): mFrame=[0,0][428,240] last=[0,0][428,240]
W/WindowManager(  295): mSystemDecorRect=[0,0][428,208] last=[0,0][428,208]
W/WindowManager(  295): Frames: containing=[0,0][428,240] parent=[0,0][428,240] display=[0,0][428,240]
W/WindowManager(  295):     content=[0,0][428,208] visible=[0,0][428,208]
W/WindowManager(  295): Cur insets: content=[0,0][0,32] visible=[0,0][0,32]
W/WindowManager(  295): Lst insets: content=[0,0][0,32] visible=[0,0][0,32]
W/WindowManager(  295): mSurface=Surface(name=com.reconinstruments.itemhost/com.reconinstruments.itemhost.ItemHostActivity, identity=6)
W/WindowManager(  295): mDrawState=DRAW_PENDING mLastHidden=true
W/WindowManager(  295): Surface: shown=false layer=21010 alpha=1.0 rect=(0.0,0.0) 428.0 x 240.0
W/WindowManager(  295): mExiting=true mRemoveOnExit=true mDestroying=false mRemoved=false
W/WindowManager(  295): Current app token list:
V/WindowManager(  295):   #1: Token{4153f158 ActivityRecord{41435af0 com.reconinstruments.itemhost/.ItemHostActivity}}
V/WindowManager(  295):   #0: Token{415fe2a8 ActivityRecord{41575648 com.reconinstruments.dashwarning/.WarningActivity}}
W/WindowManager(  295): Final window list:
V/WindowManager(  295):   #4: Window{415f5720 RecentsPanel paused=false}
V/WindowManager(  295):   #3: Window{41609bd8 StatusBar paused=false}
V/WindowManager(  295):   #2: Window{416496a8 Starting com.reconinstruments.itemhost paused=false}
V/WindowManager(  295):   #1: Window{415a7170 com.reconinstruments.dashwarning/com.reconinstruments.dashwarning.WarningActivity paused=false}
V/WindowManager(  295):   #0: Window{415e3a20 com.android.systemui.ImageWallpaper paused=false}
W/ThrottleService(  295): unable to find stats for iface rmnet0
W/SocketClient(  100): write error (Broken pipe)
I/ActivityManager(  295): Force stopping package org.test.hud_total_test uid=10006
I/ActivityManager(  295): Force stopping package org.test.hud_total_test uid=10006
D/BackupManagerService(  295): Received broadcast Intent { act=android.intent.action.PACKAGE_REMOVED dat=package:org.test.hud_total_test flg=0x8000010 (has extras) }
V/BackupManagerService(  295): removePackageParticipantsLocked: uid=10006 #1
W/InputMethodManagerService(  295): Found no subtypes in a system IME: com.reconinstruments.offsetkeyboard
I/ActivityManager(  295): Start proc android.process.acore for broadcast com.android.providers.contacts/.PackageIntentReceiver: pid=1026 uid=10000 gids={3003, 1028}
E/AndroidRuntime( 1026): FATAL EXCEPTION: IntentService[VoicemailCleanupService]
E/AndroidRuntime( 1026): java.lang.SecurityException: The caller must have permission: com.android.voicemail.permission.ADD_VOICEMAIL
E/AndroidRuntime( 1026): 	at com.android.providers.contacts.VoicemailPermissions.checkCallerHasOwnVoicemailAccess(VoicemailPermissions.java:52)
E/AndroidRuntime( 1026): 	at com.android.providers.contacts.VoicemailContentProvider.checkPermissionsAndCreateUriData(VoicemailContentProvider.java:299)
E/AndroidRuntime( 1026): 	at com.android.providers.contacts.VoicemailContentProvider.delete(VoicemailContentProvider.java:127)
E/AndroidRuntime( 1026): 	at android.content.ContentProvider$Transport.delete(ContentProvider.java:228)
E/AndroidRuntime( 1026): 	at android.content.ContentResolver.delete(ContentResolver.java:956)
E/AndroidRuntime( 1026): 	at com.android.providers.contacts.VoicemailCleanupService.handleIntentInternal(VoicemailCleanupService.java:51)
E/AndroidRuntime( 1026): 	at com.android.providers.contacts.VoicemailCleanupService.onHandleIntent(VoicemailCleanupService.java:40)
E/AndroidRuntime( 1026): 	at android.app.IntentService$ServiceHandler.handleMessage(IntentService.java:65)
E/AndroidRuntime( 1026): 	at android.os.Handler.dispatchMessage(Handler.java:99)
E/AndroidRuntime( 1026): 	at android.os.Looper.loop(Looper.java:137)
E/AndroidRuntime( 1026): 	at android.os.HandlerThread.run(HandlerThread.java:60)
I/ActivityManager(  295): Start proc com.android.keychain for broadcast com.android.keychain/.KeyChainBroadcastReceiver: pid=1044 uid=1000 gids={3002, 3001, 1015, 1028, 3003, 1007, 1006}
I/ActivityManager(  295): Process android.process.acore (pid 1026) has died.
W/ActivityManager(  295): Scheduling restart of crashed service com.android.providers.contacts/.VoicemailCleanupService in 5000ms
I/ActivityManager(  295): Start proc com.android.defcontainer for service com.android.defcontainer/.DefaultContainerService: pid=1059 uid=10009 gids={1015, 2001, 1028}
W/ActivityManager(  295): No content provider found for permission revoke: file:///data/local/tmp/HUDTotalTest-0.1-debug.apk
W/ActivityManager(  295): No content provider found for permission revoke: file:///data/local/tmp/HUDTotalTest-0.1-debug.apk
I/ActivityManager(  295): Force stopping package org.test.hud_total_test uid=10006
D/BackupManagerService(  295): Received broadcast Intent { act=android.intent.action.PACKAGE_ADDED dat=package:org.test.hud_total_test flg=0x8000010 (has extras) }
I/ActivityManager(  295): Start proc android.process.acore for broadcast com.android.providers.contacts/.PackageIntentReceiver: pid=1087 uid=10000 gids={3003, 1028}
V/BackupManagerService(  295): addPackageParticipantsLocked: #1
W/InputMethodManagerService(  295): Found no subtypes in a system IME: com.reconinstruments.offsetkeyboard
W/RecognitionManagerService(  295): no available voice recognition services found
I/ActivityManager(  295): Start proc com.svox.pico for broadcast com.svox.pico/.VoiceDataInstallerReceiver: pid=1103 uid=10018 gids={1015, 1028}
I/ActivityManager(  295): START {act=com.reconinstruments.jetappsettings.apps cmp=com.reconinstruments.jetapplauncher/.applauncher.AppLauncherActivity u=0} from pid 958
I/NotificationService(  295): cancelToast pkg=com.reconinstruments.itemhost callback=android.app.ITransientNotification$Stub$Proxy@4164d4f0
W/NotificationService(  295): Toast already cancelled. pkg=com.reconinstruments.itemhost callback=android.app.ITransientNotification$Stub$Proxy@4164d4f0
I/ActivityManager(  295): START {act=android.intent.action.MAIN cat=[android.intent.category.LAUNCHER] flg=0x10200000 cmp=org.test.hud_total_test/org.renpy.android.PythonActivity u=0} from pid 651
I/ActivityManager(  295): Start proc org.test.hud_total_test:python for activity org.test.hud_total_test/org.renpy.android.PythonActivity: pid=1175 uid=10006 gids={1015, 3003, 1028}
I/LocationManagerService(  295): request RECON_AGPS (pid 1175) 1000 0
I/LocationManagerService(  295): request passive (pid 1175) 1000 0
I/LocationManagerService(  295): request gps (pid 1175) 1000 0
I/ActivityManager(  295): Process org.test.hud_total_test:python (pid 1175) has died.
I/WindowState(  295): WIN DEATH: Window{416c8ca8 org.test.hud_total_test/org.renpy.android.PythonActivity paused=false}
I/LocationManagerService(  295): remove passive (pid 295), next minTime = 0
I/LocationManagerService(  295): remove gps (pid 295), next minTime = 0
I/LocationManagerService(  295): remove RECON_AGPS (pid 295), next minTime = 0
W/ActivityManager(  295): Force removing ActivityRecord{41655d08 org.test.hud_total_test/org.renpy.android.PythonActivity}: app died, no saved state
W/WindowManager(  295): Force-removing child win Window{41642028 SurfaceView paused=false} from container Window{416c8ca8 org.test.hud_total_test/org.renpy.android.PythonActivity paused=false}
W/WindowManager(  295): Failed looking up window
W/WindowManager(  295): java.lang.IllegalArgumentException: Requested window android.os.BinderProxy@41533890 does not exist
W/WindowManager(  295): 	at com.android.server.wm.WindowManagerService.windowForClientLocked(WindowManagerService.java:7790)
W/WindowManager(  295): 	at com.android.server.wm.WindowManagerService.windowForClientLocked(WindowManagerService.java:7781)
W/WindowManager(  295): 	at com.android.server.wm.WindowState$DeathRecipient.binderDied(WindowState.java:854)
W/WindowManager(  295): 	at android.os.BinderProxy.sendDeathNotice(Binder.java:449)
W/WindowManager(  295): 	at dalvik.system.NativeStart.run(Native Method)
I/WindowState(  295): WIN DEATH: null
W/InputMethodManagerService(  295): Got RemoteException sending setActive(false) notification to pid 1175 uid 10006
W/PackageManager(  295): Package named 'org.test.hudtotaltest' doesn't exist.
I/ActivityManager(  295): Force stopping package org.test.hud_total_test uid=10006
I/ActivityManager(  295): Force stopping package org.test.hud_total_test uid=10006
W/InputMethodManagerService(  295): Found no subtypes in a system IME: com.reconinstruments.offsetkeyboard
D/BackupManagerService(  295): Received broadcast Intent { act=android.intent.action.PACKAGE_REMOVED dat=package:org.test.hud_total_test flg=0x8000010 (has extras) }
V/BackupManagerService(  295): removePackageParticipantsLocked: uid=10006 #1
E/AndroidRuntime( 1087): FATAL EXCEPTION: IntentService[VoicemailCleanupService]
E/AndroidRuntime( 1087): java.lang.SecurityException: The caller must have permission: com.android.voicemail.permission.ADD_VOICEMAIL
E/AndroidRuntime( 1087): 	at com.android.providers.contacts.VoicemailPermissions.checkCallerHasOwnVoicemailAccess(VoicemailPermissions.java:52)
E/AndroidRuntime( 1087): 	at com.android.providers.contacts.VoicemailContentProvider.checkPermissionsAndCreateUriData(VoicemailContentProvider.java:299)
E/AndroidRuntime( 1087): 	at com.android.providers.contacts.VoicemailContentProvider.delete(VoicemailContentProvider.java:127)
E/AndroidRuntime( 1087): 	at android.content.ContentProvider$Transport.delete(ContentProvider.java:228)
E/AndroidRuntime( 1087): 	at android.content.ContentResolver.delete(ContentResolver.java:956)
E/AndroidRuntime( 1087): 	at com.android.providers.contacts.VoicemailCleanupService.handleIntentInternal(VoicemailCleanupService.java:51)
E/AndroidRuntime( 1087): 	at com.android.providers.contacts.VoicemailCleanupService.onHandleIntent(VoicemailCleanupService.java:40)
E/AndroidRuntime( 1087): 	at android.app.IntentService$ServiceHandler.handleMessage(IntentService.java:65)
E/AndroidRuntime( 1087): 	at android.os.Handler.dispatchMessage(Handler.java:99)
E/AndroidRuntime( 1087): 	at android.os.Looper.loop(Looper.java:137)
E/AndroidRuntime( 1087): 	at android.os.HandlerThread.run(HandlerThread.java:60)
I/ActivityManager(  295): Process android.process.acore (pid 1087) has died.
W/ActivityManager(  295): Scheduling restart of crashed service com.android.providers.contacts/.VoicemailCleanupService in 5000ms
W/ActivityManager(  295): No content provider found for permission revoke: file:///data/local/tmp/HUDKeyTest-0.1-debug.apk
W/ActivityManager(  295): No content provider found for permission revoke: file:///data/local/tmp/HUDKeyTest-0.1-debug.apk
I/ActivityManager(  295): Force stopping package org.test.hud_key_test uid=10006
D/BackupManagerService(  295): Received broadcast Intent { act=android.intent.action.PACKAGE_ADDED dat=package:org.test.hud_key_test flg=0x8000010 (has extras) }
I/ActivityManager(  295): Start proc android.process.acore for broadcast com.android.providers.contacts/.PackageIntentReceiver: pid=5620 uid=10000 gids={3003, 1028}
V/BackupManagerService(  295): addPackageParticipantsLocked: #1
W/InputMethodManagerService(  295): Found no subtypes in a system IME: com.reconinstruments.offsetkeyboard
W/RecognitionManagerService(  295): no available voice recognition services found
I/ActivityManager(  295): START {act=com.reconinstruments.jetappsettings.apps cmp=com.reconinstruments.jetapplauncher/.applauncher.AppLauncherActivity u=0} from pid 958
I/NotificationService(  295): cancelToast pkg=com.reconinstruments.itemhost callback=android.app.ITransientNotification$Stub$Proxy@415f6250
W/NotificationService(  295): Toast already cancelled. pkg=com.reconinstruments.itemhost callback=android.app.ITransientNotification$Stub$Proxy@415f6250
I/ActivityManager(  295): START {act=android.intent.action.MAIN cat=[android.intent.category.LAUNCHER] flg=0x10200000 cmp=org.test.hud_key_test/org.renpy.android.PythonActivity u=0} from pid 651
I/ActivityManager(  295): Start proc org.test.hud_key_test:python for activity org.test.hud_key_test/org.renpy.android.PythonActivity: pid=5739 uid=10006 gids={1015, 1028}
D/PhoneStatusBar(  390): addNotification score=0
I/WindowState(  295): WIN DEATH: Window{415f60e0 SurfaceView paused=false}
I/ActivityManager(  295): Process org.test.hud_key_test:python (pid 5739) has died.
W/ActivityManager(  295): Force removing ActivityRecord{4160cec0 org.test.hud_key_test/org.renpy.android.PythonActivity}: app died, no saved state
I/WindowState(  295): WIN DEATH: Window{416496a8 org.test.hud_key_test/org.renpy.android.PythonActivity paused=false}
I/WindowManager(  295): WINDOW DIED Window{416496a8 org.test.hud_key_test/org.renpy.android.PythonActivity paused=false}
W/InputMethodManagerService(  295): Got RemoteException sending setActive(false) notification to pid 5739 uid 10006
I/ActivityManager(  295): START {act=android.intent.action.MAIN cat=[android.intent.category.LAUNCHER] flg=0x10200000 cmp=org.test.hud_key_test/org.renpy.android.PythonActivity u=0} from pid 651
I/ActivityManager(  295): Start proc org.test.hud_key_test:python for activity org.test.hud_key_test/org.renpy.android.PythonActivity: pid=5802 uid=10006 gids={1015, 1028}
D/PhoneStatusBar(  390): addNotification score=0
W/ThrottleService(  295): unable to find stats for iface rmnet0
W/ThrottleService(  295): unable to find stats for iface rmnet0
W/ThrottleService(  295): unable to find stats for iface rmnet0
W/SocketClient(  100): write error (Broken pipe)
W/ThrottleService(  295): unable to find stats for iface rmnet0
W/PackageManager(  295): Package named 'org.test.hud_total_test' doesn't exist.
I/ActivityManager(  295): Force stopping package org.test.hud_key_test uid=10006
I/ActivityManager(  295): Killing proc 5802:org.test.hud_key_test:python/u0a6: force stop
W/ActivityManager(  295): Force removing ActivityRecord{4163d840 org.test.hud_key_test/org.renpy.android.PythonActivity}: app died, no saved state
W/WindowManager(  295): Rebuild removed 5 windows but added 3
W/WindowManager(  295): This window was lost: Window{4164e558 SurfaceView paused=false}
W/WindowManager(  295): mSession=Session{41676bd0 uid 10006} mClient=android.os.BinderProxy@41447b38
W/WindowManager(  295): mAttrs=WM.LayoutParams{(0,0)(428x240) gr=#33 ty=1001 fl=#4218 fmt=4}
W/WindowManager(  295): Requested w=428 h=240 mLayoutSeq=156
W/WindowManager(  295): mAttachedWindow=Window{41643e40 org.test.hud_key_test/org.renpy.android.PythonActivity paused=false} mLayoutAttached=true
W/WindowManager(  295): mBaseLayer=21000 mSubLayer=-2 mAnimLayer=21025+0=21025 mLastLayer=21020
W/WindowManager(  295): mToken=WindowToken{41614fd0 token=android.os.BinderProxy@41574da0}
W/WindowManager(  295): mRootToken=AppWindowToken{4164d178 token=Token{415e9688 ActivityRecord{4163d840 org.test.hud_key_test/org.renpy.android.PythonActivity}}}
W/WindowManager(  295): mAppToken=AppWindowToken{4164d178 token=Token{415e9688 ActivityRecord{4163d840 org.test.hud_key_test/org.renpy.android.PythonActivity}}}
W/WindowManager(  295): mViewVisibility=0x8 mHaveFrame=true mObscured=false
W/WindowManager(  295): mSeq=0 mSystemUiVisibility=0x0
W/WindowManager(  295): mGivenContentInsets=[0,0][0,0] mGivenVisibleInsets=[0,0][0,0]
W/WindowManager(  295): mConfiguration={1.0 0mcc0mnc en_US sw240dp w428dp h208dp smll land -touch -keyb/v/h -nav/h s.3}
W/WindowManager(  295): mHasSurface=false mShownFrame=[0.0,0.0][428.0,240.0]
W/WindowManager(  295): mFrame=[0,0][428,240] last=[0,0][428,240]
W/WindowManager(  295): mSystemDecorRect=[0,0][428,240] last=[0,0][428,240]
W/WindowManager(  295): Frames: containing=[0,0][428,240] parent=[0,0][428,240] display=[-10000,-10000][10000,10000]
W/WindowManager(  295):     content=[0,0][428,240] visible=[0,0][428,240]
W/WindowManager(  295): Cur insets: content=[0,0][0,0] visible=[0,0][0,0]
W/WindowManager(  295): Lst insets: content=[0,0][0,0] visible=[0,0][0,0]
W/WindowManager(  295): mPendingDestroySurface=Surface(name=SurfaceView, identity=30)
W/WindowManager(  295): mSurfaceResized=false mSurfaceDestroyDeferred=true
W/WindowManager(  295): This window was lost: Window{41643e40 org.test.hud_key_test/org.renpy.android.PythonActivity paused=false}
W/WindowManager(  295): mSession=Session{41676bd0 uid 10006} mClient=android.os.BinderProxy@41574da0
W/WindowManager(  295): mAttrs=WM.LayoutParams{(0,0)(fillxfill) sim=#123 ty=1 fl=#1810500 pfl=0x8 fmt=-3 wanim=0x10302e0}
W/WindowManager(  295): Requested w=428 h=240 mLayoutSeq=156
W/WindowManager(  295): mBaseLayer=21000 mSubLayer=0 mAnimLayer=21030+0=21030 mLastLayer=21025
W/WindowManager(  295): mToken=AppWindowToken{4164d178 token=Token{415e9688 ActivityRecord{4163d840 org.test.hud_key_test/org.renpy.android.PythonActivity}}}
W/WindowManager(  295): mRootToken=AppWindowToken{4164d178 token=Token{415e9688 ActivityRecord{4163d840 org.test.hud_key_test/org.renpy.android.PythonActivity}}}
W/WindowManager(  295): mAppToken=AppWindowToken{4164d178 token=Token{415e9688 ActivityRecord{4163d840 org.test.hud_key_test/org.renpy.android.PythonActivity}}}
W/WindowManager(  295): mViewVisibility=0x0 mHaveFrame=true mObscured=false
W/WindowManager(  295): mSeq=0 mSystemUiVisibility=0x0
W/WindowManager(  295): mGivenContentInsets=[0,0][0,0] mGivenVisibleInsets=[0,0][0,0]
W/WindowManager(  295): mConfiguration={1.0 0mcc0mnc en_US sw240dp w428dp h208dp smll land -touch -keyb/v/h -nav/h s.3}
W/WindowManager(  295): mHasSurface=true mShownFrame=[0.0,0.0][428.0,240.0]
W/WindowManager(  295): mFrame=[0,0][428,240] last=[0,0][428,240]
W/WindowManager(  295): mSystemDecorRect=[0,0][428,240] last=[0,0][428,240]
W/WindowManager(  295): Frames: containing=[0,0][428,240] parent=[0,0][428,240] display=[0,0][428,240]
W/WindowManager(  295):     content=[0,0][428,240] visible=[0,0][428,72]
W/WindowManager(  295): Cur insets: content=[0,0][0,0] visible=[0,0][0,168]
W/WindowManager(  295): Lst insets: content=[0,0][0,0] visible=[0,0][0,168]
W/WindowManager(  295): mSurface=Surface(name=org.test.hud_key_test/org.renpy.android.PythonActivity, identity=29)
W/WindowManager(  295): mDrawState=HAS_DRAWN mLastHidden=true
W/WindowManager(  295): Surface: shown=false layer=21025 alpha=1.0 rect=(0.0,0.0) 428.0 x 240.0
W/WindowManager(  295): Current app token list:
V/WindowManager(  295):   #2: Token{4169ee88 ActivityRecord{415aea00 com.reconinstruments.jetapplauncher/.applauncher.AppLauncherActivity}}
V/WindowManager(  295):   #1: Token{4153f158 ActivityRecord{41435af0 com.reconinstruments.itemhost/.ItemHostActivity}}
V/WindowManager(  295):   #0: Token{415fe2a8 ActivityRecord{41575648 com.reconinstruments.dashwarning/.WarningActivity}}
W/WindowManager(  295): Final window list:
V/WindowManager(  295):   #6: Window{415f5720 RecentsPanel paused=false}
V/WindowManager(  295):   #5: Window{41609bd8 StatusBar paused=false}
V/WindowManager(  295):   #4: Window{41661558 InputMethod paused=false}
V/WindowManager(  295):   #3: Window{41613108 com.reconinstruments.jetapplauncher/com.reconinstruments.jetapplauncher.applauncher.AppLauncherActivity paused=false}
V/WindowManager(  295):   #2: Window{416580f8 com.reconinstruments.itemhost/com.reconinstruments.itemhost.ItemHostActivity paused=false}
V/WindowManager(  295):   #1: Window{415a7170 com.reconinstruments.dashwarning/com.reconinstruments.dashwarning.WarningActivity paused=false}
V/WindowManager(  295):   #0: Window{415e3a20 com.android.systemui.ImageWallpaper paused=false}
I/WindowState(  295): WIN DEATH: Window{4164e558 SurfaceView paused=false}
I/WindowState(  295): WIN DEATH: Window{41643e40 org.test.hud_key_test/org.renpy.android.PythonActivity paused=false}
I/WindowManager(  295): WINDOW DIED Window{41643e40 org.test.hud_key_test/org.renpy.android.PythonActivity paused=false}
I/ActivityManager(  295): Force stopping package org.test.hud_key_test uid=10006
D/BackupManagerService(  295): Received broadcast Intent { act=android.intent.action.PACKAGE_REMOVED dat=package:org.test.hud_key_test flg=0x8000010 (has extras) }
V/BackupManagerService(  295): removePackageParticipantsLocked: uid=10006 #1
E/AndroidRuntime( 5620): FATAL EXCEPTION: IntentService[VoicemailCleanupService]
E/AndroidRuntime( 5620): java.lang.SecurityException: The caller must have permission: com.android.voicemail.permission.ADD_VOICEMAIL
E/AndroidRuntime( 5620): 	at com.android.providers.contacts.VoicemailPermissions.checkCallerHasOwnVoicemailAccess(VoicemailPermissions.java:52)
E/AndroidRuntime( 5620): 	at com.android.providers.contacts.VoicemailContentProvider.checkPermissionsAndCreateUriData(VoicemailContentProvider.java:299)
E/AndroidRuntime( 5620): 	at com.android.providers.contacts.VoicemailContentProvider.delete(VoicemailContentProvider.java:127)
E/AndroidRuntime( 5620): 	at android.content.ContentProvider$Transport.delete(ContentProvider.java:228)
E/AndroidRuntime( 5620): 	at android.content.ContentResolver.delete(ContentResolver.java:956)
E/AndroidRuntime( 5620): 	at com.android.providers.contacts.VoicemailCleanupService.handleIntentInternal(VoicemailCleanupService.java:51)
E/AndroidRuntime( 5620): 	at com.android.providers.contacts.VoicemailCleanupService.onHandleIntent(VoicemailCleanupService.java:40)
E/AndroidRuntime( 5620): 	at android.app.IntentService$ServiceHandler.handleMessage(IntentService.java:65)
E/AndroidRuntime( 5620): 	at android.os.Handler.dispatchMessage(Handler.java:99)
E/AndroidRuntime( 5620): 	at android.os.Looper.loop(Looper.java:137)
E/AndroidRuntime( 5620): 	at android.os.HandlerThread.run(HandlerThread.java:60)
W/InputMethodManagerService(  295): Found no subtypes in a system IME: com.reconinstruments.offsetkeyboard
I/ActivityManager(  295): Process android.process.acore (pid 5620) has died.
W/ActivityManager(  295): Scheduling restart of crashed service com.android.providers.contacts/.VoicemailCleanupService in 5000ms
W/ThrottleService(  295): unable to find stats for iface rmnet0
W/ActivityManager(  295): No content provider found for permission revoke: file:///data/local/tmp/HUDKeyTest-0.1-debug.apk
W/ActivityManager(  295): No content provider found for permission revoke: file:///data/local/tmp/HUDKeyTest-0.1-debug.apk
I/ActivityManager(  295): Force stopping package org.test.hud_key_test uid=10006
D/BackupManagerService(  295): Received broadcast Intent { act=android.intent.action.PACKAGE_ADDED dat=package:org.test.hud_key_test flg=0x8000010 (has extras) }
I/ActivityManager(  295): Start proc android.process.acore for broadcast com.android.providers.contacts/.PackageIntentReceiver: pid=6060 uid=10000 gids={3003, 1028}
V/BackupManagerService(  295): addPackageParticipantsLocked: #1
W/InputMethodManagerService(  295): Found no subtypes in a system IME: com.reconinstruments.offsetkeyboard
W/RecognitionManagerService(  295): no available voice recognition services found
I/ActivityManager(  295): START {act=com.reconinstruments.jetappsettings.apps cmp=com.reconinstruments.jetapplauncher/.applauncher.AppLauncherActivity u=0} from pid 958
I/NotificationService(  295): cancelToast pkg=com.reconinstruments.itemhost callback=android.app.ITransientNotification$Stub$Proxy@41577c08
W/NotificationService(  295): Toast already cancelled. pkg=com.reconinstruments.itemhost callback=android.app.ITransientNotification$Stub$Proxy@41577c08
I/ActivityManager(  295): START {act=android.intent.action.MAIN cat=[android.intent.category.LAUNCHER] flg=0x10200000 cmp=org.test.hud_key_test/org.renpy.android.PythonActivity u=0} from pid 651
I/ActivityManager(  295): Start proc org.test.hud_key_test:python for activity org.test.hud_key_test/org.renpy.android.PythonActivity: pid=6167 uid=10006 gids={1015, 1028}
I/WindowState(  295): WIN DEATH: Window{4166e950 SurfaceView paused=false}
I/ActivityManager(  295): Process org.test.hud_key_test:python (pid 6167) has died.
W/ActivityManager(  295): Force removing ActivityRecord{41687d00 org.test.hud_key_test/org.renpy.android.PythonActivity}: app died, no saved state
I/WindowState(  295): WIN DEATH: Window{41665658 org.test.hud_key_test/org.renpy.android.PythonActivity paused=false}
I/WindowManager(  295): WINDOW DIED Window{41665658 org.test.hud_key_test/org.renpy.android.PythonActivity paused=false}
W/InputMethodManagerService(  295): Got RemoteException sending setActive(false) notification to pid 6167 uid 10006
W/ThrottleService(  295): unable to find stats for iface rmnet0
I/ActivityManager(  295): START {act=android.intent.action.MAIN cat=[android.intent.category.LAUNCHER] flg=0x10200000 cmp=org.test.hud_key_test/org.renpy.android.PythonActivity u=0} from pid 651
I/ActivityManager(  295): Start proc org.test.hud_key_test:python for activity org.test.hud_key_test/org.renpy.android.PythonActivity: pid=6236 uid=10006 gids={1015, 1028}
W/ThrottleService(  295): unable to find stats for iface rmnet0
W/ThrottleService(  295): unable to find stats for iface rmnet0
W/SocketClient(  100): write error (Broken pipe)
I/ActivityManager(  295): Force stopping package org.test.hud_key_test uid=10006
I/ActivityManager(  295): Killing proc 6236:org.test.hud_key_test:python/u0a6: force stop
W/ActivityManager(  295): Force removing ActivityRecord{4160cec0 org.test.hud_key_test/org.renpy.android.PythonActivity}: app died, no saved state
W/WindowManager(  295): Rebuild removed 5 windows but added 3
W/WindowManager(  295): This window was lost: Window{416c3f98 SurfaceView paused=false}
W/WindowManager(  295): mSession=Session{4165f8d0 uid 10006} mClient=android.os.BinderProxy@415bb538
W/WindowManager(  295): mAttrs=WM.LayoutParams{(0,0)(428x240) gr=#33 ty=1001 fl=#4218 fmt=4}
W/WindowManager(  295): Requested w=428 h=240 mLayoutSeq=224
W/WindowManager(  295): mAttachedWindow=Window{41643fe0 org.test.hud_key_test/org.renpy.android.PythonActivity paused=false} mLayoutAttached=true
W/WindowManager(  295): mBaseLayer=21000 mSubLayer=-2 mAnimLayer=21020+0=21020 mLastLayer=21020
W/WindowManager(  295): mToken=WindowToken{4165f1f0 token=android.os.BinderProxy@4166fea0}
W/WindowManager(  295): mRootToken=AppWindowToken{4163a670 token=Token{416477d0 ActivityRecord{4160cec0 org.test.hud_key_test/org.renpy.android.PythonActivity}}}
W/WindowManager(  295): mAppToken=AppWindowToken{4163a670 token=Token{416477d0 ActivityRecord{4160cec0 org.test.hud_key_test/org.renpy.android.PythonActivity}}}
W/WindowManager(  295): mViewVisibility=0x0 mHaveFrame=true mObscured=false
W/WindowManager(  295): mSeq=0 mSystemUiVisibility=0x0
W/WindowManager(  295): mGivenContentInsets=[0,0][0,0] mGivenVisibleInsets=[0,0][0,0]
W/WindowManager(  295): mConfiguration={1.0 0mcc0mnc en_US sw240dp w428dp h208dp smll land -touch -keyb/v/h -nav/h s.3}
W/WindowManager(  295): mHasSurface=true mShownFrame=[0.0,0.0][428.0,240.0]
W/WindowManager(  295): mFrame=[0,0][428,240] last=[0,0][428,240]
W/WindowManager(  295): mSystemDecorRect=[0,0][428,240] last=[0,0][428,240]
W/WindowManager(  295): Frames: containing=[0,0][428,240] parent=[0,0][428,240] display=[-10000,-10000][10000,10000]
