I/python  ( 1190): self.user_data {100: {'markerStruct': {'paint_level': 70, 'batteries': [0], 'tank_pressure': 100}, 'posStruct': {'lat': '39.9559', 'planet': 'earth', 'altitude': 23, 'heading': 284, 'long': '-75.1896'}, 'uid': 100, 'name': 'test uid 100'}, 101: {'markerStruct': {'paint_level': 54, 'batteries': [0], 'tank_pressure': 89}, 'posStruct': {'lat': '39.9561', 'planet': 'earth', 'altitude': -84, 'heading': 11, 'long': '-75.189'}, 'uid': 101, 'name': 'test uid 101'}, 102: {'markerStruct': {'paint_level': 72, 'batteries': [0], 'tank_pressure': 20}, 'posStruct': {'lat': '39.9565', 'planet': 'earth', 'altitude': 60, 'heading': 346, 'long': '-75.1904'}, 'uid': 102, 'name': 'test uid 102'}}
I/python  ( 1190): 1462217217.41 Drawing scope_canvas...
I/python  ( 1190): uid_me:  100
I/python  ( 1190): Bearing = 66.4977207828
I/python  ( 1190): Trying to draw user...
I/python  ( 1190): Done drawing user icon
I/python  ( 1190): Bearing = 314.375555026
I/python  ( 1190): Trying to draw user...
I/python  ( 1190): Done drawing user icon
I/python  ( 1190): Painted Users:  True
I/python  ( 1190): 1462217218.2 Done
I/python  ( 1190): Inside updateDisplay
I/python  ( 1190): Trying to draw user...
I/python  ( 1190): Done drawing user icon
I/python  ( 1190): 1462217218.28 Starting...
I/python  ( 1190): Building position update message...
I/python  ( 1190): 1462217218.4 Requesting list of users...
I/python  ( 1190): User List Not Found...
I/python  ( 1190): Dumping:
I/python  ( 1190): {'self.in_json_obj': {}, 'self.users': {100: {'markerStruct': {'paint_level': 70, 'batteries': [0], 'tank_pressure': 100}, 'posStruct': {'lat': '39.9559', 'planet': 'earth', 'altitude': 23, 'heading': 284, 'long': '-75.1896'}, 'uid': 100, 'name': 'test uid 100'}, 101: {'markerStruct': {'paint_level': 54, 'batteries': [0], 'tank_pressure': 89}, 'posStruct': {'lat': '39.9561', 'planet': 'earth', 'altitude': -84, 'heading': 11, 'long': '-75.189'}, 'uid': 101, 'name': 'test uid 101'}, 102: {'markerStruct': {'paint_level': 72, 'batteries': [0], 'tank_pressure': 20}, 'posStruct': {'lat': '39.9565', 'planet': 'earth', 'altitude': 60, 'heading': 346, 'long': '-75.1904'}, 'uid': 102, 'name': 'test uid 102'}}, 'self.log_file': 'gui_dump.log', 'dump_timestamp': 'EUS 2016-05-02 14:26:58.585579', 'self.errors': {}, 'self.out_json_obj': {}}
I/python  ( 1190): Original myUID:  100
I/python  ( 1190): Dummy myUID:  100
I/python  ( 1190): self.user_data {100: {'markerStruct': {'paint_level': 20, 'batteries': [0], 'tank_pressure': 25}, 'posStruct': {'lat': '39.9571', 'planet': 'earth', 'altitude': 76, 'heading': 3, 'long': '-75.1905'}, 'uid': 100, 'name': 'test uid 100'}, 101: {'markerStruct': {'paint_level': 69, 'batteries': [0], 'tank_pressure': 40}, 'posStruct': {'lat': '39.956', 'planet': 'earth', 'altitude': 62, 'heading': 155, 'long': '-75.1909'}, 'uid': 101, 'name': 'test uid 101'}, 102: {'markerStruct': {'paint_level': 12, 'batteries': [0], 'tank_pressure': 14}, 'posStruct': {'lat': '39.9569', 'planet': 'earth', 'altitude': 41, 'heading': 117, 'long': '-75.1904'}, 'uid': 102, 'name': 'test uid 102'}}
I/python  ( 1190): 1462217218.67 Drawing scope_canvas...
I/python  ( 1190): uid_me:  100
I/python  ( 1190): Bearing = 195.575344544
I/python  ( 1190): Trying to draw user...
I/python  ( 1190): Done drawing user icon
I/python  ( 1190): Bearing = 159.029972225
I/python  ( 1190): Trying to draw user...
I/python  ( 1190): Done drawing user icon
I/python  ( 1190): Painted Users:  True
I/python  ( 1190): 1462217218.69 Done
I/python  ( 1190): Inside updateDisplay
I/python  ( 1190): Trying to draw user...
I/python  ( 1190): Done drawing user icon
I/python  ( 1190): 1462217219.28 Starting...
I/python  ( 1190): Building position update message...
I/python  ( 1190): 1462217219.43 Requesting list of users...
I/python  ( 1190): User List Not Found...
I/python  ( 1190): Dumping:
I/python  ( 1190): {'self.in_json_obj': {}, 'self.users': {100: {'markerStruct': {'paint_level': 20, 'batteries': [0], 'tank_pressure': 25}, 'posStruct': {'lat': '39.9571', 'planet': 'earth', 'altitude': 76, 'heading': 3, 'long': '-75.1905'}, 'uid': 100, 'name': 'test uid 100'}, 101: {'markerStruct': {'paint_level': 69, 'batteries': [0], 'tank_pressure': 40}, 'posStruct': {'lat': '39.956', 'planet': 'earth', 'altitude': 62, 'heading': 155, 'long': '-75.1909'}, 'uid': 101, 'name': 'test uid 101'}, 102: {'markerStruct': {'paint_level': 12, 'batteries': [0], 'tank_pressure': 14}, 'posStruct': {'lat': '39.9569', 'planet': 'earth', 'altitude': 41, 'heading': 117, 'long': '-75.1904'}, 'uid': 102, 'name': 'test uid 102'}}, 'self.log_file': 'gui_dump.log', 'dump_timestamp': 'EUS 2016-05-02 14:26:59.603005', 'self.errors': {}, 'self.out_json_obj': {}}
I/python  ( 1190): Original myUID:  100
I/python  ( 1190): Dummy myUID:  100
I/python  ( 1190): self.user_data {100: {'markerStruct': {'paint_level': 11, 'batteries': [0], 'tank_pressure': 23}, 'posStruct': {'lat': '39.9575', 'planet': 'earth', 'altitude': -11, 'heading': 340, 'long': '-75.1906'}, 'uid': 100, 'name': 'test uid 100'}, 101: {'markerStruct': {'paint_level': 42, 'batteries': [0], 'tank_pressure': 39}, 'posStruct': {'lat': '39.9562', 'planet': 'earth', 'altitude': -28, 'heading': 314, 'long': '-75.1898'}, 'uid': 101, 'name': 'test uid 101'}, 102: {'markerStruct': {'paint_level': 77, 'batteries': [0], 'tank_pressure': 32}, 'posStruct': {'lat': '39.9558', 'planet': 'earth', 'altitude': 87, 'heading': 275, 'long': '-75.1906'}, 'uid': 102, 'name': 'test uid 102'}}
I/python  ( 1190): 1462217219.98 Drawing scope_canvas...
I/python  ( 1190): uid_me:  100
I/python  ( 1190): Bearing = 154.746035152
I/python  ( 1190): Trying to draw user...
I/python  ( 1190): Done drawing user icon
I/python  ( 1190): Bearing = 180.0
I/python  ( 1190): Trying to draw user...
I/python  ( 1190): Done drawing user icon
I/python  ( 1190): Painted Users:  True
I/python  ( 1190): 1462217220.0 Done
I/python  ( 1190): Inside updateDisplay
I/python  ( 1190): Trying to draw user...
I/python  ( 1190): Done drawing user icon
I/python  ( 1190): 1462217220.4 Starting...
D/skia    ( 6933): SkGraphics::Init() - BLTsville (CPU) dlopen success
D/AndroidRuntime( 6933): 
D/AndroidRuntime( 6933): >>>>>> AndroidRuntime START com.android.internal.os.RuntimeInit <<<<<<
D/AndroidRuntime( 6933): CheckJNI is OFF
D/dalvikvm( 6933): Trying to load lib libjavacore.so 0x0
D/dalvikvm( 6933): Added shared lib libjavacore.so 0x0
D/dalvikvm( 6933): Trying to load lib libnativehelper.so 0x0
D/dalvikvm( 6933): Added shared lib libnativehelper.so 0x0
I/python  ( 1190): Building position update message...
I/python  ( 1190): 1462217220.63 Requesting list of users...
I/python  ( 1190): User List Not Found...
I/python  ( 1190): Dumping:
I/python  ( 1190): {'self.in_json_obj': {}, 'self.users': {100: {'markerStruct': {'paint_level': 11, 'batteries': [0], 'tank_pressure': 23}, 'posStruct': {'lat': '39.9575', 'planet': 'earth', 'altitude': -11, 'heading': 340, 'long': '-75.1906'}, 'uid': 100, 'name': 'test uid 100'}, 101: {'markerStruct': {'paint_level': 42, 'batteries': [0], 'tank_pressure': 39}, 'posStruct': {'lat': '39.9562', 'planet': 'earth', 'altitude': -28, 'heading': 314, 'long': '-75.1898'}, 'uid': 101, 'name': 'test uid 101'}, 102: {'markerStruct': {'paint_level': 77, 'batteries': [0], 'tank_pressure': 32}, 'posStruct': {'lat': '39.9558', 'planet': 'earth', 'altitude': 87, 'heading': 275, 'long': '-75.1906'}, 'uid': 102, 'name': 'test uid 102'}}, 'self.log_file': 'gui_dump.log', 'dump_timestamp': 'EUS 2016-05-02 14:27:00.687142', 'self.errors': {}, 'self.out_json_obj': {}}
D/AndroidRuntime( 6933): Calling main entry com.android.commands.input.Input
I/Input   ( 6933): InjectKeyEvent: KeyEvent { action=ACTION_DOWN, keyCode=KEYCODE_DPAD_CENTER, scanCode=0, metaState=0, flags=0x0, repeatCount=0, eventTime=740807, downTime=740807, deviceId=-1, source=0x101 }
I/Input   ( 6933): InjectKeyEvent: KeyEvent { action=ACTION_UP, keyCode=KEYCODE_DPAD_CENTER, scanCode=0, metaState=0, flags=0x0, repeatCount=0, eventTime=740807, downTime=740807, deviceId=-1, source=0x101 }
D/AndroidRuntime( 6933): Shutting down VM
I/AndroidRuntime( 6933): NOTE: attach of thread 'Binder_3' failed
I/python  ( 1190): Original myUID:  100
I/python  ( 1190): Dummy myUID:  100
I/python  ( 1190): self.user_data {100: {'markerStruct': {'paint_level': 58, 'batteries': [0], 'tank_pressure': 21}, 'posStruct': {'lat': '39.9564', 'planet': 'earth', 'altitude': -35, 'heading': 156, 'long': '-75.1909'}, 'uid': 100, 'name': 'test uid 100'}, 101: {'markerStruct': {'paint_level': 91, 'batteries': [0], 'tank_pressure': 46}, 'posStruct': {'lat': '39.9576', 'planet': 'earth', 'altitude': 70, 'heading': 39, 'long': '-75.1891'}, 'uid': 101, 'name': 'test uid 101'}, 102: {'markerStruct': {'paint_level': 10, 'batteries': [0], 'tank_pressure': 2}, 'posStruct': {'lat': '39.9567', 'planet': 'earth', 'altitude': 48, 'heading': 86, 'long': '-75.1897'}, 'uid': 102, 'name': 'test uid 102'}}
I/python  ( 1190): 1462217220.91 Drawing scope_canvas...
I/python  ( 1190): uid_me:  100
I/python  ( 1190): Bearing = 48.9851526899
I/python  ( 1190): Trying to draw user...
D/skia    ( 6933): SkGraphics::Term() dlclose() BLTsville (CPU) 
I/python  ( 1190): Done drawing user icon
I/python  ( 1190): Bearing = 71.936168813
I/python  ( 1190): Trying to draw user...
I/python  ( 1190): Done drawing user icon
I/python  ( 1190): Painted Users:  True
I/python  ( 1190): 1462217220.96 Done
I/python  ( 1190): ('The key', 13, 'have been pressed')
I/python  ( 1190):  - text is 23
I/python  ( 1190):  - modifiers are []
I/python  ( 1190): Issue adjusting the zoom level
I/python  ( 1190): uid ind/total:  1 3
I/python  ( 1190): Inside updateDisplay
I/python  ( 1190): Trying to draw user...
I/python  ( 1190): Done drawing user icon
I/python  ( 1190): 1462217221.29 Starting...
I/python  ( 1190): Building position update message...
I/python  ( 1190): 1462217221.41 Requesting list of users...
I/python  ( 1190): User List Not Found...
I/python  ( 1190): Dumping:
I/python  ( 1190): {'self.in_json_obj': {}, 'self.users': {100: {'markerStruct': {'paint_level': 58, 'batteries': [0], 'tank_pressure': 21}, 'posStruct': {'lat': '39.9564', 'planet': 'earth', 'altitude': -35, 'heading': 156, 'long': '-75.1909'}, 'uid': 100, 'name': 'test uid 100'}, 101: {'markerStruct': {'paint_level': 91, 'batteries': [0], 'tank_pressure': 46}, 'posStruct': {'lat': '39.9576', 'planet': 'earth', 'altitude': 70, 'heading': 39, 'long': '-75.1891'}, 'uid': 101, 'name': 'test uid 101'}, 102: {'markerStruct': {'paint_level': 10, 'batteries': [0], 'tank_pressure': 2}, 'posStruct': {'lat': '39.9567', 'planet': 'earth', 'altitude': 48, 'heading': 86, 'long': '-75.1897'}, 'uid': 102, 'name': 'test uid 102'}}, 'self.log_file': 'gui_dump.log', 'dump_timestamp': 'EUS 2016-05-02 14:27:01.770791', 'self.errors': {}, 'self.out_json_obj': {}}
I/python  ( 1190): Original myUID:  101
I/python  ( 1190): Dummy myUID:  101
I/python  ( 1190): self.user_data {100: {'markerStruct': {'paint_level': 66, 'batteries': [0], 'tank_pressure': 96}, 'posStruct': {'lat': '39.9559', 'planet': 'earth', 'altitude': -47, 'heading': 6, 'long': '-75.1903'}, 'uid': 100, 'name': 'test uid 100'}, 101: {'markerStruct': {'paint_level': 78, 'batteries': [0], 'tank_pressure': 48}, 'posStruct': {'lat': '39.9556', 'planet': 'earth', 'altitude': 89, 'heading': 314, 'long': '-75.1899'}, 'uid': 101, 'name': 'test uid 101'}, 102: {'markerStruct': {'paint_level': 46, 'batteries': [0], 'tank_pressure': 82}, 'posStruct': {'lat': '39.9575', 'planet': 'earth', 'altitude': -59, 'heading': 197, 'long': '-75.1902'}, 'uid': 102, 'name': 'test uid 102'}}
I/python  ( 1190): 1462217221.79 Drawing scope_canvas...
I/python  ( 1190): uid_me:  101
I/python  ( 1190): Bearing = 314.375238127
I/python  ( 1190): Trying to draw user...
I/python  ( 1190): Done drawing user icon
I/python  ( 1190): Bearing = 353.099078719
I/python  ( 1190): Trying to draw user...
I/python  ( 1190): Done drawing user icon
I/python  ( 1190): Painted Users:  True
I/python  ( 1190): 1462217221.81 Done
I/python  ( 1190): Inside updateDisplay
I/python  ( 1190): Trying to draw user...
I/python  ( 1190): Done drawing user icon
I/python  ( 1190): 1462217222.3 Starting...
I/python  ( 1190): Building position update message...
I/python  ( 1190): 1462217222.44 Requesting list of users...
I/python  ( 1190): User List Not Found...
I/python  ( 1190): Dumping:
I/python  ( 1190): {'self.in_json_obj': {}, 'self.users': {100: {'markerStruct': {'paint_level': 66, 'batteries': [0], 'tank_pressure': 96}, 'posStruct': {'lat': '39.9559', 'planet': 'earth', 'altitude': -47, 'heading': 6, 'long': '-75.1903'}, 'uid': 100, 'name': 'test uid 100'}, 101: {'markerStruct': {'paint_level': 78, 'batteries': [0], 'tank_pressure': 48}, 'posStruct': {'lat': '39.9556', 'planet': 'earth', 'altitude': 89, 'heading': 314, 'long': '-75.1899'}, 'uid': 101, 'name': 'test uid 101'}, 102: {'markerStruct': {'paint_level': 46, 'batteries': [0], 'tank_pressure': 82}, 'posStruct': {'lat': '39.9575', 'planet': 'earth', 'altitude': -59, 'heading': 197, 'long': '-75.1902'}, 'uid': 102, 'name': 'test uid 102'}}, 'self.log_file': 'gui_dump.log', 'dump_timestamp': 'EUS 2016-05-02 14:27:02.702034', 'self.errors': {}, 'self.out_json_obj': {}}
I/python  ( 1190): Original myUID:  101
I/python  ( 1190): Dummy myUID:  101
I/python  ( 1190): self.user_data {100: {'markerStruct': {'paint_level': 100, 'batteries': [0], 'tank_pressure': 37}, 'posStruct': {'lat': '39.9558', 'planet': 'earth', 'altitude': 69, 'heading': 267, 'long': '-75.1889'}, 'uid': 100, 'name': 'test uid 100'}, 101: {'markerStruct': {'paint_level': 13, 'batteries': [0], 'tank_pressure': 3}, 'posStruct': {'lat': '39.9558', 'planet': 'earth', 'altitude': -81, 'heading': 359, 'long': '-75.1901'}, 'uid': 101, 'name': 'test uid 101'}, 102: {'markerStruct': {'paint_level': 6, 'batteries': [0], 'tank_pressure': 86}, 'posStruct': {'lat': '39.9558', 'planet': 'earth', 'altitude': 66, 'heading': 180, 'long': '-75.1909'}, 'uid': 102, 'name': 'test uid 102'}}
I/python  ( 1190): 1462217222.85 Drawing scope_canvas...
I/python  ( 1190): uid_me:  101
I/python  ( 1190): Bearing = 89.9996146821
I/python  ( 1190): Trying to draw user...
I/python  ( 1190): Done drawing user icon
I/python  ( 1190): Bearing = 270.000256879
I/python  ( 1190): Trying to draw user...
I/python  ( 1190): Done drawing user icon
I/python  ( 1190): Painted Users:  True
I/python  ( 1190): 1462217222.87 Done
I/python  ( 1190): Inside updateDisplay
I/python  ( 1190): Trying to draw user...
I/python  ( 1190): Done drawing user icon
I/python  ( 1190): 1462217223.32 Starting...
I/python  ( 1190): Building position update message...
I/python  ( 1190): 1462217223.48 Requesting list of users...
I/python  ( 1190): User List Not Found...
I/python  ( 1190): Dumping:
I/python  ( 1190): {'self.in_json_obj': {}, 'self.users': {100: {'markerStruct': {'paint_level': 100, 'batteries': [0], 'tank_pressure': 37}, 'posStruct': {'lat': '39.9558', 'planet': 'earth', 'altitude': 69, 'heading': 267, 'long': '-75.1889'}, 'uid': 100, 'name': 'test uid 100'}, 101: {'markerStruct': {'paint_level': 13, 'batteries': [0], 'tank_pressure': 3}, 'posStruct': {'lat': '39.9558', 'planet': 'earth', 'altitude': -81, 'heading': 359, 'long': '-75.1901'}, 'uid': 101, 'name': 'test uid 101'}, 102: {'markerStruct': {'paint_level': 6, 'batteries': [0], 'tank_pressure': 86}, 'posStruct': {'lat': '39.9558', 'planet': 'earth', 'altitude': 66, 'heading': 180, 'long': '-75.1909'}, 'uid': 102, 'name': 'test uid 102'}}, 'self.log_file': 'gui_dump.log', 'dump_timestamp': 'EUS 2016-05-02 14:27:03.838814', 'self.errors': {}, 'self.out_json_obj': {}}
I/python  ( 1190): Original myUID:  101
I/python  ( 1190): Dummy myUID:  101
I/python  ( 1190): self.user_data {100: {'markerStruct': {'paint_level': 55, 'batteries': [0], 'tank_pressure': 62}, 'posStruct': {'lat': '39.956', 'planet': 'earth', 'altitude': -84, 'heading': 324, 'long': '-75.1893'}, 'uid': 100, 'name': 'test uid 100'}, 101: {'markerStruct': {'paint_level': 10, 'batteries': [0], 'tank_pressure': 73}, 'posStruct': {'lat': '39.9573', 'planet': 'earth', 'altitude': -97, 'heading': 17, 'long': '-75.1892'}, 'uid': 101, 'name': 'test uid 101'}, 102: {'markerStruct': {'paint_level': 85, 'batteries': [0], 'tank_pressure': 99}, 'posStruct': {'lat': '39.957', 'planet': 'earth', 'altitude': -19, 'heading': 110, 'long': '-75.1898'}, 'uid': 102, 'name': 'test uid 102'}}
I/python  ( 1190): 1462217223.88 Drawing scope_canvas...
I/python  ( 1190): uid_me:  101
I/python  ( 1190): Bearing = 183.374506989
I/python  ( 1190): Trying to draw user...
I/python  ( 1190): Done drawing user icon
I/python  ( 1190): Bearing = 236.884004155
I/python  ( 1190): Trying to draw user...
I/python  ( 1190): Done drawing user icon
I/python  ( 1190): Painted Users:  True
I/python  ( 1190): 1462217223.91 Done
I/python  ( 1190): Inside updateDisplay
I/python  ( 1190): Trying to draw user...
I/python  ( 1190): Done drawing user icon
I/python  ( 1190): 1462217224.37 Starting...
I/python  ( 1190): Building position update message...
I/python  ( 1190): 1462217224.54 Requesting list of users...
I/python  ( 1190): User List Not Found...
I/python  ( 1190): Dumping:
I/python  ( 1190): {'self.in_json_obj': {}, 'self.users': {100: {'markerStruct': {'paint_level': 55, 'batteries': [0], 'tank_pressure': 62}, 'posStruct': {'lat': '39.956', 'planet': 'earth', 'altitude': -84, 'heading': 324, 'long': '-75.1893'}, 'uid': 100, 'name': 'test uid 100'}, 101: {'markerStruct': {'paint_level': 10, 'batteries': [0], 'tank_pressure': 73}, 'posStruct': {'lat': '39.9573', 'planet': 'earth', 'altitude': -97, 'heading': 17, 'long': '-75.1892'}, 'uid': 101, 'name': 'test uid 101'}, 102: {'markerStruct': {'paint_level': 85, 'batteries': [0], 'tank_pressure': 99}, 'posStruct': {'lat': '39.957', 'planet': 'earth', 'altitude': -19, 'heading': 110, 'long': '-75.1898'}, 'uid': 102, 'name': 'test uid 102'}}, 'self.log_file': 'gui_dump.log', 'dump_timestamp': 'EUS 2016-05-02 14:27:04.904030', 'self.errors': {}, 'self.out_json_obj': {}}
I/python  ( 1190): Original myUID:  101
I/python  ( 1190): Dummy myUID:  101
I/python  ( 1190): self.user_data {100: {'markerStruct': {'paint_level': 67, 'batteries': [0], 'tank_pressure': 58}, 'posStruct': {'lat': '39.9562', 'planet': 'earth', 'altitude': -79, 'heading': 253, 'long': '-75.1896'}, 'uid': 100, 'name': 'test uid 100'}, 101: {'markerStruct': {'paint_level': 21, 'batteries': [0], 'tank_pressure': 67}, 'posStruct': {'lat': '39.9558', 'planet': 'earth', 'altitude': -76, 'heading': 356, 'long': '-75.1905'}, 'uid': 101, 'name': 'test uid 101'}, 102: {'markerStruct': {'paint_level': 56, 'batteries': [0], 'tank_pressure': 82}, 'posStruct': {'lat': '39.9575', 'planet': 'earth', 'altitude': -48, 'heading': 206, 'long': '-75.1906'}, 'uid': 102, 'name': 'test uid 102'}}
I/python  ( 1190): 1462217224.94 Drawing scope_canvas...
I/python  ( 1190): uid_me:  101
I/python  ( 1190): Bearing = 59.8942286108
I/python  ( 1190): Trying to draw user...
I/python  ( 1190): Done drawing user icon
I/python  ( 1190): Bearing = 357.418312228
I/python  ( 1190): Trying to draw user...
I/python  ( 1190): Done drawing user icon
I/python  ( 1190): Painted Users:  True
I/python  ( 1190): 1462217224.97 Done
I/python  ( 1190): Inside updateDisplay
I/python  ( 1190): Trying to draw user...
I/python  ( 1190): Done drawing user icon
I/python  ( 1190): 1462217225.43 Starting...
I/python  ( 1190): Building position update message...
I/python  ( 1190): 1462217225.61 Requesting list of users...
I/python  ( 1190): User List Not Found...
I/python  ( 1190): Dumping:
I/python  ( 1190): {'self.in_json_obj': {}, 'self.users': {100: {'markerStruct': {'paint_level': 67, 'batteries': [0], 'tank_pressure': 58}, 'posStruct': {'lat': '39.9562', 'planet': 'earth', 'altitude': -79, 'heading': 253, 'long': '-75.1896'}, 'uid': 100, 'name': 'test uid 100'}, 101: {'markerStruct': {'paint_level': 21, 'batteries': [0], 'tank_pressure': 67}, 'posStruct': {'lat': '39.9558', 'planet': 'earth', 'altitude': -76, 'heading': 356, 'long': '-75.1905'}, 'uid': 101, 'name': 'test uid 101'}, 102: {'markerStruct': {'paint_level': 56, 'batteries': [0], 'tank_pressure': 82}, 'posStruct': {'lat': '39.9575', 'planet': 'earth', 'altitude': -48, 'heading': 206, 'long': '-75.1906'}, 'uid': 102, 'name': 'test uid 102'}}, 'self.log_file': 'gui_dump.log', 'dump_timestamp': 'EUS 2016-05-02 14:27:05.971993', 'self.errors': {}, 'self.out_json_obj': {}}
I/python  ( 1190): Original myUID:  101
I/python  ( 1190): Dummy myUID:  101
I/python  ( 1190): self.user_data {100: {'markerStruct': {'paint_level': 94, 'batteries': [0], 'tank_pressure': 25}, 'posStruct': {'lat': '39.956', 'planet': 'earth', 'altitude': 72, 'heading': 282, 'long': '-75.1905'}, 'uid': 100, 'name': 'test uid 100'}, 101: {'markerStruct': {'paint_level': 64, 'batteries': [0], 'tank_pressure': 58}, 'posStruct': {'lat': '39.9574', 'planet': 'earth', 'altitude': 99, 'heading': 321, 'long': '-75.1905'}, 'uid': 101, 'name': 'test uid 101'}, 102: {'markerStruct': {'paint_level': 68, 'batteries': [0], 'tank_pressure': 18}, 'posStruct': {'lat': '39.9559', 'planet': 'earth', 'altitude': -15, 'heading': 257, 'long': '-75.1892'}, 'uid': 102, 'name': 'test uid 102'}}
I/python  ( 1190): 1462217226.01 Drawing scope_canvas...
I/python  ( 1190): uid_me:  101
I/python  ( 1190): Bearing = 180.0
I/python  ( 1190): Trying to draw user...
I/python  ( 1190): Done drawing user icon
I/python  ( 1190): Bearing = 146.402441781
I/python  ( 1190): Trying to draw user...
I/python  ( 1190): Done drawing user icon
I/python  ( 1190): Painted Users:  True
I/python  ( 1190): 1462217226.04 Done
I/python  ( 1190): Inside updateDisplay
I/python  ( 1190): Trying to draw user...
I/python  ( 1190): Done drawing user icon
I/python  ( 1190): 1462217226.5 Starting...
I/python  ( 1190): Building position update message...
I/python  ( 1190): 1462217226.75 Requesting list of users...
I/python  ( 1190): User List Not Found...
I/python  ( 1190): Dumping:
I/python  ( 1190): {'self.in_json_obj': {}, 'self.users': {100: {'markerStruct': {'paint_level': 94, 'batteries': [0], 'tank_pressure': 25}, 'posStruct': {'lat': '39.956', 'planet': 'earth', 'altitude': 72, 'heading': 282, 'long': '-75.1905'}, 'uid': 100, 'name': 'test uid 100'}, 101: {'markerStruct': {'paint_level': 64, 'batteries': [0], 'tank_pressure': 58}, 'posStruct': {'lat': '39.9574', 'planet': 'earth', 'altitude': 99, 'heading': 321, 'long': '-75.1905'}, 'uid': 101, 'name': 'test uid 101'}, 102: {'markerStruct': {'paint_level': 68, 'batteries': [0], 'tank_pressure': 18}, 'posStruct': {'lat': '39.9559', 'planet': 'earth', 'altitude': -15, 'heading': 257, 'long': '-75.1892'}, 'uid': 102, 'name': 'test uid 102'}}, 'self.log_file': 'gui_dump.log', 'dump_timestamp': 'EUS 2016-05-02 14:27:07.117836', 'self.errors': {}, 'self.out_json_obj': {}}
I/python  ( 1190): Original myUID:  101
I/python  ( 1190): Dummy myUID:  101
I/python  ( 1190): self.user_data {100: {'markerStruct': {'paint_level': 43, 'batteries': [0], 'tank_pressure': 42}, 'posStruct': {'lat': '39.9568', 'planet': 'earth', 'altitude': -11, 'heading': 340, 'long': '-75.1895'}, 'uid': 100, 'name': 'test uid 100'}, 101: {'markerStruct': {'paint_level': 49, 'batteries': [0], 'tank_pressure': 29}, 'posStruct': {'lat': '39.9561', 'planet': 'earth', 'altitude': 27, 'heading': 279, 'long': '-75.1897'}, 'uid': 101, 'name': 'test uid 101'}, 102: {'markerStruct': {'paint_level': 72, 'batteries': [0], 'tank_pressure': 39}, 'posStruct': {'lat': '39.9574', 'planet': 'earth', 'altitude': -88, 'heading': 147, 'long': '-75.1893'}, 'uid': 102, 'name': 'test uid 102'}}
I/python  ( 1190): 1462217227.14 Drawing scope_canvas...
I/python  ( 1190): uid_me:  101
I/python  ( 1190): Bearing = 12.3532045167
I/python  ( 1190): Trying to draw user...
I/python  ( 1190): Done drawing user icon
I/python  ( 1190): Bearing = 13.2708494819
I/python  ( 1190): Trying to draw user...
I/python  ( 1190): Done drawing user icon
I/python  ( 1190): Painted Users:  True
I/python  ( 1190): 1462217227.17 Done
I/python  ( 1190): Inside updateDisplay
I/python  ( 1190): Trying to draw user...
I/python  ( 1190): Done drawing user icon
I/python  ( 1190): 1462217227.62 Starting...
I/python  ( 1190): Building position update message...
I/python  ( 1190): 1462217227.82 Requesting list of users...
I/python  ( 1190): User List Not Found...
I/python  ( 1190): Dumping:
I/python  ( 1190): {'self.in_json_obj': {}, 'self.users': {100: {'markerStruct': {'paint_level': 43, 'batteries': [0], 'tank_pressure': 42}, 'posStruct': {'lat': '39.9568', 'planet': 'earth', 'altitude': -11, 'heading': 340, 'long': '-75.1895'}, 'uid': 100, 'name': 'test uid 100'}, 101: {'markerStruct': {'paint_level': 49, 'batteries': [0], 'tank_pressure': 29}, 'posStruct': {'lat': '39.9561', 'planet': 'earth', 'altitude': 27, 'heading': 279, 'long': '-75.1897'}, 'uid': 101, 'name': 'test uid 101'}, 102: {'markerStruct': {'paint_level': 72, 'batteries': [0], 'tank_pressure': 39}, 'posStruct': {'lat': '39.9574', 'planet': 'earth', 'altitude': -88, 'heading': 147, 'long': '-75.1893'}, 'uid': 102, 'name': 'test uid 102'}}, 'self.log_file': 'gui_dump.log', 'dump_timestamp': 'EUS 2016-05-02 14:27:08.184761', 'self.errors': {}, 'self.out_json_obj': {}}
I/python  ( 1190): Original myUID:  101
I/python  ( 1190): Dummy myUID:  101
I/python  ( 1190): self.user_data {100: {'markerStruct': {'paint_level': 46, 'batteries': [0], 'tank_pressure': 73}, 'posStruct': {'lat': '39.9564', 'planet': 'earth', 'altitude': 99, 'heading': 67, 'long': '-75.1904'}, 'uid': 100, 'name': 'test uid 100'}, 101: {'markerStruct': {'paint_level': 85, 'batteries': [0], 'tank_pressure': 58}, 'posStruct': {'lat': '39.9569', 'planet': 'earth', 'altitude': 71, 'heading': 246, 'long': '-75.1892'}, 'uid': 101, 'name': 'test uid 101'}, 102: {'markerStruct': {'paint_level': 35, 'batteries': [0], 'tank_pressure': 43}, 'posStruct': {'lat': '39.9575', 'planet': 'earth', 'altitude': -72, 'heading': 277, 'long': '-75.1897'}, 'uid': 102, 'name': 'test uid 102'}}
I/python  ( 1190): 1462217228.24 Drawing scope_canvas...
I/python  ( 1190): uid_me:  101
I/python  ( 1190): Bearing = 241.472998437
I/python  ( 1190): Trying to draw user...
I/python  ( 1190): Done drawing user icon
I/python  ( 1190): Bearing = 327.430927711
I/python  ( 1190): Trying to draw user...
I/python  ( 1190): Done drawing user icon
I/python  ( 1190): Painted Users:  True
I/python  ( 1190): 1462217228.27 Done
I/python  ( 1190): Inside updateDisplay
I/python  ( 1190): Trying to draw user...
I/python  ( 1190): Done drawing user icon
I/python  ( 1190): 1462217228.64 Starting...
I/python  ( 1190): Building position update message...
I/python  ( 1190): 1462217228.96 Requesting list of users...
I/python  ( 1190): User List Not Found...
I/python  ( 1190): Dumping:
I/python  ( 1190): {'self.in_json_obj': {}, 'self.users': {100: {'markerStruct': {'paint_level': 46, 'batteries': [0], 'tank_pressure': 73}, 'posStruct': {'lat': '39.9564', 'planet': 'earth', 'altitude': 99, 'heading': 67, 'long': '-75.1904'}, 'uid': 100, 'name': 'test uid 100'}, 101: {'markerStruct': {'paint_level': 85, 'batteries': [0], 'tank_pressure': 58}, 'posStruct': {'lat': '39.9569', 'planet': 'earth', 'altitude': 71, 'heading': 246, 'long': '-75.1892'}, 'uid': 101, 'name': 'test uid 101'}, 102: {'markerStruct': {'paint_level': 35, 'batteries': [0], 'tank_pressure': 43}, 'posStruct': {'lat': '39.9575', 'planet': 'earth', 'altitude': -72, 'heading': 277, 'long': '-75.1897'}, 'uid': 102, 'name': 'test uid 102'}}, 'self.log_file': 'gui_dump.log', 'dump_timestamp': 'EUS 2016-05-02 14:27:09.139870', 'self.errors': {}, 'self.out_json_obj': {}}
I/python  ( 1190): Original myUID:  101
I/python  ( 1190): Dummy myUID:  101
I/python  ( 1190): self.user_data {100: {'markerStruct': {'paint_level': 99, 'batteries': [0], 'tank_pressure': 36}, 'posStruct': {'lat': '39.9561', 'planet': 'earth', 'altitude': 25, 'heading': 9, 'long': '-75.1907'}, 'uid': 100, 'name': 'test uid 100'}, 101: {'markerStruct': {'paint_level': 96, 'batteries': [0], 'tank_pressure': 10}, 'posStruct': {'lat': '39.9569', 'planet': 'earth', 'altitude': -46, 'heading': 263, 'long': '-75.19'}, 'uid': 101, 'name': 'test uid 101'}, 102: {'markerStruct': {'paint_level': 14, 'batteries': [0], 'tank_pressure': 85}, 'posStruct': {'lat': '39.9576', 'planet': 'earth', 'altitude': 91, 'heading': 138, 'long': '-75.1901'}, 'uid': 102, 'name': 'test uid 102'}}
I/python  ( 1190): 1462217229.17 Drawing scope_canvas...
I/python  ( 1190): uid_me:  101
I/python  ( 1190): Bearing = 213.85060284
I/python  ( 1190): Trying to draw user...
I/python  ( 1190): Done drawing user icon
I/python  ( 1190): Bearing = 353.750847796
I/python  ( 1190): Trying to draw user...
I/python  ( 1190): Done drawing user icon
I/python  ( 1190): Painted Users:  True
I/python  ( 1190): 1462217229.21 Done
I/python  ( 1190): Inside updateDisplay
I/python  ( 1190): Trying to draw user...
I/python  ( 1190): Done drawing user icon
I/python  ( 1190): 1462217229.8 Starting...
I/python  ( 1190): Building position update message...
I/python  ( 1190): 1462217230.13 Requesting list of users...
I/python  ( 1190): User List Not Found...
I/python  ( 1190): Dumping:
I/python  ( 1190): {'self.in_json_obj': {}, 'self.users': {100: {'markerStruct': {'paint_level': 99, 'batteries': [0], 'tank_pressure': 36}, 'posStruct': {'lat': '39.9561', 'planet': 'earth', 'altitude': 25, 'heading': 9, 'long': '-75.1907'}, 'uid': 100, 'name': 'test uid 100'}, 101: {'markerStruct': {'paint_level': 96, 'batteries': [0], 'tank_pressure': 10}, 'posStruct': {'lat': '39.9569', 'planet': 'earth', 'altitude': -46, 'heading': 263, 'long': '-75.19'}, 'uid': 101, 'name': 'test uid 101'}, 102: {'markerStruct': {'paint_level': 14, 'batteries': [0], 'tank_pressure': 85}, 'posStruct': {'lat': '39.9576', 'planet': 'earth', 'altitude': 91, 'heading': 138, 'long': '-75.1901'}, 'uid': 102, 'name': 'test uid 102'}}, 'self.log_file': 'gui_dump.log', 'dump_timestamp': 'EUS 2016-05-02 14:27:11.536446', 'self.errors': {}, 'self.out_json_obj': {}}
I/python  ( 1190): Original myUID:  101
I/python  ( 1190): Dummy myUID:  101
I/python  ( 1190): self.user_data {100: {'markerStruct': {'paint_level': 85, 'batteries': [0], 'tank_pressure': 61}, 'posStruct': {'lat': '39.9566', 'planet': 'earth', 'altitude': -57, 'heading': 336, 'long': '-75.1889'}, 'uid': 100, 'name': 'test uid 100'}, 101: {'markerStruct': {'paint_level': 77, 'batteries': [0], 'tank_pressure': 43}, 'posStruct': {'lat': '39.9575', 'planet': 'earth', 'altitude': 84, 'heading': 134, 'long': '-75.1895'}, 'uid': 101, 'name': 'test uid 101'}, 102: {'markerStruct': {'paint_level': 78, 'batteries': [0], 'tank_pressure': 94}, 'posStruct': {'lat': '39.9575', 'planet': 'earth', 'altitude': 97, 'heading': 197, 'long': '-75.1896'}, 'uid': 102, 'name': 'test uid 102'}}
I/python  ( 1190): 1462217231.56 Drawing scope_canvas...
I/python  ( 1190): uid_me:  101
I/python  ( 1190): Bearing = 152.931985198
I/python  ( 1190): Trying to draw user...
I/python  ( 1190): Done drawing user icon
I/python  ( 1190): Bearing = 270.000032111
I/python  ( 1190): Trying to draw user...
I/python  ( 1190): Done drawing user icon
I/python  ( 1190): Painted Users:  True
I/python  ( 1190): 1462217231.58 Done
I/python  ( 1190): Inside updateDisplay
I/python  ( 1190): Trying to draw user...
I/python  ( 1190): Done drawing user icon
I/python  ( 1190): 1462217231.67 Starting...
I/python  ( 1190): Building position update message...
I/python  ( 1190): 1462217232.4 Requesting list of users...
I/python  ( 1190): User List Not Found...
I/python  ( 1190): Dumping:
I/python  ( 1190): {'self.in_json_obj': {}, 'self.users': {100: {'markerStruct': {'paint_level': 85, 'batteries': [0], 'tank_pressure': 61}, 'posStruct': {'lat': '39.9566', 'planet': 'earth', 'altitude': -57, 'heading': 336, 'long': '-75.1889'}, 'uid': 100, 'name': 'test uid 100'}, 101: {'markerStruct': {'paint_level': 77, 'batteries': [0], 'tank_pressure': 43}, 'posStruct': {'lat': '39.9575', 'planet': 'earth', 'altitude': 84, 'heading': 134, 'long': '-75.1895'}, 'uid': 101, 'name': 'test uid 101'}, 102: {'markerStruct': {'paint_level': 78, 'batteries': [0], 'tank_pressure': 94}, 'posStruct': {'lat': '39.9575', 'planet': 'earth', 'altitude': 97, 'heading': 197, 'long': '-75.1896'}, 'uid': 102, 'name': 'test uid 102'}}, 'self.log_file': 'gui_dump.log', 'dump_timestamp': 'EUS 2016-05-02 14:27:12.800881', 'self.errors': {}, 'self.out_json_obj': {}}
I/NAVD.GPSC_TIMER_API(  870): +++ gpsc_os_timer_expired_res: Timer Expired:19, GPSC State:ACTIVE, Sequence:GET ASSISTANCE   +++
I/NAVD.GPSC_MGP(  870): +++ gpsc_mgp_process_msg: AI_REP_CLOCK +++
I/NAVD.GPSC_MGP(  870): C_TIMER_RXN_EPHE_VALID Timer expired: request for assistance
I/NAVD.GPSC_APP_API(  870): +++ gpsc_request_assistance: Position Information Not Known +++
I/NAVD.GPSC_APP_API(  870): +++ gpsc_request_assistance: Assist Attempt [0] +++
I/NAVD.GPSC_APP_API(  870): +++ gpsc_request_assistance: GPS Time - Valid [1], Week [1895], MSec [156449250], Unc [15.237120] +++
I/NAVD.GPSC_MGP(  870): +++ recon_request_assistance: Sent Assistance Request [mask = 0x2d] to Recon Status Pipe /data/gps/reconcontrol +++
I/NAVD.GPSC_APP_API(  870): +++ gpsc_request_assistance: Successfully requested Assistance from Assistance Provider(s). Request number [1] (maximum 1)  +++
I/NAVD.GPSC_APP_API(  870): C_TIMER_RXN_EPHE_VALID Timer started
I/RECON.GPS(  895): +++ GPSDriver::processAssistanceRequest: Assistance Request Received. Flags: [0x2d] +++
D/ReconAGPS.Java(  895): +++ GPS Status callback. Status: [0x5], Extra: [0x2d] +++
D/ReconAGPS.Java(  895): handleMessage(), msg.what : 2
I/RXN_IntApp(  888): Start gpsPrnBitMask: -1, gloSlotBitMask 0
I/RXN_IntApp(  888): EE/BCE callback 0
I/RXN_IntApp(  888): 1, 3, 5, 6, 7, 8, 9, 10, 11, 12, 13, 14, 15, 16, 17, 18, 19, 20, 21, 22, 23, 24, 26, 27, 28, 29, 30, 31, 
I/RXN_IntApp(  888): Finished: 0
I/NAVD.GPSC_APP_API(  870): +++ gpsc_app_assist_inject_req: Assistance set is complete, start the injection +++
I/NAVD.GPSC_STATE(  870): +++ StateGpscActive: State [ACTIVE], Event: [ASSIST_INJECT ] +++
I/NAVD.GPSC_APP_API(  870): +++ gpsc_app_assist_inject_req: Assistance set is complete, start the injection +++
I/NAVD.GPSC_STATE(  870): +++ StateGpscActive: State [ACTIVE], Event: [ASSIST_INJECT ] +++
I/NAVD.GPSC_MGP(  870): +++ gpsc_mgp_process_msg: AI_REP_SV_DIR +++
I/NAVD.GPSC_MGP(  870): +++ gpsc_mgp_process_msg: AI_REP_CLOCK +++
I/NAVD.GPSC_APP_API(  870): +++ gpsc_get_min_toe_diff: good_eph_count 10, toe_min 62 +++
I/NAVD.GPSC_SESS(  870): +++ gpsc_get_assistance_from_network: Requesting Assistance (toe_diff = 62) +++
I/NAVD.GPSC_APP_API(  870): +++ gpsc_request_assistance: Exceeded maximum number of Assistance Attempts (1). Assist Request (1) will not be sent +++
E/NAVD.GPSC_SESS(  870): +++ gpsc_get_assistance_from_network: Assistance Request Failure +++
I/NAVD.GPSC_MGP(  870): +++ gpsc_mgp_process_msg: Ephemeris Report Received. SV ID: 1 +++
I/NAVD.GPSC_MGP(  870): +++ gpsc_mgp_process_msg: Ephemeris Report Received. SV ID: 10 +++
I/NAVD.GPSC_MGP(  870): +++ gpsc_mgp_process_msg: Ephemeris Report Received. SV ID: 11 +++
I/NAVD.GPSC_MGP(  870): +++ gpsc_mgp_process_msg: Ephemeris Report Received. SV ID: 14 +++
I/NAVD.GPSC_MGP(  870): +++ gpsc_mgp_process_msg: Ephemeris Report Received. SV ID: 16 +++
I/NAVD.GPSC_MGP(  870): +++ gpsc_mgp_process_msg: Ephemeris Report Received. SV ID: 18 +++
I/NAVD.GPSC_MGP(  870): +++ gpsc_mgp_process_msg: Ephemeris Report Received. SV ID: 21 +++
I/NAVD.GPSC_MGP(  870): +++ gpsc_mgp_process_msg: Ephemeris Report Received. SV ID: 22 +++
I/NAVD.GPSC_MGP(  870): +++ gpsc_mgp_process_msg: Ephemeris Report Received. SV ID: 26 +++
I/NAVD.GPSC_MGP(  870): +++ gpsc_mgp_process_msg: Ephemeris Report Received. SV ID: 31 +++
I/python  ( 1190): Original myUID:  101
I/python  ( 1190): Dummy myUID:  101
I/python  ( 1190): self.user_data {100: {'markerStruct': {'paint_level': 45, 'batteries': [0], 'tank_pressure': 15}, 'posStruct': {'lat': '39.9569', 'planet': 'earth', 'altitude': -4, 'heading': 175, 'long': '-75.1907'}, 'uid': 100, 'name': 'test uid 100'}, 101: {'markerStruct': {'paint_level': 55, 'batteries': [0], 'tank_pressure': 49}, 'posStruct': {'lat': '39.9566', 'planet': 'earth', 'altitude': -88, 'heading': 251, 'long': '-75.1909'}, 'uid': 101, 'name': 'test uid 101'}, 102: {'markerStruct': {'paint_level': 91, 'batteries': [0], 'tank_pressure': 1}, 'posStruct': {'lat': '39.9575', 'planet': 'earth', 'altitude': -9, 'heading': 276, 'long': '-75.1902'}, 'uid': 102, 'name': 'test uid 102'}}
I/python  ( 1190): 1462217233.23 Drawing scope_canvas...
I/python  ( 1190): uid_me:  101
D/skia    ( 9725): SkGraphics::Init() - BLTsville (CPU) dlopen success
D/AndroidRuntime( 9725): 
D/AndroidRuntime( 9725): >>>>>> AndroidRuntime START com.android.internal.os.RuntimeInit <<<<<<
D/AndroidRuntime( 9725): CheckJNI is OFF
D/dalvikvm( 9725): Trying to load lib libjavacore.so 0x0
D/dalvikvm( 9725): Added shared lib libjavacore.so 0x0
D/dalvikvm( 9725): Trying to load lib libnativehelper.so 0x0
D/dalvikvm( 9725): Added shared lib libnativehelper.so 0x0
I/NAVD.GPSC_MGP(  870): +++ gpsc_mgp_process_msg: Ephemeris Report Received. SV ID: 9 +++
I/python  ( 1190): Bearing = 27.0678597622
I/python  ( 1190): Trying to draw user...
I/python  ( 1190): Done drawing user icon
D/AndroidRuntime( 9725): Calling main entry com.android.commands.input.Input
I/Input   ( 9725): InjectKeyEvent: KeyEvent { action=ACTION_DOWN, keyCode=KEYCODE_DPAD_CENTER, scanCode=0, metaState=0, flags=0x0, repeatCount=0, eventTime=754354, downTime=754354, deviceId=-1, source=0x101 }
I/Input   ( 9725): InjectKeyEvent: KeyEvent { action=ACTION_UP, keyCode=KEYCODE_DPAD_CENTER, scanCode=0, metaState=0, flags=0x0, repeatCount=0, eventTime=754354, downTime=754354, deviceId=-1, source=0x101 }
D/AndroidRuntime( 9725): Shutting down VM
I/AndroidRuntime( 9725): NOTE: attach of thread 'Binder_2' failed
I/python  ( 1190): Bearing = 30.8026203919
I/python  ( 1190): Trying to draw user...
I/python  ( 1190): Done drawing user icon
I/python  ( 1190): Painted Users:  True
I/python  ( 1190): 1462217234.31 Done
D/skia    ( 9725): SkGraphics::Term() dlclose() BLTsville (CPU) 
I/NAVD.GPSC_MGP(  870): +++ gpsc_mgp_process_msg: Almanac Report Received. SV ID: 15 +++
I/python  ( 1190): ('The key', 13, 'have been pressed')
I/python  ( 1190):  - text is 23
I/python  ( 1190):  - modifiers are []
I/python  ( 1190): Issue adjusting the zoom level
I/python  ( 1190): uid ind/total:  2 3
I/python  ( 1190): Inside updateDisplay
I/python  ( 1190): Trying to draw user...
I/python  ( 1190): Done drawing user icon
I/python  ( 1190): 1462217235.07 Starting...
I/python  ( 1190): Building position update message...
I/python  ( 1190): 1462217235.46 Requesting list of users...
I/python  ( 1190): User List Not Found...
I/python  ( 1190): Dumping:
I/python  ( 1190): {'self.in_json_obj': {}, 'self.users': {100: {'markerStruct': {'paint_level': 45, 'batteries': [0], 'tank_pressure': 15}, 'posStruct': {'lat': '39.9569', 'planet': 'earth', 'altitude': -4, 'heading': 175, 'long': '-75.1907'}, 'uid': 100, 'name': 'test uid 100'}, 101: {'markerStruct': {'paint_level': 55, 'batteries': [0], 'tank_pressure': 49}, 'posStruct': {'lat': '39.9566', 'planet': 'earth', 'altitude': -88, 'heading': 251, 'long': '-75.1909'}, 'uid': 101, 'name': 'test uid 101'}, 102: {'markerStruct': {'paint_level': 91, 'batteries': [0], 'tank_pressure': 1}, 'posStruct': {'lat': '39.9575', 'planet': 'earth', 'altitude': -9, 'heading': 276, 'long': '-75.1902'}, 'uid': 102, 'name': 'test uid 102'}}, 'self.log_file': 'gui_dump.log', 'dump_timestamp': 'EUS 2016-05-02 14:27:16.114724', 'self.errors': {}, 'self.out_json_obj': {}}
I/python  ( 1190): Original myUID:  102
I/python  ( 1190): Dummy myUID:  102
I/python  ( 1190): self.user_data {100: {'markerStruct': {'paint_level': 11, 'batteries': [0], 'tank_pressure': 67}, 'posStruct': {'lat': '39.9576', 'planet': 'earth', 'altitude': 96, 'heading': 52, 'long': '-75.1895'}, 'uid': 100, 'name': 'test uid 100'}, 101: {'markerStruct': {'paint_level': 27, 'batteries': [0], 'tank_pressure': 79}, 'posStruct': {'lat': '39.9564', 'planet': 'earth', 'altitude': 52, 'heading': 220, 'long': '-75.1897'}, 'uid': 101, 'name': 'test uid 101'}, 102: {'markerStruct': {'paint_level': 21, 'batteries': [0], 'tank_pressure': 94}, 'posStruct': {'lat': '39.9565', 'planet': 'earth', 'altitude': -22, 'heading': 353, 'long': '-75.1892'}, 'uid': 102, 'name': 'test uid 102'}}
I/python  ( 1190): 1462217236.21 Drawing scope_canvas...
I/python  ( 1190): uid_me:  102
I/python  ( 1190): Bearing = 348.192318291
I/python  ( 1190): Trying to draw user...
I/python  ( 1190): Done drawing user icon
I/python  ( 1190): Bearing = 255.376842603
I/python  ( 1190): Trying to draw user...
I/python  ( 1190): Done drawing user icon
I/python  ( 1190): Painted Users:  True
I/python  ( 1190): 1462217236.44 Done
I/python  ( 1190): Inside updateDisplay
I/python  ( 1190): Trying to draw user...
I/python  ( 1190): Done drawing user icon
I/python  ( 1190): 1462217236.61 Starting...
I/python  ( 1190): Building position update message...
I/python  ( 1190): 1462217237.38 Requesting list of users...
I/python  ( 1190): User List Not Found...
I/python  ( 1190): Dumping:
I/python  ( 1190): {'self.in_json_obj': {}, 'self.users': {100: {'markerStruct': {'paint_level': 11, 'batteries': [0], 'tank_pressure': 67}, 'posStruct': {'lat': '39.9576', 'planet': 'earth', 'altitude': 96, 'heading': 52, 'long': '-75.1895'}, 'uid': 100, 'name': 'test uid 100'}, 101: {'markerStruct': {'paint_level': 27, 'batteries': [0], 'tank_pressure': 79}, 'posStruct': {'lat': '39.9564', 'planet': 'earth', 'altitude': 52, 'heading': 220, 'long': '-75.1897'}, 'uid': 101, 'name': 'test uid 101'}, 102: {'markerStruct': {'paint_level': 21, 'batteries': [0], 'tank_pressure': 94}, 'posStruct': {'lat': '39.9565', 'planet': 'earth', 'altitude': -22, 'heading': 353, 'long': '-75.1892'}, 'uid': 102, 'name': 'test uid 102'}}, 'self.log_file': 'gui_dump.log', 'dump_timestamp': 'EUS 2016-05-02 14:27:17.408150', 'self.errors': {}, 'self.out_json_obj': {}}
I/python  ( 1190): Original myUID:  102
I/python  ( 1190): Dummy myUID:  102
I/python  ( 1190): self.user_data {100: {'markerStruct': {'paint_level': 31, 'batteries': [0], 'tank_pressure': 20}, 'posStruct': {'lat': '39.9562', 'planet': 'earth', 'altitude': 89, 'heading': 174, 'long': '-75.1892'}, 'uid': 100, 'name': 'test uid 100'}, 101: {'markerStruct': {'paint_level': 93, 'batteries': [0], 'tank_pressure': 77}, 'posStruct': {'lat': '39.957', 'planet': 'earth', 'altitude': 42, 'heading': 326, 'long': '-75.1893'}, 'uid': 101, 'name': 'test uid 101'}, 102: {'markerStruct': {'paint_level': 27, 'batteries': [0], 'tank_pressure': 1}, 'posStruct': {'lat': '39.9569', 'planet': 'earth', 'altitude': 24, 'heading': 331, 'long': '-75.1909'}, 'uid': 102, 'name': 'test uid 102'}}
I/python  ( 1190): 1462217237.48 Drawing scope_canvas...
I/python  ( 1190): uid_me:  102
I/python  ( 1190): Bearing = 118.243211575
I/python  ( 1190): Trying to draw user...
I/python  ( 1190): Done drawing user icon
I/python  ( 1190): Bearing = 85.3380964826
I/python  ( 1190): Trying to draw user...
I/python  ( 1190): Done drawing user icon
I/python  ( 1190): Painted Users:  True
I/python  ( 1190): 1462217237.54 Done
I/python  ( 1190): Inside updateDisplay
I/python  ( 1190): Trying to draw user...
I/python  ( 1190): Done drawing user icon
I/python  ( 1190): 1462217237.76 Starting...
I/python  ( 1190): Building position update message...
I/python  ( 1190): 1462217239.39 Requesting list of users...
I/python  ( 1190): User List Not Found...
I/python  ( 1190): Dumping:
I/python  ( 1190): {'self.in_json_obj': {}, 'self.users': {100: {'markerStruct': {'paint_level': 31, 'batteries': [0], 'tank_pressure': 20}, 'posStruct': {'lat': '39.9562', 'planet': 'earth', 'altitude': 89, 'heading': 174, 'long': '-75.1892'}, 'uid': 100, 'name': 'test uid 100'}, 101: {'markerStruct': {'paint_level': 93, 'batteries': [0], 'tank_pressure': 77}, 'posStruct': {'lat': '39.957', 'planet': 'earth', 'altitude': 42, 'heading': 326, 'long': '-75.1893'}, 'uid': 101, 'name': 'test uid 101'}, 102: {'markerStruct': {'paint_level': 27, 'batteries': [0], 'tank_pressure': 1}, 'posStruct': {'lat': '39.9569', 'planet': 'earth', 'altitude': 24, 'heading': 331, 'long': '-75.1909'}, 'uid': 102, 'name': 'test uid 102'}}, 'self.log_file': 'gui_dump.log', 'dump_timestamp': 'EUS 2016-05-02 14:27:20.175515', 'self.errors': {}, 'self.out_json_obj': {}}
I/python  ( 1190): Original myUID:  102
I/python  ( 1190): Dummy myUID:  102
I/python  ( 1190): self.user_data {100: {'markerStruct': {'paint_level': 26, 'batteries': [0], 'tank_pressure': 96}, 'posStruct': {'lat': '39.9562', 'planet': 'earth', 'altitude': 55, 'heading': 154, 'long': '-75.1895'}, 'uid': 100, 'name': 'test uid 100'}, 101: {'markerStruct': {'paint_level': 67, 'batteries': [0], 'tank_pressure': 9}, 'posStruct': {'lat': '39.9556', 'planet': 'earth', 'altitude': -90, 'heading': 251, 'long': '-75.1904'}, 'uid': 101, 'name': 'test uid 101'}, 102: {'markerStruct': {'paint_level': 87, 'batteries': [0], 'tank_pressure': 22}, 'posStruct': {'lat': '39.9562', 'planet': 'earth', 'altitude': 37, 'heading': 88, 'long': '-75.1907'}, 'uid': 102, 'name': 'test uid 102'}}
I/python  ( 1190): 1462217240.23 Drawing scope_canvas...
I/python  ( 1190): uid_me:  102
I/python  ( 1190): Bearing = 89.9996146789
I/python  ( 1190): Trying to draw user...
I/python  ( 1190): Done drawing user icon
I/python  ( 1190): Bearing = 159.029600032
I/python  ( 1190): Trying to draw user...
I/python  ( 1190): Done drawing user icon
I/python  ( 1190): Painted Users:  True
I/python  ( 1190): 1462217240.29 Done
I/python  ( 1190): Inside updateDisplay
I/python  ( 1190): Trying to draw user...
I/python  ( 1190): Done drawing user icon
I/python  ( 1190): 1462217240.55 Starting...
I/python  ( 1190): Building position update message...
I/python  ( 1190): 1462217241.35 Requesting list of users...
I/python  ( 1190): User List Not Found...
I/python  ( 1190): Dumping:
I/python  ( 1190): {'self.in_json_obj': {}, 'self.users': {100: {'markerStruct': {'paint_level': 26, 'batteries': [0], 'tank_pressure': 96}, 'posStruct': {'lat': '39.9562', 'planet': 'earth', 'altitude': 55, 'heading': 154, 'long': '-75.1895'}, 'uid': 100, 'name': 'test uid 100'}, 101: {'markerStruct': {'paint_level': 67, 'batteries': [0], 'tank_pressure': 9}, 'posStruct': {'lat': '39.9556', 'planet': 'earth', 'altitude': -90, 'heading': 251, 'long': '-75.1904'}, 'uid': 101, 'name': 'test uid 101'}, 102: {'markerStruct': {'paint_level': 87, 'batteries': [0], 'tank_pressure': 22}, 'posStruct': {'lat': '39.9562', 'planet': 'earth', 'altitude': 37, 'heading': 88, 'long': '-75.1907'}, 'uid': 102, 'name': 'test uid 102'}}, 'self.log_file': 'gui_dump.log', 'dump_timestamp': 'EUS 2016-05-02 14:27:22.230416', 'self.errors': {}, 'self.out_json_obj': {}}
I/python  ( 1190): Original myUID:  102
I/python  ( 1190): Dummy myUID:  102
I/python  ( 1190): self.user_data {100: {'markerStruct': {'paint_level': 1, 'batteries': [0], 'tank_pressure': 23}, 'posStruct': {'lat': '39.956', 'planet': 'earth', 'altitude': 80, 'heading': 259, 'long': '-75.1893'}, 'uid': 100, 'name': 'test uid 100'}, 101: {'markerStruct': {'paint_level': 95, 'batteries': [0], 'tank_pressure': 58}, 'posStruct': {'lat': '39.9569', 'planet': 'earth', 'altitude': -40, 'heading': 261, 'long': '-75.1893'}, 'uid': 101, 'name': 'test uid 101'}, 102: {'markerStruct': {'paint_level': 22, 'batteries': [0], 'tank_pressure': 88}, 'posStruct': {'lat': '39.9572', 'planet': 'earth', 'altitude': 93, 'heading': 34, 'long': '-75.1889'}, 'uid': 102, 'name': 'test uid 102'}}
I/python  ( 1190): 1462217242.3 Drawing scope_canvas...
I/python  ( 1190): uid_me:  102
I/python  ( 1190): Bearing = 194.333133743
I/python  ( 1190): Trying to draw user...
I/python  ( 1190): Done drawing user icon
I/python  ( 1190): Bearing = 225.624474313
I/python  ( 1190): Trying to draw user...
I/python  ( 1190): Done drawing user icon
I/python  ( 1190): Painted Users:  True
I/python  ( 1190): 1462217242.35 Done
I/python  ( 1190): Inside updateDisplay
I/python  ( 1190): Trying to draw user...
I/python  ( 1190): Done drawing user icon
I/python  ( 1190): 1462217242.55 Starting...
I/python  ( 1190): Building position update message...
I/python  ( 1190): 1462217243.35 Requesting list of users...
I/python  ( 1190): User List Not Found...
I/python  ( 1190): Dumping:
I/python  ( 1190): {'self.in_json_obj': {}, 'self.users': {100: {'markerStruct': {'paint_level': 1, 'batteries': [0], 'tank_pressure': 23}, 'posStruct': {'lat': '39.956', 'planet': 'earth', 'altitude': 80, 'heading': 259, 'long': '-75.1893'}, 'uid': 100, 'name': 'test uid 100'}, 101: {'markerStruct': {'paint_level': 95, 'batteries': [0], 'tank_pressure': 58}, 'posStruct': {'lat': '39.9569', 'planet': 'earth', 'altitude': -40, 'heading': 261, 'long': '-75.1893'}, 'uid': 101, 'name': 'test uid 101'}, 102: {'markerStruct': {'paint_level': 22, 'batteries': [0], 'tank_pressure': 88}, 'posStruct': {'lat': '39.9572', 'planet': 'earth', 'altitude': 93, 'heading': 34, 'long': '-75.1889'}, 'uid': 102, 'name': 'test uid 102'}}, 'self.log_file': 'gui_dump.log', 'dump_timestamp': 'EUS 2016-05-02 14:27:23.916176', 'self.errors': {}, 'self.out_json_obj': {}}
I/python  ( 1190): Original myUID:  102
I/python  ( 1190): Dummy myUID:  102
