I/python  ( 1190): {'self.in_json_obj': {}, 'self.users': {100: {'markerStruct': {'paint_level': 0, 'batteries': [0], 'tank_pressure': 50}, 'posStruct': {'lat': '39.9563', 'planet': 'earth', 'altitude': 52, 'heading': 167, 'long': '-75.1891'}, 'uid': 100, 'name': 'test uid 100'}, 101: {'markerStruct': {'paint_level': 71, 'batteries': [0], 'tank_pressure': 34}, 'posStruct': {'lat': '39.9571', 'planet': 'earth', 'altitude': -21, 'heading': 249, 'long': '-75.1902'}, 'uid': 101, 'name': 'test uid 101'}, 102: {'markerStruct': {'paint_level': 10, 'batteries': [0], 'tank_pressure': 22}, 'posStruct': {'lat': '39.957', 'planet': 'earth', 'altitude': -82, 'heading': 175, 'long': '-75.1901'}, 'uid': 102, 'name': 'test uid 102'}}, 'self.log_file': 'gui_dump.log', 'dump_timestamp': 'EUS 2016-05-02 14:27:38.151864', 'self.errors': {}, 'self.out_json_obj': {}}
D/skia    (13588): SkGraphics::Init() - BLTsville (CPU) dlopen success
D/AndroidRuntime(13588): 
D/AndroidRuntime(13588): >>>>>> AndroidRuntime START com.android.internal.os.RuntimeInit <<<<<<
D/AndroidRuntime(13588): CheckJNI is OFF
D/dalvikvm(13588): Trying to load lib libjavacore.so 0x0
D/dalvikvm(13588): Added shared lib libjavacore.so 0x0
D/dalvikvm(13588): Trying to load lib libnativehelper.so 0x0
D/dalvikvm(13588): Added shared lib libnativehelper.so 0x0
D/AndroidRuntime(13588): Calling main entry com.android.commands.input.Input
I/Input   (13588): InjectKeyEvent: KeyEvent { action=ACTION_DOWN, keyCode=KEYCODE_BACK, scanCode=0, metaState=0, flags=0x0, repeatCount=0, eventTime=779546, downTime=779546, deviceId=-1, source=0x101 }
I/Input   (13588): InjectKeyEvent: KeyEvent { action=ACTION_UP, keyCode=KEYCODE_BACK, scanCode=0, metaState=0, flags=0x0, repeatCount=0, eventTime=779546, downTime=779546, deviceId=-1, source=0x101 }
D/AndroidRuntime(13588): Shutting down VM
I/AndroidRuntime(13588): NOTE: attach of thread 'Binder_3' failed
I/python  ( 1190): Original myUID:  100
I/python  ( 1190): Dummy myUID:  100
D/BTProperty(  582): getBTConnectionState from Settings.System
D/BTProperty(  582): BTConnectionState = 0
I/GeodataService(  535): service state: SERVICE_READY_WITH_USER_LOCATION_LOADING_DATA
D/skia    (13588): SkGraphics::Term() dlclose() BLTsville (CPU) 
I/python  ( 1190): self.user_data {100: {'markerStruct': {'paint_level': 53, 'batteries': [0], 'tank_pressure': 54}, 'posStruct': {'lat': '39.9573', 'planet': 'earth', 'altitude': -7, 'heading': 121, 'long': '-75.19'}, 'uid': 100, 'name': 'test uid 100'}, 101: {'markerStruct': {'paint_level': 59, 'batteries': [0], 'tank_pressure': 71}, 'posStruct': {'lat': '39.9566', 'planet': 'earth', 'altitude': 39, 'heading': 351, 'long': '-75.1899'}, 'uid': 101, 'name': 'test uid 101'}, 102: {'markerStruct': {'paint_level': 9, 'batteries': [0], 'tank_pressure': 36}, 'posStruct': {'lat': '39.956', 'planet': 'earth', 'altitude': -11, 'heading': 158, 'long': '-75.1897'}, 'uid': 102, 'name': 'test uid 102'}}
I/python  ( 1190): 1462217260.11 Drawing scope_canvas...
I/python  ( 1190): uid_me:  100
I/python  ( 1190): Bearing = 173.750756378
I/python  ( 1190): Trying to draw user...
I/python  ( 1190): Done drawing user icon
I/python  ( 1190): Bearing = 169.968528156
I/python  ( 1190): Trying to draw user...
I/python  ( 1190): Done drawing user icon
I/python  ( 1190): Painted Users:  True
I/python  ( 1190): 1462217260.17 Done
I/python  ( 1190): ('The key', 27, 'have been pressed')
I/python  ( 1190):  - text is 4
I/python  ( 1190):  - modifiers are []
I/python  ( 1190): Issue adjusting the zoom level
I/python  ( 1190): [INFO              ] [Base        ] Leaving application in progress...
D/BTProperty(  582): getBTConnectionState from Settings.System
D/BTProperty(  582): BTConnectionState = 0
I/NAVD.GPSC_MGP(  870): +++ gpsc_mgp_process_msg: Ephemeris Report Received. SV ID: 7 +++
I/NAVD.GPSC_MGP(  870): +++ gpsc_mgp_process_msg: Ephemeris Report Received. SV ID: 23 +++
D/ReconBaseDataSource(  535): BASE DATA: Preloaded tile# 519008785 load time: 1675 for 3 objects  num left = 48
I/NAVD.GPSC_MGP(  870): +++ gpsc_mgp_process_msg: Almanac Report Received. SV ID: 16 +++
D/ReconBaseDataSource(  535): BASE DATA: Preloaded tile# 519108782 load time: 3717 for 15 objects  num left = 47
D/ReconBaseDataSource(  535): BASE DATA: Preloaded tile# 519008790 load time: 1263 for 3 objects  num left = 46
I/dalvikvm-heap(  535): Grow heap (frag case) to 7.077MB for 8718-byte allocation
D/ReconBaseDataSource(  535): BASE DATA: Preloaded tile# 519008788 load time: 5199 for 19 objects  num left = 45
D/ReconBaseDataSource(  535): BASE DATA: Preloaded tile# 519008786 load time: 5488 for 4 objects  num left = 44
D/ReconBaseDataSource(  535): BASE DATA: Preloaded tile# 519008789 load time: 5406 for 20 objects  num left = 43
I/dalvikvm-heap(  535): Grow heap (frag case) to 7.518MB for 17422-byte allocation
D/ReconBaseDataSource(  535): BASE DATA: Preloaded tile# 519008784 load time: 5443 for 75 objects  num left = 42
D/ReconBaseDataSource(  535): BASE DATA: Preloaded tile# 519108781 load time: 7311 for 42 objects  num left = 41
D/ReconBaseDataSource(  535): BASE DATA: Preloaded tile# 519108785 load time: 8438 for 27 objects  num left = 40
D/ReconBaseDataSource(  535): BASE DATA: Preloaded tile# 519208778 load time: 8938 for 54 objects  num left = 39
D/ReconBaseDataSource(  535): BASE DATA: Preloaded tile# 519108783 load time: 10375 for 28 objects  num left = 38
D/ReconBaseDataSource(  535): BASE DATA: Preloaded tile# 519208779 load time: 10866 for 35 objects  num left = 37
D/ReconBaseDataSource(  535): BASE DATA: Preloaded tile# 519008787 load time: 10120 for 21 objects  num left = 36
D/ReconBaseDataSource(  535): BASE DATA: Preloaded tile# 519308780 load time: 10270 for 26 objects  num left = 35
D/ReconBaseDataSource(  535): BASE DATA: Preloaded tile# 519208783 load time: 10678 for 20 objects  num left = 34
D/ReconBaseDataSource(  535): BASE DATA: Preloaded tile# 519108780 load time: 8840 for 62 objects  num left = 33
D/ReconBaseDataSource(  535): BASE DATA: Preloaded tile# 519108786 load time: 14776 for 17 objects  num left = 32
D/ReconBaseDataSource(  535): BASE DATA: Preloaded tile# 519208782 load time: 17146 for 50 objects  num left = 31
D/skia    (17750): SkGraphics::Init() - BLTsville (CPU) dlopen success
D/AndroidRuntime(17750): 
D/AndroidRuntime(17750): >>>>>> AndroidRuntime START com.android.internal.os.RuntimeInit <<<<<<
D/AndroidRuntime(17750): CheckJNI is OFF
D/dalvikvm(17750): Trying to load lib libjavacore.so 0x0
D/dalvikvm(17750): Added shared lib libjavacore.so 0x0
D/dalvikvm(17750): Trying to load lib libnativehelper.so 0x0
D/dalvikvm(17750): Added shared lib libnativehelper.so 0x0
D/AndroidRuntime(17750): Calling main entry com.android.commands.input.Input
I/Input   (17750): InjectKeyEvent: KeyEvent { action=ACTION_DOWN, keyCode=KEYCODE_BACK, scanCode=0, metaState=0, flags=0x0, repeatCount=0, eventTime=801408, downTime=801408, deviceId=-1, source=0x101 }
D/ReconBaseDataSource(  535): BASE DATA: Preloaded tile# 519108784 load time: 20154 for 54 objects  num left = 30
I/Input   (17750): InjectKeyEvent: KeyEvent { action=ACTION_UP, keyCode=KEYCODE_BACK, scanCode=0, metaState=0, flags=0x0, repeatCount=0, eventTime=801408, downTime=801408, deviceId=-1, source=0x101 }
D/AndroidRuntime(17750): Shutting down VM
V/AndroidLocationListener(  895): Good Streak
I/AndroidRuntime(17750): NOTE: attach of thread 'Binder_3' failed
D/ReconBaseDataSource(  535): BASE DATA: Preloaded tile# 519308779 load time: 20834 for 47 objects  num left = 29
D/skia    (17750): SkGraphics::Term() dlclose() BLTsville (CPU) 
D/ReconBaseDataSource(  535): BASE DATA: Preloaded tile# 519308778 load time: 21667 for 55 objects  num left = 28
I/NAVD.GPSC_MGP(  870): +++ gpsc_mgp_process_msg: Ephemeris Report Received. SV ID: 16 +++
D/ReconBaseDataSource(  535): BASE DATA: Preloaded tile# 519208780 load time: 23636 for 63 objects  num left = 26
D/ReconBaseDataSource(  535): BASE DATA: Preloaded tile# 519408777 load time: 21698 for 69 objects  num left = 26
D/ReconBaseDataSource(  535): BASE DATA: Preloaded tile# 519208781 load time: 24263 for 54 objects  num left = 25
D/skia    (18875): SkGraphics::Init() - BLTsville (CPU) dlopen success
D/AndroidRuntime(18875): 
D/AndroidRuntime(18875): >>>>>> AndroidRuntime START com.android.internal.os.RuntimeInit <<<<<<
D/AndroidRuntime(18875): CheckJNI is OFF
D/dalvikvm(18875): Trying to load lib libjavacore.so 0x0
D/dalvikvm(18875): Added shared lib libjavacore.so 0x0
D/dalvikvm(18875): Trying to load lib libnativehelper.so 0x0
D/dalvikvm(18875): Added shared lib libnativehelper.so 0x0
D/AndroidRuntime(18875): Calling main entry com.android.commands.input.Input
I/Input   (18875): InjectKeyEvent: KeyEvent { action=ACTION_DOWN, keyCode=KEYCODE_BACK, scanCode=0, metaState=0, flags=0x0, repeatCount=0, eventTime=806573, downTime=806573, deviceId=-1, source=0x101 }
D/ReconBaseDataSource(  535): BASE DATA: Preloaded tile# 519508771 load time: 25335 for 100 objects  num left = 24
I/Input   (18875): InjectKeyEvent: KeyEvent { action=ACTION_UP, keyCode=KEYCODE_BACK, scanCode=0, metaState=0, flags=0x0, repeatCount=0, eventTime=806573, downTime=806573, deviceId=-1, source=0x101 }
D/AndroidRuntime(18875): Shutting down VM
I/AndroidRuntime(18875): NOTE: attach of thread 'Binder_3' failed
D/skia    (18875): SkGraphics::Term() dlclose() BLTsville (CPU) 
D/ReconBaseDataSource(  535): BASE DATA: Preloaded tile# 519608767 load time: 25073 for 79 objects  num left = 23
D/ReconBaseDataSource(  535): BASE DATA: Preloaded tile# 519208777 load time: 24807 for 80 objects  num left = 22
D/ReconBaseDataSource(  535): BASE DATA: Preloaded tile# 519608770 load time: 24090 for 104 objects  num left = 21
D/ReconBaseDataSource(  535): BASE DATA: Preloaded tile# 519408775 load time: 28091 for 81 objects  num left = 20
D/ReconBaseDataSource(  535): BASE DATA: Preloaded tile# 519508769 load time: 27638 for 92 objects  num left = 19
D/ReconBaseDataSource(  535): BASE DATA: Preloaded tile# 519308777 load time: 28682 for 120 objects  num left = 18
D/ReconBaseDataSource(  535): BASE DATA: Preloaded tile# 519508774 load time: 25775 for 105 objects  num left = 17
D/ReconBaseDataSource(  535): BASE DATA: Preloaded tile# 519408776 load time: 29356 for 137 objects  num left = 16
D/ReconBaseDataSource(  535): BASE DATA: Preloaded tile# 519408774 load time: 30142 for 145 objects  num left = 14
D/ReconBaseDataSource(  535): BASE DATA: Preloaded tile# 519508770 load time: 29745 for 136 objects  num left = 14
D/ReconBaseDataSource(  535): BASE DATA: Preloaded tile# 519608768 load time: 28864 for 103 objects  num left = 13
D/ReconBaseDataSource(  535): BASE DATA: Preloaded tile# 519508773 load time: 29498 for 109 objects  num left = 12
D/ReconBaseDataSource(  535): BASE DATA: Preloaded tile# 519608765 load time: 28972 for 163 objects  num left = 11
D/skia    (21669): SkGraphics::Init() - BLTsville (CPU) dlopen success
D/AndroidRuntime(21669): 
D/AndroidRuntime(21669): >>>>>> AndroidRuntime START com.android.internal.os.RuntimeInit <<<<<<
D/AndroidRuntime(21669): CheckJNI is OFF
D/dalvikvm(21669): Trying to load lib libjavacore.so 0x0
D/dalvikvm(21669): Added shared lib libjavacore.so 0x0
D/dalvikvm(21669): Trying to load lib libnativehelper.so 0x0
D/dalvikvm(21669): Added shared lib libnativehelper.so 0x0
D/AndroidRuntime(21669): Calling main entry com.android.commands.input.Input
I/Input   (21669): InjectKeyEvent: KeyEvent { action=ACTION_DOWN, keyCode=KEYCODE_BACK, scanCode=0, metaState=0, flags=0x0, repeatCount=0, eventTime=815424, downTime=815424, deviceId=-1, source=0x101 }
I/Input   (21669): InjectKeyEvent: KeyEvent { action=ACTION_UP, keyCode=KEYCODE_BACK, scanCode=0, metaState=0, flags=0x0, repeatCount=0, eventTime=815424, downTime=815424, deviceId=-1, source=0x101 }
D/AndroidRuntime(21669): Shutting down VM
D/skia    (21669): SkGraphics::Term() dlclose() BLTsville (CPU) 
D/ReconBaseDataSource(  535): BASE DATA: Preloaded tile# 519308776 load time: 34992 for 193 objects  num left = 10
D/ReconBaseDataSource(  535): BASE DATA: Preloaded tile# 519608764 load time: 31872 for 146 objects  num left = 9
D/ReconBaseDataSource(  535): BASE DATA: Preloaded tile# 519608766 load time: 35293 for 211 objects  num left = 8
D/ReconBaseDataSource(  535): BASE DATA: Preloaded tile# 519308775 load time: 37139 for 212 objects  num left = 7
D/skia    (22422): SkGraphics::Init() - BLTsville (CPU) dlopen success
D/AndroidRuntime(22422): 
D/AndroidRuntime(22422): >>>>>> AndroidRuntime START com.android.internal.os.RuntimeInit <<<<<<
D/AndroidRuntime(22422): CheckJNI is OFF
D/dalvikvm(22422): Trying to load lib libjavacore.so 0x0
D/dalvikvm(22422): Added shared lib libjavacore.so 0x0
D/dalvikvm(22422): Trying to load lib libnativehelper.so 0x0
D/dalvikvm(22422): Added shared lib libnativehelper.so 0x0
D/ReconBaseDataSource(  535): BASE DATA: Preloaded tile# 519508772 load time: 37973 for 214 objects  num left = 6
D/ReconBaseDataSource(  535): BASE DATA: Preloaded tile# 519308774 load time: 37800 for 209 objects  num left = 5
D/AndroidRuntime(22422): Calling main entry com.android.commands.input.Input
I/Input   (22422): InjectKeyEvent: KeyEvent { action=ACTION_DOWN, keyCode=KEYCODE_BACK, scanCode=0, metaState=0, flags=0x0, repeatCount=0, eventTime=819675, downTime=819675, deviceId=-1, source=0x101 }
I/Input   (22422): InjectKeyEvent: KeyEvent { action=ACTION_UP, keyCode=KEYCODE_BACK, scanCode=0, metaState=0, flags=0x0, repeatCount=0, eventTime=819675, downTime=819675, deviceId=-1, source=0x101 }
D/AndroidRuntime(22422): Shutting down VM
I/AndroidRuntime(22422): NOTE: attach of thread 'Binder_3' failed
D/skia    (22422): SkGraphics::Term() dlclose() BLTsville (CPU) 
D/ReconBaseDataSource(  535): BASE DATA: Preloaded tile# 519408771 load time: 42084 for 284 objects  num left = 4
D/ReconBaseDataSource(  535): BASE DATA: Preloaded tile# 519408773 load time: 43137 for 294 objects  num left = 3
D/ReconBaseDataSource(  535): BASE DATA: Preloaded tile# 519508768 load time: 42528 for 358 objects  num left = 2
D/ReconBaseDataSource(  535): BASE DATA: Preloaded tile# 519608769 load time: 42189 for 369 objects  num left = 1
D/ReconBaseDataSource(  535): BASE DATA: Preloaded tile# 519408772 load time: 44438 for 364 objects  num left = 0
I/GeodataService(  535): service state: SERVICE_READY_WITH_USER_LOCATION
D/skia    (24625): SkGraphics::Init() - BLTsville (CPU) dlopen success
D/AndroidRuntime(24625): 
D/AndroidRuntime(24625): >>>>>> AndroidRuntime START com.android.internal.os.RuntimeInit <<<<<<
D/AndroidRuntime(24625): CheckJNI is OFF
D/dalvikvm(24625): Trying to load lib libjavacore.so 0x0
D/dalvikvm(24625): Added shared lib libjavacore.so 0x0
D/dalvikvm(24625): Trying to load lib libnativehelper.so 0x0
D/dalvikvm(24625): Added shared lib libnativehelper.so 0x0
D/AndroidRuntime(24625): Calling main entry com.android.commands.input.Input
I/Input   (24625): InjectKeyEvent: KeyEvent { action=ACTION_DOWN, keyCode=KEYCODE_BACK, scanCode=0, metaState=0, flags=0x0, repeatCount=0, eventTime=827208, downTime=827208, deviceId=-1, source=0x101 }
I/Input   (24625): InjectKeyEvent: KeyEvent { action=ACTION_UP, keyCode=KEYCODE_BACK, scanCode=0, metaState=0, flags=0x0, repeatCount=0, eventTime=827208, downTime=827208, deviceId=-1, source=0x101 }
D/AndroidRuntime(24625): Shutting down VM
I/AndroidRuntime(24625): NOTE: attach of thread 'Binder_3' failed
D/skia    (24625): SkGraphics::Term() dlclose() BLTsville (CPU) 
I/NAVD.GPSC_MGP(  870): +++ gpsc_mgp_process_msg: Ephemeris Report Received. SV ID: 30 +++
D/skia    (26176): SkGraphics::Init() - BLTsville (CPU) dlopen success
D/AndroidRuntime(26176): 
D/AndroidRuntime(26176): >>>>>> AndroidRuntime START com.android.internal.os.RuntimeInit <<<<<<
D/AndroidRuntime(26176): CheckJNI is OFF
D/dalvikvm(26176): Trying to load lib libjavacore.so 0x0
D/dalvikvm(26176): Added shared lib libjavacore.so 0x0
D/dalvikvm(26176): Trying to load lib libnativehelper.so 0x0
D/dalvikvm(26176): Added shared lib libnativehelper.so 0x0
D/AndroidRuntime(26176): Calling main entry com.android.commands.input.Input
I/Input   (26176): InjectKeyEvent: KeyEvent { action=ACTION_DOWN, keyCode=KEYCODE_BACK, scanCode=0, metaState=0, flags=0x0, repeatCount=0, eventTime=830090, downTime=830090, deviceId=-1, source=0x101 }
I/Input   (26176): InjectKeyEvent: KeyEvent { action=ACTION_UP, keyCode=KEYCODE_BACK, scanCode=0, metaState=0, flags=0x0, repeatCount=0, eventTime=830090, downTime=830090, deviceId=-1, source=0x101 }
D/AndroidRuntime(26176): Shutting down VM
I/AndroidRuntime(26176): NOTE: attach of thread 'Binder_3' failed
D/skia    (26176): SkGraphics::Term() dlclose() BLTsville (CPU) 
D/skia    (27374): SkGraphics::Init() - BLTsville (CPU) dlopen success
D/AndroidRuntime(27374): 
D/AndroidRuntime(27374): >>>>>> AndroidRuntime START com.android.internal.os.RuntimeInit <<<<<<
D/AndroidRuntime(27374): CheckJNI is OFF
D/dalvikvm(27374): Trying to load lib libjavacore.so 0x0
D/dalvikvm(27374): Added shared lib libjavacore.so 0x0
D/dalvikvm(27374): Trying to load lib libnativehelper.so 0x0
D/dalvikvm(27374): Added shared lib libnativehelper.so 0x0
D/AndroidRuntime(27374): Calling main entry com.android.commands.input.Input
I/Input   (27374): InjectKeyEvent: KeyEvent { action=ACTION_DOWN, keyCode=KEYCODE_BACK, scanCode=0, metaState=0, flags=0x0, repeatCount=0, eventTime=832316, downTime=832316, deviceId=-1, source=0x101 }
I/Input   (27374): InjectKeyEvent: KeyEvent { action=ACTION_UP, keyCode=KEYCODE_BACK, scanCode=0, metaState=0, flags=0x0, repeatCount=0, eventTime=832316, downTime=832316, deviceId=-1, source=0x101 }
D/AndroidRuntime(27374): Shutting down VM
I/AndroidRuntime(27374): NOTE: attach of thread 'Binder_3' failed
D/skia    (27374): SkGraphics::Term() dlclose() BLTsville (CPU) 
D/skia    (28512): SkGraphics::Init() - BLTsville (CPU) dlopen success
D/AndroidRuntime(28512): 
D/AndroidRuntime(28512): >>>>>> AndroidRuntime START com.android.internal.os.RuntimeInit <<<<<<
D/AndroidRuntime(28512): CheckJNI is OFF
D/dalvikvm(28512): Trying to load lib libjavacore.so 0x0
D/dalvikvm(28512): Added shared lib libjavacore.so 0x0
D/dalvikvm(28512): Trying to load lib libnativehelper.so 0x0
D/dalvikvm(28512): Added shared lib libnativehelper.so 0x0
D/AndroidRuntime(28512): Calling main entry com.android.commands.input.Input
I/Input   (28512): InjectKeyEvent: KeyEvent { action=ACTION_DOWN, keyCode=KEYCODE_BACK, scanCode=0, metaState=0, flags=0x0, repeatCount=0, eventTime=836891, downTime=836891, deviceId=-1, source=0x101 }
I/Input   (28512): InjectKeyEvent: KeyEvent { action=ACTION_UP, keyCode=KEYCODE_BACK, scanCode=0, metaState=0, flags=0x0, repeatCount=0, eventTime=836891, downTime=836891, deviceId=-1, source=0x101 }
D/AndroidRuntime(28512): Shutting down VM
D/skia    (28512): SkGraphics::Term() dlclose() BLTsville (CPU) 
D/skia    (28819): SkGraphics::Init() - BLTsville (CPU) dlopen success
D/AndroidRuntime(28819): 
D/AndroidRuntime(28819): >>>>>> AndroidRuntime START com.android.internal.os.RuntimeInit <<<<<<
D/AndroidRuntime(28819): CheckJNI is OFF
D/dalvikvm(28819): Trying to load lib libjavacore.so 0x0
D/dalvikvm(28819): Added shared lib libjavacore.so 0x0
D/dalvikvm(28819): Trying to load lib libnativehelper.so 0x0
D/dalvikvm(28819): Added shared lib libnativehelper.so 0x0
D/AndroidRuntime(28819): Calling main entry com.android.commands.input.Input
I/Input   (28819): InjectKeyEvent: KeyEvent { action=ACTION_DOWN, keyCode=KEYCODE_BACK, scanCode=0, metaState=0, flags=0x0, repeatCount=0, eventTime=838319, downTime=838319, deviceId=-1, source=0x101 }
I/Input   (28819): InjectKeyEvent: KeyEvent { action=ACTION_UP, keyCode=KEYCODE_BACK, scanCode=0, metaState=0, flags=0x0, repeatCount=0, eventTime=838319, downTime=838319, deviceId=-1, source=0x101 }
D/AndroidRuntime(28819): Shutting down VM
I/AndroidRuntime(28819): NOTE: attach of thread 'Binder_3' failed
D/skia    (28819): SkGraphics::Term() dlclose() BLTsville (CPU) 
D/skia    (29105): SkGraphics::Init() - BLTsville (CPU) dlopen success
D/AndroidRuntime(29105): 
D/AndroidRuntime(29105): >>>>>> AndroidRuntime START com.android.internal.os.RuntimeInit <<<<<<
D/AndroidRuntime(29105): CheckJNI is OFF
D/dalvikvm(29105): Trying to load lib libjavacore.so 0x0
D/dalvikvm(29105): Added shared lib libjavacore.so 0x0
D/dalvikvm(29105): Trying to load lib libnativehelper.so 0x0
D/dalvikvm(29105): Added shared lib libnativehelper.so 0x0
D/AndroidRuntime(29105): Calling main entry com.android.commands.input.Input
I/Input   (29105): InjectKeyEvent: KeyEvent { action=ACTION_DOWN, keyCode=KEYCODE_BACK, scanCode=0, metaState=0, flags=0x0, repeatCount=0, eventTime=839793, downTime=839793, deviceId=-1, source=0x101 }
I/Input   (29105): InjectKeyEvent: KeyEvent { action=ACTION_UP, keyCode=KEYCODE_BACK, scanCode=0, metaState=0, flags=0x0, repeatCount=0, eventTime=839793, downTime=839793, deviceId=-1, source=0x101 }
D/AndroidRuntime(29105): Shutting down VM
I/AndroidRuntime(29105): NOTE: attach of thread 'Binder_2' failed
D/skia    (29105): SkGraphics::Term() dlclose() BLTsville (CPU) 
D/skia    (29416): SkGraphics::Init() - BLTsville (CPU) dlopen success
D/AndroidRuntime(29416): 
D/AndroidRuntime(29416): >>>>>> AndroidRuntime START com.android.internal.os.RuntimeInit <<<<<<
D/AndroidRuntime(29416): CheckJNI is OFF
D/dalvikvm(29416): Trying to load lib libjavacore.so 0x0
D/dalvikvm(29416): Added shared lib libjavacore.so 0x0
D/dalvikvm(29416): Trying to load lib libnativehelper.so 0x0
D/dalvikvm(29416): Added shared lib libnativehelper.so 0x0
D/AndroidRuntime(29416): Calling main entry com.android.commands.input.Input
I/Input   (29416): InjectKeyEvent: KeyEvent { action=ACTION_DOWN, keyCode=KEYCODE_BACK, scanCode=0, metaState=0, flags=0x0, repeatCount=0, eventTime=841122, downTime=841122, deviceId=-1, source=0x101 }
I/Input   (29416): InjectKeyEvent: KeyEvent { action=ACTION_UP, keyCode=KEYCODE_BACK, scanCode=0, metaState=0, flags=0x0, repeatCount=0, eventTime=841122, downTime=841122, deviceId=-1, source=0x101 }
D/AndroidRuntime(29416): Shutting down VM
I/AndroidRuntime(29416): NOTE: attach of thread 'Binder_2' failed
D/skia    (29416): SkGraphics::Term() dlclose() BLTsville (CPU) 
D/skia    (29722): SkGraphics::Init() - BLTsville (CPU) dlopen success
D/AndroidRuntime(29722): 
D/AndroidRuntime(29722): >>>>>> AndroidRuntime START com.android.internal.os.RuntimeInit <<<<<<
D/AndroidRuntime(29722): CheckJNI is OFF
D/dalvikvm(29722): Trying to load lib libjavacore.so 0x0
D/dalvikvm(29722): Added shared lib libjavacore.so 0x0
D/dalvikvm(29722): Trying to load lib libnativehelper.so 0x0
D/dalvikvm(29722): Added shared lib libnativehelper.so 0x0
D/AndroidRuntime(29722): Calling main entry com.android.commands.input.Input
I/Input   (29722): InjectKeyEvent: KeyEvent { action=ACTION_DOWN, keyCode=KEYCODE_BACK, scanCode=0, metaState=0, flags=0x0, repeatCount=0, eventTime=842521, downTime=842521, deviceId=-1, source=0x101 }
I/Input   (29722): InjectKeyEvent: KeyEvent { action=ACTION_UP, keyCode=KEYCODE_BACK, scanCode=0, metaState=0, flags=0x0, repeatCount=0, eventTime=842521, downTime=842521, deviceId=-1, source=0x101 }
D/AndroidRuntime(29722): Shutting down VM
D/skia    (29722): SkGraphics::Term() dlclose() BLTsville (CPU) 
D/skia    (30017): SkGraphics::Init() - BLTsville (CPU) dlopen success
D/AndroidRuntime(30017): 
D/AndroidRuntime(30017): >>>>>> AndroidRuntime START com.android.internal.os.RuntimeInit <<<<<<
D/AndroidRuntime(30017): CheckJNI is OFF
D/dalvikvm(30017): Trying to load lib libjavacore.so 0x0
D/dalvikvm(30017): Added shared lib libjavacore.so 0x0
D/dalvikvm(30017): Trying to load lib libnativehelper.so 0x0
D/dalvikvm(30017): Added shared lib libnativehelper.so 0x0
D/AndroidRuntime(30017): Calling main entry com.android.commands.input.Input
I/Input   (30017): InjectKeyEvent: KeyEvent { action=ACTION_DOWN, keyCode=KEYCODE_BACK, scanCode=0, metaState=0, flags=0x0, repeatCount=0, eventTime=843900, downTime=843900, deviceId=-1, source=0x101 }
I/Input   (30017): InjectKeyEvent: KeyEvent { action=ACTION_UP, keyCode=KEYCODE_BACK, scanCode=0, metaState=0, flags=0x0, repeatCount=0, eventTime=843900, downTime=843900, deviceId=-1, source=0x101 }
D/AndroidRuntime(30017): Shutting down VM
I/AndroidRuntime(30017): NOTE: attach of thread 'Binder_2' failed
D/skia    (30017): SkGraphics::Term() dlclose() BLTsville (CPU) 
D/skia    (30319): SkGraphics::Init() - BLTsville (CPU) dlopen success
D/AndroidRuntime(30319): 
D/AndroidRuntime(30319): >>>>>> AndroidRuntime START com.android.internal.os.RuntimeInit <<<<<<
D/AndroidRuntime(30319): CheckJNI is OFF
D/dalvikvm(30319): Trying to load lib libjavacore.so 0x0
D/dalvikvm(30319): Added shared lib libjavacore.so 0x0
D/dalvikvm(30319): Trying to load lib libnativehelper.so 0x0
D/dalvikvm(30319): Added shared lib libnativehelper.so 0x0
D/AndroidRuntime(30319): Calling main entry com.android.commands.input.Input
I/Input   (30319): InjectKeyEvent: KeyEvent { action=ACTION_DOWN, keyCode=KEYCODE_BACK, scanCode=0, metaState=0, flags=0x0, repeatCount=0, eventTime=844835, downTime=844835, deviceId=-1, source=0x101 }
I/Input   (30319): InjectKeyEvent: KeyEvent { action=ACTION_UP, keyCode=KEYCODE_BACK, scanCode=0, metaState=0, flags=0x0, repeatCount=0, eventTime=844835, downTime=844835, deviceId=-1, source=0x101 }
D/AndroidRuntime(30319): Shutting down VM
I/AndroidRuntime(30319): NOTE: attach of thread 'Binder_3' failed
D/skia    (30319): SkGraphics::Term() dlclose() BLTsville (CPU) 
D/skia    (30754): SkGraphics::Init() - BLTsville (CPU) dlopen success
D/AndroidRuntime(30754): 
D/AndroidRuntime(30754): >>>>>> AndroidRuntime START com.android.internal.os.RuntimeInit <<<<<<
D/AndroidRuntime(30754): CheckJNI is OFF
D/dalvikvm(30754): Trying to load lib libjavacore.so 0x0
D/dalvikvm(30754): Added shared lib libjavacore.so 0x0
D/dalvikvm(30754): Trying to load lib libnativehelper.so 0x0
D/dalvikvm(30754): Added shared lib libnativehelper.so 0x0
D/AndroidRuntime(30754): Calling main entry com.android.commands.input.Input
I/Input   (30754): InjectKeyEvent: KeyEvent { action=ACTION_DOWN, keyCode=KEYCODE_BACK, scanCode=0, metaState=0, flags=0x0, repeatCount=0, eventTime=845582, downTime=845582, deviceId=-1, source=0x101 }
I/Input   (30754): InjectKeyEvent: KeyEvent { action=ACTION_UP, keyCode=KEYCODE_BACK, scanCode=0, metaState=0, flags=0x0, repeatCount=0, eventTime=845582, downTime=845582, deviceId=-1, source=0x101 }
D/AndroidRuntime(30754): Shutting down VM
I/AndroidRuntime(30754): NOTE: attach of thread 'Binder_2' failed
D/skia    (30754): SkGraphics::Term() dlclose() BLTsville (CPU) 
D/skia    (31175): SkGraphics::Init() - BLTsville (CPU) dlopen success
D/AndroidRuntime(31175): 
D/AndroidRuntime(31175): >>>>>> AndroidRuntime START com.android.internal.os.RuntimeInit <<<<<<
D/AndroidRuntime(31175): CheckJNI is OFF
D/dalvikvm(31175): Trying to load lib libjavacore.so 0x0
D/dalvikvm(31175): Added shared lib libjavacore.so 0x0
D/dalvikvm(31175): Trying to load lib libnativehelper.so 0x0
D/dalvikvm(31175): Added shared lib libnativehelper.so 0x0
D/AndroidRuntime(31175): Calling main entry com.android.commands.input.Input
I/Input   (31175): InjectKeyEvent: KeyEvent { action=ACTION_DOWN, keyCode=KEYCODE_BACK, scanCode=0, metaState=0, flags=0x0, repeatCount=0, eventTime=846308, downTime=846308, deviceId=-1, source=0x101 }
I/Input   (31175): InjectKeyEvent: KeyEvent { action=ACTION_UP, keyCode=KEYCODE_BACK, scanCode=0, metaState=0, flags=0x0, repeatCount=0, eventTime=846308, downTime=846308, deviceId=-1, source=0x101 }
D/AndroidRuntime(31175): Shutting down VM
I/AndroidRuntime(31175): NOTE: attach of thread 'Binder_3' failed
D/skia    (31175): SkGraphics::Term() dlclose() BLTsville (CPU) 
D/skia    (31575): SkGraphics::Init() - BLTsville (CPU) dlopen success
D/AndroidRuntime(31575): 
D/AndroidRuntime(31575): >>>>>> AndroidRuntime START com.android.internal.os.RuntimeInit <<<<<<
D/AndroidRuntime(31575): CheckJNI is OFF
D/dalvikvm(31575): Trying to load lib libjavacore.so 0x0
D/dalvikvm(31575): Added shared lib libjavacore.so 0x0
D/dalvikvm(31575): Trying to load lib libnativehelper.so 0x0
D/dalvikvm(31575): Added shared lib libnativehelper.so 0x0
D/AndroidRuntime(31575): Calling main entry com.android.commands.input.Input
I/Input   (31575): InjectKeyEvent: KeyEvent { action=ACTION_DOWN, keyCode=KEYCODE_BACK, scanCode=0, metaState=0, flags=0x0, repeatCount=0, eventTime=847030, downTime=847030, deviceId=-1, source=0x101 }
I/Input   (31575): InjectKeyEvent: KeyEvent { action=ACTION_UP, keyCode=KEYCODE_BACK, scanCode=0, metaState=0, flags=0x0, repeatCount=0, eventTime=847030, downTime=847030, deviceId=-1, source=0x101 }
D/AndroidRuntime(31575): Shutting down VM
I/AndroidRuntime(31575): NOTE: attach of thread 'Binder_3' failed
D/skia    (31575): SkGraphics::Term() dlclose() BLTsville (CPU) 
D/skia    (31999): SkGraphics::Init() - BLTsville (CPU) dlopen success
D/AndroidRuntime(31999): 
D/AndroidRuntime(31999): >>>>>> AndroidRuntime START com.android.internal.os.RuntimeInit <<<<<<
D/AndroidRuntime(31999): CheckJNI is OFF
D/dalvikvm(31999): Trying to load lib libjavacore.so 0x0
D/dalvikvm(31999): Added shared lib libjavacore.so 0x0
D/dalvikvm(31999): Trying to load lib libnativehelper.so 0x0
D/dalvikvm(31999): Added shared lib libnativehelper.so 0x0
D/AndroidRuntime(31999): Calling main entry com.android.commands.input.Input
I/Input   (31999): InjectKeyEvent: KeyEvent { action=ACTION_DOWN, keyCode=KEYCODE_BACK, scanCode=0, metaState=0, flags=0x0, repeatCount=0, eventTime=847747, downTime=847747, deviceId=-1, source=0x101 }
I/Input   (31999): InjectKeyEvent: KeyEvent { action=ACTION_UP, keyCode=KEYCODE_BACK, scanCode=0, metaState=0, flags=0x0, repeatCount=0, eventTime=847747, downTime=847747, deviceId=-1, source=0x101 }
D/AndroidRuntime(31999): Shutting down VM
I/AndroidRuntime(31999): NOTE: attach of thread 'Binder_3' failed
D/skia    (31999): SkGraphics::Term() dlclose() BLTsville (CPU) 
D/skia    (32411): SkGraphics::Init() - BLTsville (CPU) dlopen success
D/AndroidRuntime(32411): 
D/AndroidRuntime(32411): >>>>>> AndroidRuntime START com.android.internal.os.RuntimeInit <<<<<<
D/AndroidRuntime(32411): CheckJNI is OFF
D/dalvikvm(32411): Trying to load lib libjavacore.so 0x0
D/dalvikvm(32411): Added shared lib libjavacore.so 0x0
D/dalvikvm(32411): Trying to load lib libnativehelper.so 0x0
D/dalvikvm(32411): Added shared lib libnativehelper.so 0x0
D/AndroidRuntime(32411): Calling main entry com.android.commands.input.Input
I/Input   (32411): InjectKeyEvent: KeyEvent { action=ACTION_DOWN, keyCode=KEYCODE_BACK, scanCode=0, metaState=0, flags=0x0, repeatCount=0, eventTime=848448, downTime=848448, deviceId=-1, source=0x101 }
I/Input   (32411): InjectKeyEvent: KeyEvent { action=ACTION_UP, keyCode=KEYCODE_BACK, scanCode=0, metaState=0, flags=0x0, repeatCount=0, eventTime=848448, downTime=848448, deviceId=-1, source=0x101 }
D/AndroidRuntime(32411): Shutting down VM
I/AndroidRuntime(32411): NOTE: attach of thread 'Binder_2' failed
D/skia    (32411): SkGraphics::Term() dlclose() BLTsville (CPU) 
D/skia    (32698): SkGraphics::Init() - BLTsville (CPU) dlopen success
D/AndroidRuntime(32698): 
D/AndroidRuntime(32698): >>>>>> AndroidRuntime START com.android.internal.os.RuntimeInit <<<<<<
D/AndroidRuntime(32698): CheckJNI is OFF
D/dalvikvm(32698): Trying to load lib libjavacore.so 0x0
D/dalvikvm(32698): Added shared lib libjavacore.so 0x0
D/dalvikvm(32698): Trying to load lib libnativehelper.so 0x0
D/dalvikvm(32698): Added shared lib libnativehelper.so 0x0
I/python  ( 1190): Python for android ended.
I/AndroidRuntime( 1190): VM exiting with result code 0, cleanup skipped.
D/AndroidRuntime(32698): Calling main entry com.android.commands.input.Input
I/Input   (32698): InjectKeyEvent: KeyEvent { action=ACTION_DOWN, keyCode=KEYCODE_BACK, scanCode=0, metaState=0, flags=0x0, repeatCount=0, eventTime=849191, downTime=849191, deviceId=-1, source=0x101 }
W/InputDispatcher(  293): channel '41d86eb0 org.test.hud_total_test/org.renpy.android.PythonActivity (server)' ~ Consumer closed input channel or an error occurred.  events=0xd
E/InputDispatcher(  293): channel '41d86eb0 org.test.hud_total_test/org.renpy.android.PythonActivity (server)' ~ Channel is unrecoverably broken and will be disposed!
I/WindowState(  293): WIN DEATH: Window{41dba4e8 SurfaceView paused=false}
I/ActivityManager(  293): Process org.test.hud_total_test:python (pid 1190) has died.
I/LocationManagerService(  293): remove passive (pid 293), next minTime = 0
W/ActivityManager(  293): Force removing ActivityRecord{41de5b38 org.test.hud_total_test/org.renpy.android.PythonActivity}: app died, no saved state
I/LocationManagerService(  293): remove gps (pid 293), next minTime = 0
I/Input   (32698): InjectKeyEvent: KeyEvent { action=ACTION_UP, keyCode=KEYCODE_BACK, scanCode=0, metaState=0, flags=0x0, repeatCount=0, eventTime=849191, downTime=849191, deviceId=-1, source=0x101 }
W/InputDispatcher(  293): Attempted to unregister already unregistered input channel '41d86eb0 org.test.hud_total_test/org.renpy.android.PythonActivity (server)'
I/LocationManagerService(  293): remove RECON_AGPS (pid 293), next minTime = 0
I/WindowState(  293): WIN DEATH: Window{41d86eb0 org.test.hud_total_test/org.renpy.android.PythonActivity paused=false}
I/InputDispatcher(  293): Dropping event because there is no focused window or focused application.
I/WindowManager(  293): WINDOW DIED Window{41d86eb0 org.test.hud_total_test/org.renpy.android.PythonActivity paused=false}
W/InputManager(  293): Input event injection from pid 32698 failed.
D/AndroidRuntime(32698): Shutting down VM
I/AndroidRuntime(32698): NOTE: attach of thread 'Binder_3' failed
W/InputMethodManagerService(  293): Got RemoteException sending setActive(false) notification to pid 1190 uid 10006
D/skia    (32698): SkGraphics::Term() dlclose() BLTsville (CPU) 
D/skia    (32765): SkGraphics::Init() - BLTsville (CPU) dlopen success
D/AndroidRuntime(32765): 
D/AndroidRuntime(32765): >>>>>> AndroidRuntime START com.android.internal.os.RuntimeInit <<<<<<
D/AndroidRuntime(32765): CheckJNI is OFF
D/dalvikvm(32765): Trying to load lib libjavacore.so 0x0
D/dalvikvm(32765): Added shared lib libjavacore.so 0x0
D/dalvikvm(32765): Trying to load lib libnativehelper.so 0x0
D/dalvikvm(32765): Added shared lib libnativehelper.so 0x0
D/AndroidRuntime(32765): Calling main entry com.android.commands.input.Input
I/Input   (32765): InjectKeyEvent: KeyEvent { action=ACTION_DOWN, keyCode=KEYCODE_BACK, scanCode=0, metaState=0, flags=0x0, repeatCount=0, eventTime=850252, downTime=850252, deviceId=-1, source=0x101 }
I/Input   (32765): InjectKeyEvent: KeyEvent { action=ACTION_UP, keyCode=KEYCODE_BACK, scanCode=0, metaState=0, flags=0x0, repeatCount=0, eventTime=850252, downTime=850252, deviceId=-1, source=0x101 }
D/AndroidRuntime(32765): Shutting down VM
I/AndroidRuntime(32765): NOTE: attach of thread 'Binder_3' failed
W/ResourceType(  293): Skipping entry 0x7f04000b in package table 0 because it is not complex!
D/skia    (32765): SkGraphics::Term() dlclose() BLTsville (CPU) 
V/ItemHostService( 1090): broadcast remote views
D/reAlign Call: ( 1090): mItem:0, currentItem:0, numItems:5, blockRL:null, tv;android.widget.TextView@41c070a8
D/Coloring: ( 1090): Colored:0
D/reAlign Call: ( 1090): mItem:1, currentItem:0, numItems:5, blockRL:null, tv;android.widget.TextView@41beff58
D/skia    (  343): SkGraphics::Init() - BLTsville (CPU) dlopen success
D/AndroidRuntime(  343): 
D/AndroidRuntime(  343): >>>>>> AndroidRuntime START com.android.internal.os.RuntimeInit <<<<<<
D/AndroidRuntime(  343): CheckJNI is OFF
D/reAlign Call: ( 1090): mItem:2, currentItem:0, numItems:5, blockRL:null, tv;android.widget.TextView@41c16cc8
D/reAlign Call: ( 1090): mItem:3, currentItem:0, numItems:5, blockRL:null, tv;android.widget.TextView@41bf4b90
D/reAlign Call: ( 1090): mItem:4, currentItem:0, numItems:5, blockRL:null, tv;android.widget.TextView@41c25c48
D/dalvikvm(  343): Trying to load lib libjavacore.so 0x0
D/dalvikvm(  343): Added shared lib libjavacore.so 0x0
D/dalvikvm(  343): Trying to load lib libnativehelper.so 0x0
D/dalvikvm(  343): Added shared lib libnativehelper.so 0x0
D/AndroidRuntime(  343): Calling main entry com.android.commands.input.Input
I/Input   (  343): InjectKeyEvent: KeyEvent { action=ACTION_DOWN, keyCode=KEYCODE_BACK, scanCode=0, metaState=0, flags=0x0, repeatCount=0, eventTime=851702, downTime=851702, deviceId=-1, source=0x101 }
I/Input   (  343): InjectKeyEvent: KeyEvent { action=ACTION_UP, keyCode=KEYCODE_BACK, scanCode=0, metaState=0, flags=0x0, repeatCount=0, eventTime=851702, downTime=851702, deviceId=-1, source=0x101 }
D/reAlign Call: ( 1090): mItem:2, currentItem:2, numItems:5, blockRL:null, tv;android.widget.TextView@41c16cc8
D/Coloring: ( 1090): Colored:2
D/reAlign Call: ( 1090): mItem:3, currentItem:2, numItems:5, blockRL:null, tv;android.widget.TextView@41bf4b90
D/reAlign Call: ( 1090): mItem:1, currentItem:2, numItems:5, blockRL:null, tv;android.widget.TextView@41beff58
D/AndroidRuntime(  343): Shutting down VM
I/AndroidRuntime(  343): NOTE: attach of thread 'Binder_3' failed
D/skia    (  343): SkGraphics::Term() dlclose() BLTsville (CPU) 
D/reAlign Call: ( 1090): mItem:2, currentItem:2, numItems:5, blockRL:null, tv;android.widget.TextView@41c2a638
D/Coloring: ( 1090): Colored:2
D/skia    (  390): SkGraphics::Init() - BLTsville (CPU) dlopen success
D/AndroidRuntime(  390): 
D/AndroidRuntime(  390): >>>>>> AndroidRuntime START com.android.internal.os.RuntimeInit <<<<<<
D/AndroidRuntime(  390): CheckJNI is OFF
D/dalvikvm(  390): Trying to load lib libjavacore.so 0x0
D/dalvikvm(  390): Added shared lib libjavacore.so 0x0
D/dalvikvm(  390): Trying to load lib libnativehelper.so 0x0
D/dalvikvm(  390): Added shared lib libnativehelper.so 0x0
D/AndroidRuntime(  390): Calling main entry com.android.commands.input.Input
I/Input   (  390): InjectKeyEvent: KeyEvent { action=ACTION_DOWN, keyCode=KEYCODE_BACK, scanCode=0, metaState=0, flags=0x0, repeatCount=0, eventTime=853112, downTime=853112, deviceId=-1, source=0x101 }
I/Input   (  390): InjectKeyEvent: KeyEvent { action=ACTION_UP, keyCode=KEYCODE_BACK, scanCode=0, metaState=0, flags=0x0, repeatCount=0, eventTime=853112, downTime=853112, deviceId=-1, source=0x101 }
D/AndroidRuntime(  390): Shutting down VM
D/skia    (  390): SkGraphics::Term() dlclose() BLTsville (CPU) 
D/skia    (  411): SkGraphics::Init() - BLTsville (CPU) dlopen success
D/AndroidRuntime(  411): 
D/AndroidRuntime(  411): >>>>>> AndroidRuntime START com.android.internal.os.RuntimeInit <<<<<<
D/AndroidRuntime(  411): CheckJNI is OFF
D/dalvikvm(  411): Trying to load lib libjavacore.so 0x0
D/dalvikvm(  411): Added shared lib libjavacore.so 0x0
D/dalvikvm(  411): Trying to load lib libnativehelper.so 0x0
D/dalvikvm(  411): Added shared lib libnativehelper.so 0x0
D/AndroidRuntime(  411): Calling main entry com.android.commands.input.Input
I/Input   (  411): InjectKeyEvent: KeyEvent { action=ACTION_DOWN, keyCode=KEYCODE_BACK, scanCode=0, metaState=0, flags=0x0, repeatCount=0, eventTime=854519, downTime=854519, deviceId=-1, source=0x101 }
I/Input   (  411): InjectKeyEvent: KeyEvent { action=ACTION_UP, keyCode=KEYCODE_BACK, scanCode=0, metaState=0, flags=0x0, repeatCount=0, eventTime=854519, downTime=854519, deviceId=-1, source=0x101 }
D/AndroidRuntime(  411): Shutting down VM
D/skia    (  411): SkGraphics::Term() dlclose() BLTsville (CPU) 
D/skia    (  424): SkGraphics::Init() - BLTsville (CPU) dlopen success
D/AndroidRuntime(  424): 
D/AndroidRuntime(  424): >>>>>> AndroidRuntime START com.android.internal.os.RuntimeInit <<<<<<
D/AndroidRuntime(  424): CheckJNI is OFF
D/dalvikvm(  424): Trying to load lib libjavacore.so 0x0
D/dalvikvm(  424): Added shared lib libjavacore.so 0x0
D/dalvikvm(  424): Trying to load lib libnativehelper.so 0x0
D/dalvikvm(  424): Added shared lib libnativehelper.so 0x0
D/AndroidRuntime(  424): Calling main entry com.android.commands.input.Input
I/Input   (  424): InjectKeyEvent: KeyEvent { action=ACTION_DOWN, keyCode=KEYCODE_BACK, scanCode=0, metaState=0, flags=0x0, repeatCount=0, eventTime=855793, downTime=855793, deviceId=-1, source=0x101 }
I/Input   (  424): InjectKeyEvent: KeyEvent { action=ACTION_UP, keyCode=KEYCODE_BACK, scanCode=0, metaState=0, flags=0x0, repeatCount=0, eventTime=855793, downTime=855793, deviceId=-1, source=0x101 }
D/AndroidRuntime(  424): Shutting down VM
I/AndroidRuntime(  424): NOTE: attach of thread 'Binder_3' failed
D/skia    (  424): SkGraphics::Term() dlclose() BLTsville (CPU) 
D/skia    (  450): SkGraphics::Init() - BLTsville (CPU) dlopen success
D/AndroidRuntime(  450): 
D/AndroidRuntime(  450): >>>>>> AndroidRuntime START com.android.internal.os.RuntimeInit <<<<<<
D/AndroidRuntime(  450): CheckJNI is OFF
D/dalvikvm(  450): Trying to load lib libjavacore.so 0x0
D/dalvikvm(  450): Added shared lib libjavacore.so 0x0
D/dalvikvm(  450): Trying to load lib libnativehelper.so 0x0
D/dalvikvm(  450): Added shared lib libnativehelper.so 0x0
D/AndroidRuntime(  450): Calling main entry com.android.commands.input.Input
I/Input   (  450): InjectKeyEvent: KeyEvent { action=ACTION_DOWN, keyCode=KEYCODE_BACK, scanCode=0, metaState=0, flags=0x0, repeatCount=0, eventTime=857108, downTime=857108, deviceId=-1, source=0x101 }
I/Input   (  450): InjectKeyEvent: KeyEvent { action=ACTION_UP, keyCode=KEYCODE_BACK, scanCode=0, metaState=0, flags=0x0, repeatCount=0, eventTime=857108, downTime=857108, deviceId=-1, source=0x101 }
D/AndroidRuntime(  450): Shutting down VM
D/skia    (  450): SkGraphics::Term() dlclose() BLTsville (CPU) 
D/skia    (  484): SkGraphics::Init() - BLTsville (CPU) dlopen success
D/AndroidRuntime(  484): 
D/AndroidRuntime(  484): >>>>>> AndroidRuntime START com.android.internal.os.RuntimeInit <<<<<<
D/AndroidRuntime(  484): CheckJNI is OFF
D/dalvikvm(  484): Trying to load lib libjavacore.so 0x0
D/dalvikvm(  484): Added shared lib libjavacore.so 0x0
D/dalvikvm(  484): Trying to load lib libnativehelper.so 0x0
D/dalvikvm(  484): Added shared lib libnativehelper.so 0x0
D/AndroidRuntime(  484): Calling main entry com.android.commands.input.Input
I/Input   (  484): InjectKeyEvent: KeyEvent { action=ACTION_DOWN, keyCode=KEYCODE_BACK, scanCode=0, metaState=0, flags=0x0, repeatCount=0, eventTime=858400, downTime=858400, deviceId=-1, source=0x101 }
I/Input   (  484): InjectKeyEvent: KeyEvent { action=ACTION_UP, keyCode=KEYCODE_BACK, scanCode=0, metaState=0, flags=0x0, repeatCount=0, eventTime=858400, downTime=858400, deviceId=-1, source=0x101 }
D/AndroidRuntime(  484): Shutting down VM
I/AndroidRuntime(  484): NOTE: attach of thread 'Binder_3' failed
I/NAVD.GPSC_TIMER_API(  870): +++ gpsc_os_timer_expired_res: Timer Expired:19, GPSC State:ACTIVE, Sequence:GET ASSISTANCE   +++
I/NAVD.GPSC_MGP(  870): +++ gpsc_mgp_process_msg: AI_REP_CLOCK +++
I/NAVD.GPSC_MGP(  870): C_TIMER_RXN_EPHE_VALID Timer expired: request for assistance
I/NAVD.GPSC_APP_API(  870): +++ gpsc_request_assistance: Assist Attempt [0] +++
I/NAVD.GPSC_APP_API(  870): +++ gpsc_request_assistance: GPS Time - Valid [1], Week [1895], MSec [156689250], Unc [0.000091] +++
I/NAVD.GPSC_MGP(  870): +++ recon_request_assistance: Sent Assistance Request [mask = 0x2d] to Recon Status Pipe /data/gps/reconcontrol +++
I/NAVD.GPSC_APP_API(  870): +++ gpsc_request_assistance: Successfully requested Assistance from Assistance Provider(s). Request number [1] (maximum 1)  +++
I/NAVD.GPSC_APP_API(  870): C_TIMER_RXN_EPHE_VALID Timer started
I/RECON.GPS(  895): +++ GPSDriver::processAssistanceRequest: Assistance Request Received. Flags: [0x2d] +++
D/ReconAGPS.Java(  895): +++ GPS Status callback. Status: [0x5], Extra: [0x2d] +++
D/ReconAGPS.Java(  895): handleMessage(), msg.what : 2
I/RXN_IntApp(  888): Start gpsPrnBitMask: -1, gloSlotBitMask 0
I/RXN_IntApp(  888): EE/BCE callback 0
I/RXN_IntApp(  888): 1, 3, 5, 6, 7, 8, 9, 10, 11, 12, 13, 14, 15, 16, 17, 18, 19, 20, 21, 22, 23, 24, 26, 27, 28, 29, 30, 31, 
I/RXN_IntApp(  888): Finished: 0
I/NAVD.GPSC_APP_API(  870): +++ gpsc_app_assist_inject_req: Assistance set is complete, start the injection +++
I/NAVD.GPSC_STATE(  870): +++ StateGpscActive: State [ACTIVE], Event: [ASSIST_INJECT ] +++
I/NAVD.GPSC_APP_API(  870): +++ gpsc_app_assist_inject_req: Assistance set is complete, start the injection +++
I/NAVD.GPSC_STATE(  870): +++ StateGpscActive: State [ACTIVE], Event: [ASSIST_INJECT ] +++
I/NAVD.GPSC_MGP(  870): +++ gpsc_mgp_process_msg: AI_REP_SV_DIR +++
I/NAVD.GPSC_MGP(  870): +++ gpsc_mgp_process_msg: AI_REP_CLOCK +++
I/NAVD.GPSC_APP_API(  870): +++ gpsc_get_min_toe_diff: good_eph_count 16, toe_min 62 +++
I/NAVD.GPSC_SESS(  870): +++ gpsc_get_assistance_from_network: Requesting Assistance (toe_diff = 62) +++
I/NAVD.GPSC_APP_API(  870): +++ gpsc_request_assistance: Exceeded maximum number of Assistance Attempts (1). Assist Request (1) will not be sent +++
E/NAVD.GPSC_SESS(  870): +++ gpsc_get_assistance_from_network: Assistance Request Failure +++
I/NAVD.GPSC_MGP(  870): +++ gpsc_mgp_process_msg: Ephemeris Report Received. SV ID: 7 +++
I/NAVD.GPSC_MGP(  870): +++ gpsc_mgp_process_msg: Ephemeris Report Received. SV ID: 9 +++
I/NAVD.GPSC_MGP(  870): +++ gpsc_mgp_process_msg: Ephemeris Report Received. SV ID: 11 +++
I/NAVD.GPSC_MGP(  870): +++ gpsc_mgp_process_msg: Ephemeris Report Received. SV ID: 23 +++
I/NAVD.GPSC_MGP(  870): +++ gpsc_mgp_process_msg: Ephemeris Report Received. SV ID: 26 +++
I/NAVD.GPSC_MGP(  870): +++ gpsc_mgp_process_msg: Ephemeris Report Received. SV ID: 30 +++
V/ReconTranscend_service(  582): Periodic save
D/ReconTimeManager(  582): Saving state
V/SimpleLocationLogger(  582): dumping buffers to file
D/ReconAltManager(  582): Saving state
D/ReconSpeedManager(  582): Saving state
D/Distance Manager(  582): Saving state
D/ReconGradeManager(  582): Saving state
D/ReconRunManager(  582): Saving state
D/ReconRunManager(  582): Saving all time runs
D/ReconRunManager(  582): saving run info
D/ReconRunManager(  582): Attempt to marshal and write
D/ReconRunManager(  582): Attempt to flush
D/ReconTemperatureManager(  582): Saving state
D/ReconVerticalManager(  582): Saving state
D/ReconHRManager(  582): Saving state
D/ReconCadenceManager(  582): Saving state
D/ReconPowerManager(  582): Saving state
D/SportsActivityManager(  582): Saving state
D/ReconCalorieManager(  582): Saving state
I/NAVD.GPSC_TIMER_API(  870): +++ gpsc_os_timer_expired_res: Timer Expired:20, GPSC State:ACTIVE, Sequence:GET ASSISTANCE   +++
I/NAVD.GPSC_TIMER_API(  870): C_TIMER_NVS_SAVE timer expired, saving NVS state
I/NAVD.GPSC_DATABASE(  870): +++ Updated [/data/gps/aiding/GPSCPositionFile] Binary Position File. Data: +++
I/NAVD.GPSC_DATABASE(  870): +++ Updated [/data/gps/aiding/GPSCEphFile] Binary Ephemeris File. Data: +++
I/NAVD.GPSC_DATABASE(  870): +++ Updated [/data/gps/aiding/GPSCIonoFile] Binary Iono  File. Data: +++
I/NAVD.GPSC_DATABASE(  870): +++ Updated [/data/gps/aiding/GPSCUtcFile] Binary UTC File. Data: +++
I/NAVD.GPSC_DATABASE(  870): +++ Updated [/data/gps/aiding/GPSCAlmanacFile] Binary Almanac File. Data: +++
I/NAVD.GPSC_DATABASE(  870): +++ Updated [/data/gps/aiding/GPSCHealthFile] Binary Health File. Data: +++
I/NAVD.GPSC_DATABASE(  870): +++ Updated [/data/gps/aiding/GPSCTcxoFile] Binary TCXO File. Data: +++
I/NAVD.GPSC_TIMER_API(  870): C_TIMER_NVS_SAVE Timer started
I/NAVD.GPSC_TIMER_API(  870): +++ gpsc_os_timer_expired_res: Timer Expired:19, GPSC State:ACTIVE, Sequence:GET ASSISTANCE   +++
I/NAVD.GPSC_MGP(  870): +++ gpsc_mgp_process_msg: AI_REP_CLOCK +++
I/NAVD.GPSC_MGP(  870): C_TIMER_RXN_EPHE_VALID Timer expired: request for assistance
I/NAVD.GPSC_APP_API(  870): +++ gpsc_request_assistance: Assist Attempt [0] +++
I/NAVD.GPSC_APP_API(  870): +++ gpsc_request_assistance: GPS Time - Valid [1], Week [1895], MSec [156929250], Unc [0.000297] +++
I/NAVD.GPSC_MGP(  870): +++ recon_request_assistance: Sent Assistance Request [mask = 0xd] to Recon Status Pipe /data/gps/reconcontrol +++
I/RECON.GPS(  895): +++ GPSDriver::processAssistanceRequest: Assistance Request Received. Flags: [0xd] +++
I/NAVD.GPSC_APP_API(  870): +++ gpsc_request_assistance: Successfully requested Assistance from Assistance Provider(s). Request number [1] (maximum 1)  +++
I/NAVD.GPSC_APP_API(  870): C_TIMER_RXN_EPHE_VALID Timer started
D/ReconAGPS.Java(  895): +++ GPS Status callback. Status: [0x5], Extra: [0xd] +++
D/ReconAGPS.Java(  895): handleMessage(), msg.what : 2
I/RXN_IntApp(  888): Start gpsPrnBitMask: -1, gloSlotBitMask 0
I/RXN_IntApp(  888): EE/BCE callback 0
I/RXN_IntApp(  888): 1, 3, 5, 6, 7, 8, 9, 10, 11, 12, 13, 14, 15, 16, 17, 18, 19, 20, 21, 22, 23, 24, 26, 27, 28, 29, 30, 31, 
I/RXN_IntApp(  888): Finished: 0
I/NAVD.GPSC_APP_API(  870): +++ gpsc_app_assist_inject_req: Assistance set is complete, start the injection +++
I/NAVD.GPSC_STATE(  870): +++ StateGpscActive: State [ACTIVE], Event: [ASSIST_INJECT ] +++
I/NAVD.GPSC_APP_API(  870): +++ gpsc_app_assist_inject_req: Assistance set is complete, start the injection +++
I/NAVD.GPSC_STATE(  870): +++ StateGpscActive: State [ACTIVE], Event: [ASSIST_INJECT ] +++
I/NAVD.GPSC_MGP(  870): +++ gpsc_mgp_process_msg: AI_REP_SV_DIR +++
I/NAVD.GPSC_MGP(  870): +++ gpsc_mgp_process_msg: AI_REP_CLOCK +++
I/NAVD.GPSC_APP_API(  870): +++ gpsc_get_min_toe_diff: good_eph_count 9, toe_min 62 +++
I/NAVD.GPSC_SESS(  870): +++ gpsc_get_assistance_from_network: Requesting Assistance (toe_diff = 62) +++
I/NAVD.GPSC_APP_API(  870): +++ gpsc_request_assistance: Exceeded maximum number of Assistance Attempts (1). Assist Request (1) will not be sent +++
E/NAVD.GPSC_SESS(  870): +++ gpsc_get_assistance_from_network: Assistance Request Failure +++
I/NAVD.GPSC_MGP(  870): +++ gpsc_mgp_process_msg: AI_REP_SV_DIR +++
I/NAVD.GPSC_MGP(  870): +++ gpsc_mgp_process_msg: AI_REP_CLOCK +++
I/NAVD.GPSC_MGP(  870): +++ gpsc_mgp_process_msg: Ephemeris Report Received. SV ID: 7 +++
