I/python  (  925): Building position update message...
I/python  (  925): 1462219678.91 Requesting list of users...
I/python  (  925): Dumping:
I/python  (  925): {'self.in_json_obj': {}, 'self.users': {100: {'markerStruct': {'paint_level': 87, 'batteries': [0], 'tank_pressure': 17}, 'posStruct': {'lat': '39.9567', 'planet': 'earth', 'altitude': 96, 'heading': 302, 'long': '-75.1892'}, 'uid': 100, 'name': 'test uid 100'}, 101: {'markerStruct': {'paint_level': 68, 'batteries': [0], 'tank_pressure': 62}, 'posStruct': {'lat': '39.9566', 'planet': 'earth', 'altitude': 21, 'heading': 49, 'long': '-75.1896'}, 'uid': 101, 'name': 'test uid 101'}, 102: {'markerStruct': {'paint_level': 60, 'batteries': [0], 'tank_pressure': 18}, 'posStruct': {'lat': '39.9576', 'planet': 'earth', 'altitude': -6, 'heading': 351, 'long': '-75.1899'}, 'uid': 102, 'name': 'test uid 102'}}, 'self.log_file': 'gui_dump.log', 'dump_timestamp': 'EUS 2016-05-02 15:07:59.201402', 'self.errors': {}, 'self.out_json_obj': {}}
I/python  (  925): User List Not Found...
I/python  (  925): Original myUID:  895dbae5-c8af-4b33-aa4c-1211d950c392
I/python  (  925): Dummy myUID:  895dbae5-c8af-4b33-aa4c-1211d950c392
I/python  (  925): self.user_data {100: {'markerStruct': {'paint_level': 87, 'batteries': [0], 'tank_pressure': 17}, 'posStruct': {'lat': '39.9567', 'planet': 'earth', 'altitude': 96, 'heading': 302, 'long': '-75.1892'}, 'uid': 100, 'name': 'test uid 100'}, 101: {'markerStruct': {'paint_level': 68, 'batteries': [0], 'tank_pressure': 62}, 'posStruct': {'lat': '39.9566', 'planet': 'earth', 'altitude': 21, 'heading': 49, 'long': '-75.1896'}, 'uid': 101, 'name': 'test uid 101'}, 102: {'markerStruct': {'paint_level': 60, 'batteries': [0], 'tank_pressure': 18}, 'posStruct': {'lat': '39.9576', 'planet': 'earth', 'altitude': -6, 'heading': 351, 'long': '-75.1899'}, 'uid': 102, 'name': 'test uid 102'}}
I/python  (  925): 1462219679.22 Drawing scope_canvas...
I/python  (  925): uid_me:  895dbae5-c8af-4b33-aa4c-1211d950c392
I/python  (  925): Painted Users:  False
I/python  (  925): 1462219679.23 Done
D/skia    ( 8553): SkGraphics::Init() - BLTsville (CPU) dlopen success
D/AndroidRuntime( 8553): 
D/AndroidRuntime( 8553): >>>>>> AndroidRuntime START com.android.internal.os.RuntimeInit <<<<<<
D/AndroidRuntime( 8553): CheckJNI is OFF
D/dalvikvm( 8553): Trying to load lib libjavacore.so 0x0
D/dalvikvm( 8553): Added shared lib libjavacore.so 0x0
D/dalvikvm( 8553): Trying to load lib libnativehelper.so 0x0
D/dalvikvm( 8553): Added shared lib libnativehelper.so 0x0
I/python  (  925): Inside updateDisplay
I/python  (  925): Trying to draw user...
I/python  (  925): Done drawing user icon
I/python  (  925): 1462219680.46 Starting...
I/python  (  925): Building position update message...
D/AndroidRuntime( 8553): Calling main entry com.android.commands.input.Input
I/Input   ( 8553): InjectKeyEvent: KeyEvent { action=ACTION_DOWN, keyCode=KEYCODE_DPAD_CENTER, scanCode=0, metaState=0, flags=0x0, repeatCount=0, eventTime=3200635, downTime=3200635, deviceId=-1, source=0x101 }
I/Input   ( 8553): InjectKeyEvent: KeyEvent { action=ACTION_UP, keyCode=KEYCODE_DPAD_CENTER, scanCode=0, metaState=0, flags=0x0, repeatCount=0, eventTime=3200635, downTime=3200635, deviceId=-1, source=0x101 }
D/AndroidRuntime( 8553): Shutting down VM
I/python  (  925): 1462219680.62 Requesting list of users...
I/python  (  925): Dumping:
I/python  (  925): {'self.in_json_obj': {}, 'self.users': {100: {'markerStruct': {'paint_level': 89, 'batteries': [0], 'tank_pressure': 63}, 'posStruct': {'lat': '39.9576', 'planet': 'earth', 'altitude': 3, 'heading': 93, 'long': '-75.1895'}, 'uid': 100, 'name': 'test uid 100'}, 101: {'markerStruct': {'paint_level': 45, 'batteries': [0], 'tank_pressure': 22}, 'posStruct': {'lat': '39.9572', 'planet': 'earth', 'altitude': -32, 'heading': 169, 'long': '-75.1901'}, 'uid': 101, 'name': 'test uid 101'}, 102: {'markerStruct': {'paint_level': 29, 'batteries': [0], 'tank_pressure': 95}, 'posStruct': {'lat': '39.9571', 'planet': 'earth', 'altitude': 10, 'heading': 46, 'long': '-75.1898'}, 'uid': 102, 'name': 'test uid 102'}}, 'self.log_file': 'gui_dump.log', 'dump_timestamp': 'EUS 2016-05-02 15:08:00.703844', 'self.errors': {}, 'self.out_json_obj': {}}
D/skia    ( 8553): SkGraphics::Term() dlclose() BLTsville (CPU) 
I/python  (  925): User List Not Found...
I/python  (  925): Original myUID:  895dbae5-c8af-4b33-aa4c-1211d950c392
I/python  (  925): Dummy myUID:  895dbae5-c8af-4b33-aa4c-1211d950c392
I/python  (  925): self.user_data {100: {'markerStruct': {'paint_level': 89, 'batteries': [0], 'tank_pressure': 63}, 'posStruct': {'lat': '39.9576', 'planet': 'earth', 'altitude': 3, 'heading': 93, 'long': '-75.1895'}, 'uid': 100, 'name': 'test uid 100'}, 101: {'markerStruct': {'paint_level': 45, 'batteries': [0], 'tank_pressure': 22}, 'posStruct': {'lat': '39.9572', 'planet': 'earth', 'altitude': -32, 'heading': 169, 'long': '-75.1901'}, 'uid': 101, 'name': 'test uid 101'}, 102: {'markerStruct': {'paint_level': 29, 'batteries': [0], 'tank_pressure': 95}, 'posStruct': {'lat': '39.9571', 'planet': 'earth', 'altitude': 10, 'heading': 46, 'long': '-75.1898'}, 'uid': 102, 'name': 'test uid 102'}}
I/python  (  925): 1462219680.8 Drawing scope_canvas...
I/python  (  925): uid_me:  895dbae5-c8af-4b33-aa4c-1211d950c392
I/python  (  925): Painted Users:  False
I/python  (  925): 1462219680.8 Done
I/python  (  925): ('The key', 13, 'have been pressed')
I/python  (  925):  - text is 23
I/python  (  925):  - modifiers are []
I/python  (  925): Issue adjusting the zoom level
I/python  (  925): uid ind/total:  0 3
I/python  (  925): Inside updateDisplay
I/python  (  925): Trying to draw user...
I/python  (  925): Done drawing user icon
I/python  (  925): 1462219681.32 Starting...
I/python  (  925): Building position update message...
I/python  (  925): 1462219681.44 Requesting list of users...
I/python  (  925): Dumping:
I/python  (  925): {'self.in_json_obj': {}, 'self.users': {100: {'markerStruct': {'paint_level': 37, 'batteries': [0], 'tank_pressure': 64}, 'posStruct': {'lat': '39.9576', 'planet': 'earth', 'altitude': 18, 'heading': 129, 'long': '-75.19'}, 'uid': 100, 'name': 'test uid 100'}, 101: {'markerStruct': {'paint_level': 95, 'batteries': [0], 'tank_pressure': 48}, 'posStruct': {'lat': '39.9569', 'planet': 'earth', 'altitude': -100, 'heading': 117, 'long': '-75.1894'}, 'uid': 101, 'name': 'test uid 101'}, 102: {'markerStruct': {'paint_level': 2, 'batteries': [0], 'tank_pressure': 78}, 'posStruct': {'lat': '39.9559', 'planet': 'earth', 'altitude': -13, 'heading': 71, 'long': '-75.1906'}, 'uid': 102, 'name': 'test uid 102'}}, 'self.log_file': 'gui_dump.log', 'dump_timestamp': 'EUS 2016-05-02 15:08:01.636278', 'self.errors': {}, 'self.out_json_obj': {}}
I/python  (  925): User List Not Found...
I/python  (  925): Original myUID:  100
I/python  (  925): Dummy myUID:  100
I/python  (  925): self.user_data {100: {'markerStruct': {'paint_level': 37, 'batteries': [0], 'tank_pressure': 64}, 'posStruct': {'lat': '39.9576', 'planet': 'earth', 'altitude': 18, 'heading': 129, 'long': '-75.19'}, 'uid': 100, 'name': 'test uid 100'}, 101: {'markerStruct': {'paint_level': 95, 'batteries': [0], 'tank_pressure': 48}, 'posStruct': {'lat': '39.9569', 'planet': 'earth', 'altitude': -100, 'heading': 117, 'long': '-75.1894'}, 'uid': 101, 'name': 'test uid 101'}, 102: {'markerStruct': {'paint_level': 2, 'batteries': [0], 'tank_pressure': 78}, 'posStruct': {'lat': '39.9559', 'planet': 'earth', 'altitude': -13, 'heading': 71, 'long': '-75.1906'}, 'uid': 102, 'name': 'test uid 102'}}
I/python  (  925): 1462219681.8 Drawing scope_canvas...
I/python  (  925): uid_me:  100
I/python  (  925): Bearing = 146.694075888
I/python  (  925): Trying to draw user...
I/python  (  925): Done drawing user icon
I/python  (  925): Bearing = 195.138590711
I/python  (  925): Trying to draw user...
I/python  (  925): Done drawing user icon
I/python  (  925): Painted Users:  True
I/python  (  925): 1462219681.83 Done
I/python  (  925): Inside updateDisplay
I/python  (  925): Trying to draw user...
I/python  (  925): Done drawing user icon
I/python  (  925): 1462219682.33 Starting...
I/python  (  925): Building position update message...
I/python  (  925): 1462219682.46 Requesting list of users...
I/python  (  925): Dumping:
I/python  (  925): {'self.in_json_obj': {}, 'self.users': {100: {'markerStruct': {'paint_level': 22, 'batteries': [0], 'tank_pressure': 1}, 'posStruct': {'lat': '39.9559', 'planet': 'earth', 'altitude': -51, 'heading': 0, 'long': '-75.189'}, 'uid': 100, 'name': 'test uid 100'}, 101: {'markerStruct': {'paint_level': 76, 'batteries': [0], 'tank_pressure': 76}, 'posStruct': {'lat': '39.957', 'planet': 'earth', 'altitude': -92, 'heading': 297, 'long': '-75.1889'}, 'uid': 101, 'name': 'test uid 101'}, 102: {'markerStruct': {'paint_level': 88, 'batteries': [0], 'tank_pressure': 42}, 'posStruct': {'lat': '39.9564', 'planet': 'earth', 'altitude': -97, 'heading': 112, 'long': '-75.19'}, 'uid': 102, 'name': 'test uid 102'}}, 'self.log_file': 'gui_dump.log', 'dump_timestamp': 'EUS 2016-05-02 15:08:02.618242', 'self.errors': {}, 'self.out_json_obj': {}}
I/python  (  925): User List Not Found...
I/python  (  925): Original myUID:  100
I/python  (  925): Dummy myUID:  100
I/python  (  925): self.user_data {100: {'markerStruct': {'paint_level': 22, 'batteries': [0], 'tank_pressure': 1}, 'posStruct': {'lat': '39.9559', 'planet': 'earth', 'altitude': -51, 'heading': 0, 'long': '-75.189'}, 'uid': 100, 'name': 'test uid 100'}, 101: {'markerStruct': {'paint_level': 76, 'batteries': [0], 'tank_pressure': 76}, 'posStruct': {'lat': '39.957', 'planet': 'earth', 'altitude': -92, 'heading': 297, 'long': '-75.1889'}, 'uid': 101, 'name': 'test uid 101'}, 102: {'markerStruct': {'paint_level': 88, 'batteries': [0], 'tank_pressure': 42}, 'posStruct': {'lat': '39.9564', 'planet': 'earth', 'altitude': -97, 'heading': 112, 'long': '-75.19'}, 'uid': 102, 'name': 'test uid 102'}}
I/python  (  925): 1462219682.66 Drawing scope_canvas...
I/python  (  925): uid_me:  100
I/python  (  925): Bearing = 3.98616886079
I/python  (  925): Trying to draw user...
I/python  (  925): Done drawing user icon
I/python  (  925): Bearing = 303.116126234
I/python  (  925): Trying to draw user...
I/python  (  925): Done drawing user icon
I/python  (  925): Painted Users:  True
I/python  (  925): 1462219682.83 Done
I/python  (  925): Inside updateDisplay
I/python  (  925): Trying to draw user...
I/python  (  925): Done drawing user icon
I/python  (  925): 1462219683.33 Starting...
I/python  (  925): Building position update message...
I/python  (  925): 1462219683.46 Requesting list of users...
I/python  (  925): Dumping:
I/python  (  925): {'self.in_json_obj': {}, 'self.users': {100: {'markerStruct': {'paint_level': 91, 'batteries': [0], 'tank_pressure': 55}, 'posStruct': {'lat': '39.9575', 'planet': 'earth', 'altitude': 78, 'heading': 96, 'long': '-75.1903'}, 'uid': 100, 'name': 'test uid 100'}, 101: {'markerStruct': {'paint_level': 52, 'batteries': [0], 'tank_pressure': 0}, 'posStruct': {'lat': '39.9567', 'planet': 'earth', 'altitude': 43, 'heading': 33, 'long': '-75.189'}, 'uid': 101, 'name': 'test uid 101'}, 102: {'markerStruct': {'paint_level': 27, 'batteries': [0], 'tank_pressure': 78}, 'posStruct': {'lat': '39.9563', 'planet': 'earth', 'altitude': -23, 'heading': 337, 'long': '-75.1909'}, 'uid': 102, 'name': 'test uid 102'}}, 'self.log_file': 'gui_dump.log', 'dump_timestamp': 'EUS 2016-05-02 15:08:03.673051', 'self.errors': {}, 'self.out_json_obj': {}}
I/python  (  925): User List Not Found...
I/python  (  925): Original myUID:  100
I/python  (  925): Dummy myUID:  100
I/python  (  925): self.user_data {100: {'markerStruct': {'paint_level': 91, 'batteries': [0], 'tank_pressure': 55}, 'posStruct': {'lat': '39.9575', 'planet': 'earth', 'altitude': 78, 'heading': 96, 'long': '-75.1903'}, 'uid': 100, 'name': 'test uid 100'}, 101: {'markerStruct': {'paint_level': 52, 'batteries': [0], 'tank_pressure': 0}, 'posStruct': {'lat': '39.9567', 'planet': 'earth', 'altitude': 43, 'heading': 33, 'long': '-75.189'}, 'uid': 101, 'name': 'test uid 101'}, 102: {'markerStruct': {'paint_level': 27, 'batteries': [0], 'tank_pressure': 78}, 'posStruct': {'lat': '39.9563', 'planet': 'earth', 'altitude': -23, 'heading': 337, 'long': '-75.1909'}, 'uid': 102, 'name': 'test uid 102'}}
I/python  (  925): 1462219683.7 Drawing scope_canvas...
I/python  (  925): uid_me:  100
I/python  (  925): Bearing = 128.757894477
I/python  (  925): Trying to draw user...
I/python  (  925): Done drawing user icon
I/python  (  925): Bearing = 200.970216326
I/python  (  925): Trying to draw user...
I/python  (  925): Done drawing user icon
I/python  (  925): Painted Users:  True
I/python  (  925): 1462219683.88 Done
I/python  (  925): Inside updateDisplay
I/python  (  925): Trying to draw user...
I/python  (  925): Done drawing user icon
I/python  (  925): 1462219684.34 Starting...
I/python  (  925): Building position update message...
I/python  (  925): 1462219684.35 Requesting list of users...
I/python  (  925): Dumping:
I/python  (  925): {'self.in_json_obj': {}, 'self.users': {100: {'markerStruct': {'paint_level': 47, 'batteries': [0], 'tank_pressure': 76}, 'posStruct': {'lat': '39.9574', 'planet': 'earth', 'altitude': 14, 'heading': 225, 'long': '-75.1896'}, 'uid': 100, 'name': 'test uid 100'}, 101: {'markerStruct': {'paint_level': 38, 'batteries': [0], 'tank_pressure': 19}, 'posStruct': {'lat': '39.9556', 'planet': 'earth', 'altitude': -42, 'heading': 191, 'long': '-75.1902'}, 'uid': 101, 'name': 'test uid 101'}, 102: {'markerStruct': {'paint_level': 38, 'batteries': [0], 'tank_pressure': 66}, 'posStruct': {'lat': '39.9565', 'planet': 'earth', 'altitude': 46, 'heading': 190, 'long': '-75.189'}, 'uid': 102, 'name': 'test uid 102'}}, 'self.log_file': 'gui_dump.log', 'dump_timestamp': 'EUS 2016-05-02 15:08:04.630144', 'self.errors': {}, 'self.out_json_obj': {}}
I/python  (  925): User List Not Found...
I/python  (  925): Original myUID:  100
I/python  (  925): Dummy myUID:  100
I/python  (  925): self.user_data {100: {'markerStruct': {'paint_level': 47, 'batteries': [0], 'tank_pressure': 76}, 'posStruct': {'lat': '39.9574', 'planet': 'earth', 'altitude': 14, 'heading': 225, 'long': '-75.1896'}, 'uid': 100, 'name': 'test uid 100'}, 101: {'markerStruct': {'paint_level': 38, 'batteries': [0], 'tank_pressure': 19}, 'posStruct': {'lat': '39.9556', 'planet': 'earth', 'altitude': -42, 'heading': 191, 'long': '-75.1902'}, 'uid': 101, 'name': 'test uid 101'}, 102: {'markerStruct': {'paint_level': 38, 'batteries': [0], 'tank_pressure': 66}, 'posStruct': {'lat': '39.9565', 'planet': 'earth', 'altitude': 46, 'heading': 190, 'long': '-75.189'}, 'uid': 102, 'name': 'test uid 102'}}
I/python  (  925): 1462219684.72 Drawing scope_canvas...
I/python  (  925): uid_me:  100
I/python  (  925): Bearing = 194.333218058
I/python  (  925): Trying to draw user...
I/python  (  925): Done drawing user icon
I/python  (  925): Bearing = 152.93195125
I/python  (  925): Trying to draw user...
I/python  (  925): Done drawing user icon
I/python  (  925): Painted Users:  True
I/python  (  925): 1462219684.73 Done
I/python  (  925): Inside updateDisplay
I/python  (  925): Trying to draw user...
I/python  (  925): Done drawing user icon
I/python  (  925): 1462219685.34 Starting...
I/python  (  925): Building position update message...
I/python  (  925): 1462219685.49 Requesting list of users...
I/python  (  925): Dumping:
I/python  (  925): {'self.in_json_obj': {}, 'self.users': {100: {'markerStruct': {'paint_level': 85, 'batteries': [0], 'tank_pressure': 26}, 'posStruct': {'lat': '39.9567', 'planet': 'earth', 'altitude': 62, 'heading': 67, 'long': '-75.1905'}, 'uid': 100, 'name': 'test uid 100'}, 101: {'markerStruct': {'paint_level': 68, 'batteries': [0], 'tank_pressure': 58}, 'posStruct': {'lat': '39.9557', 'planet': 'earth', 'altitude': -96, 'heading': 299, 'long': '-75.1899'}, 'uid': 101, 'name': 'test uid 101'}, 102: {'markerStruct': {'paint_level': 75, 'batteries': [0], 'tank_pressure': 62}, 'posStruct': {'lat': '39.9575', 'planet': 'earth', 'altitude': 33, 'heading': 182, 'long': '-75.1902'}, 'uid': 102, 'name': 'test uid 102'}}, 'self.log_file': 'gui_dump.log', 'dump_timestamp': 'EUS 2016-05-02 15:08:05.632768', 'self.errors': {}, 'self.out_json_obj': {}}
I/python  (  925): User List Not Found...
I/python  (  925): Original myUID:  100
I/python  (  925): Dummy myUID:  100
I/python  (  925): self.user_data {100: {'markerStruct': {'paint_level': 85, 'batteries': [0], 'tank_pressure': 26}, 'posStruct': {'lat': '39.9567', 'planet': 'earth', 'altitude': 62, 'heading': 67, 'long': '-75.1905'}, 'uid': 100, 'name': 'test uid 100'}, 101: {'markerStruct': {'paint_level': 68, 'batteries': [0], 'tank_pressure': 58}, 'posStruct': {'lat': '39.9557', 'planet': 'earth', 'altitude': -96, 'heading': 299, 'long': '-75.1899'}, 'uid': 101, 'name': 'test uid 101'}, 102: {'markerStruct': {'paint_level': 75, 'batteries': [0], 'tank_pressure': 62}, 'posStruct': {'lat': '39.9575', 'planet': 'earth', 'altitude': 33, 'heading': 182, 'long': '-75.1902'}, 'uid': 102, 'name': 'test uid 102'}}
I/python  (  925): 1462219685.66 Drawing scope_canvas...
I/python  (  925): uid_me:  100
I/python  (  925): Bearing = 155.30109603
I/python  (  925): Trying to draw user...
I/python  (  925): Done drawing user icon
I/python  (  925): Bearing = 16.0370456644
I/python  (  925): Trying to draw user...
I/python  (  925): Done drawing user icon
I/python  (  925): Painted Users:  True
I/python  (  925): 1462219685.69 Done
I/python  (  925): Inside updateDisplay
I/python  (  925): Trying to draw user...
I/python  (  925): Done drawing user icon
I/python  (  925): 1462219686.35 Starting...
I/python  (  925): Building position update message...
I/python  (  925): 1462219686.48 Requesting list of users...
I/python  (  925): Dumping:
I/python  (  925): {'self.in_json_obj': {}, 'self.users': {100: {'markerStruct': {'paint_level': 41, 'batteries': [0], 'tank_pressure': 83}, 'posStruct': {'lat': '39.9565', 'planet': 'earth', 'altitude': -88, 'heading': 127, 'long': '-75.1906'}, 'uid': 100, 'name': 'test uid 100'}, 101: {'markerStruct': {'paint_level': 7, 'batteries': [0], 'tank_pressure': 100}, 'posStruct': {'lat': '39.9576', 'planet': 'earth', 'altitude': 84, 'heading': 329, 'long': '-75.1906'}, 'uid': 101, 'name': 'test uid 101'}, 102: {'markerStruct': {'paint_level': 89, 'batteries': [0], 'tank_pressure': 63}, 'posStruct': {'lat': '39.9558', 'planet': 'earth', 'altitude': 59, 'heading': 343, 'long': '-75.19'}, 'uid': 102, 'name': 'test uid 102'}}, 'self.log_file': 'gui_dump.log', 'dump_timestamp': 'EUS 2016-05-02 15:08:06.862382', 'self.errors': {}, 'self.out_json_obj': {}}
I/python  (  925): User List Not Found...
I/python  (  925): Original myUID:  100
I/python  (  925): Dummy myUID:  100
I/python  (  925): self.user_data {100: {'markerStruct': {'paint_level': 41, 'batteries': [0], 'tank_pressure': 83}, 'posStruct': {'lat': '39.9565', 'planet': 'earth', 'altitude': -88, 'heading': 127, 'long': '-75.1906'}, 'uid': 100, 'name': 'test uid 100'}, 101: {'markerStruct': {'paint_level': 7, 'batteries': [0], 'tank_pressure': 100}, 'posStruct': {'lat': '39.9576', 'planet': 'earth', 'altitude': 84, 'heading': 329, 'long': '-75.1906'}, 'uid': 101, 'name': 'test uid 101'}, 102: {'markerStruct': {'paint_level': 89, 'batteries': [0], 'tank_pressure': 63}, 'posStruct': {'lat': '39.9558', 'planet': 'earth', 'altitude': 59, 'heading': 343, 'long': '-75.19'}, 'uid': 102, 'name': 'test uid 102'}}
I/python  (  925): 1462219686.89 Drawing scope_canvas...
I/python  (  925): uid_me:  100
I/python  (  925): Bearing = 0.0
I/python  (  925): Trying to draw user...
I/python  (  925): Done drawing user icon
I/python  (  925): Bearing = 146.693652955
I/python  (  925): Trying to draw user...
I/python  (  925): Done drawing user icon
I/python  (  925): Painted Users:  True
I/python  (  925): 1462219686.91 Done
I/python  (  925): Inside updateDisplay
I/python  (  925): Trying to draw user...
I/python  (  925): Done drawing user icon
I/python  (  925): 1462219687.37 Starting...
I/python  (  925): Building position update message...
I/python  (  925): 1462219687.52 Requesting list of users...
I/python  (  925): Dumping:
I/python  (  925): {'self.in_json_obj': {}, 'self.users': {100: {'markerStruct': {'paint_level': 80, 'batteries': [0], 'tank_pressure': 10}, 'posStruct': {'lat': '39.9558', 'planet': 'earth', 'altitude': -57, 'heading': 310, 'long': '-75.189'}, 'uid': 100, 'name': 'test uid 100'}, 101: {'markerStruct': {'paint_level': 49, 'batteries': [0], 'tank_pressure': 16}, 'posStruct': {'lat': '39.9568', 'planet': 'earth', 'altitude': 69, 'heading': 336, 'long': '-75.19'}, 'uid': 101, 'name': 'test uid 101'}, 102: {'markerStruct': {'paint_level': 13, 'batteries': [0], 'tank_pressure': 30}, 'posStruct': {'lat': '39.9572', 'planet': 'earth', 'altitude': 84, 'heading': 276, 'long': '-75.1907'}, 'uid': 102, 'name': 'test uid 102'}}, 'self.log_file': 'gui_dump.log', 'dump_timestamp': 'EUS 2016-05-02 15:08:07.899065', 'self.errors': {}, 'self.out_json_obj': {}}
I/python  (  925): User List Not Found...
I/python  (  925): Original myUID:  100
I/python  (  925): Dummy myUID:  100
I/python  (  925): self.user_data {100: {'markerStruct': {'paint_level': 80, 'batteries': [0], 'tank_pressure': 10}, 'posStruct': {'lat': '39.9558', 'planet': 'earth', 'altitude': -57, 'heading': 310, 'long': '-75.189'}, 'uid': 100, 'name': 'test uid 100'}, 101: {'markerStruct': {'paint_level': 49, 'batteries': [0], 'tank_pressure': 16}, 'posStruct': {'lat': '39.9568', 'planet': 'earth', 'altitude': 69, 'heading': 336, 'long': '-75.19'}, 'uid': 101, 'name': 'test uid 101'}, 102: {'markerStruct': {'paint_level': 13, 'batteries': [0], 'tank_pressure': 30}, 'posStruct': {'lat': '39.9572', 'planet': 'earth', 'altitude': 84, 'heading': 276, 'long': '-75.1907'}, 'uid': 102, 'name': 'test uid 102'}}
I/python  (  925): 1462219687.92 Drawing scope_canvas...
I/python  (  925): uid_me:  100
I/python  (  925): Bearing = 322.528911865
I/python  (  925): Trying to draw user...
I/python  (  925): Done drawing user icon
I/python  (  925): Bearing = 317.053485032
I/python  (  925): Trying to draw user...
I/python  (  925): Done drawing user icon
I/python  (  925): Painted Users:  True
I/python  (  925): 1462219687.94 Done
I/python  (  925): Inside updateDisplay
I/python  (  925): Trying to draw user...
I/python  (  925): Done drawing user icon
I/python  (  925): 1462219688.37 Starting...
I/python  (  925): Building position update message...
I/python  (  925): 1462219688.55 Requesting list of users...
I/python  (  925): Dumping:
I/python  (  925): {'self.in_json_obj': {}, 'self.users': {100: {'markerStruct': {'paint_level': 55, 'batteries': [0], 'tank_pressure': 80}, 'posStruct': {'lat': '39.9559', 'planet': 'earth', 'altitude': 69, 'heading': 68, 'long': '-75.189'}, 'uid': 100, 'name': 'test uid 100'}, 101: {'markerStruct': {'paint_level': 14, 'batteries': [0], 'tank_pressure': 58}, 'posStruct': {'lat': '39.9576', 'planet': 'earth', 'altitude': 7, 'heading': 49, 'long': '-75.1905'}, 'uid': 101, 'name': 'test uid 101'}, 102: {'markerStruct': {'paint_level': 33, 'batteries': [0], 'tank_pressure': 50}, 'posStruct': {'lat': '39.9568', 'planet': 'earth', 'altitude': -26, 'heading': 211, 'long': '-75.1899'}, 'uid': 102, 'name': 'test uid 102'}}, 'self.log_file': 'gui_dump.log', 'dump_timestamp': 'EUS 2016-05-02 15:08:08.928239', 'self.errors': {}, 'self.out_json_obj': {}}
I/python  (  925): User List Not Found...
I/python  (  925): Original myUID:  100
I/python  (  925): Dummy myUID:  100
I/python  (  925): self.user_data {100: {'markerStruct': {'paint_level': 55, 'batteries': [0], 'tank_pressure': 80}, 'posStruct': {'lat': '39.9559', 'planet': 'earth', 'altitude': 69, 'heading': 68, 'long': '-75.189'}, 'uid': 100, 'name': 'test uid 100'}, 101: {'markerStruct': {'paint_level': 14, 'batteries': [0], 'tank_pressure': 58}, 'posStruct': {'lat': '39.9576', 'planet': 'earth', 'altitude': 7, 'heading': 49, 'long': '-75.1905'}, 'uid': 101, 'name': 'test uid 101'}, 102: {'markerStruct': {'paint_level': 33, 'batteries': [0], 'tank_pressure': 50}, 'posStruct': {'lat': '39.9568', 'planet': 'earth', 'altitude': -26, 'heading': 211, 'long': '-75.1899'}, 'uid': 102, 'name': 'test uid 102'}}
I/python  (  925): 1462219688.96 Drawing scope_canvas...
I/python  (  925): uid_me:  100
I/python  (  925): Bearing = 325.928046274
I/python  (  925): Trying to draw user...
I/python  (  925): Done drawing user icon
I/python  (  925): Bearing = 322.528899981
I/python  (  925): Trying to draw user...
I/python  (  925): Done drawing user icon
I/python  (  925): Painted Users:  True
I/python  (  925): 1462219688.99 Done
I/python  (  925): Inside updateDisplay
I/python  (  925): Trying to draw user...
I/python  (  925): Done drawing user icon
I/python  (  925): 1462219689.36 Starting...
I/python  (  925): Building position update message...
I/python  (  925): 1462219689.58 Requesting list of users...
I/python  (  925): Dumping:
I/python  (  925): {'self.in_json_obj': {}, 'self.users': {100: {'markerStruct': {'paint_level': 78, 'batteries': [0], 'tank_pressure': 95}, 'posStruct': {'lat': '39.9569', 'planet': 'earth', 'altitude': 50, 'heading': 62, 'long': '-75.1896'}, 'uid': 100, 'name': 'test uid 100'}, 101: {'markerStruct': {'paint_level': 60, 'batteries': [0], 'tank_pressure': 34}, 'posStruct': {'lat': '39.9558', 'planet': 'earth', 'altitude': 65, 'heading': 136, 'long': '-75.1902'}, 'uid': 101, 'name': 'test uid 101'}, 102: {'markerStruct': {'paint_level': 35, 'batteries': [0], 'tank_pressure': 10}, 'posStruct': {'lat': '39.9567', 'planet': 'earth', 'altitude': 77, 'heading': 89, 'long': '-75.1896'}, 'uid': 102, 'name': 'test uid 102'}}, 'self.log_file': 'gui_dump.log', 'dump_timestamp': 'EUS 2016-05-02 15:08:09.952989', 'self.errors': {}, 'self.out_json_obj': {}}
I/python  (  925): User List Not Found...
I/python  (  925): Original myUID:  100
I/python  (  925): Dummy myUID:  100
I/python  (  925): self.user_data {100: {'markerStruct': {'paint_level': 78, 'batteries': [0], 'tank_pressure': 95}, 'posStruct': {'lat': '39.9569', 'planet': 'earth', 'altitude': 50, 'heading': 62, 'long': '-75.1896'}, 'uid': 100, 'name': 'test uid 100'}, 101: {'markerStruct': {'paint_level': 60, 'batteries': [0], 'tank_pressure': 34}, 'posStruct': {'lat': '39.9558', 'planet': 'earth', 'altitude': 65, 'heading': 136, 'long': '-75.1902'}, 'uid': 101, 'name': 'test uid 101'}, 102: {'markerStruct': {'paint_level': 35, 'batteries': [0], 'tank_pressure': 10}, 'posStruct': {'lat': '39.9567', 'planet': 'earth', 'altitude': 77, 'heading': 89, 'long': '-75.1896'}, 'uid': 102, 'name': 'test uid 102'}}
I/python  (  925): 1462219689.98 Drawing scope_canvas...
I/python  (  925): uid_me:  100
I/python  (  925): Bearing = 202.690456384
I/python  (  925): Trying to draw user...
I/python  (  925): Done drawing user icon
I/python  (  925): Bearing = 180.0
I/python  (  925): Trying to draw user...
I/python  (  925): Done drawing user icon
I/python  (  925): Painted Users:  True
I/python  (  925): 1462219690.01 Done
I/python  (  925): Inside updateDisplay
I/python  (  925): Trying to draw user...
I/python  (  925): Done drawing user icon
I/python  (  925): 1462219690.38 Starting...
I/python  (  925): Building position update message...
I/python  (  925): 1462219690.67 Requesting list of users...
I/python  (  925): Dumping:
I/python  (  925): {'self.in_json_obj': {}, 'self.users': {100: {'markerStruct': {'paint_level': 76, 'batteries': [0], 'tank_pressure': 12}, 'posStruct': {'lat': '39.9564', 'planet': 'earth', 'altitude': -97, 'heading': 199, 'long': '-75.1902'}, 'uid': 100, 'name': 'test uid 100'}, 101: {'markerStruct': {'paint_level': 6, 'batteries': [0], 'tank_pressure': 48}, 'posStruct': {'lat': '39.9574', 'planet': 'earth', 'altitude': -48, 'heading': 46, 'long': '-75.1894'}, 'uid': 101, 'name': 'test uid 101'}, 102: {'markerStruct': {'paint_level': 42, 'batteries': [0], 'tank_pressure': 80}, 'posStruct': {'lat': '39.9563', 'planet': 'earth', 'altitude': 19, 'heading': 166, 'long': '-75.1909'}, 'uid': 102, 'name': 'test uid 102'}}, 'self.log_file': 'gui_dump.log', 'dump_timestamp': 'EUS 2016-05-02 15:08:10.890092', 'self.errors': {}, 'self.out_json_obj': {}}
I/python  (  925): User List Not Found...
I/python  (  925): Original myUID:  100
I/python  (  925): Dummy myUID:  100
I/python  (  925): self.user_data {100: {'markerStruct': {'paint_level': 76, 'batteries': [0], 'tank_pressure': 12}, 'posStruct': {'lat': '39.9564', 'planet': 'earth', 'altitude': -97, 'heading': 199, 'long': '-75.1902'}, 'uid': 100, 'name': 'test uid 100'}, 101: {'markerStruct': {'paint_level': 6, 'batteries': [0], 'tank_pressure': 48}, 'posStruct': {'lat': '39.9574', 'planet': 'earth', 'altitude': -48, 'heading': 46, 'long': '-75.1894'}, 'uid': 101, 'name': 'test uid 101'}, 102: {'markerStruct': {'paint_level': 42, 'batteries': [0], 'tank_pressure': 80}, 'posStruct': {'lat': '39.9563', 'planet': 'earth', 'altitude': 19, 'heading': 166, 'long': '-75.1909'}, 'uid': 102, 'name': 'test uid 102'}}
I/python  (  925): 1462219691.19 Drawing scope_canvas...
I/python  (  925): uid_me:  100
I/python  (  925): Bearing = 31.5172933723
I/python  (  925): Trying to draw user...
I/python  (  925): Done drawing user icon
I/python  (  925): Bearing = 259.443256498
I/python  (  925): Trying to draw user...
I/python  (  925): Done drawing user icon
I/python  (  925): Painted Users:  True
I/python  (  925): 1462219691.39 Done
I/python  (  925): Inside updateDisplay
I/python  (  925): Trying to draw user...
I/python  (  925): Done drawing user icon
I/python  (  925): 1462219691.61 Starting...
I/python  (  925): Building position update message...
I/python  (  925): 1462219691.83 Requesting list of users...
I/python  (  925): Dumping:
I/python  (  925): {'self.in_json_obj': {}, 'self.users': {100: {'markerStruct': {'paint_level': 40, 'batteries': [0], 'tank_pressure': 26}, 'posStruct': {'lat': '39.9573', 'planet': 'earth', 'altitude': -40, 'heading': 289, 'long': '-75.1899'}, 'uid': 100, 'name': 'test uid 100'}, 101: {'markerStruct': {'paint_level': 1, 'batteries': [0], 'tank_pressure': 22}, 'posStruct': {'lat': '39.9565', 'planet': 'earth', 'altitude': -64, 'heading': 92, 'long': '-75.1897'}, 'uid': 101, 'name': 'test uid 101'}, 102: {'markerStruct': {'paint_level': 11, 'batteries': [0], 'tank_pressure': 65}, 'posStruct': {'lat': '39.9562', 'planet': 'earth', 'altitude': 78, 'heading': 114, 'long': '-75.1901'}, 'uid': 102, 'name': 'test uid 102'}}, 'self.log_file': 'gui_dump.log', 'dump_timestamp': 'EUS 2016-05-02 15:08:12.177873', 'self.errors': {}, 'self.out_json_obj': {}}
I/python  (  925): User List Not Found...
I/python  (  925): Original myUID:  100
I/python  (  925): Dummy myUID:  100
I/python  (  925): self.user_data {100: {'markerStruct': {'paint_level': 40, 'batteries': [0], 'tank_pressure': 26}, 'posStruct': {'lat': '39.9573', 'planet': 'earth', 'altitude': -40, 'heading': 289, 'long': '-75.1899'}, 'uid': 100, 'name': 'test uid 100'}, 101: {'markerStruct': {'paint_level': 1, 'batteries': [0], 'tank_pressure': 22}, 'posStruct': {'lat': '39.9565', 'planet': 'earth', 'altitude': -64, 'heading': 92, 'long': '-75.1897'}, 'uid': 101, 'name': 'test uid 101'}, 102: {'markerStruct': {'paint_level': 11, 'batteries': [0], 'tank_pressure': 65}, 'posStruct': {'lat': '39.9562', 'planet': 'earth', 'altitude': 78, 'heading': 114, 'long': '-75.1901'}, 'uid': 102, 'name': 'test uid 102'}}
I/python  (  925): 1462219692.21 Drawing scope_canvas...
I/python  (  925): uid_me:  100
I/python  (  925): Bearing = 169.15175042
I/python  (  925): Trying to draw user...
I/python  (  925): Done drawing user icon
I/python  (  925): Bearing = 187.934212248
I/python  (  925): Trying to draw user...
I/python  (  925): Done drawing user icon
I/python  (  925): Painted Users:  True
I/python  (  925): 1462219692.24 Done
I/python  (  925): Inside updateDisplay
I/python  (  925): Trying to draw user...
I/python  (  925): Done drawing user icon
I/python  (  925): 1462219693.36 Starting...
I/python  (  925): Building position update message...
I/python  (  925): 1462219693.6 Requesting list of users...
I/python  (  925): Dumping:
I/python  (  925): {'self.in_json_obj': {}, 'self.users': {100: {'markerStruct': {'paint_level': 0, 'batteries': [0], 'tank_pressure': 74}, 'posStruct': {'lat': '39.9567', 'planet': 'earth', 'altitude': 54, 'heading': 9, 'long': '-75.1904'}, 'uid': 100, 'name': 'test uid 100'}, 101: {'markerStruct': {'paint_level': 47, 'batteries': [0], 'tank_pressure': 53}, 'posStruct': {'lat': '39.9561', 'planet': 'earth', 'altitude': 8, 'heading': 40, 'long': '-75.1894'}, 'uid': 101, 'name': 'test uid 101'}, 102: {'markerStruct': {'paint_level': 77, 'batteries': [0], 'tank_pressure': 61}, 'posStruct': {'lat': '39.9562', 'planet': 'earth', 'altitude': -30, 'heading': 36, 'long': '-75.1893'}, 'uid': 102, 'name': 'test uid 102'}}, 'self.log_file': 'gui_dump.log', 'dump_timestamp': 'EUS 2016-05-02 15:08:13.875352', 'self.errors': {}, 'self.out_json_obj': {}}
I/python  (  925): User List Not Found...
I/python  (  925): Original myUID:  100
I/python  (  925): Dummy myUID:  100
I/python  (  925): self.user_data {100: {'markerStruct': {'paint_level': 0, 'batteries': [0], 'tank_pressure': 74}, 'posStruct': {'lat': '39.9567', 'planet': 'earth', 'altitude': 54, 'heading': 9, 'long': '-75.1904'}, 'uid': 100, 'name': 'test uid 100'}, 101: {'markerStruct': {'paint_level': 47, 'batteries': [0], 'tank_pressure': 53}, 'posStruct': {'lat': '39.9561', 'planet': 'earth', 'altitude': 8, 'heading': 40, 'long': '-75.1894'}, 'uid': 101, 'name': 'test uid 101'}, 102: {'markerStruct': {'paint_level': 77, 'batteries': [0], 'tank_pressure': 61}, 'posStruct': {'lat': '39.9562', 'planet': 'earth', 'altitude': -30, 'heading': 36, 'long': '-75.1893'}, 'uid': 102, 'name': 'test uid 102'}}
I/python  (  925): 1462219693.9 Drawing scope_canvas...
I/python  (  925): uid_me:  100
I/python  (  925): Bearing = 128.051557232
I/python  (  925): Trying to draw user...
I/python  (  925): Done drawing user icon
I/python  (  925): Bearing = 120.667117856
I/python  (  925): Trying to draw user...
I/python  (  925): Done drawing user icon
I/python  (  925): Painted Users:  True
I/python  (  925): 1462219693.93 Done
I/python  (  925): Inside updateDisplay
I/python  (  925): Trying to draw user...
I/python  (  925): Done drawing user icon
I/python  (  925): 1462219694.47 Starting...
I/python  (  925): Building position update message...
I/python  (  925): 1462219694.66 Requesting list of users...
I/python  (  925): Dumping:
I/python  (  925): {'self.in_json_obj': {}, 'self.users': {100: {'markerStruct': {'paint_level': 20, 'batteries': [0], 'tank_pressure': 10}, 'posStruct': {'lat': '39.9562', 'planet': 'earth', 'altitude': -32, 'heading': 194, 'long': '-75.1905'}, 'uid': 100, 'name': 'test uid 100'}, 101: {'markerStruct': {'paint_level': 37, 'batteries': [0], 'tank_pressure': 30}, 'posStruct': {'lat': '39.957', 'planet': 'earth', 'altitude': 49, 'heading': 58, 'long': '-75.1902'}, 'uid': 101, 'name': 'test uid 101'}, 102: {'markerStruct': {'paint_level': 55, 'batteries': [0], 'tank_pressure': 65}, 'posStruct': {'lat': '39.9562', 'planet': 'earth', 'altitude': 39, 'heading': 327, 'long': '-75.1895'}, 'uid': 102, 'name': 'test uid 102'}}, 'self.log_file': 'gui_dump.log', 'dump_timestamp': 'EUS 2016-05-02 15:08:15.364549', 'self.errors': {}, 'self.out_json_obj': {}}
I/python  (  925): User List Not Found...
I/python  (  925): Original myUID:  100
I/python  (  925): Dummy myUID:  100
I/python  (  925): self.user_data {100: {'markerStruct': {'paint_level': 20, 'batteries': [0], 'tank_pressure': 10}, 'posStruct': {'lat': '39.9562', 'planet': 'earth', 'altitude': -32, 'heading': 194, 'long': '-75.1905'}, 'uid': 100, 'name': 'test uid 100'}, 101: {'markerStruct': {'paint_level': 37, 'batteries': [0], 'tank_pressure': 30}, 'posStruct': {'lat': '39.957', 'planet': 'earth', 'altitude': 49, 'heading': 58, 'long': '-75.1902'}, 'uid': 101, 'name': 'test uid 101'}, 102: {'markerStruct': {'paint_level': 55, 'batteries': [0], 'tank_pressure': 65}, 'posStruct': {'lat': '39.9562', 'planet': 'earth', 'altitude': 39, 'heading': 327, 'long': '-75.1895'}, 'uid': 102, 'name': 'test uid 102'}}
I/python  (  925): 1462219695.39 Drawing scope_canvas...
I/python  (  925): uid_me:  100
I/python  (  925): Bearing = 16.0371568897
I/python  (  925): Trying to draw user...
I/python  (  925): Done drawing user icon
I/python  (  925): Bearing = 89.9996788991
I/python  (  925): Trying to draw user...
I/python  (  925): Done drawing user icon
I/python  (  925): Painted Users:  True
I/python  (  925): 1462219695.42 Done
I/python  (  925): Inside updateDisplay
I/python  (  925): Trying to draw user...
I/python  (  925): Done drawing user icon
I/python  (  925): 1462219695.54 Starting...
I/python  (  925): Building position update message...
I/python  (  925): 1462219695.93 Requesting list of users...
I/python  (  925): Dumping:
I/python  (  925): {'self.in_json_obj': {}, 'self.users': {100: {'markerStruct': {'paint_level': 60, 'batteries': [0], 'tank_pressure': 78}, 'posStruct': {'lat': '39.9568', 'planet': 'earth', 'altitude': -65, 'heading': 163, 'long': '-75.1898'}, 'uid': 100, 'name': 'test uid 100'}, 101: {'markerStruct': {'paint_level': 56, 'batteries': [0], 'tank_pressure': 35}, 'posStruct': {'lat': '39.9558', 'planet': 'earth', 'altitude': 97, 'heading': 25, 'long': '-75.1889'}, 'uid': 101, 'name': 'test uid 101'}, 102: {'markerStruct': {'paint_level': 100, 'batteries': [0], 'tank_pressure': 80}, 'posStruct': {'lat': '39.9565', 'planet': 'earth', 'altitude': -84, 'heading': 306, 'long': '-75.1909'}, 'uid': 102, 'name': 'test uid 102'}}, 'self.log_file': 'gui_dump.log', 'dump_timestamp': 'EUS 2016-05-02 15:08:16.284715', 'self.errors': {}, 'self.out_json_obj': {}}
I/python  (  925): User List Not Found...
I/python  (  925): Original myUID:  100
I/python  (  925): Dummy myUID:  100
I/python  (  925): self.user_data {100: {'markerStruct': {'paint_level': 60, 'batteries': [0], 'tank_pressure': 78}, 'posStruct': {'lat': '39.9568', 'planet': 'earth', 'altitude': -65, 'heading': 163, 'long': '-75.1898'}, 'uid': 100, 'name': 'test uid 100'}, 101: {'markerStruct': {'paint_level': 56, 'batteries': [0], 'tank_pressure': 35}, 'posStruct': {'lat': '39.9558', 'planet': 'earth', 'altitude': 97, 'heading': 25, 'long': '-75.1889'}, 'uid': 101, 'name': 'test uid 101'}, 102: {'markerStruct': {'paint_level': 100, 'batteries': [0], 'tank_pressure': 80}, 'posStruct': {'lat': '39.9565', 'planet': 'earth', 'altitude': -84, 'heading': 306, 'long': '-75.1909'}, 'uid': 102, 'name': 'test uid 102'}}
I/python  (  925): 1462219696.31 Drawing scope_canvas...
I/python  (  925): uid_me:  100
I/python  (  925): Bearing = 145.39865353
I/python  (  925): Trying to draw user...
I/python  (  925): Done drawing user icon
I/python  (  925): Bearing = 250.415079843
I/python  (  925): Trying to draw user...
I/python  (  925): Done drawing user icon
I/python  (  925): Painted Users:  True
I/python  (  925): 1462219696.35 Done
I/python  (  925): Inside updateDisplay
I/python  (  925): Trying to draw user...
I/python  (  925): Done drawing user icon
I/python  (  925): 1462219696.54 Starting...
I/python  (  925): Building position update message...
I/python  (  925): 1462219696.95 Requesting list of users...
I/python  (  925): Dumping:
I/python  (  925): {'self.in_json_obj': {}, 'self.users': {100: {'markerStruct': {'paint_level': 59, 'batteries': [0], 'tank_pressure': 37}, 'posStruct': {'lat': '39.956', 'planet': 'earth', 'altitude': 89, 'heading': 143, 'long': '-75.1904'}, 'uid': 100, 'name': 'test uid 100'}, 101: {'markerStruct': {'paint_level': 91, 'batteries': [0], 'tank_pressure': 67}, 'posStruct': {'lat': '39.9564', 'planet': 'earth', 'altitude': -66, 'heading': 301, 'long': '-75.1902'}, 'uid': 101, 'name': 'test uid 101'}, 102: {'markerStruct': {'paint_level': 88, 'batteries': [0], 'tank_pressure': 15}, 'posStruct': {'lat': '39.9576', 'planet': 'earth', 'altitude': 97, 'heading': 7, 'long': '-75.1891'}, 'uid': 102, 'name': 'test uid 102'}}, 'self.log_file': 'gui_dump.log', 'dump_timestamp': 'EUS 2016-05-02 15:08:17.308824', 'self.errors': {}, 'self.out_json_obj': {}}
I/python  (  925): User List Not Found...
I/python  (  925): Original myUID:  100
I/python  (  925): Dummy myUID:  100
I/python  (  925): self.user_data {100: {'markerStruct': {'paint_level': 59, 'batteries': [0], 'tank_pressure': 37}, 'posStruct': {'lat': '39.956', 'planet': 'earth', 'altitude': 89, 'heading': 143, 'long': '-75.1904'}, 'uid': 100, 'name': 'test uid 100'}, 101: {'markerStruct': {'paint_level': 91, 'batteries': [0], 'tank_pressure': 67}, 'posStruct': {'lat': '39.9564', 'planet': 'earth', 'altitude': -66, 'heading': 301, 'long': '-75.1902'}, 'uid': 101, 'name': 'test uid 101'}, 102: {'markerStruct': {'paint_level': 88, 'batteries': [0], 'tank_pressure': 15}, 'posStruct': {'lat': '39.9576', 'planet': 'earth', 'altitude': 97, 'heading': 7, 'long': '-75.1891'}, 'uid': 102, 'name': 'test uid 102'}}
I/python  (  925): 1462219697.36 Drawing scope_canvas...
I/python  (  925): uid_me:  100
I/python  (  925): Bearing = 20.970155425
I/python  (  925): Trying to draw user...
I/python  (  925): Done drawing user icon
I/python  (  925): Bearing = 31.9144274321
I/python  (  925): Trying to draw user...
I/python  (  925): Done drawing user icon
I/python  (  925): Painted Users:  True
I/python  (  925): 1462219697.38 Done
I/python  (  925): Inside updateDisplay
I/python  (  925): Trying to draw user...
I/python  (  925): Done drawing user icon
I/python  (  925): 1462219697.55 Starting...
I/python  (  925): Building position update message...
I/python  (  925): 1462219697.96 Requesting list of users...
I/python  (  925): Dumping:
I/python  (  925): {'self.in_json_obj': {}, 'self.users': {100: {'markerStruct': {'paint_level': 40, 'batteries': [0], 'tank_pressure': 88}, 'posStruct': {'lat': '39.9565', 'planet': 'earth', 'altitude': -7, 'heading': 69, 'long': '-75.1891'}, 'uid': 100, 'name': 'test uid 100'}, 101: {'markerStruct': {'paint_level': 82, 'batteries': [0], 'tank_pressure': 8}, 'posStruct': {'lat': '39.9572', 'planet': 'earth', 'altitude': -80, 'heading': 259, 'long': '-75.189'}, 'uid': 101, 'name': 'test uid 101'}, 102: {'markerStruct': {'paint_level': 6, 'batteries': [0], 'tank_pressure': 11}, 'posStruct': {'lat': '39.9566', 'planet': 'earth', 'altitude': 29, 'heading': 88, 'long': '-75.189'}, 'uid': 102, 'name': 'test uid 102'}}, 'self.log_file': 'gui_dump.log', 'dump_timestamp': 'EUS 2016-05-02 15:08:18.320238', 'self.errors': {}, 'self.out_json_obj': {}}
I/python  (  925): User List Not Found...
I/python  (  925): Original myUID:  100
I/python  (  925): Dummy myUID:  100
I/python  (  925): self.user_data {100: {'markerStruct': {'paint_level': 40, 'batteries': [0], 'tank_pressure': 88}, 'posStruct': {'lat': '39.9565', 'planet': 'earth', 'altitude': -7, 'heading': 69, 'long': '-75.1891'}, 'uid': 100, 'name': 'test uid 100'}, 101: {'markerStruct': {'paint_level': 82, 'batteries': [0], 'tank_pressure': 8}, 'posStruct': {'lat': '39.9572', 'planet': 'earth', 'altitude': -80, 'heading': 259, 'long': '-75.189'}, 'uid': 101, 'name': 'test uid 101'}, 102: {'markerStruct': {'paint_level': 6, 'batteries': [0], 'tank_pressure': 11}, 'posStruct': {'lat': '39.9566', 'planet': 'earth', 'altitude': 29, 'heading': 88, 'long': '-75.189'}, 'uid': 102, 'name': 'test uid 102'}}
I/python  (  925): 1462219698.36 Drawing scope_canvas...
I/python  (  925): uid_me:  100
I/python  (  925): Bearing = 6.24918846698
I/python  (  925): Trying to draw user...
I/python  (  925): Done drawing user icon
I/python  (  925): Bearing = 37.4712759949
I/python  (  925): Trying to draw user...
I/python  (  925): Done drawing user icon
I/python  (  925): Painted Users:  True
I/python  (  925): 1462219698.39 Done
I/python  (  925): Inside updateDisplay
I/python  (  925): Trying to draw user...
I/python  (  925): Done drawing user icon
I/python  (  925): 1462219698.54 Starting...
I/python  (  925): Building position update message...
I/python  (  925): 1462219698.96 Requesting list of users...
D/skia    (12769): SkGraphics::Init() - BLTsville (CPU) dlopen success
D/AndroidRuntime(12769): 
D/AndroidRuntime(12769): >>>>>> AndroidRuntime START com.android.internal.os.RuntimeInit <<<<<<
D/AndroidRuntime(12769): CheckJNI is OFF
D/dalvikvm(12769): Trying to load lib libjavacore.so 0x0
D/dalvikvm(12769): Added shared lib libjavacore.so 0x0
D/dalvikvm(12769): Trying to load lib libnativehelper.so 0x0
D/dalvikvm(12769): Added shared lib libnativehelper.so 0x0
I/python  (  925): Dumping:
I/python  (  925): {'self.in_json_obj': {}, 'self.users': {100: {'markerStruct': {'paint_level': 33, 'batteries': [0], 'tank_pressure': 83}, 'posStruct': {'lat': '39.9556', 'planet': 'earth', 'altitude': 5, 'heading': 344, 'long': '-75.1896'}, 'uid': 100, 'name': 'test uid 100'}, 101: {'markerStruct': {'paint_level': 14, 'batteries': [0], 'tank_pressure': 39}, 'posStruct': {'lat': '39.9574', 'planet': 'earth', 'altitude': -57, 'heading': 182, 'long': '-75.1903'}, 'uid': 101, 'name': 'test uid 101'}, 102: {'markerStruct': {'paint_level': 8, 'batteries': [0], 'tank_pressure': 41}, 'posStruct': {'lat': '39.9572', 'planet': 'earth', 'altitude': -21, 'heading': 324, 'long': '-75.1908'}, 'uid': 102, 'name': 'test uid 102'}}, 'self.log_file': 'gui_dump.log', 'dump_timestamp': 'EUS 2016-05-02 15:08:19.657945', 'self.errors': {}, 'self.out_json_obj': {}}
D/AndroidRuntime(12769): Calling main entry com.android.commands.input.Input
I/Input   (12769): InjectKeyEvent: KeyEvent { action=ACTION_DOWN, keyCode=KEYCODE_DPAD_CENTER, scanCode=0, metaState=0, flags=0x0, repeatCount=0, eventTime=3220049, downTime=3220049, deviceId=-1, source=0x101 }
I/Input   (12769): InjectKeyEvent: KeyEvent { action=ACTION_UP, keyCode=KEYCODE_DPAD_CENTER, scanCode=0, metaState=0, flags=0x0, repeatCount=0, eventTime=3220049, downTime=3220049, deviceId=-1, source=0x101 }
D/AndroidRuntime(12769): Shutting down VM
I/AndroidRuntime(12769): NOTE: attach of thread 'Binder_3' failed
I/python  (  925): User List Not Found...
I/python  (  925): Original myUID:  100
I/python  (  925): Dummy myUID:  100
I/python  (  925): self.user_data {100: {'markerStruct': {'paint_level': 33, 'batteries': [0], 'tank_pressure': 83}, 'posStruct': {'lat': '39.9556', 'planet': 'earth', 'altitude': 5, 'heading': 344, 'long': '-75.1896'}, 'uid': 100, 'name': 'test uid 100'}, 101: {'markerStruct': {'paint_level': 14, 'batteries': [0], 'tank_pressure': 39}, 'posStruct': {'lat': '39.9574', 'planet': 'earth', 'altitude': -57, 'heading': 182, 'long': '-75.1903'}, 'uid': 101, 'name': 'test uid 101'}, 102: {'markerStruct': {'paint_level': 8, 'batteries': [0], 'tank_pressure': 41}, 'posStruct': {'lat': '39.9572', 'planet': 'earth', 'altitude': -21, 'heading': 324, 'long': '-75.1908'}, 'uid': 102, 'name': 'test uid 102'}}
I/python  (  925): 1462219699.93 Drawing scope_canvas...
I/python  (  925): uid_me:  100
I/python  (  925): Bearing = 343.401123363
I/python  (  925): Trying to draw user...
I/python  (  925): Done drawing user icon
I/python  (  925): Bearing = 330.105788762
I/python  (  925): Trying to draw user...
I/python  (  925): Done drawing user icon
I/python  (  925): Painted Users:  True
I/python  (  925): 1462219700.06 Done
D/skia    (12769): SkGraphics::Term() dlclose() BLTsville (CPU) 
I/python  (  925): ('The key', 13, 'have been pressed')
I/python  (  925):  - text is 23
I/python  (  925):  - modifiers are []
I/python  (  925): Issue adjusting the zoom level
I/python  (  925): uid ind/total:  1 3
I/python  (  925): Inside updateDisplay
I/python  (  925): Trying to draw user...
I/python  (  925): Done drawing user icon
I/python  (  925): 1462219700.67 Starting...
I/python  (  925): Building position update message...
I/python  (  925): 1462219701.4 Requesting list of users...
I/python  (  925): Dumping:
I/python  (  925): {'self.in_json_obj': {}, 'self.users': {100: {'markerStruct': {'paint_level': 56, 'batteries': [0], 'tank_pressure': 93}, 'posStruct': {'lat': '39.9574', 'planet': 'earth', 'altitude': -75, 'heading': 311, 'long': '-75.1898'}, 'uid': 100, 'name': 'test uid 100'}, 101: {'markerStruct': {'paint_level': 81, 'batteries': [0], 'tank_pressure': 76}, 'posStruct': {'lat': '39.9557', 'planet': 'earth', 'altitude': -39, 'heading': 116, 'long': '-75.1907'}, 'uid': 101, 'name': 'test uid 101'}, 102: {'markerStruct': {'paint_level': 38, 'batteries': [0], 'tank_pressure': 11}, 'posStruct': {'lat': '39.9572', 'planet': 'earth', 'altitude': -28, 'heading': 226, 'long': '-75.1901'}, 'uid': 102, 'name': 'test uid 102'}}, 'self.log_file': 'gui_dump.log', 'dump_timestamp': 'EUS 2016-05-02 15:08:22.026079', 'self.errors': {}, 'self.out_json_obj': {}}
I/python  (  925): User List Not Found...
I/python  (  925): Original myUID:  101
I/python  (  925): Dummy myUID:  101
I/python  (  925): self.user_data {100: {'markerStruct': {'paint_level': 56, 'batteries': [0], 'tank_pressure': 93}, 'posStruct': {'lat': '39.9574', 'planet': 'earth', 'altitude': -75, 'heading': 311, 'long': '-75.1898'}, 'uid': 100, 'name': 'test uid 100'}, 101: {'markerStruct': {'paint_level': 81, 'batteries': [0], 'tank_pressure': 76}, 'posStruct': {'lat': '39.9557', 'planet': 'earth', 'altitude': -39, 'heading': 116, 'long': '-75.1907'}, 'uid': 101, 'name': 'test uid 101'}, 102: {'markerStruct': {'paint_level': 38, 'batteries': [0], 'tank_pressure': 11}, 'posStruct': {'lat': '39.9572', 'planet': 'earth', 'altitude': -28, 'heading': 226, 'long': '-75.1901'}, 'uid': 102, 'name': 'test uid 102'}}
