D/RECON.JUMP.JumpAnalyzer(  582): RECON Sensor Manager initialized successfully!
I/SENSORS.JET(  293): *** Sensor [0x10000] Enabled ***
W/TimeInterpolator(   97): time is rewinding: -56750 Tf=1 t0=27390862 pos0=-56781 dt=31 now=27390893 last=0 now_last=0
I/ReconJetJumpManager(  582): Android Sensor Framework INIT - OK!
I/ReconHRManager(  582): Not a new day, load Old stats
I/ReconCadenceManager(  582): Not a new day, load Old stats
D/BluetoothManagerService(  293): Added callback: android.bluetooth.IBluetoothManagerCallback$Stub$Proxy@41d61450:true
I/ReconPowerManager(  582): Not a new day, load Old stats
V/SportsActivityManager(  582): setType 0 0
I/SportsActivityManager(  582): Not a new day, load Old stats
I/ReconCalorieManager(  582): Not a new day, load Old stats
D/MFiServiceImpl(  477): SerialPortClientManager is now configured and open
D/MFiServiceImpl(  477): Opening and configuring the SerialPortServerManager
I/AudioPlayer(   97): mLatencyUs = 0
W/TimeInterpolator(   97): time is rewinding: -56781 Tf=1 t0=27491631 pos0=-56781 dt=0 now=27491631 last=0 now_last=0
D/MFiServiceImpl(  477): mSerialPortServerManager is now configured and open
D/MFiServiceImpl(  477): MFiServiceImpl started success
D/MFiServiceImpl(  477): Adding MFi listener: com.reconinstruments.mfi.IMFiServiceListener$Stub$Proxy@41bdc9c0
D/BTMfiSessionManager(  556): Successfully Start IMFiService
V/HUDService(  556): setDeviceName
D/InstallerFileObserver(  632): File changed: installed_packages.xml
D/RifInstaller(  632): No rif files found
V/ReconPackageRecorder(  632): Wrote package list to /storage/sdcard0/ReconApps/Installer/installed_packages.xml.
D/UpdatePackageListReceiver(  632): Package is updated
D/ID_FILE (  582): 273747579
D/HUDService(  556): onStartCommand() called
I/RecoverySystem(  293): No recovery log file
I/SENSORS.JET(  293): *** Sensor [0x20] Enabled ***
I/ActivityManager(  293): Start proc com.reconinstruments.battery.logger for broadcast com.reconinstruments.battery.logger/.BatteryLogBootReceiver: pid=783 uid=10032 gids={1015, 1028}
I/SENSORS.JET(  293): *** Poll Rate for Sensor [0x20] set to 200 ms ***
I/SENSORS.JET(  293): *** Poll Rate for Sensor [0x20] set to 1000 ms ***
I/System.out(  582): Applauncher
I/AudioPlayer(   97): mLatencyUs = 0
W/TimeInterpolator(   97): time is rewinding: -56781 Tf=1 t0=27600457 pos0=-56781 dt=0 now=27600457 last=0 now_last=0
V/SportsActivityManager(  582): Proper shutdown
E/TimeInterpolator(   97): TimeInterpolator OVERRUN detected
D/BatteryLogBootReceiver(  783): intent not found
D/BatteryLogBootReceiver(  783): Log disabled
I/ActivityManager(  293): Start proc com.android.providers.calendar for broadcast com.android.providers.calendar/.CalendarReceiver: pid=801 uid=10002 gids={3003, 1015, 1028}
I/ActivityThread(  801): Pub com.android.calendar: com.android.providers.calendar.CalendarProvider2
D/ReconRunManager(  582): File size is 112
V/SportsActivityManager(  582): Proper shutdown
V/ReconTimeManager(  582): New day
D/StatsManager(  582): BroadcastingBundle:RECON_MOD_BROADCAST_TIME
D/ReconTranscend_service(  582): Day number is 7
V/ReconTimeManager(  582): last shutdown time1462151918199
V/ReconTimeManager(  582): current time1462216508335
V/ReconTranscend_service(  582): loadAllTimeResetCandidateFromFile
D/ReconTranscend_service(  582): onStartCommand
I/ActivityManager(  293): Start proc com.android.settings for broadcast com.android.settings/.bluetooth.headset.BluetoothHeadsetBootReceiver: pid=832 uid=1000 gids={3002, 3001, 1015, 1028, 3003, 1007, 1006}
D/BluetoothHeadsetBootReceiver(  832): Starting BluetoothHeadsetService on Boot...
D/Bluetooth HSHFP(  832): onCreate()
D/SystemUIBootReceiver(  389): Animation scale: 1.0
D/BluetoothManagerService(  293): Added callback: android.bluetooth.IBluetoothManagerCallback$Stub$Proxy@41de7000:true
I/ActivityManager(  293): Start proc com.rxnetworks.rxnservicesxybrid for broadcast com.rxnetworks.rxnservicesxybrid/.RXNetworksServiceManager: pid=845 uid=10043 gids={3003, 1028, 1015}
D/BluetoothHeadset(  293): Proxy object connected
D/BluetoothHeadset(  293): Proxy object connected
I/BluetoothDeviceProfileState(  293): Device:50:F0:D3:95:8E:22 Message:ACL Connected State -> Processing Message: 101
D/BluetoothHeadset(  293): Proxy object connected
D/BluetoothHeadset(  293): Proxy object connected
D/BluetoothHeadset(  293): getPriority(50:F0:D3:95:8E:22)
D/BluetoothHeadset(  293): getConnectedDevices()
D/Bluetooth HSHFP(  832): Starting BluetoothHeadsetService
D/BluetoothHeadset(  293): Proxy object connected
I/dalvikvm(  845): Turning on JNI app bug workarounds for target SDK version 10...
D/BT Audio Gateway(  832): Connect Thread starting
D/RXNServices.SocketServer(  845): Trying to connect to MSL
E/RXNServices.SocketServer(  845): java.io.IOException: Connection refused
D/RXNetworksServices(  845): Synchro not available in this release
V/RXNetworksServices(  845): inject if there is existing seed file
V/RXNetworksServices(  845): start Seed Watching
D/RXNetworksServices(  845): onStartCommand
D/MediaScannerReceiver(  437): action: android.intent.action.MEDIA_MOUNTED path: /storage/sdcard0
D/LocalBluetoothProfileManager(  832): Adding local A2DP profile
D/LocalBluetoothProfileManager(  832): LocalBluetoothProfileManager construction complete
I/RECON.GPS(  293): Allocating TI NaviLink GPS Driver
I/RECON.GPS(  293): GPSDriver Config Settings:  Mode [1], Recurrence [0], Fix Frequency [1], Preferred Accuracy [80], Preferred Time: [40], Location Age: [3]
I/MCP.MCPF_MEM(  870): +++ mcpf_memory_pool_create: Memory Pool [0x40c9a1a0] created. Element size: [28], Number of elements: [100] +++
I/MCP.MCPF_MEM(  870): +++ mcpf_memory_pool_create: Memory Pool [0x40c9a488] created. Element size: [28], Number of elements: [20] +++
I/MCP.MCPF_MEM(  870): +++ mcpf_memory_pool_create: Memory Pool [0x40c99148] created. Element size: [2184], Number of elements: [20] +++
I/MCP.MCPF_MEM(  870): +++ mcpf_memory_pool_create: Memory Pool [0x40c99158] created. Element size: [96], Number of elements: [20] +++
I/MCP.MCPF_MEM(  870): +++ mcpf_memory_pool_create: Memory Pool [0x40ca5b80] created. Element size: [4096], Number of elements: [80] +++
I/NAVD.NT_ADAPT(  870): +++ NTA_Init: Rx Pool created. Pool Size: [80] +++
I/MCP.MCPF_MEM(  870): +++ mcpf_memory_pool_create: Memory Pool [0x40caacd8] created. Element size: [200], Number of elements: [100] +++
I/NAVD.NT_ADAPT(  870): +++ NTA_Init: Short Rx Pool created. Pool Size: [100] +++
I/MCP.MCP_HAL_ST(  870): +++ HAL_ST_Create: TI Shared Transport Alloc OK +++
I/CalendarProvider2(  801): Sending notification intent: Intent { act=android.intent.action.PROVIDER_CHANGED dat=content://com.android.calendar }
W/ContentResolver(  801): Failed to get type for: content://com.android.calendar (Unknown URL content://com.android.calendar)
I/NAVD.GPSC_MGP(  870): +++ open_recon_port: RECON Port [/data/gps/recongps] successfully created +++
I/NAVD.NT_ADAPT(  870): +++ NTA_Init: Recon GPS Data Port [/data/gps/recongps] open OK! +++
I/NAVD.GPSC_MGP(  870): +++ open_recon_port: RECON Port [/data/gps/reconcontrol] successfully created +++
I/NAVD.NT_ADAPT(  870): +++ NTA_Init: Recon GPS Control Port [/data/gps/reconcontrol] open OK! +++
I/MCP.MCPF_MEM(  870): +++ mcpf_memory_pool_create: Memory Pool [0x40cb3678] created. Element size: [2056], Number of elements: [16] +++
I/NAVD.GPSC_STATE(  870): +++ StateGpscShutdown: State [SHUTDOWN   ], Event: [INIT   ] +++
I/MCP.MCPF_MEM(  870): +++ mcpf_memory_pool_create: Memory Pool [0x40c991d8] created. Element size: [4096], Number of elements: [40] +++
I/MCP.MCPF_MEM(  870): +++ mcpf_memory_pool_create: Memory Pool [0x40cc7198] created. Element size: [2056], Number of elements: [24] +++
I/MCP.MCPF_MEM(  870): +++ mcpf_memory_pool_create: Memory Pool [0x40cc71a8] created. Element size: [9000], Number of elements: [8] +++
I/MCP.MCPF_MEM(  870): +++ mcpf_memory_pool_create: Memory Pool [0x40cc7398] created. Element size: [28], Number of elements: [12] +++
I/MCP.MCPF_MEM(  870): +++ mcpf_memory_pool_create: Memory Pool [0x40cc73a8] created. Element size: [9000], Number of elements: [50] +++
I/MCP.MCPF_MEM(  870): +++ mcpf_memory_pool_create: Memory Pool [0x40cc7500] created. Element size: [16], Number of elements: [12] +++
D/TheBLEService(  466): remoteDeviceFoundEvent
D/TheBLEService(  466): Device Address  : F7:D3:2C:14:27:69
V/TheBLEService(  466): Class of Device : 0
D/TheBLEService(  466): Device Name     : IDTW213R
V/TheBLEService(  466): RSSI            : 0
V/TheBLEService(  466): Transmit power  : 0
V/TheBLEService(  466): Sniff Interval  : 0
V/TheBLEService(  466): Remote Device Flag: NAME_KNOWN
V/TheBLEService(  466): Remote Device Flag: SUPPORTS_LOW_ENERGY
D/TheHfpService2(  593): remoteDeviceFoundEvent
V/ReconTranscend_service(  582): Periodic save
D/ReconTimeManager(  582): Saving state
V/SimpleLocationLogger(  582): dumping buffers to file
D/ReconAltManager(  582): Saving state
D/ReconSpeedManager(  582): Saving state
D/Distance Manager(  582): Saving state
D/ReconGradeManager(  582): Saving state
D/ReconRunManager(  582): Saving state
D/ReconRunManager(  582): Saving all time runs
D/ReconRunManager(  582): saving run info
D/ReconRunManager(  582): Attempt to marshal and write
D/ReconRunManager(  582): Attempt to flush
D/ReconTemperatureManager(  582): Saving state
D/ReconVerticalManager(  582): Saving state
D/ReconHRManager(  582): Saving state
D/ReconCadenceManager(  582): Saving state
D/ReconPowerManager(  582): Saving state
D/SportsActivityManager(  582): Saving state
D/ReconCalorieManager(  582): Saving state
I/RECON.GPS(  293): Start success
I/RECON.GPS(  293): Control Receiver Thread (hgpsCBthread) successfully started!
I/RECON.GPS(  293): Data Receiver Thread (dataCBthread) successfully started!
I/RECON.GPS(  293): +++ sendCommand: Successfully sent command [0x1] +++
D/GpsLocationProvider(  293): set_capabilities_callback: 6
I/RECON.GPS(  293): GPS Interface successfully initialized!
I/RECON.GPS(  293): +++ sendCommand: Successfully sent command [0x6a] +++
I/RECON.GPS(  293): Creating new watchdog thread
I/GpsWatchdog(  293): First ping mask: 0x1
I/RECON.GPS(  293): +++ sendCommand: Successfully sent command [0x10] +++
I/RECON.GPS(  293): +++ GPSDriver: RECON Data Thread is starting +++
I/MCP.MCP_HAL_ST(  870): +++ stPortInit: Port [/dev/tigps] opened OK. Initial Baud Rate: [115] +++
D/TheBLEService(  466): TimeoutHandler
D/TheBLEService(  466): checking if 2 devices are remotes
D/TheBLEService(  466): checking device SAMSUNG-SM-N910V
D/TheBLEService(  466): checking device IDTW213R
I/MCP.MCP_HAL_ST(  870): +++ HAL_ST_Init: TI Shared Transport Init OK. Device: [/dev/tigps] +++
I/NAVD.NT_ADAPT(  870): +++ NTA_Open: Connection with [/dev/tigps] TI Shared Transport Device established +++
I/NAVD.GPSC_STATE(  870): +++ StateGpscShutdown: State [SHUTDOWN   ], Event: [READY_START    ] +++
I/GpsWatchdog(  293): GpsWatchdog main processing thread
I/RECON.GPS(  293): +++ TIGPSDriver: NAVL Thread Receiver is starting ... +++
I/RXN_IntApp(  888): Loading config file /system/etc/gps/RXN/MSLConfig.txt
I/ActivityManager(  293): Start proc com.reconinstruments.agps for service com.reconinstruments.agps/.AssistedGpsService: pid=895 uid=1000 gids={3002, 3001, 1015, 1028, 3003, 1007, 1006}
I/NAVD.GPSC_MGP(  870): +++ gpsc_mgp_process_msg: AI_CLAPP_REP_GPS_STATUS +++
I/NAVD.GPSC_MGP(  870): +++ gpsc_mgp_process_msg: AI_CLAPP_REP_BEGIN_DWNLD +++
V/AssistedGpsService(  895): onCreate
I/GeodataService(  535): Registered AGPS provider, requesting location updates from AGPS... 
I/LocationManagerService(  293): request RECON_AGPS (pid 535) 0 0
D/BTPropertyReader(  895): getBTConnectionState from Settings.System
D/BTPropertyReader(  895): BTConnectionState = 0
I/ToChipTalker(  895): AGPS Native Layer initialized successfully!
I/RECON.GPS(  895): Allocating TI NaviLink GPS Driver
I/RECON.GPS(  895): GPSDriver Config Settings:  Mode [1], Recurrence [0], Fix Frequency [1], Preferred Accuracy [80], Preferred Time: [40], Location Age: [3]
I/NAVD.GPSC_MGP(  870): +++ gpsc_mgp_process_msg: AI_CLAPP_REP_DWNLD_COMPLETE +++
I/NAVD.GPSC_MGP(  870): +++ gpsc_mgp_process_msg: AI_CLAPP_REP_VERSION +++
I/NAVD.GPSC_MGP_TX(  870): gpsc_mgp_inject_init_time: No valid NVS GPS time found, injecting system time instead.
I/NAVD.GPSC_MGP_TX(  870): +++ gpsc_mgp_inject_gps_time: Injecting Time. GPS Week: [1895], Milisecond: [155712000] +++
I/NAVD.GPSC_MGP(  870): +++ gpsc_mgp_process_msg: Unhandled Message [0xdc] +++
E/RECON.GPS(  293): +++ Source [hardware/ti/gps/TIGPSDriver.cpp] Line [1265] Function [handleGps] +++
E/RECON.GPS(  293): NAV Event [0x9] not handled
I/NAVD.GPSC_STATE(  870): +++ StateGpscShutdown: State [SHUTDOWN   ], Event: [UNKNOWN ] +++
I/NAVD.GPSC_MGP_TX(  870): gpsc_mgp_inject_nvs_eph: Validate 1, Threshold 4hrs
I/NAVD.GPSC_MGP_TX(  870): w_CurrentWeek: 1895, q_CurrentSec:1146251712, EphWeek:1895, EphToe:5850
I/NAVD.GPSC_MGP_TX(  870): q_SecDiff: 62112, w_WeekDiff:0, f_HrsDiff:17.253334,abso f_Hrs17.253334
I/NAVD.GPSC_MGP_TX(  870): gpsc_mgp_inject_nvs_eph: Rejected Epheremis for Sv 17.253334 with age 17.253334hrs
I/NAVD.GPSC_MGP_TX(  870): w_CurrentWeek: 1895, q_CurrentSec:1146251712, EphWeek:1895, EphToe:5850
I/NAVD.GPSC_MGP_TX(  870): q_SecDiff: 62112, w_WeekDiff:0, f_HrsDiff:17.253334,abso f_Hrs17.253334
I/NAVD.GPSC_MGP_TX(  870): gpsc_mgp_inject_nvs_eph: Rejected Epheremis for Sv 17.253334 with age 17.253334hrs
I/NAVD.GPSC_MGP_TX(  870): w_CurrentWeek: 1895, q_CurrentSec:1146251712, EphWeek:1895, EphToe:5850
I/NAVD.GPSC_MGP_TX(  870): q_SecDiff: 62112, w_WeekDiff:0, f_HrsDiff:17.253334,abso f_Hrs17.253334
I/NAVD.GPSC_MGP_TX(  870): gpsc_mgp_inject_nvs_eph: Rejected Epheremis for Sv 17.253334 with age 17.253334hrs
I/NAVD.GPSC_MGP_TX(  870): w_CurrentWeek: 1895, q_CurrentSec:1146251712, EphWeek:1895, EphToe:5400
I/NAVD.GPSC_MGP_TX(  870): q_SecDiff: 69312, w_WeekDiff:0, f_HrsDiff:19.253334,abso f_Hrs19.253334
I/NAVD.GPSC_MGP_TX(  870): gpsc_mgp_inject_nvs_eph: Rejected Epheremis for Sv 19.253334 with age 19.253334hrs
I/NAVD.GPSC_MGP_TX(  870): w_CurrentWeek: 1895, q_CurrentSec:1146251712, EphWeek:1895, EphToe:5400
I/NAVD.GPSC_MGP_TX(  870): q_SecDiff: 69312, w_WeekDiff:0, f_HrsDiff:19.253334,abso f_Hrs19.253334
I/NAVD.GPSC_MGP_TX(  870): gpsc_mgp_inject_nvs_eph: Rejected Epheremis for Sv 19.253334 with age 19.253334hrs
I/NAVD.GPSC_MGP_TX(  870): w_CurrentWeek: 1895, q_CurrentSec:1146251712, EphWeek:1895, EphToe:5400
I/NAVD.GPSC_MGP_TX(  870): q_SecDiff: 69312, w_WeekDiff:0, f_HrsDiff:19.253334,abso f_Hrs19.253334
I/NAVD.GPSC_MGP_TX(  870): gpsc_mgp_inject_nvs_eph: Rejected Epheremis for Sv 19.253334 with age 19.253334hrs
I/NAVD.GPSC_MGP_TX(  870): w_CurrentWeek: 1895, q_CurrentSec:1146251712, EphWeek:1895, EphToe:4500
I/NAVD.GPSC_MGP_TX(  870): q_SecDiff: 83712, w_WeekDiff:0, f_HrsDiff:23.253334,abso f_Hrs23.253334
I/NAVD.GPSC_MGP_TX(  870): gpsc_mgp_inject_nvs_eph: Rejected Epheremis for Sv 23.253334 with age 23.253334hrs
I/NAVD.GPSC_MGP_TX(  870): w_CurrentWeek: 1895, q_CurrentSec:1146251712, EphWeek:1895, EphToe:5850
I/NAVD.GPSC_MGP_TX(  870): q_SecDiff: 62112, w_WeekDiff:0, f_HrsDiff:17.253334,abso f_Hrs17.253334
I/NAVD.GPSC_MGP_TX(  870): gpsc_mgp_inject_nvs_eph: Rejected Epheremis for Sv 17.253334 with age 17.253334hrs
I/NAVD.GPSC_MGP_TX(  870): w_CurrentWeek: 1895, q_CurrentSec:1146251712, EphWeek:1895, EphToe:5850
I/NAVD.GPSC_MGP_TX(  870): q_SecDiff: 62112, w_WeekDiff:0, f_HrsDiff:17.253334,abso f_Hrs17.253334
I/NAVD.GPSC_MGP_TX(  870): gpsc_mgp_inject_nvs_eph: Rejected Epheremis for Sv 17.253334 with age 17.253334hrs
I/NAVD.GPSC_MGP_TX(  870): w_CurrentWeek: 1895, q_CurrentSec:1146251712, EphWeek:1895, EphToe:5850
I/NAVD.GPSC_MGP_TX(  870): q_SecDiff: 62112, w_WeekDiff:0, f_HrsDiff:17.253334,abso f_Hrs17.253334
I/NAVD.GPSC_MGP_TX(  870): gpsc_mgp_inject_nvs_eph: Rejected Epheremis for Sv 17.253334 with age 17.253334hrs
I/NAVD.GPSC_MGP_TX(  870): w_CurrentWeek: 1895, q_CurrentSec:1146251712, EphWeek:1895, EphToe:4499
I/NAVD.GPSC_MGP_TX(  870): q_SecDiff: 83728, w_WeekDiff:0, f_HrsDiff:23.257778,abso f_Hrs23.257778
I/NAVD.GPSC_MGP_TX(  870): gpsc_mgp_inject_nvs_eph: Rejected Epheremis for Sv 23.257778 with age 23.257778hrs
I/NAVD.GPSC_MGP_TX(  870): w_CurrentWeek: 1895, q_CurrentSec:1146251712, EphWeek:1895, EphToe:4500
I/NAVD.GPSC_MGP_TX(  870): q_SecDiff: 83712, w_WeekDiff:0, f_HrsDiff:23.253334,abso f_Hrs23.253334
I/NAVD.GPSC_MGP_TX(  870): gpsc_mgp_inject_nvs_eph: Rejected Epheremis for Sv 23.253334 with age 23.253334hrs
I/NAVD.GPSC_MGP_TX(  870): w_CurrentWeek: 1895, q_CurrentSec:1146251712, EphWeek:1895, EphToe:4949
I/NAVD.GPSC_MGP_TX(  870): q_SecDiff: 76528, w_WeekDiff:0, f_HrsDiff:21.257778,abso f_Hrs21.257778
I/NAVD.GPSC_MGP_TX(  870): gpsc_mgp_inject_nvs_eph: Rejected Epheremis for Sv 21.257778 with age 21.257778hrs
I/NAVD.GPSC_MGP_TX(  870): w_CurrentWeek: 1895, q_CurrentSec:1146251712, EphWeek:1895, EphToe:5850
I/NAVD.GPSC_MGP_TX(  870): q_SecDiff: 62112, w_WeekDiff:0, f_HrsDiff:17.253334,abso f_Hrs17.253334
I/NAVD.GPSC_MGP_TX(  870): gpsc_mgp_inject_nvs_eph: Rejected Epheremis for Sv 17.253334 with age 17.253334hrs
I/NAVD.GPSC_MGP_TX(  870): w_CurrentWeek: 1895, q_CurrentSec:1146251712, EphWeek:1895, EphToe:5400
I/NAVD.GPSC_MGP_TX(  870): q_SecDiff: 69312, w_WeekDiff:0, f_HrsDiff:19.253334,abso f_Hrs19.253334
I/NAVD.GPSC_MGP_TX(  870): gpsc_mgp_inject_nvs_eph: Rejected Epheremis for Sv 19.253334 with age 19.253334hrs
I/NAVD.GPSC_MGP_TX(  870): gpsc_mgp_inject_nvs_alm: Validate 1, Threshold 12weeks
I/NAVD.GPSC_MGP_TX(  870): gpsc_mgp_inject_nvs_alm: Injected ALM for Sv 1 
I/NAVD.GPSC_MGP(  870): +++ gpsc_mgp_process_msg: Custom Packet: Calibration Control Status +++
I/NAVD.GPSC_MGP(  870): +++ gpsc_mgp_process_msg: AI_REP_CLOCK +++
I/NAVD.GPSC_STATE(  870): +++ StateGpscShutdown: State [SHUTDOWN   ], Event: [UNKNOWN ] +++
I/NAVD.GPSC_MGP_TX(  870): gpsc_mgp_inject_nvs_alm: Validate 1, Threshold 12weeks
I/NAVD.GPSC_MGP_TX(  870): gpsc_mgp_inject_nvs_alm: Injected ALM for Sv 2 
I/NAVD.GPSC_STATE(  870): +++ StateGpscShutdown: State [SHUTDOWN   ], Event: [UNKNOWN ] +++
I/NAVD.GPSC_MGP_TX(  870): gpsc_mgp_inject_nvs_alm: Validate 1, Threshold 12weeks
I/NAVD.GPSC_MGP_TX(  870): gpsc_mgp_inject_nvs_alm: Injected ALM for Sv 3 
I/NAVD.GPSC_STATE(  870): +++ StateGpscShutdown: State [SHUTDOWN   ], Event: [UNKNOWN ] +++
I/NAVD.GPSC_MGP_TX(  870): gpsc_mgp_inject_nvs_alm: Validate 1, Threshold 12weeks
I/NAVD.GPSC_MGP_TX(  870): gpsc_mgp_inject_nvs_alm: Injected ALM for Sv 5 
I/NAVD.GPSC_STATE(  870): +++ StateGpscShutdown: State [SHUTDOWN   ], Event: [UNKNOWN ] +++
I/NAVD.GPSC_MGP_TX(  870): gpsc_mgp_inject_nvs_alm: Validate 1, Threshold 12weeks
I/NAVD.GPSC_MGP_TX(  870): gpsc_mgp_inject_nvs_alm: Injected ALM for Sv 6 
I/NAVD.GPSC_STATE(  870): +++ StateGpscShutdown: State [SHUTDOWN   ], Event: [UNKNOWN ] +++
I/NAVD.GPSC_MGP_TX(  870): gpsc_mgp_inject_nvs_alm: Validate 1, Threshold 12weeks
I/NAVD.GPSC_MGP_TX(  870): gpsc_mgp_inject_nvs_alm: Injected ALM for Sv 7 
I/NAVD.GPSC_STATE(  870): +++ StateGpscShutdown: State [SHUTDOWN   ], Event: [UNKNOWN ] +++
I/NAVD.GPSC_MGP_TX(  870): gpsc_mgp_inject_nvs_alm: Validate 1, Threshold 12weeks
I/NAVD.GPSC_MGP_TX(  870): gpsc_mgp_inject_nvs_alm: Injected ALM for Sv 8 
I/NAVD.GPSC_STATE(  870): +++ StateGpscShutdown: State [SHUTDOWN   ], Event: [UNKNOWN ] +++
I/NAVD.GPSC_MGP_TX(  870): gpsc_mgp_inject_nvs_alm: Validate 1, Threshold 12weeks
I/NAVD.GPSC_MGP_TX(  870): gpsc_mgp_inject_nvs_alm: Injected ALM for Sv 9 
I/NAVD.GPSC_STATE(  870): +++ StateGpscShutdown: State [SHUTDOWN   ], Event: [UNKNOWN ] +++
I/NAVD.GPSC_MGP_TX(  870): gpsc_mgp_inject_nvs_alm: Validate 1, Threshold 12weeks
I/NAVD.GPSC_MGP_TX(  870): gpsc_mgp_inject_nvs_alm: Injected ALM for Sv 10 
I/NAVD.GPSC_STATE(  870): +++ StateGpscShutdown: State [SHUTDOWN   ], Event: [UNKNOWN ] +++
I/NAVD.GPSC_MGP_TX(  870): gpsc_mgp_inject_nvs_alm: Validate 1, Threshold 12weeks
I/NAVD.GPSC_MGP_TX(  870): gpsc_mgp_inject_nvs_alm: Injected ALM for Sv 11 
I/NAVD.GPSC_STATE(  870): +++ StateGpscShutdown: State [SHUTDOWN   ], Event: [UNKNOWN ] +++
I/NAVD.GPSC_MGP_TX(  870): gpsc_mgp_inject_nvs_alm: Validate 1, Threshold 12weeks
I/NAVD.GPSC_MGP_TX(  870): gpsc_mgp_inject_nvs_alm: Injected ALM for Sv 12 
I/NAVD.GPSC_STATE(  870): +++ StateGpscShutdown: State [SHUTDOWN   ], Event: [UNKNOWN ] +++
I/NAVD.GPSC_MGP_TX(  870): gpsc_mgp_inject_nvs_alm: Validate 1, Threshold 12weeks
I/NAVD.GPSC_MGP_TX(  870): gpsc_mgp_inject_nvs_alm: Injected ALM for Sv 13 
I/NAVD.GPSC_STATE(  870): +++ StateGpscShutdown: State [SHUTDOWN   ], Event: [UNKNOWN ] +++
I/NAVD.GPSC_MGP_TX(  870): gpsc_mgp_inject_nvs_alm: Validate 1, Threshold 12weeks
I/NAVD.GPSC_MGP_TX(  870): gpsc_mgp_inject_nvs_alm: Injected ALM for Sv 14 
I/NAVD.GPSC_STATE(  870): +++ StateGpscShutdown: State [SHUTDOWN   ], Event: [UNKNOWN ] +++
I/NAVD.GPSC_MGP_TX(  870): gpsc_mgp_inject_nvs_alm: Validate 1, Threshold 12weeks
I/NAVD.GPSC_MGP_TX(  870): gpsc_mgp_inject_nvs_alm: Injected ALM for Sv 15 
I/NAVD.GPSC_STATE(  870): +++ StateGpscShutdown: State [SHUTDOWN   ], Event: [UNKNOWN ] +++
I/NAVD.GPSC_MGP_TX(  870): gpsc_mgp_inject_nvs_alm: Validate 1, Threshold 12weeks
I/NAVD.GPSC_MGP_TX(  870): gpsc_mgp_inject_nvs_alm: Injected ALM for Sv 16 
I/NAVD.GPSC_STATE(  870): +++ StateGpscShutdown: State [SHUTDOWN   ], Event: [UNKNOWN ] +++
I/NAVD.GPSC_MGP_TX(  870): gpsc_mgp_inject_nvs_alm: Validate 1, Threshold 12weeks
I/NAVD.GPSC_MGP_TX(  870): gpsc_mgp_inject_nvs_alm: Injected ALM for Sv 17 
I/NAVD.GPSC_STATE(  870): +++ StateGpscShutdown: State [SHUTDOWN   ], Event: [UNKNOWN ] +++
I/NAVD.GPSC_MGP_TX(  870): gpsc_mgp_inject_nvs_alm: Validate 1, Threshold 12weeks
I/NAVD.GPSC_MGP_TX(  870): gpsc_mgp_inject_nvs_alm: Injected ALM for Sv 18 
I/NAVD.GPSC_STATE(  870): +++ StateGpscShutdown: State [SHUTDOWN   ], Event: [UNKNOWN ] +++
I/NAVD.GPSC_MGP_TX(  870): gpsc_mgp_inject_nvs_alm: Validate 1, Threshold 12weeks
I/NAVD.GPSC_MGP_TX(  870): gpsc_mgp_inject_nvs_alm: Injected ALM for Sv 19 
I/NAVD.GPSC_STATE(  870): +++ StateGpscShutdown: State [SHUTDOWN   ], Event: [UNKNOWN ] +++
I/NAVD.GPSC_MGP_TX(  870): gpsc_mgp_inject_nvs_alm: Validate 1, Threshold 12weeks
I/NAVD.GPSC_MGP_TX(  870): gpsc_mgp_inject_nvs_alm: Injected ALM for Sv 20 
I/NAVD.GPSC_STATE(  870): +++ StateGpscShutdown: State [SHUTDOWN   ], Event: [UNKNOWN ] +++
I/NAVD.GPSC_MGP_TX(  870): gpsc_mgp_inject_nvs_alm: Validate 1, Threshold 12weeks
I/NAVD.GPSC_MGP_TX(  870): gpsc_mgp_inject_nvs_alm: Injected ALM for Sv 21 
I/NAVD.GPSC_STATE(  870): +++ StateGpscShutdown: State [SHUTDOWN   ], Event: [UNKNOWN ] +++
I/NAVD.GPSC_MGP_TX(  870): gpsc_mgp_inject_nvs_alm: Validate 1, Threshold 12weeks
I/NAVD.GPSC_MGP_TX(  870): gpsc_mgp_inject_nvs_alm: Injected ALM for Sv 22 
I/NAVD.GPSC_STATE(  870): +++ StateGpscShutdown: State [SHUTDOWN   ], Event: [UNKNOWN ] +++
I/NAVD.GPSC_MGP_TX(  870): gpsc_mgp_inject_nvs_alm: Validate 1, Threshold 12weeks
I/NAVD.GPSC_MGP_TX(  870): gpsc_mgp_inject_nvs_alm: Injected ALM for Sv 23 
I/NAVD.GPSC_STATE(  870): +++ StateGpscShutdown: State [SHUTDOWN   ], Event: [UNKNOWN ] +++
I/NAVD.GPSC_MGP_TX(  870): gpsc_mgp_inject_nvs_alm: Validate 1, Threshold 12weeks
I/NAVD.GPSC_MGP_TX(  870): gpsc_mgp_inject_nvs_alm: Injected ALM for Sv 24 
I/NAVD.GPSC_STATE(  870): +++ StateGpscShutdown: State [SHUTDOWN   ], Event: [UNKNOWN ] +++
I/NAVD.GPSC_MGP_TX(  870): gpsc_mgp_inject_nvs_alm: Validate 1, Threshold 12weeks
I/NAVD.GPSC_MGP_TX(  870): gpsc_mgp_inject_nvs_alm: Injected ALM for Sv 25 
I/NAVD.GPSC_STATE(  870): +++ StateGpscShutdown: State [SHUTDOWN   ], Event: [UNKNOWN ] +++
I/NAVD.GPSC_MGP_TX(  870): gpsc_mgp_inject_nvs_alm: Validate 1, Threshold 12weeks
I/NAVD.GPSC_MGP_TX(  870): gpsc_mgp_inject_nvs_alm: Injected ALM for Sv 26 
I/NAVD.GPSC_STATE(  870): +++ StateGpscShutdown: State [SHUTDOWN   ], Event: [UNKNOWN ] +++
I/NAVD.GPSC_MGP_TX(  870): gpsc_mgp_inject_nvs_alm: Validate 1, Threshold 12weeks
I/NAVD.GPSC_MGP_TX(  870): gpsc_mgp_inject_nvs_alm: Injected ALM for Sv 27 
I/NAVD.GPSC_STATE(  870): +++ StateGpscShutdown: State [SHUTDOWN   ], Event: [UNKNOWN ] +++
I/NAVD.GPSC_MGP_TX(  870): gpsc_mgp_inject_nvs_alm: Validate 1, Threshold 12weeks
I/NAVD.GPSC_MGP_TX(  870): gpsc_mgp_inject_nvs_alm: Injected ALM for Sv 28 
I/NAVD.GPSC_STATE(  870): +++ StateGpscShutdown: State [SHUTDOWN   ], Event: [UNKNOWN ] +++
I/NAVD.GPSC_MGP_TX(  870): gpsc_mgp_inject_nvs_alm: Validate 1, Threshold 12weeks
I/NAVD.GPSC_MGP_TX(  870): gpsc_mgp_inject_nvs_alm: Injected ALM for Sv 29 
I/NAVD.GPSC_STATE(  870): +++ StateGpscShutdown: State [SHUTDOWN   ], Event: [UNKNOWN ] +++
I/NAVD.GPSC_MGP_TX(  870): gpsc_mgp_inject_nvs_alm: Validate 1, Threshold 12weeks
I/NAVD.GPSC_MGP_TX(  870): gpsc_mgp_inject_nvs_alm: Injected ALM for Sv 30 
I/NAVD.GPSC_STATE(  870): +++ StateGpscShutdown: State [SHUTDOWN   ], Event: [UNKNOWN ] +++
I/NAVD.GPSC_MGP_TX(  870): gpsc_mgp_inject_nvs_alm: Validate 1, Threshold 12weeks
I/NAVD.GPSC_MGP_TX(  870): gpsc_mgp_inject_nvs_alm: Injected ALM for Sv 31 
I/NAVD.GPSC_STATE(  870): +++ StateGpscShutdown: State [SHUTDOWN   ], Event: [UNKNOWN ] +++
I/NAVD.GPSC_MGP_TX(  870): gpsc_mgp_inject_nvs_alm: Validate 1, Threshold 12weeks
I/NAVD.GPSC_MGP_TX(  870): gpsc_mgp_inject_nvs_alm: Injected ALM for Sv 32 
I/NAVD.GPSC_MGP_TX(  870): gpsc_mgp_inject_nvs_pos: dbSec: 1146187135, Cur Time: 1146251711, Age:64576, Velo: 10, Unc:645760, Threshold:65000
I/NAVD.GPSC_MGP_TX(  870): gpsc_mgp_inject_nvs_pos: Position Unc too large: 645760
I/NAVD.GPSC_STATE(  870): +++ StateGpscIdle: State [IDLE   ], Event: [IDLE ] +++
I/NAVD.GPSC_STATE(  870): +++ StateGpscIdle: State [IDLE   ], Event: [READY_COMPLETE ] +++
I/NAVD.NAVC_CMD_HANDLER(  870): +++ NavcCmdHandler: Assistance Source Registered. Type [2], Task ID [7] +++
I/NAVD.GPSC_STATE(  870): +++ StateGpscIdle: State [IDLE   ], Event: [LOCATION_START ] +++
I/NAVD.NAVC_CMD_HANDLER(  870): C_TIMER_NVS_SAVE Timer started
I/RECON.GPS(  293): +++ NAVC_EVT_CMD_COMPLETE Received. Command: [0x1]. Result: 0 +++
I/RECON.GPS(  293): +++ NAVC_EVT_CMD_COMPLETE Received. Command: [0x6a]. Result: 0 +++
I/RECON.GPS(  293): handleGps: Not reporting completion of command: [0x6a]
I/RECON.GPS(  293): +++ NAVC_EVT_CMD_COMPLETE Received. Command: [0x10]. Result: 0 +++
I/NAVD.GPSC_MGP(  870): +++ gpsc_mgp_process_msg: AI_CLAPP_REP_VERSION +++
I/NAVD.GPSC_STATE(  870): +++ StateGpscActive: State [ACTIVE], Event: [ACTIVE ] +++
D/PhoneStatusBar(  389): addNotification score=10
I/NAVD.GPSC_MGP(  870): +++ gpsc_mgp_process_msg: AI_REP_SV_DIR +++
I/NAVD.GPSC_MGP(  870): +++ gpsc_mgp_process_msg: AI_REP_CLOCK +++
I/NAVD.GPSC_APP_API(  870): +++ gpsc_get_min_toe_diff: good_eph_count 0, toe_min 65535 +++
I/NAVD.GPSC_SESS(  870): +++ gpsc_get_assistance_from_network: Requesting Assistance (toe_diff = 0) +++
I/NAVD.GPSC_APP_API(  870): +++ gpsc_request_assistance: Position Information Not Known +++
I/NAVD.GPSC_APP_API(  870): +++ gpsc_request_assistance: Assist Attempt [0] +++
I/NAVD.GPSC_APP_API(  870): +++ gpsc_request_assistance: GPS Time - Valid [1], Week [1895], MSec [155711951], Unc [59995.324219] +++
I/NAVD.GPSC_MGP(  870): +++ recon_request_assistance: Recon_Control Port [/data/gps/reconcontrol] successfully created for Assistance Requests +++
I/NAVD.GPSC_MGP(  870): +++ recon_request_assistance: Sent Assistance Request [mask = 0x6d] to Recon Status Pipe /data/gps/reconcontrol +++
I/NAVD.GPSC_APP_API(  870): +++ gpsc_request_assistance: Successfully requested Assistance from Assistance Provider(s). Request number [1] (maximum 1)  +++
I/NAVD.GPSC_APP_API(  870): C_TIMER_RXN_EPHE_VALID Timer started
I/RXN_IntApp(  888): Start gpsPrnBitMask: -1, gloSlotBitMask 0
I/RXN_IntApp(  888): EE/BCE callback 0
I/RXN_IntApp(  888): 1, 3, 5, 6, 7, 8, 9, 10, 11, 12, 13, 14, 15, 16, 17, 18, 19, 20, 21, 22, 23, 24, 26, 27, 28, 29, 30, 31, 
I/RXN_IntApp(  888): Finished: 0
I/NAVD.GPSC_APP_API(  870): +++ gpsc_app_assist_inject_req: Assistance set is complete, start the injection +++
I/NAVD.GPSC_STATE(  870): +++ StateGpscActive: State [ACTIVE], Event: [ASSIST_INJECT ] +++
I/NAVD.GPSC_APP_API(  870): +++ gpsc_app_assist_inject_req: Assistance set is complete, start the injection +++
I/NAVD.GPSC_STATE(  870): +++ StateGpscActive: State [ACTIVE], Event: [ASSIST_INJECT ] +++
I/NAVD.GPSC_MGP_RX(  870): +++ gpsc_mgp_rx_proc_asyn_evt: AI_EVENT_ENGINE_ON +++
I/NAVD.GPSC_MGP(  870): +++ gpsc_mgp_process_msg: AI_REP_SV_DIR +++
I/NAVD.GPSC_MGP(  870): +++ gpsc_mgp_process_msg: AI_REP_CLOCK +++
I/NAVD.GPSC_APP_API(  870): +++ gpsc_get_min_toe_diff: good_eph_count 0, toe_min 65535 +++
I/NAVD.GPSC_SESS(  870): +++ gpsc_get_assistance_from_network: Requesting Assistance (toe_diff = 0) +++
I/NAVD.GPSC_APP_API(  870): +++ gpsc_request_assistance: Exceeded maximum number of Assistance Attempts (1). Assist Request (1) will not be sent +++
E/NAVD.GPSC_SESS(  870): +++ gpsc_get_assistance_from_network: Assistance Request Failure +++
I/NAVD.GPSC_MGP(  870): +++ gpsc_mgp_process_msg: Almanac Report Received. SV ID: 24 +++
I/NAVD.GPSC_MGP(  870): +++ gpsc_mgp_process_msg: Almanac Report Received. SV ID: 25 +++
I/NAVD.GPSC_MGP(  870): +++ gpsc_mgp_process_msg: Almanac Report Received. SV ID: 26 +++
I/NAVD.GPSC_MGP(  870): +++ gpsc_mgp_process_msg: Almanac Report Received. SV ID: 27 +++
I/NAVD.GPSC_MGP(  870): +++ gpsc_mgp_process_msg: Almanac Report Received. SV ID: 28 +++
I/NAVD.GPSC_MGP(  870): +++ gpsc_mgp_process_msg: Almanac Report Received. SV ID: 29 +++
I/NAVD.GPSC_MGP(  870): +++ gpsc_mgp_process_msg: Almanac Report Received. SV ID: 30 +++
I/NAVD.GPSC_MGP(  870): +++ gpsc_mgp_process_msg: Almanac Report Received. SV ID: 31 +++
I/NAVD.GPSC_MGP(  870): +++ gpsc_mgp_process_msg: Almanac Report Received. SV ID: 32 +++
I/NAVD.GPSC_MGP(  870): +++ gpsc_mgp_process_msg: Ephemeris Report Received. SV ID: 10 +++
I/NAVD.GPSC_MGP(  870): +++ gpsc_mgp_process_msg: Ephemeris Report Received. SV ID: 14 +++
I/NAVD.GPSC_MGP(  870): +++ gpsc_mgp_process_msg: Ephemeris Report Received. SV ID: 16 +++
I/NAVD.GPSC_MGP(  870): +++ gpsc_mgp_process_msg: Ephemeris Report Received. SV ID: 18 +++
I/NAVD.GPSC_MGP(  870): +++ gpsc_mgp_process_msg: Ephemeris Report Received. SV ID: 21 +++
I/NAVD.GPSC_MGP(  870): +++ gpsc_mgp_process_msg: Ephemeris Report Received. SV ID: 26 +++
I/NAVD.GPSC_MGP(  870): +++ gpsc_mgp_process_msg: Ephemeris Report Received. SV ID: 27 +++
I/NAVD.GPSC_MGP(  870): +++ gpsc_mgp_process_msg: Ephemeris Report Received. SV ID: 31 +++
I/NAVD.GPSC_MGP(  870): +++ gpsc_mgp_process_msg: Recon Data Port [/data/gps/recongps] successfully created for NMEA routing +++
I/RECON.GPS(  293): +++ GPSDriver: Data thread beginning main processing loop +++
I/GpsWatchdog(  293): First ping 0x1. Ping mask: 0x0
I/RECON.GPS(  895): Start success
I/RECON.GPS(  895): Control Receiver Thread (hgpsCBthread) successfully started!
I/RECON.GPS(  895): Status Receiver Thread (statusCBthread) successfully started!
I/RECON.GPS(  895): +++ sendCommand: Successfully sent command [0x50] +++
I/NAVD.NAVC_CMD_HANDLER(  870): +++ NavcCmdHandler: Assistance Source Registered. Type [5], Task ID [11] +++
I/RECON.GPS(  895): +++ GPSDriver: RECON Status Thread is starting +++
I/RECON.GPS(  895): +++ GPSDriver: Status thread beginning main processing loop +++
I/RECON.GPS(  895): +++ GPSDriver::processAssistanceRequest: Assistance Request Received. Flags: [0x6d] +++
D/ReconAGPS.Java(  895): +++ GPS Status callback. Status: [0x5], Extra: [0x6d] +++
I/RECON.GPS(  895): +++ TIGPSDriver: NAVL Thread Receiver is starting ... +++
I/RECON.GPS(  895): +++ NAVC_EVT_CMD_COMPLETE Received. Command: [0x50]. Result: 0 +++
I/RECON.GPS(  895): handleGps: Not reporting completion of command: [0x50]
I/LocationManagerService(  293): request passive (pid 895) 0 0
D/ReconAGPS.Java(  895): handleMessage(), msg.what : 2
D/HUDConnectivityService(  556): Received the message HUDConnectivityMessage [intentFilter=com.reconinstruments.mobilesdk.agps.tophone.SET_AGPS_LOCATION_UPDATE_PERIOD, sender=ReconAGps]
D/BTConnectivityManager(  556): Putting the message HUDConnectivityMessage [intentFilter=com.reconinstruments.mobilesdk.agps.tophone.SET_AGPS_LOCATION_UPDATE_PERIOD, sender=ReconAGps] into the object queue
D/BTConnector(  556): Taking the message from the object queue: com.reconinstruments.mobilesdk.agps.tophone.SET_AGPS_LOCATION_UPDATE_PERIOD
D/BTObjectConnector(  556): Processing the message QueueMessage [sender=ReconAGps, intentFilter=com.reconinstruments.mobilesdk.agps.tophone.SET_AGPS_LOCATION_UPDATE_PERIOD]
D/BTObjectConnector(  556): Sending the message data: QueueMessage [sender=ReconAGps, intentFilter=com.reconinstruments.mobilesdk.agps.tophone.SET_AGPS_LOCATION_UPDATE_PERIOD]
W/BTTransportManager(  556): No Bluetooth device connected, skip to send out the data and broadcast disconnected message out.
D/BTConnectivityManager(  556): HUDConnectivityCallBack broadcast HUDConnectivityMessage [intentFilter=com.reconinstruments.mobilesdk.agps.tophone.SET_AGPS_LOCATION_UPDATE_PERIOD, sender=ReconAGps] with result false
D/RXNServices.SocketServer(  845): Trying to connect to MSL
D/RXNServices.SocketServer(  845): Socket connected
I/RXNServices.SocketServer(  845): RX Networks Services 7.0.5
D/RXNServices.SocketServer(  845): Sending data access status
D/RXNServices.SocketServer(  845): Sending data
D/RXNServices.SocketServer(  845): Done sending data
I/SendDataAccessStatus(  845): Data_Access_Enabled status: 0
D/RXNServices.SocketServer(  845): Waiting for input
I/NAVD.GPSC_MGP(  870): +++ gpsc_mgp_process_msg: Ephemeris Report Received. SV ID: 8 +++
I/NAVD.GPSC_MGP(  870): +++ gpsc_mgp_process_msg: Almanac Report Received. SV ID: 17 +++
I/NAVD.GPSC_MGP(  870): +++ gpsc_mgp_process_msg: Ephemeris Report Received. SV ID: 8 +++
V/WarningActivity(  607): setEvent
V/WarningActivity(  607): EVENT_ON_TIMER_EXP: WARNING_SCREEN_ON -> WARNING_SCREEN_OFF
I/libsuspend(  293): Selected early suspend
D/SurfaceFlinger(   94): About to give-up screen, flinger = 0x40e26af0
D/PermissionCache(   94): checking android.permission.READ_FRAME_BUFFER for uid=1000 => granted (640 us)
V/WarningActivity(  607): onPause
V/WarningActivity(  607): setEvent
D/skia    (  918): SkGraphics::Init() - BLTsville (CPU) dlopen success
D/AndroidRuntime(  918): 
D/AndroidRuntime(  918): >>>>>> AndroidRuntime START com.android.internal.os.RuntimeInit <<<<<<
D/AndroidRuntime(  918): CheckJNI is OFF
D/dalvikvm(  918): Trying to load lib libjavacore.so 0x0
D/dalvikvm(  918): Added shared lib libjavacore.so 0x0
D/dalvikvm(  918): Trying to load lib libnativehelper.so 0x0
D/dalvikvm(  918): Added shared lib libnativehelper.so 0x0
I/NAVD.GPSC_MGP(  870): +++ gpsc_mgp_process_msg: Almanac Report Received. SV ID: 18 +++
D/AndroidRuntime(  918): Calling main entry com.android.commands.pm.Pm
D/AndroidRuntime(  918): Shutting down VM
D/skia    (  918): SkGraphics::Term() dlclose() BLTsville (CPU) 
D/skia    (  931): SkGraphics::Init() - BLTsville (CPU) dlopen success
D/AndroidRuntime(  931): 
D/AndroidRuntime(  931): >>>>>> AndroidRuntime START com.android.internal.os.RuntimeInit <<<<<<
D/AndroidRuntime(  931): CheckJNI is OFF
D/dalvikvm(  931): Trying to load lib libjavacore.so 0x0
D/dalvikvm(  931): Added shared lib libjavacore.so 0x0
D/dalvikvm(  931): Trying to load lib libnativehelper.so 0x0
D/dalvikvm(  931): Added shared lib libnativehelper.so 0x0
D/AndroidRuntime(  931): Calling main entry com.android.commands.pm.Pm
I/PackageManager(  293): Removing non-system package:org.test.hud_total_test
I/ActivityManager(  293): Force stopping package org.test.hud_total_test uid=10006
I/ActivityManager(  293): Force stopping package org.test.hud_total_test uid=10006
D/PackageManager(  293): generateServicesMap(android.accounts.AccountAuthenticator): 0 services unchanged
D/PackageManager(  293): generateServicesMap(android.content.SyncAdapter): 0 services unchanged
D/BackupManagerService(  293): Received broadcast Intent { act=android.intent.action.PACKAGE_REMOVED dat=package:org.test.hud_total_test flg=0x8000010 (has extras) }
V/BackupManagerService(  293): removePackageParticipantsLocked: uid=10006 #1
I/InputReader(  293): Reconfiguring input devices.  changes=0x00000010
W/InputMethodManagerService(  293): Found no subtypes in a system IME: com.reconinstruments.offsetkeyboard
I/ActivityManager(  293): Start proc android.process.acore for broadcast com.android.providers.contacts/.PackageIntentReceiver: pid=941 uid=10000 gids={3003, 1028}
W/Searchables(  293): No global search activity found
I/ActivityThread(  941): Pub com.android.voicemail: com.android.providers.contacts.VoicemailContentProvider
I/ActivityThread(  941): Pub applications: com.android.providers.applications.ApplicationsProvider
I/ActivityThread(  941): Pub contacts;com.android.contacts: com.android.providers.contacts.ContactsProvider2
I/ActivityThread(  941): Pub call_log: com.android.providers.contacts.CallLogProvider
I/ActivityThread(  941): Pub user_dictionary: com.android.providers.userdictionary.UserDictionaryProvider
D/AndroidRuntime(  931): Shutting down VM
I/AndroidRuntime(  931): NOTE: attach of thread 'Binder_3' failed
D/VoicemailCleanupService(  941): Cleaning up data for package: org.test.hud_total_test
W/dalvikvm(  941): threadid=12: thread exiting with uncaught exception (group=0x415bb300)
I/ActivityManager(  293): Start proc com.android.keychain for broadcast com.android.keychain/.KeyChainBroadcastReceiver: pid=960 uid=1000 gids={3002, 3001, 1015, 1028, 3003, 1007, 1006}
E/AndroidRuntime(  941): FATAL EXCEPTION: IntentService[VoicemailCleanupService]
E/AndroidRuntime(  941): java.lang.SecurityException: The caller must have permission: com.android.voicemail.permission.ADD_VOICEMAIL
E/AndroidRuntime(  941): 	at com.android.providers.contacts.VoicemailPermissions.checkCallerHasOwnVoicemailAccess(VoicemailPermissions.java:52)
E/AndroidRuntime(  941): 	at com.android.providers.contacts.VoicemailContentProvider.checkPermissionsAndCreateUriData(VoicemailContentProvider.java:299)
E/AndroidRuntime(  941): 	at com.android.providers.contacts.VoicemailContentProvider.delete(VoicemailContentProvider.java:127)
E/AndroidRuntime(  941): 	at android.content.ContentProvider$Transport.delete(ContentProvider.java:228)
E/AndroidRuntime(  941): 	at android.content.ContentResolver.delete(ContentResolver.java:956)
E/AndroidRuntime(  941): 	at com.android.providers.contacts.VoicemailCleanupService.handleIntentInternal(VoicemailCleanupService.java:51)
E/AndroidRuntime(  941): 	at com.android.providers.contacts.VoicemailCleanupService.onHandleIntent(VoicemailCleanupService.java:40)
E/AndroidRuntime(  941): 	at android.app.IntentService$ServiceHandler.handleMessage(IntentService.java:65)
E/AndroidRuntime(  941): 	at android.os.Handler.dispatchMessage(Handler.java:99)
E/AndroidRuntime(  941): 	at android.os.Looper.loop(Looper.java:137)
E/AndroidRuntime(  941): 	at android.os.HandlerThread.run(HandlerThread.java:60)
I/ActivityManager(  293): Start proc com.android.defcontainer for service com.android.defcontainer/.DefaultContainerService: pid=972 uid=10009 gids={1015, 2001, 1028}
I/Process (  941): Sending signal. PID: 941 SIG: 9
D/skia    (  931): SkGraphics::Term() dlclose() BLTsville (CPU) 
I/ActivityManager(  293): Process android.process.acore (pid 941) has died.
W/ActivityManager(  293): Scheduling restart of crashed service com.android.providers.contacts/.VoicemailCleanupService in 5000ms
V/ReconPackageRecorder(  632): Wrote package list to /storage/sdcard0/ReconApps/Installer/installed_packages.xml.
D/UpdatePackageListReceiver(  632): Package is updated
D/InstallerFileObserver(  632): File changed: installed_packages.xml
D/RifInstaller(  632): No rif files found
I/NAVD.GPSC_MGP(  870): +++ gpsc_mgp_process_msg: Ephemeris Report Received. SV ID: 27 +++
W/ThrottleService(  293): unable to find stats for iface rmnet0
W/SocketClient(   92): write error (Broken pipe)
I/NAVD.GPSC_MGP(  870): +++ gpsc_mgp_process_msg: Almanac Report Received. SV ID: 20 +++
I/NAVD.GPSC_MGP(  870): +++ gpsc_mgp_process_msg: Almanac Report Received. SV ID: 21 +++
I/NAVD.GPSC_MGP(  870): +++ gpsc_mgp_process_msg: Almanac Report Received. SV ID: 22 +++
I/NAVD.GPSC_MGP(  870): +++ gpsc_mgp_process_msg: Almanac Report Received. SV ID: 23 +++
I/NAVD.GPSC_TIMER_API(  870): +++ gpsc_os_timer_expired_res: Timer Expired:19, GPSC State:ACTIVE, Sequence:GET ASSISTANCE   +++
I/NAVD.GPSC_MGP(  870): +++ gpsc_mgp_process_msg: AI_REP_CLOCK +++
I/NAVD.GPSC_MGP(  870): C_TIMER_RXN_EPHE_VALID Timer expired: request for assistance
I/NAVD.GPSC_APP_API(  870): +++ gpsc_request_assistance: Position Information Not Known +++
I/NAVD.GPSC_APP_API(  870): +++ gpsc_request_assistance: Assist Attempt [0] +++
I/NAVD.GPSC_APP_API(  870): +++ gpsc_request_assistance: GPS Time - Valid [1], Week [1895], MSec [155969250], Unc [15.515648] +++
I/NAVD.GPSC_MGP(  870): +++ recon_request_assistance: Sent Assistance Request [mask = 0x6d] to Recon Status Pipe /data/gps/reconcontrol +++
I/NAVD.GPSC_APP_API(  870): +++ gpsc_request_assistance: Successfully requested Assistance from Assistance Provider(s). Request number [1] (maximum 1)  +++
I/NAVD.GPSC_APP_API(  870): C_TIMER_RXN_EPHE_VALID Timer started
I/RECON.GPS(  895): +++ GPSDriver::processAssistanceRequest: Assistance Request Received. Flags: [0x6d] +++
D/ReconAGPS.Java(  895): +++ GPS Status callback. Status: [0x5], Extra: [0x6d] +++
D/ReconAGPS.Java(  895): handleMessage(), msg.what : 2
I/RXN_IntApp(  888): Start gpsPrnBitMask: -1, gloSlotBitMask 0
I/RXN_IntApp(  888): EE/BCE callback 0
I/RXN_IntApp(  888): 1, 3, 5, 6, 7, 8, 9, 10, 11, 12, 13, 14, 15, 16, 17, 18, 19, 20, 21, 22, 23, 24, 26, 27, 28, 29, 30, 31, 
I/RXN_IntApp(  888): Finished: 0
I/NAVD.GPSC_APP_API(  870): +++ gpsc_app_assist_inject_req: Assistance set is complete, start the injection +++
I/NAVD.GPSC_STATE(  870): +++ StateGpscActive: State [ACTIVE], Event: [ASSIST_INJECT ] +++
I/NAVD.GPSC_APP_API(  870): +++ gpsc_app_assist_inject_req: Assistance set is complete, start the injection +++
I/NAVD.GPSC_STATE(  870): +++ StateGpscActive: State [ACTIVE], Event: [ASSIST_INJECT ] +++
I/NAVD.GPSC_MGP(  870): +++ gpsc_mgp_process_msg: AI_REP_SV_DIR +++
I/NAVD.GPSC_MGP(  870): +++ gpsc_mgp_process_msg: AI_REP_CLOCK +++
I/NAVD.GPSC_APP_API(  870): +++ gpsc_get_min_toe_diff: good_eph_count 9, toe_min 30 +++
I/NAVD.GPSC_SESS(  870): +++ gpsc_get_assistance_from_network: Requesting Assistance (toe_diff = 30) +++
I/NAVD.GPSC_APP_API(  870): +++ gpsc_request_assistance: Exceeded maximum number of Assistance Attempts (1). Assist Request (1) will not be sent +++
E/NAVD.GPSC_SESS(  870): +++ gpsc_get_assistance_from_network: Assistance Request Failure +++
I/NAVD.GPSC_MGP(  870): +++ gpsc_mgp_process_msg: Ephemeris Report Received. SV ID: 10 +++
I/NAVD.GPSC_MGP(  870): +++ gpsc_mgp_process_msg: Ephemeris Report Received. SV ID: 14 +++
I/NAVD.GPSC_MGP(  870): +++ gpsc_mgp_process_msg: Ephemeris Report Received. SV ID: 16 +++
I/NAVD.GPSC_MGP(  870): +++ gpsc_mgp_process_msg: Ephemeris Report Received. SV ID: 18 +++
I/NAVD.GPSC_MGP(  870): +++ gpsc_mgp_process_msg: Ephemeris Report Received. SV ID: 21 +++
I/NAVD.GPSC_MGP(  870): +++ gpsc_mgp_process_msg: Ephemeris Report Received. SV ID: 26 +++
I/NAVD.GPSC_MGP(  870): +++ gpsc_mgp_process_msg: Ephemeris Report Received. SV ID: 31 +++
I/NAVD.GPSC_MGP(  870): +++ gpsc_mgp_process_msg: Almanac Report Received. SV ID: 24 +++
V/MediaScanner(  437): pruneDeadThumbnailFiles... android.database.sqlite.SQLiteCursor@41c4fb60
V/MediaScanner(  437): /pruneDeadThumbnailFiles... android.database.sqlite.SQLiteCursor@41c4fb60
I/NAVD.GPSC_MGP(  870): +++ gpsc_mgp_process_msg: Ephemeris Report Received. SV ID: 12 +++
I/NAVD.GPSC_MGP(  870): +++ gpsc_mgp_process_msg: Almanac Report Received. SV ID: 1 +++
I/NAVD.GPSC_MGP(  870): +++ gpsc_mgp_process_msg: Almanac Report Received. SV ID: 25 +++
I/NAVD.GPSC_MGP(  870): +++ gpsc_mgp_process_msg: Ephemeris Report Received. SV ID: 29 +++
I/NAVD.GPSC_MGP(  870): +++ gpsc_mgp_process_msg: Almanac Report Received. SV ID: 2 +++
I/NAVD.GPSC_MGP(  870): +++ gpsc_mgp_process_msg: Ephemeris Report Received. SV ID: 28 +++
I/NAVD.GPSC_MGP(  870): +++ gpsc_mgp_process_msg: Almanac Report Received. SV ID: 26 +++
I/NAVD.GPSC_MGP(  870): +++ gpsc_mgp_process_msg: Almanac Report Received. SV ID: 3 +++
I/NAVD.GPSC_MGP(  870): +++ gpsc_mgp_process_msg: Almanac Report Received. SV ID: 27 +++
I/NAVD.GPSC_MGP(  870): +++ gpsc_mgp_process_msg: Almanac Report Received. SV ID: 28 +++
I/NAVD.GPSC_MGP(  870): +++ gpsc_mgp_process_msg: Almanac Report Received. SV ID: 5 +++
I/NAVD.GPSC_MGP(  870): +++ gpsc_mgp_process_msg: Almanac Report Received. SV ID: 6 +++
I/NAVD.GPSC_MGP(  870): +++ gpsc_mgp_process_msg: Almanac Report Received. SV ID: 29 +++
I/NAVD.GPSC_TIMER_API(  870): +++ gpsc_os_timer_expired_res: Timer Expired:19, GPSC State:ACTIVE, Sequence:GET ASSISTANCE   +++
I/NAVD.GPSC_MGP(  870): +++ gpsc_mgp_process_msg: AI_REP_CLOCK +++
I/NAVD.GPSC_MGP(  870): C_TIMER_RXN_EPHE_VALID Timer expired: request for assistance
I/NAVD.GPSC_APP_API(  870): +++ gpsc_request_assistance: Position Information Not Known +++
I/NAVD.GPSC_APP_API(  870): +++ gpsc_request_assistance: Assist Attempt [0] +++
I/NAVD.GPSC_APP_API(  870): +++ gpsc_request_assistance: GPS Time - Valid [1], Week [1895], MSec [156209250], Unc [16.228352] +++
I/NAVD.GPSC_MGP(  870): +++ recon_request_assistance: Sent Assistance Request [mask = 0x2d] to Recon Status Pipe /data/gps/reconcontrol +++
I/NAVD.GPSC_APP_API(  870): +++ gpsc_request_assistance: Successfully requested Assistance from Assistance Provider(s). Request number [1] (maximum 1)  +++
I/NAVD.GPSC_APP_API(  870): C_TIMER_RXN_EPHE_VALID Timer started
I/RECON.GPS(  895): +++ GPSDriver::processAssistanceRequest: Assistance Request Received. Flags: [0x2d] +++
D/ReconAGPS.Java(  895): +++ GPS Status callback. Status: [0x5], Extra: [0x2d] +++
D/ReconAGPS.Java(  895): handleMessage(), msg.what : 2
I/RXN_IntApp(  888): Start gpsPrnBitMask: -1, gloSlotBitMask 0
I/RXN_IntApp(  888): EE/BCE callback 0
I/RXN_IntApp(  888): 1, 3, 5, 6, 7, 8, 9, 10, 11, 12, 13, 14, 15, 16, 17, 18, 19, 20, 21, 22, 23, 24, 26, 27, 28, 29, 30, 31, 
I/RXN_IntApp(  888): Finished: 0
I/NAVD.GPSC_APP_API(  870): +++ gpsc_app_assist_inject_req: Assistance set is complete, start the injection +++
I/NAVD.GPSC_STATE(  870): +++ StateGpscActive: State [ACTIVE], Event: [ASSIST_INJECT ] +++
I/NAVD.GPSC_APP_API(  870): +++ gpsc_app_assist_inject_req: Assistance set is complete, start the injection +++
I/NAVD.GPSC_STATE(  870): +++ StateGpscActive: State [ACTIVE], Event: [ASSIST_INJECT ] +++
I/NAVD.GPSC_MGP(  870): +++ gpsc_mgp_process_msg: AI_REP_SV_DIR +++
I/NAVD.GPSC_MGP(  870): +++ gpsc_mgp_process_msg: AI_REP_CLOCK +++
I/NAVD.GPSC_APP_API(  870): +++ gpsc_get_min_toe_diff: good_eph_count 12, toe_min 62 +++
I/NAVD.GPSC_SESS(  870): +++ gpsc_get_assistance_from_network: Requesting Assistance (toe_diff = 62) +++
I/NAVD.GPSC_APP_API(  870): +++ gpsc_request_assistance: Exceeded maximum number of Assistance Attempts (1). Assist Request (1) will not be sent +++
E/NAVD.GPSC_SESS(  870): +++ gpsc_get_assistance_from_network: Assistance Request Failure +++
I/NAVD.GPSC_MGP(  870): +++ gpsc_mgp_process_msg: Ephemeris Report Received. SV ID: 10 +++
I/NAVD.GPSC_MGP(  870): +++ gpsc_mgp_process_msg: Ephemeris Report Received. SV ID: 14 +++
I/NAVD.GPSC_MGP(  870): +++ gpsc_mgp_process_msg: Ephemeris Report Received. SV ID: 16 +++
I/NAVD.GPSC_MGP(  870): +++ gpsc_mgp_process_msg: Ephemeris Report Received. SV ID: 18 +++
I/NAVD.GPSC_MGP(  870): +++ gpsc_mgp_process_msg: Ephemeris Report Received. SV ID: 21 +++
I/NAVD.GPSC_MGP(  870): +++ gpsc_mgp_process_msg: Ephemeris Report Received. SV ID: 26 +++
I/NAVD.GPSC_MGP(  870): +++ gpsc_mgp_process_msg: Ephemeris Report Received. SV ID: 31 +++
I/NAVD.GPSC_MGP(  870): +++ gpsc_mgp_process_msg: Almanac Report Received. SV ID: 7 +++
I/NAVD.GPSC_MGP(  870): +++ gpsc_mgp_process_msg: Almanac Report Received. SV ID: 30 +++
I/NAVD.GPSC_MGP(  870): +++ gpsc_mgp_process_msg: Almanac Report Received. SV ID: 8 +++
I/NAVD.GPSC_MGP(  870): +++ gpsc_mgp_process_msg: Almanac Report Received. SV ID: 31 +++
I/NAVD.GPSC_MGP(  870): +++ gpsc_mgp_process_msg: Almanac Report Received. SV ID: 9 +++
I/NAVD.GPSC_MGP(  870): +++ gpsc_mgp_process_msg: Ephemeris Report Received. SV ID: 9 +++
D/skia    ( 1002): SkGraphics::Init() - BLTsville (CPU) dlopen success
D/AndroidRuntime( 1002): 
D/AndroidRuntime( 1002): >>>>>> AndroidRuntime START com.android.internal.os.RuntimeInit <<<<<<
D/AndroidRuntime( 1002): CheckJNI is OFF
D/dalvikvm( 1002): Trying to load lib libjavacore.so 0x0
D/dalvikvm( 1002): Added shared lib libjavacore.so 0x0
D/dalvikvm( 1002): Trying to load lib libnativehelper.so 0x0
D/dalvikvm( 1002): Added shared lib libnativehelper.so 0x0
D/AndroidRuntime( 1002): Calling main entry com.android.commands.pm.Pm
W/ActivityManager(  293): No content provider found for permission revoke: file:///data/local/tmp/HUDTotalTest-0.1-debug.apk
W/ActivityManager(  293): No content provider found for permission revoke: file:///data/local/tmp/HUDTotalTest-0.1-debug.apk
I/dalvikvm(  293): Jit: resizing JitTable from 4096 to 8192
I/NAVD.GPSC_MGP(  870): +++ gpsc_mgp_process_msg: Almanac Report Received. SV ID: 32 +++
I/PackageManager(  293): Running dexopt on: org.test.hud_total_test
D/dalvikvm( 1013): DexOpt: load 44ms, verify+opt 259ms, 568932 bytes
I/NAVD.GPSC_MGP(  870): +++ gpsc_mgp_process_msg: Almanac Report Received. SV ID: 10 +++
I/ActivityManager(  293): Force stopping package org.test.hud_total_test uid=10006
D/PackageManager(  293): New package installed in /data/app/org.test.hud_total_test-1.apk
D/PackageManager(  293): generateServicesMap(android.accounts.AccountAuthenticator): 0 services unchanged
D/PackageManager(  293): generateServicesMap(android.content.SyncAdapter): 0 services unchanged
