--------- beginning of /dev/log/system
I/Vold    (   87): Vold 2.1 (the revenge) firing up
D/Vold    (   87): Volume sdcard state changing -1 (Initializing) -> 0 (No-Media)
I/SystemServer(  293): Entered the Android system server!
I/SystemServer(  293): Entropy Mixer
I/SystemServer(  293): Power Manager
I/SystemServer(  293): Activity Manager
I/ActivityManager(  293): Memory class: 48
I/SystemServer(  293): Telephony Registry
I/SystemServer(  293): Scheduling Policy
I/SystemServer(  293): Package Manager
I/PackageParser(  293): com.reconinstruments.agps: compat added android.permission.READ_PHONE_STATE
I/PackageParser(  293): com.reconinstruments.dashlauncherredux: compat added android.permission.WRITE_EXTERNAL_STORAGE android.permission.READ_PHONE_STATE
I/PackageParser(  293): com.reconinstruments.geodataservice: compat added android.permission.WRITE_EXTERNAL_STORAGE android.permission.READ_PHONE_STATE
I/PackageParser(  293): com.reconinstruments.lispxml: compat added android.permission.READ_PHONE_STATE
W/PackageParser(  293): No actions in intent filter at /system/app/Settings.apk Binary XML file line #1143
I/Installer(  293): connecting...
W/PackageParser(  293): No actions in intent filter at /data/app/Bluetooth.apk Binary XML file line #159
I/PackageParser(  293): com.reconinstruments.shutdowner: compat added android.permission.WRITE_EXTERNAL_STORAGE android.permission.READ_PHONE_STATE
I/PackageManager(  293): Time to scan packages: 4.772 seconds
W/PackageManager(  293): Unknown permission com.google.android.googleapps.permission.GOOGLE_AUTH in package com.android.providers.calendar
W/PackageManager(  293): Unknown permission com.google.android.googleapps.permission.GOOGLE_AUTH.cl in package com.android.providers.calendar
W/PackageManager(  293): Unknown permission com.google.android.googleapps.permission.GOOGLE_AUTH in package com.android.settings
W/PackageManager(  293): Unknown permission com.android.launcher.permission.READ_SETTINGS in package com.android.settings
W/PackageManager(  293): Unknown permission com.android.launcher.permission.WRITE_SETTINGS in package com.android.settings
W/PackageManager(  293): Unknown permission com.google.android.googleapps.permission.GOOGLE_AUTH in package com.android.providers.contacts
W/PackageManager(  293): Unknown permission com.google.android.googleapps.permission.GOOGLE_AUTH.cp in package com.android.providers.contacts
I/SystemServer(  293): Account Manager
I/SystemServer(  293): Content Manager
I/SystemServer(  293): System Content Providers
I/SystemServer(  293): Lights Service
I/SystemServer(  293): Battery Service
I/SystemServer(  293): PCB temperature Service
V/PcbtemperatureService(  293): Service registered!
I/SystemServer(  293): Vibrator Service
I/SystemServer(  293): Alarm Manager
I/SystemServer(  293): Init Watchdog
I/SystemServer(  293): Window Manager
I/InputManager(  293): Initializing input manager
W/StatusBarManager(  293): warning: no STATUS_BAR_SERVICE
I/InputManager(  293): Starting input manager
I/SystemServer(  293): Bluetooth Service
I/SystemServer(  293): Input Method Service
W/InputMethodManagerService(  293): Couldn't create dir.: /data/system/inputmethod
I/SystemServer(  293): Accessibility Manager
I/Display (  293): Mirroring region is Rect(0, 0 - 1280, 720)
I/ActivityManager(  293): Config changed: {1.0 0mcc0mnc en_US sw240dp w428dp h208dp smll land ?uimode ?night -touch -keyb/v/h -nav/h s.2}
I/SystemServer(  293): Mount Service
D/MountService(  293): got storage path: /storage/sdcard0 description: Internal storage primary: true removable: false emulated: true mtpReserve: 0 allowMassStorage: false maxFileSize: 0
D/MountService(  293): using emulated external storage
I/SystemServer(  293): LockSettingsService
I/SystemServer(  293): Device Policy
D/VoldCmdListener(   87): volume list
D/MountService(  293): volume state changed for /storage/sdcard1 (null -> removed)
I/SystemServer(  293): Status Bar
I/SystemServer(  293): Clipboard Service
D/VoldCmdListener(   87): asec list
I/SystemServer(  293): NetworkManagement Service
W/PackageManager(  293): Unknown permission com.google.android.googleapps.permission.GOOGLE_AUTH in package com.android.providers.calendar
W/PackageManager(  293): Unknown permission com.google.android.googleapps.permission.GOOGLE_AUTH.cl in package com.android.providers.calendar
I/SystemServer(  293): Text Service Manager Service
W/PackageManager(  293): Unknown permission com.google.android.googleapps.permission.GOOGLE_AUTH in package com.android.settings
W/PackageManager(  293): Unknown permission com.android.launcher.permission.READ_SETTINGS in package com.android.settings
W/PackageManager(  293): Unknown permission com.android.launcher.permission.WRITE_SETTINGS in package com.android.settings
W/PackageManager(  293): Unknown permission com.google.android.googleapps.permission.GOOGLE_AUTH in package com.android.providers.contacts
W/PackageManager(  293): Unknown permission com.google.android.googleapps.permission.GOOGLE_AUTH.cp in package com.android.providers.contacts
W/TextServicesManagerService(  293): no available spell checker services found
I/SystemServer(  293): NetworkStats Service
I/SystemServer(  293): NetworkPolicy Service
I/SystemServer(  293): Wi-Fi P2pService
I/SystemServer(  293): Wi-Fi Service
I/SystemServer(  293): TIEthernet Service not started because android.hardware.ethernet feature is absent
I/SystemServer(  293): Connectivity Service
D/ConnectivityService(  293): ConnectivityService starting up
E/ConnectivityService(  293): Ignoring protectedNetwork 10
E/ConnectivityService(  293): Ignoring protectedNetwork 11
E/ConnectivityService(  293): Ignoring protectedNetwork 12
I/WifiService(  293): WifiService starting up with Wi-Fi disabled
I/SystemServer(  293): Network Service Discovery Service
D/NsdService(  293): Network service discovery enabled true
I/SystemServer(  293): Throttle Service
I/SystemServer(  293): UpdateLock Service
I/SystemServer(  293): Notification Manager
I/SystemServer(  293): Device Storage Monitor
I/SystemServer(  293): starting SUPL Service (SystemServer)
I/SystemServer(  293): Location Manager
I/SystemServer(  293): Country Detector
I/SystemServer(  293): Search Service
I/SystemServer(  293): DropBox Service
I/SystemServer(  293): Wallpaper Service
I/SystemServer(  293): Audio Service
I/SystemServer(  293): Dock Observer
W/DockObserver(  293): This kernel does not have dock station support
I/SystemServer(  293): Wired Accessory Observer
W/WiredAccessoryObserver(  293): This kernel does not have usb audio support
I/SystemServer(  293): USB Service
I/SystemServer(  293): Serial Service
I/SystemServer(  293): UI Mode Manager Service
I/SystemServer(  293): Backup Service
V/BackupManagerService(  293): Initializing package tracking
V/BackupManagerService(  293): No ancestral data
V/BackupManagerService(  293): addPackageParticipantsLocked: all
I/BackupManagerService(  293): New app android never backed up; scheduling
D/BackupManagerService(  293): Now staging backup of android
I/BackupManagerService(  293): New app com.android.providers.settings never backed up; scheduling
D/BackupManagerService(  293): Now staging backup of com.android.providers.settings
I/BackupManagerService(  293): New app com.android.providers.userdictionary never backed up; scheduling
D/BackupManagerService(  293): Now staging backup of com.android.providers.userdictionary
I/BackupManagerService(  293): New app com.android.sharedstoragebackup never backed up; scheduling
D/BackupManagerService(  293): Now staging backup of com.android.sharedstoragebackup
V/BackupManagerService(  293): Registering transport android/com.android.internal.backup.LocalTransport = com.android.internal.backup.LocalTransport@41bc5ab8
V/BackupManagerService(  293): Starting with transport android/com.android.internal.backup.LocalTransport
V/BackupManagerService(  293): Google transport not present
I/BackupManagerService(  293): Found stale backup journal, scheduling
I/BackupManagerService(  293):   android
I/BackupManagerService(  293):   com.android.providers.settings
I/BackupManagerService(  293):   com.android.providers.userdictionary
I/BackupManagerService(  293):   com.android.sharedstoragebackup
I/BackupManagerService(  293): Backup enabled => false
I/BackupManagerService(  293): Opting out of backup
I/SystemServer(  293): AppWidget Service
I/SystemServer(  293): Recognition Service
I/SystemServer(  293): DiskStats Service
I/SystemServer(  293): SamplingProfiler Service
I/SystemServer(  293): NetworkTimeUpdateService
I/SystemServer(  293): CommonTimeManagementService
I/SystemServer(  293): CertBlacklister
D/PowerManagerService(  293): system ready!
I/ActivityManager(  293): System now ready
I/SystemServer(  293): Making services ready
D/SystemServer(  293): Starting service: Intent { cmp=com.android.systemui/.SystemUIService }
I/ActivityManager(  293): Start proc com.android.systemui for service com.android.systemui/.SystemUIService: pid=389 uid=10027 gids={1028, 1015, 3002, 3001}
D/NetworkManagementService(  293): enabling bandwidth control
D/SystemUIService(  389): loading: class com.android.systemui.statusbar.phone.PhoneStatusBar
D/SystemUIService(  389): running: com.android.systemui.statusbar.phone.PhoneStatusBar@41bf5538
I/StatusBarManagerService(  293): registerStatusBar bar=com.android.internal.statusbar.IStatusBar$Stub$Proxy@41beafa0
I/ActivityManager(  293): Config changed: {1.0 0mcc0mnc en_US sw240dp w428dp h208dp smll land -touch -keyb/v/h -nav/h s.3}
W/RecognitionManagerService(  293): no available voice recognition services found
W/InputMethodManagerService(  293): Ignoring setImeWindowStatus of uid 1000 token: null
W/InputMethodManagerService(  293): Found no subtypes in a system IME: com.reconinstruments.offsetkeyboard
I/ActivityManager(  293): Start proc android.process.media for broadcast com.android.providers.media/.UsbReceiver: pid=437 uid=10010 gids={1015, 1023, 1024, 1028, 2001, 3003, 3007}
I/ActivityManager(  293): Start proc com.reconinstruments.offsetkeyboard for service com.reconinstruments.offsetkeyboard/.OffsetKeyboard: pid=449 uid=10026 gids={1028}
W/ThrottleService(  293): unable to find stats for iface rmnet0
I/ActivityManager(  293): Start proc com.reconinstruments.ble_ss1 for added application com.reconinstruments.ble_ss1: pid=466 uid=1000 gids={3002, 3001, 1015, 1028, 3003, 1007, 1006}
I/ActivityManager(  293): Start proc com.reconinstruments.mfiservice for added application com.reconinstruments.mfiservice: pid=477 uid=1000 gids={3002, 3001, 1015, 1028, 3003, 1007, 1006}
I/ActivityManager(  293): Start proc com.reconinstruments.heading for added application com.reconinstruments.heading: pid=489 uid=1000 gids={3002, 3001, 1015, 1028, 3003, 1007, 1006}
I/ActivityManager(  293): Start proc com.reconinstruments.dashlauncherredux for added application com.reconinstruments.dashlauncherredux: pid=506 uid=1000 gids={3002, 3001, 1015, 1028, 3003, 1007, 1006}
I/ActivityManager(  293): Start proc com.reconinstruments.os.analyticsservice for added application com.reconinstruments.os.analyticsservice: pid=516 uid=1000 gids={3002, 3001, 1015, 1028, 3003, 1007, 1006}
I/ActivityManager(  293): Start proc com.reconinstruments.geodataservice for added application com.reconinstruments.geodataservice: pid=535 uid=10035 gids={3003, 1015, 1028}
I/ActivityManager(  293): Start proc com.reconinstruments.hudservice for added application com.reconinstruments.hudservice: pid=556 uid=1000 gids={3002, 3001, 1015, 1028, 3003, 1007, 1006}
I/ActivityManager(  293): Start proc com.reconinstruments.hudserver for added application com.reconinstruments.hudserver: pid=568 uid=1000 gids={3002, 3001, 1015, 1028, 3003, 1007, 1006}
I/ActivityManager(  293): Start proc com.reconinstruments.applauncher for added application com.reconinstruments.applauncher: pid=582 uid=1000 gids={3002, 3001, 1015, 1028, 3003, 1007, 1006}
I/ActivityManager(  293): Start proc com.reconinstruments.phone for added application com.reconinstruments.phone: pid=593 uid=1000 gids={3002, 3001, 1015, 1028, 3003, 1007, 1006}
I/ActivityManager(  293): START {act=android.intent.action.MAIN cat=[android.intent.category.HOME] flg=0x10000000 cmp=com.reconinstruments.dashwarning/.WarningActivity u=0} from pid 0
I/ActivityManager(  293): Start proc com.reconinstruments.dashwarning for activity com.reconinstruments.dashwarning/.WarningActivity: pid=607 uid=1000 gids={3002, 3001, 1015, 1028, 3003, 1007, 1006}
I/LocationManagerService(  293): whitelist: []
I/LocationManagerService(  293): blacklist: []
D/PhoneStatusBar(  389): disable: < expand icons alerts ticker system_info back home recent clock >
D/StorageNotification(  389): Startup with UMS connection false (media state mounted)
I/StorageNotification(  389): UMS connection changed to false (media state mounted)
D/SystemUIService(  389): loading: class com.android.systemui.power.PowerUI
D/SystemUIService(  389): running: com.android.systemui.power.PowerUI@41c596c0
D/SystemUIService(  389): loading: class com.android.systemui.media.RingtonePlayer
D/SystemUIService(  389): running: com.android.systemui.media.RingtonePlayer@41c5a810
D/PhoneStatusBar(  389): addNotification score=-20
I/LocationManagerService(  293): request passive (pid 293) 0 0
D/PhoneStatusBar(  389): addNotification score=-10
I/ActivityManager(  293): Start proc com.reconinstruments.installer for service com.reconinstruments.installer/.InstallerService: pid=632 uid=1000 gids={3002, 3001, 1015, 1028, 3003, 1007, 1006}
I/ActivityManager(  293): Start proc com.reconinstruments.nativetest for service com.reconinstruments.nativetest/com.reconinstruments.bletest.BLETestService: pid=639 uid=10021 gids={1015, 1028}
I/ActivityManager(  293): Start proc com.reconinstruments.jetapplauncher for service com.reconinstruments.jetapplauncher/.settings.service.GlanceAppService: pid=650 uid=1000 gids={3002, 3001, 1015, 1028, 3003, 1007, 1006}
I/ActivityManager(  293): Start proc com.reconinstruments.lispxml for service com.reconinstruments.lispxml/.LispXmlService: pid=664 uid=1000 gids={3002, 3001, 1015, 1028, 3003, 1007, 1006}
D/WifiService(  293): New client listening to asynchronous messages
D/PowerManagerService(  293): setBrightness - id:4 brightness:62
I/LocationManagerService(  293): request passive (pid 535) 0 0
I/ActivityManager(  293): Start proc .HUDGattService for on-hold: pid=688 uid=10033 gids={3003, 3002, 3001, 1015, 3005, 1028}
D/PowerManagerService(  293): bootCompleted
V/DevicePolicyManagerService(  293): Sending password expiration notifications for action android.intent.action.BOOT_COMPLETED
W/MountService(  293): Duplicate state transition (mounted -> mounted) for /storage/sdcard0
D/MountService(  293): sendStorageIntent Intent { act=android.intent.action.MEDIA_MOUNTED dat=file:///storage/sdcard0 (has extras) }
V/WiredAccessoryObserver(  293): init()
I/ActivityManager(  293): ActivityManagerService has created AnalyticsAgent: ActivityManager
D/HUDActivityMotionManager(  582): Connecting to IHUDActivityMotionService by name [com.reconinstruments.os.hardware.motion.IHUDActivityMotionService]
D/PhoneStatusBar(  389): addNotification score=0
I/ActivityManager(  293): Start proc com.reconinstruments.battery.logger for broadcast com.reconinstruments.battery.logger/.BatteryLogBootReceiver: pid=783 uid=10032 gids={1015, 1028}
I/ActivityManager(  293): Start proc com.android.providers.calendar for broadcast com.android.providers.calendar/.CalendarReceiver: pid=801 uid=10002 gids={3003, 1015, 1028}
I/ActivityManager(  293): Start proc com.android.settings for broadcast com.android.settings/.bluetooth.headset.BluetoothHeadsetBootReceiver: pid=832 uid=1000 gids={3002, 3001, 1015, 1028, 3003, 1007, 1006}
D/SystemUIBootReceiver(  389): Animation scale: 1.0
I/ActivityManager(  293): Start proc com.rxnetworks.rxnservicesxybrid for broadcast com.rxnetworks.rxnservicesxybrid/.RXNetworksServiceManager: pid=845 uid=10043 gids={3003, 1028, 1015}
I/ActivityManager(  293): Start proc com.reconinstruments.agps for service com.reconinstruments.agps/.AssistedGpsService: pid=895 uid=1000 gids={3002, 3001, 1015, 1028, 3003, 1007, 1006}
I/LocationManagerService(  293): request RECON_AGPS (pid 535) 0 0
D/PhoneStatusBar(  389): addNotification score=10
I/LocationManagerService(  293): request passive (pid 895) 0 0
I/ActivityManager(  293): Force stopping package org.test.hud_total_test uid=10006
I/ActivityManager(  293): Force stopping package org.test.hud_total_test uid=10006
D/BackupManagerService(  293): Received broadcast Intent { act=android.intent.action.PACKAGE_REMOVED dat=package:org.test.hud_total_test flg=0x8000010 (has extras) }
V/BackupManagerService(  293): removePackageParticipantsLocked: uid=10006 #1
W/InputMethodManagerService(  293): Found no subtypes in a system IME: com.reconinstruments.offsetkeyboard
I/ActivityManager(  293): Start proc android.process.acore for broadcast com.android.providers.contacts/.PackageIntentReceiver: pid=941 uid=10000 gids={3003, 1028}
I/ActivityManager(  293): Start proc com.android.keychain for broadcast com.android.keychain/.KeyChainBroadcastReceiver: pid=960 uid=1000 gids={3002, 3001, 1015, 1028, 3003, 1007, 1006}
E/AndroidRuntime(  941): FATAL EXCEPTION: IntentService[VoicemailCleanupService]
E/AndroidRuntime(  941): java.lang.SecurityException: The caller must have permission: com.android.voicemail.permission.ADD_VOICEMAIL
E/AndroidRuntime(  941): 	at com.android.providers.contacts.VoicemailPermissions.checkCallerHasOwnVoicemailAccess(VoicemailPermissions.java:52)
E/AndroidRuntime(  941): 	at com.android.providers.contacts.VoicemailContentProvider.checkPermissionsAndCreateUriData(VoicemailContentProvider.java:299)
E/AndroidRuntime(  941): 	at com.android.providers.contacts.VoicemailContentProvider.delete(VoicemailContentProvider.java:127)
E/AndroidRuntime(  941): 	at android.content.ContentProvider$Transport.delete(ContentProvider.java:228)
E/AndroidRuntime(  941): 	at android.content.ContentResolver.delete(ContentResolver.java:956)
E/AndroidRuntime(  941): 	at com.android.providers.contacts.VoicemailCleanupService.handleIntentInternal(VoicemailCleanupService.java:51)
E/AndroidRuntime(  941): 	at com.android.providers.contacts.VoicemailCleanupService.onHandleIntent(VoicemailCleanupService.java:40)
E/AndroidRuntime(  941): 	at android.app.IntentService$ServiceHandler.handleMessage(IntentService.java:65)
E/AndroidRuntime(  941): 	at android.os.Handler.dispatchMessage(Handler.java:99)
E/AndroidRuntime(  941): 	at android.os.Looper.loop(Looper.java:137)
E/AndroidRuntime(  941): 	at android.os.HandlerThread.run(HandlerThread.java:60)
I/ActivityManager(  293): Start proc com.android.defcontainer for service com.android.defcontainer/.DefaultContainerService: pid=972 uid=10009 gids={1015, 2001, 1028}
I/ActivityManager(  293): Process android.process.acore (pid 941) has died.
W/ActivityManager(  293): Scheduling restart of crashed service com.android.providers.contacts/.VoicemailCleanupService in 5000ms
W/ThrottleService(  293): unable to find stats for iface rmnet0
W/SocketClient(   92): write error (Broken pipe)
W/ActivityManager(  293): No content provider found for permission revoke: file:///data/local/tmp/HUDTotalTest-0.1-debug.apk
W/ActivityManager(  293): No content provider found for permission revoke: file:///data/local/tmp/HUDTotalTest-0.1-debug.apk
I/ActivityManager(  293): Force stopping package org.test.hud_total_test uid=10006
D/BackupManagerService(  293): Received broadcast Intent { act=android.intent.action.PACKAGE_ADDED dat=package:org.test.hud_total_test flg=0x8000010 (has extras) }
V/BackupManagerService(  293): addPackageParticipantsLocked: #1
I/ActivityManager(  293): Start proc android.process.acore for broadcast com.android.providers.contacts/.PackageIntentReceiver: pid=1014 uid=10000 gids={3003, 1028}
W/InputMethodManagerService(  293): Found no subtypes in a system IME: com.reconinstruments.offsetkeyboard
W/RecognitionManagerService(  293): no available voice recognition services found
I/ActivityManager(  293): Start proc com.svox.pico for broadcast com.svox.pico/.VoiceDataInstallerReceiver: pid=1031 uid=10018 gids={1015, 1028}
W/InputManager(  293): Input event injection from pid 1053 failed.
W/InputManager(  293): Input event injection from pid 1053 failed.
I/WindowManager(  293): No lock screen!
I/ActivityManager(  293): Start proc com.reconinstruments.power for broadcast com.reconinstruments.power/.TurnOnScreenReceiver: pid=1064 uid=1000 gids={3002, 3001, 1015, 1028, 3003, 1007, 1006}
I/ActivityManager(  293): START {act=com.reconinstruments.itemhost.ItemHostActivity cmp=com.reconinstruments.itemhost/.ItemHostActivity u=0} from pid 607
W/PowerUI (  389): unknown intent: Intent { act=com.reconinstruments.showIfBadShutdown flg=0x10 }
I/ActivityManager(  293): START {act=com.reconinstruments.itemhost.ItemHostActivity cmp=com.reconinstruments.itemhost/.ItemHostActivity u=0} from pid 607
W/PowerUI (  389): unknown intent: Intent { act=com.reconinstruments.showIfBadShutdown flg=0x10 }
I/ActivityManager(  293): Start proc com.reconinstruments.itemhost for activity com.reconinstruments.itemhost/.ItemHostActivity: pid=1090 uid=10039 gids={1028}
I/ActivityManager(  293): START {act=com.reconinstruments.jetappsettings.apps cmp=com.reconinstruments.jetapplauncher/.applauncher.AppLauncherActivity u=0} from pid 1090
I/NotificationService(  293): cancelToast pkg=com.reconinstruments.itemhost callback=android.app.ITransientNotification$Stub$Proxy@41db7ad8
W/NotificationService(  293): Toast already cancelled. pkg=com.reconinstruments.itemhost callback=android.app.ITransientNotification$Stub$Proxy@41db7ad8
I/ActivityManager(  293): START {act=android.intent.action.MAIN cat=[android.intent.category.LAUNCHER] flg=0x10200000 cmp=org.test.hud_total_test/org.renpy.android.PythonActivity u=0} from pid 650
I/ActivityManager(  293): Start proc org.test.hud_total_test:python for activity org.test.hud_total_test/org.renpy.android.PythonActivity: pid=1190 uid=10006 gids={1015, 3003, 1028}
I/LocationManagerService(  293): request RECON_AGPS (pid 1190) 1000 0
I/LocationManagerService(  293): request passive (pid 1190) 1000 0
I/LocationManagerService(  293): request gps (pid 1190) 1000 0
--------- beginning of /dev/log/main
I/python  ( 1190): self.user_data {100: {'markerStruct': {'paint_level': 85, 'batteries': [0], 'tank_pressure': 41}, 'posStruct': {'lat': '39.9562', 'planet': 'earth', 'altitude': 35, 'heading': 19, 'long': '-75.1902'}, 'uid': 100, 'name': 'test uid 100'}, 101: {'markerStruct': {'paint_level': 41, 'batteries': [0], 'tank_pressure': 61}, 'posStruct': {'lat': '39.957', 'planet': 'earth', 'altitude': 64, 'heading': 163, 'long': '-75.1893'}, 'uid': 101, 'name': 'test uid 101'}, 102: {'markerStruct': {'paint_level': 0, 'batteries': [0], 'tank_pressure': 38}, 'posStruct': {'lat': '39.9558', 'planet': 'earth', 'altitude': -29, 'heading': 54, 'long': '-75.1898'}, 'uid': 102, 'name': 'test uid 102'}}
I/python  ( 1190): 1462217191.17 Drawing scope_canvas...
I/python  ( 1190): uid_me:  e0af780d-944f-48e1-90c3-4611fe594d0b
I/python  ( 1190): Painted Users:  False
I/python  ( 1190): 1462217191.18 Done
I/python  ( 1190): Inside updateDisplay
I/python  ( 1190): Trying to draw user...
I/python  ( 1190): Done drawing user icon
I/python  ( 1190): 1462217191.27 Starting...
I/python  ( 1190): Building position update message...
I/python  ( 1190): 1462217191.61 Requesting list of users...
I/python  ( 1190): User List Not Found...
I/python  ( 1190): Dumping:
I/python  ( 1190): {'self.in_json_obj': {}, 'self.users': {100: {'markerStruct': {'paint_level': 85, 'batteries': [0], 'tank_pressure': 41}, 'posStruct': {'lat': '39.9562', 'planet': 'earth', 'altitude': 35, 'heading': 19, 'long': '-75.1902'}, 'uid': 100, 'name': 'test uid 100'}, 101: {'markerStruct': {'paint_level': 41, 'batteries': [0], 'tank_pressure': 61}, 'posStruct': {'lat': '39.957', 'planet': 'earth', 'altitude': 64, 'heading': 163, 'long': '-75.1893'}, 'uid': 101, 'name': 'test uid 101'}, 102: {'markerStruct': {'paint_level': 0, 'batteries': [0], 'tank_pressure': 38}, 'posStruct': {'lat': '39.9558', 'planet': 'earth', 'altitude': -29, 'heading': 54, 'long': '-75.1898'}, 'uid': 102, 'name': 'test uid 102'}}, 'self.log_file': 'gui_dump.log', 'dump_timestamp': 'EUS 2016-05-02 14:26:31.988350', 'self.errors': {}, 'self.out_json_obj': {}}
I/python  ( 1190): Original myUID:  e0af780d-944f-48e1-90c3-4611fe594d0b
I/python  ( 1190): Dummy myUID:  e0af780d-944f-48e1-90c3-4611fe594d0b
I/python  ( 1190): self.user_data {100: {'markerStruct': {'paint_level': 91, 'batteries': [0], 'tank_pressure': 57}, 'posStruct': {'lat': '39.9557', 'planet': 'earth', 'altitude': -99, 'heading': 226, 'long': '-75.1907'}, 'uid': 100, 'name': 'test uid 100'}, 101: {'markerStruct': {'paint_level': 57, 'batteries': [0], 'tank_pressure': 98}, 'posStruct': {'lat': '39.9575', 'planet': 'earth', 'altitude': -1, 'heading': 4, 'long': '-75.1906'}, 'uid': 101, 'name': 'test uid 101'}, 102: {'markerStruct': {'paint_level': 8, 'batteries': [0], 'tank_pressure': 15}, 'posStruct': {'lat': '39.9572', 'planet': 'earth', 'altitude': 64, 'heading': 308, 'long': '-75.1902'}, 'uid': 102, 'name': 'test uid 102'}}
I/python  ( 1190): 1462217192.05 Drawing scope_canvas...
I/python  ( 1190): uid_me:  e0af780d-944f-48e1-90c3-4611fe594d0b
I/python  ( 1190): Painted Users:  False
I/python  ( 1190): 1462217192.05 Done
I/python  ( 1190): Inside updateDisplay
I/python  ( 1190): Trying to draw user...
I/python  ( 1190): Done drawing user icon
I/python  ( 1190): 1462217192.51 Starting...
I/python  ( 1190): Building position update message...
I/python  ( 1190): 1462217192.63 Requesting list of users...
I/python  ( 1190): User List Not Found...
I/python  ( 1190): Dumping:
I/python  ( 1190): {'self.in_json_obj': {}, 'self.users': {100: {'markerStruct': {'paint_level': 91, 'batteries': [0], 'tank_pressure': 57}, 'posStruct': {'lat': '39.9557', 'planet': 'earth', 'altitude': -99, 'heading': 226, 'long': '-75.1907'}, 'uid': 100, 'name': 'test uid 100'}, 101: {'markerStruct': {'paint_level': 57, 'batteries': [0], 'tank_pressure': 98}, 'posStruct': {'lat': '39.9575', 'planet': 'earth', 'altitude': -1, 'heading': 4, 'long': '-75.1906'}, 'uid': 101, 'name': 'test uid 101'}, 102: {'markerStruct': {'paint_level': 8, 'batteries': [0], 'tank_pressure': 15}, 'posStruct': {'lat': '39.9572', 'planet': 'earth', 'altitude': 64, 'heading': 308, 'long': '-75.1902'}, 'uid': 102, 'name': 'test uid 102'}}, 'self.log_file': 'gui_dump.log', 'dump_timestamp': 'EUS 2016-05-02 14:26:32.805764', 'self.errors': {}, 'self.out_json_obj': {}}
I/python  ( 1190): Original myUID:  e0af780d-944f-48e1-90c3-4611fe594d0b
I/python  ( 1190): Dummy myUID:  e0af780d-944f-48e1-90c3-4611fe594d0b
I/python  ( 1190): self.user_data {100: {'markerStruct': {'paint_level': 74, 'batteries': [0], 'tank_pressure': 84}, 'posStruct': {'lat': '39.9572', 'planet': 'earth', 'altitude': -43, 'heading': 106, 'long': '-75.1894'}, 'uid': 100, 'name': 'test uid 100'}, 101: {'markerStruct': {'paint_level': 75, 'batteries': [0], 'tank_pressure': 18}, 'posStruct': {'lat': '39.9557', 'planet': 'earth', 'altitude': -12, 'heading': 35, 'long': '-75.1898'}, 'uid': 101, 'name': 'test uid 101'}, 102: {'markerStruct': {'paint_level': 2, 'batteries': [0], 'tank_pressure': 3}, 'posStruct': {'lat': '39.9572', 'planet': 'earth', 'altitude': 90, 'heading': 177, 'long': '-75.1901'}, 'uid': 102, 'name': 'test uid 102'}}
I/python  ( 1190): 1462217192.83 Drawing scope_canvas...
I/python  ( 1190): uid_me:  e0af780d-944f-48e1-90c3-4611fe594d0b
I/python  ( 1190): Painted Users:  False
I/python  ( 1190): 1462217192.84 Done
W/ThrottleService(  293): unable to find stats for iface rmnet0
I/python  ( 1190): Inside updateDisplay
I/python  ( 1190): Trying to draw user...
I/python  ( 1190): Done drawing user icon
I/python  ( 1190): 1462217193.5 Starting...
I/python  ( 1190): Building position update message...
I/python  ( 1190): 1462217193.56 Requesting list of users...
I/python  ( 1190): User List Not Found...
I/python  ( 1190): Dumping:
I/python  ( 1190): {'self.in_json_obj': {}, 'self.users': {100: {'markerStruct': {'paint_level': 74, 'batteries': [0], 'tank_pressure': 84}, 'posStruct': {'lat': '39.9572', 'planet': 'earth', 'altitude': -43, 'heading': 106, 'long': '-75.1894'}, 'uid': 100, 'name': 'test uid 100'}, 101: {'markerStruct': {'paint_level': 75, 'batteries': [0], 'tank_pressure': 18}, 'posStruct': {'lat': '39.9557', 'planet': 'earth', 'altitude': -12, 'heading': 35, 'long': '-75.1898'}, 'uid': 101, 'name': 'test uid 101'}, 102: {'markerStruct': {'paint_level': 2, 'batteries': [0], 'tank_pressure': 3}, 'posStruct': {'lat': '39.9572', 'planet': 'earth', 'altitude': 90, 'heading': 177, 'long': '-75.1901'}, 'uid': 102, 'name': 'test uid 102'}}, 'self.log_file': 'gui_dump.log', 'dump_timestamp': 'EUS 2016-05-02 14:26:33.619179', 'self.errors': {}, 'self.out_json_obj': {}}
I/python  ( 1190): Original myUID:  e0af780d-944f-48e1-90c3-4611fe594d0b
I/python  ( 1190): Dummy myUID:  e0af780d-944f-48e1-90c3-4611fe594d0b
I/python  ( 1190): self.user_data {100: {'markerStruct': {'paint_level': 12, 'batteries': [0], 'tank_pressure': 39}, 'posStruct': {'lat': '39.9565', 'planet': 'earth', 'altitude': 94, 'heading': 242, 'long': '-75.1898'}, 'uid': 100, 'name': 'test uid 100'}, 101: {'markerStruct': {'paint_level': 98, 'batteries': [0], 'tank_pressure': 74}, 'posStruct': {'lat': '39.9567', 'planet': 'earth', 'altitude': 72, 'heading': 86, 'long': '-75.1909'}, 'uid': 101, 'name': 'test uid 101'}, 102: {'markerStruct': {'paint_level': 34, 'batteries': [0], 'tank_pressure': 65}, 'posStruct': {'lat': '39.9559', 'planet': 'earth', 'altitude': -30, 'heading': 7, 'long': '-75.1907'}, 'uid': 102, 'name': 'test uid 102'}}
I/python  ( 1190): 1462217193.65 Drawing scope_canvas...
I/python  ( 1190): uid_me:  e0af780d-944f-48e1-90c3-4611fe594d0b
I/python  ( 1190): Painted Users:  False
I/python  ( 1190): 1462217193.66 Done
I/python  ( 1190): Inside updateDisplay
I/python  ( 1190): Trying to draw user...
I/python  ( 1190): Done drawing user icon
I/python  ( 1190): 1462217194.5 Starting...
I/python  ( 1190): Building position update message...
I/python  ( 1190): 1462217194.55 Requesting list of users...
I/python  ( 1190): User List Not Found...
I/python  ( 1190): Dumping:
I/python  ( 1190): {'self.in_json_obj': {}, 'self.users': {100: {'markerStruct': {'paint_level': 12, 'batteries': [0], 'tank_pressure': 39}, 'posStruct': {'lat': '39.9565', 'planet': 'earth', 'altitude': 94, 'heading': 242, 'long': '-75.1898'}, 'uid': 100, 'name': 'test uid 100'}, 101: {'markerStruct': {'paint_level': 98, 'batteries': [0], 'tank_pressure': 74}, 'posStruct': {'lat': '39.9567', 'planet': 'earth', 'altitude': 72, 'heading': 86, 'long': '-75.1909'}, 'uid': 101, 'name': 'test uid 101'}, 102: {'markerStruct': {'paint_level': 34, 'batteries': [0], 'tank_pressure': 65}, 'posStruct': {'lat': '39.9559', 'planet': 'earth', 'altitude': -30, 'heading': 7, 'long': '-75.1907'}, 'uid': 102, 'name': 'test uid 102'}}, 'self.log_file': 'gui_dump.log', 'dump_timestamp': 'EUS 2016-05-02 14:26:34.796822', 'self.errors': {}, 'self.out_json_obj': {}}
I/python  ( 1190): Original myUID:  e0af780d-944f-48e1-90c3-4611fe594d0b
I/python  ( 1190): Dummy myUID:  e0af780d-944f-48e1-90c3-4611fe594d0b
I/python  ( 1190): self.user_data {100: {'markerStruct': {'paint_level': 75, 'batteries': [0], 'tank_pressure': 64}, 'posStruct': {'lat': '39.9575', 'planet': 'earth', 'altitude': -22, 'heading': 183, 'long': '-75.1902'}, 'uid': 100, 'name': 'test uid 100'}, 101: {'markerStruct': {'paint_level': 94, 'batteries': [0], 'tank_pressure': 80}, 'posStruct': {'lat': '39.9567', 'planet': 'earth', 'altitude': -98, 'heading': 102, 'long': '-75.1906'}, 'uid': 101, 'name': 'test uid 101'}, 102: {'markerStruct': {'paint_level': 18, 'batteries': [0], 'tank_pressure': 81}, 'posStruct': {'lat': '39.9569', 'planet': 'earth', 'altitude': -47, 'heading': 322, 'long': '-75.1905'}, 'uid': 102, 'name': 'test uid 102'}}
I/python  ( 1190): 1462217194.83 Drawing scope_canvas...
I/python  ( 1190): uid_me:  e0af780d-944f-48e1-90c3-4611fe594d0b
I/python  ( 1190): Painted Users:  False
I/python  ( 1190): 1462217194.83 Done
I/python  ( 1190): Inside updateDisplay
I/python  ( 1190): Trying to draw user...
I/python  ( 1190): Done drawing user icon
I/python  ( 1190): 1462217195.51 Starting...
I/python  ( 1190): Building position update message...
I/python  ( 1190): 1462217195.56 Requesting list of users...
I/python  ( 1190): User List Not Found...
I/python  ( 1190): Dumping:
I/python  ( 1190): {'self.in_json_obj': {}, 'self.users': {100: {'markerStruct': {'paint_level': 75, 'batteries': [0], 'tank_pressure': 64}, 'posStruct': {'lat': '39.9575', 'planet': 'earth', 'altitude': -22, 'heading': 183, 'long': '-75.1902'}, 'uid': 100, 'name': 'test uid 100'}, 101: {'markerStruct': {'paint_level': 94, 'batteries': [0], 'tank_pressure': 80}, 'posStruct': {'lat': '39.9567', 'planet': 'earth', 'altitude': -98, 'heading': 102, 'long': '-75.1906'}, 'uid': 101, 'name': 'test uid 101'}, 102: {'markerStruct': {'paint_level': 18, 'batteries': [0], 'tank_pressure': 81}, 'posStruct': {'lat': '39.9569', 'planet': 'earth', 'altitude': -47, 'heading': 322, 'long': '-75.1905'}, 'uid': 102, 'name': 'test uid 102'}}, 'self.log_file': 'gui_dump.log', 'dump_timestamp': 'EUS 2016-05-02 14:26:35.813485', 'self.errors': {}, 'self.out_json_obj': {}}
I/python  ( 1190): Original myUID:  e0af780d-944f-48e1-90c3-4611fe594d0b
I/python  ( 1190): Dummy myUID:  e0af780d-944f-48e1-90c3-4611fe594d0b
I/python  ( 1190): self.user_data {100: {'markerStruct': {'paint_level': 29, 'batteries': [0], 'tank_pressure': 44}, 'posStruct': {'lat': '39.9557', 'planet': 'earth', 'altitude': 11, 'heading': 303, 'long': '-75.1901'}, 'uid': 100, 'name': 'test uid 100'}, 101: {'markerStruct': {'paint_level': 94, 'batteries': [0], 'tank_pressure': 12}, 'posStruct': {'lat': '39.9569', 'planet': 'earth', 'altitude': 67, 'heading': 60, 'long': '-75.1899'}, 'uid': 101, 'name': 'test uid 101'}, 102: {'markerStruct': {'paint_level': 0, 'batteries': [0], 'tank_pressure': 19}, 'posStruct': {'lat': '39.9565', 'planet': 'earth', 'altitude': -58, 'heading': 78, 'long': '-75.1895'}, 'uid': 102, 'name': 'test uid 102'}}
I/python  ( 1190): 1462217195.84 Drawing scope_canvas...
I/python  ( 1190): uid_me:  e0af780d-944f-48e1-90c3-4611fe594d0b
I/python  ( 1190): Painted Users:  False
I/python  ( 1190): 1462217195.84 Done
I/python  ( 1190): Inside updateDisplay
I/python  ( 1190): Trying to draw user...
I/python  ( 1190): Done drawing user icon
I/python  ( 1190): 1462217196.5 Starting...
I/python  ( 1190): Building position update message...
I/python  ( 1190): 1462217196.55 Requesting list of users...
I/python  ( 1190): User List Not Found...
I/python  ( 1190): Dumping:
I/python  ( 1190): {'self.in_json_obj': {}, 'self.users': {100: {'markerStruct': {'paint_level': 29, 'batteries': [0], 'tank_pressure': 44}, 'posStruct': {'lat': '39.9557', 'planet': 'earth', 'altitude': 11, 'heading': 303, 'long': '-75.1901'}, 'uid': 100, 'name': 'test uid 100'}, 101: {'markerStruct': {'paint_level': 94, 'batteries': [0], 'tank_pressure': 12}, 'posStruct': {'lat': '39.9569', 'planet': 'earth', 'altitude': 67, 'heading': 60, 'long': '-75.1899'}, 'uid': 101, 'name': 'test uid 101'}, 102: {'markerStruct': {'paint_level': 0, 'batteries': [0], 'tank_pressure': 19}, 'posStruct': {'lat': '39.9565', 'planet': 'earth', 'altitude': -58, 'heading': 78, 'long': '-75.1895'}, 'uid': 102, 'name': 'test uid 102'}}, 'self.log_file': 'gui_dump.log', 'dump_timestamp': 'EUS 2016-05-02 14:26:36.786934', 'self.errors': {}, 'self.out_json_obj': {}}
I/python  ( 1190): Original myUID:  e0af780d-944f-48e1-90c3-4611fe594d0b
I/python  ( 1190): Dummy myUID:  e0af780d-944f-48e1-90c3-4611fe594d0b
I/python  ( 1190): self.user_data {100: {'markerStruct': {'paint_level': 93, 'batteries': [0], 'tank_pressure': 4}, 'posStruct': {'lat': '39.9567', 'planet': 'earth', 'altitude': 17, 'heading': 167, 'long': '-75.1905'}, 'uid': 100, 'name': 'test uid 100'}, 101: {'markerStruct': {'paint_level': 2, 'batteries': [0], 'tank_pressure': 25}, 'posStruct': {'lat': '39.9559', 'planet': 'earth', 'altitude': -43, 'heading': 227, 'long': '-75.1903'}, 'uid': 101, 'name': 'test uid 101'}, 102: {'markerStruct': {'paint_level': 67, 'batteries': [0], 'tank_pressure': 97}, 'posStruct': {'lat': '39.9575', 'planet': 'earth', 'altitude': 24, 'heading': 19, 'long': '-75.1899'}, 'uid': 102, 'name': 'test uid 102'}}
I/python  ( 1190): 1462217196.81 Drawing scope_canvas...
I/python  ( 1190): uid_me:  e0af780d-944f-48e1-90c3-4611fe594d0b
I/python  ( 1190): Painted Users:  False
I/python  ( 1190): 1462217196.82 Done
I/python  ( 1190): Inside updateDisplay
I/python  ( 1190): Trying to draw user...
I/python  ( 1190): Done drawing user icon
I/python  ( 1190): 1462217197.5 Starting...
I/python  ( 1190): Building position update message...
I/python  ( 1190): 1462217197.56 Requesting list of users...
I/python  ( 1190): User List Not Found...
I/python  ( 1190): Dumping:
I/python  ( 1190): {'self.in_json_obj': {}, 'self.users': {100: {'markerStruct': {'paint_level': 93, 'batteries': [0], 'tank_pressure': 4}, 'posStruct': {'lat': '39.9567', 'planet': 'earth', 'altitude': 17, 'heading': 167, 'long': '-75.1905'}, 'uid': 100, 'name': 'test uid 100'}, 101: {'markerStruct': {'paint_level': 2, 'batteries': [0], 'tank_pressure': 25}, 'posStruct': {'lat': '39.9559', 'planet': 'earth', 'altitude': -43, 'heading': 227, 'long': '-75.1903'}, 'uid': 101, 'name': 'test uid 101'}, 102: {'markerStruct': {'paint_level': 67, 'batteries': [0], 'tank_pressure': 97}, 'posStruct': {'lat': '39.9575', 'planet': 'earth', 'altitude': 24, 'heading': 19, 'long': '-75.1899'}, 'uid': 102, 'name': 'test uid 102'}}, 'self.log_file': 'gui_dump.log', 'dump_timestamp': 'EUS 2016-05-02 14:26:37.727425', 'self.errors': {}, 'self.out_json_obj': {}}
D/PermissionCache(   94): checking android.permission.READ_FRAME_BUFFER for uid=2000 => granted (549 us)
I/python  ( 1190): Original myUID:  e0af780d-944f-48e1-90c3-4611fe594d0b
I/python  ( 1190): Dummy myUID:  e0af780d-944f-48e1-90c3-4611fe594d0b
I/python  ( 1190): self.user_data {100: {'markerStruct': {'paint_level': 17, 'batteries': [0], 'tank_pressure': 72}, 'posStruct': {'lat': '39.9559', 'planet': 'earth', 'altitude': -5, 'heading': 238, 'long': '-75.1898'}, 'uid': 100, 'name': 'test uid 100'}, 101: {'markerStruct': {'paint_level': 59, 'batteries': [0], 'tank_pressure': 72}, 'posStruct': {'lat': '39.9568', 'planet': 'earth', 'altitude': 35, 'heading': 355, 'long': '-75.1895'}, 'uid': 101, 'name': 'test uid 101'}, 102: {'markerStruct': {'paint_level': 42, 'batteries': [0], 'tank_pressure': 25}, 'posStruct': {'lat': '39.9559', 'planet': 'earth', 'altitude': -93, 'heading': 268, 'long': '-75.1893'}, 'uid': 102, 'name': 'test uid 102'}}
I/python  ( 1190): 1462217197.94 Drawing scope_canvas...
I/python  ( 1190): uid_me:  e0af780d-944f-48e1-90c3-4611fe594d0b
I/python  ( 1190): Painted Users:  False
I/python  ( 1190): 1462217197.97 Done
I/python  ( 1190): Inside updateDisplay
I/python  ( 1190): Trying to draw user...
I/python  ( 1190): Done drawing user icon
I/python  ( 1190): 1462217198.51 Starting...
I/python  ( 1190): Building position update message...
I/python  ( 1190): 1462217198.58 Requesting list of users...
I/python  ( 1190): User List Not Found...
I/python  ( 1190): Dumping:
I/python  ( 1190): {'self.in_json_obj': {}, 'self.users': {100: {'markerStruct': {'paint_level': 17, 'batteries': [0], 'tank_pressure': 72}, 'posStruct': {'lat': '39.9559', 'planet': 'earth', 'altitude': -5, 'heading': 238, 'long': '-75.1898'}, 'uid': 100, 'name': 'test uid 100'}, 101: {'markerStruct': {'paint_level': 59, 'batteries': [0], 'tank_pressure': 72}, 'posStruct': {'lat': '39.9568', 'planet': 'earth', 'altitude': 35, 'heading': 355, 'long': '-75.1895'}, 'uid': 101, 'name': 'test uid 101'}, 102: {'markerStruct': {'paint_level': 42, 'batteries': [0], 'tank_pressure': 25}, 'posStruct': {'lat': '39.9559', 'planet': 'earth', 'altitude': -93, 'heading': 268, 'long': '-75.1893'}, 'uid': 102, 'name': 'test uid 102'}}, 'self.log_file': 'gui_dump.log', 'dump_timestamp': 'EUS 2016-05-02 14:26:38.821145', 'self.errors': {}, 'self.out_json_obj': {}}
I/python  ( 1190): Original myUID:  e0af780d-944f-48e1-90c3-4611fe594d0b
I/python  ( 1190): Dummy myUID:  e0af780d-944f-48e1-90c3-4611fe594d0b
I/python  ( 1190): self.user_data {100: {'markerStruct': {'paint_level': 12, 'batteries': [0], 'tank_pressure': 65}, 'posStruct': {'lat': '39.9566', 'planet': 'earth', 'altitude': 66, 'heading': 345, 'long': '-75.1896'}, 'uid': 100, 'name': 'test uid 100'}, 101: {'markerStruct': {'paint_level': 86, 'batteries': [0], 'tank_pressure': 7}, 'posStruct': {'lat': '39.9569', 'planet': 'earth', 'altitude': 55, 'heading': 181, 'long': '-75.1907'}, 'uid': 101, 'name': 'test uid 101'}, 102: {'markerStruct': {'paint_level': 0, 'batteries': [0], 'tank_pressure': 24}, 'posStruct': {'lat': '39.9564', 'planet': 'earth', 'altitude': 15, 'heading': 325, 'long': '-75.1895'}, 'uid': 102, 'name': 'test uid 102'}}
I/python  ( 1190): 1462217198.85 Drawing scope_canvas...
I/python  ( 1190): uid_me:  e0af780d-944f-48e1-90c3-4611fe594d0b
I/python  ( 1190): Painted Users:  False
I/python  ( 1190): 1462217198.85 Done
I/python  ( 1190): Inside updateDisplay
I/python  ( 1190): Trying to draw user...
I/python  ( 1190): Done drawing user icon
I/python  ( 1190): 1462217199.51 Starting...
I/python  ( 1190): Building position update message...
I/python  ( 1190): 1462217199.58 Requesting list of users...
I/python  ( 1190): User List Not Found...
I/python  ( 1190): Dumping:
I/python  ( 1190): {'self.in_json_obj': {}, 'self.users': {100: {'markerStruct': {'paint_level': 12, 'batteries': [0], 'tank_pressure': 65}, 'posStruct': {'lat': '39.9566', 'planet': 'earth', 'altitude': 66, 'heading': 345, 'long': '-75.1896'}, 'uid': 100, 'name': 'test uid 100'}, 101: {'markerStruct': {'paint_level': 86, 'batteries': [0], 'tank_pressure': 7}, 'posStruct': {'lat': '39.9569', 'planet': 'earth', 'altitude': 55, 'heading': 181, 'long': '-75.1907'}, 'uid': 101, 'name': 'test uid 101'}, 102: {'markerStruct': {'paint_level': 0, 'batteries': [0], 'tank_pressure': 24}, 'posStruct': {'lat': '39.9564', 'planet': 'earth', 'altitude': 15, 'heading': 325, 'long': '-75.1895'}, 'uid': 102, 'name': 'test uid 102'}}, 'self.log_file': 'gui_dump.log', 'dump_timestamp': 'EUS 2016-05-02 14:26:39.820260', 'self.errors': {}, 'self.out_json_obj': {}}
I/python  ( 1190): Original myUID:  e0af780d-944f-48e1-90c3-4611fe594d0b
I/python  ( 1190): Dummy myUID:  e0af780d-944f-48e1-90c3-4611fe594d0b
I/python  ( 1190): self.user_data {100: {'markerStruct': {'paint_level': 98, 'batteries': [0], 'tank_pressure': 83}, 'posStruct': {'lat': '39.9574', 'planet': 'earth', 'altitude': 26, 'heading': 211, 'long': '-75.1909'}, 'uid': 100, 'name': 'test uid 100'}, 101: {'markerStruct': {'paint_level': 94, 'batteries': [0], 'tank_pressure': 46}, 'posStruct': {'lat': '39.9569', 'planet': 'earth', 'altitude': 1, 'heading': 60, 'long': '-75.1897'}, 'uid': 101, 'name': 'test uid 101'}, 102: {'markerStruct': {'paint_level': 93, 'batteries': [0], 'tank_pressure': 11}, 'posStruct': {'lat': '39.9566', 'planet': 'earth', 'altitude': -53, 'heading': 323, 'long': '-75.1904'}, 'uid': 102, 'name': 'test uid 102'}}
I/python  ( 1190): 1462217199.85 Drawing scope_canvas...
I/python  ( 1190): uid_me:  e0af780d-944f-48e1-90c3-4611fe594d0b
I/python  ( 1190): Painted Users:  False
I/python  ( 1190): 1462217199.85 Done
D/skia    ( 3745): SkGraphics::Init() - BLTsville (CPU) dlopen success
D/AndroidRuntime( 3745): 
D/AndroidRuntime( 3745): >>>>>> AndroidRuntime START com.android.internal.os.RuntimeInit <<<<<<
D/AndroidRuntime( 3745): CheckJNI is OFF
D/dalvikvm( 3745): Trying to load lib libjavacore.so 0x0
D/dalvikvm( 3745): Added shared lib libjavacore.so 0x0
D/dalvikvm( 3745): Trying to load lib libnativehelper.so 0x0
D/dalvikvm( 3745): Added shared lib libnativehelper.so 0x0
I/python  ( 1190): Inside updateDisplay
I/python  ( 1190): Trying to draw user...
I/python  ( 1190): Done drawing user icon
I/python  ( 1190): 1462217200.62 Starting...
I/python  ( 1190): Building position update message...
D/AndroidRuntime( 3745): Calling main entry com.android.commands.input.Input
I/Input   ( 3745): InjectKeyEvent: KeyEvent { action=ACTION_DOWN, keyCode=KEYCODE_DPAD_CENTER, scanCode=0, metaState=0, flags=0x0, repeatCount=0, eventTime=720789, downTime=720789, deviceId=-1, source=0x101 }
I/python  ( 1190): 1462217200.72 Requesting list of users...
I/Input   ( 3745): InjectKeyEvent: KeyEvent { action=ACTION_UP, keyCode=KEYCODE_DPAD_CENTER, scanCode=0, metaState=0, flags=0x0, repeatCount=0, eventTime=720789, downTime=720789, deviceId=-1, source=0x101 }
D/AndroidRuntime( 3745): Shutting down VM
I/AndroidRuntime( 3745): NOTE: attach of thread 'Binder_3' failed
I/python  ( 1190): User List Not Found...
I/python  ( 1190): Dumping:
I/python  ( 1190): {'self.in_json_obj': {}, 'self.users': {100: {'markerStruct': {'paint_level': 98, 'batteries': [0], 'tank_pressure': 83}, 'posStruct': {'lat': '39.9574', 'planet': 'earth', 'altitude': 26, 'heading': 211, 'long': '-75.1909'}, 'uid': 100, 'name': 'test uid 100'}, 101: {'markerStruct': {'paint_level': 94, 'batteries': [0], 'tank_pressure': 46}, 'posStruct': {'lat': '39.9569', 'planet': 'earth', 'altitude': 1, 'heading': 60, 'long': '-75.1897'}, 'uid': 101, 'name': 'test uid 101'}, 102: {'markerStruct': {'paint_level': 93, 'batteries': [0], 'tank_pressure': 11}, 'posStruct': {'lat': '39.9566', 'planet': 'earth', 'altitude': -53, 'heading': 323, 'long': '-75.1904'}, 'uid': 102, 'name': 'test uid 102'}}, 'self.log_file': 'gui_dump.log', 'dump_timestamp': 'EUS 2016-05-02 14:26:40.794442', 'self.errors': {}, 'self.out_json_obj': {}}
I/python  ( 1190): Original myUID:  e0af780d-944f-48e1-90c3-4611fe594d0b
I/python  ( 1190): Dummy myUID:  e0af780d-944f-48e1-90c3-4611fe594d0b
I/python  ( 1190): self.user_data {100: {'markerStruct': {'paint_level': 0, 'batteries': [0], 'tank_pressure': 39}, 'posStruct': {'lat': '39.9563', 'planet': 'earth', 'altitude': 30, 'heading': 48, 'long': '-75.1893'}, 'uid': 100, 'name': 'test uid 100'}, 101: {'markerStruct': {'paint_level': 64, 'batteries': [0], 'tank_pressure': 27}, 'posStruct': {'lat': '39.9562', 'planet': 'earth', 'altitude': -50, 'heading': 242, 'long': '-75.1893'}, 'uid': 101, 'name': 'test uid 101'}, 102: {'markerStruct': {'paint_level': 50, 'batteries': [0], 'tank_pressure': 40}, 'posStruct': {'lat': '39.9568', 'planet': 'earth', 'altitude': -41, 'heading': 143, 'long': '-75.19'}, 'uid': 102, 'name': 'test uid 102'}}
I/python  ( 1190): 1462217200.95 Drawing scope_canvas...
I/python  ( 1190): uid_me:  e0af780d-944f-48e1-90c3-4611fe594d0b
I/python  ( 1190): Painted Users:  False
I/python  ( 1190): 1462217200.95 Done
D/skia    ( 3745): SkGraphics::Term() dlclose() BLTsville (CPU) 
I/python  ( 1190): ('The key', 13, 'have been pressed')
I/python  ( 1190):  - text is 23
I/python  ( 1190):  - modifiers are []
I/python  ( 1190): Issue adjusting the zoom level
I/python  ( 1190): uid ind/total:  0 3
I/python  ( 1190): Inside updateDisplay
I/python  ( 1190): Trying to draw user...
I/python  ( 1190): Done drawing user icon
I/python  ( 1190): 1462217201.54 Starting...
I/python  ( 1190): Building position update message...
I/python  ( 1190): 1462217201.63 Requesting list of users...
I/python  ( 1190): User List Not Found...
I/python  ( 1190): Dumping:
I/python  ( 1190): {'self.in_json_obj': {}, 'self.users': {100: {'markerStruct': {'paint_level': 0, 'batteries': [0], 'tank_pressure': 39}, 'posStruct': {'lat': '39.9563', 'planet': 'earth', 'altitude': 30, 'heading': 48, 'long': '-75.1893'}, 'uid': 100, 'name': 'test uid 100'}, 101: {'markerStruct': {'paint_level': 64, 'batteries': [0], 'tank_pressure': 27}, 'posStruct': {'lat': '39.9562', 'planet': 'earth', 'altitude': -50, 'heading': 242, 'long': '-75.1893'}, 'uid': 101, 'name': 'test uid 101'}, 102: {'markerStruct': {'paint_level': 50, 'batteries': [0], 'tank_pressure': 40}, 'posStruct': {'lat': '39.9568', 'planet': 'earth', 'altitude': -41, 'heading': 143, 'long': '-75.19'}, 'uid': 102, 'name': 'test uid 102'}}, 'self.log_file': 'gui_dump.log', 'dump_timestamp': 'EUS 2016-05-02 14:26:41.832497', 'self.errors': {}, 'self.out_json_obj': {}}
I/python  ( 1190): Original myUID:  100
I/python  ( 1190): Dummy myUID:  100
I/python  ( 1190): self.user_data {100: {'markerStruct': {'paint_level': 64, 'batteries': [0], 'tank_pressure': 97}, 'posStruct': {'lat': '39.9573', 'planet': 'earth', 'altitude': -32, 'heading': 210, 'long': '-75.1892'}, 'uid': 100, 'name': 'test uid 100'}, 101: {'markerStruct': {'paint_level': 35, 'batteries': [0], 'tank_pressure': 95}, 'posStruct': {'lat': '39.9574', 'planet': 'earth', 'altitude': -34, 'heading': 182, 'long': '-75.1908'}, 'uid': 101, 'name': 'test uid 101'}, 102: {'markerStruct': {'paint_level': 55, 'batteries': [0], 'tank_pressure': 75}, 'posStruct': {'lat': '39.9558', 'planet': 'earth', 'altitude': -94, 'heading': 36, 'long': '-75.1893'}, 'uid': 102, 'name': 'test uid 102'}}
I/python  ( 1190): 1462217201.89 Drawing scope_canvas...
I/python  ( 1190): uid_me:  100
I/python  ( 1190): Bearing = 274.661930667
I/python  ( 1190): Trying to draw user...
I/python  ( 1190): Done drawing user icon
I/python  ( 1190): Bearing = 182.925422735
I/python  ( 1190): Trying to draw user...
I/python  ( 1190): Done drawing user icon
I/python  ( 1190): Painted Users:  True
I/python  ( 1190): 1462217201.93 Done
I/python  ( 1190): Inside updateDisplay
I/python  ( 1190): Trying to draw user...
I/python  ( 1190): Done drawing user icon
I/python  ( 1190): 1462217202.77 Starting...
I/python  ( 1190): Building position update message...
