I/python  ( 1190): {'self.in_json_obj': {}, 'self.users': {100: {'markerStruct': {'paint_level': 91, 'batteries': [0], 'tank_pressure': 57}, 'posStruct': {'lat': '39.9557', 'planet': 'earth', 'altitude': -99, 'heading': 226, 'long': '-75.1907'}, 'uid': 100, 'name': 'test uid 100'}, 101: {'markerStruct': {'paint_level': 57, 'batteries': [0], 'tank_pressure': 98}, 'posStruct': {'lat': '39.9575', 'planet': 'earth', 'altitude': -1, 'heading': 4, 'long': '-75.1906'}, 'uid': 101, 'name': 'test uid 101'}, 102: {'markerStruct': {'paint_level': 8, 'batteries': [0], 'tank_pressure': 15}, 'posStruct': {'lat': '39.9572', 'planet': 'earth', 'altitude': 64, 'heading': 308, 'long': '-75.1902'}, 'uid': 102, 'name': 'test uid 102'}}, 'self.log_file': 'gui_dump.log', 'dump_timestamp': 'EUS 2016-05-02 14:26:32.805764', 'self.errors': {}, 'self.out_json_obj': {}}
I/python  ( 1190): Original myUID:  e0af780d-944f-48e1-90c3-4611fe594d0b
I/python  ( 1190): Dummy myUID:  e0af780d-944f-48e1-90c3-4611fe594d0b
I/python  ( 1190): self.user_data {100: {'markerStruct': {'paint_level': 74, 'batteries': [0], 'tank_pressure': 84}, 'posStruct': {'lat': '39.9572', 'planet': 'earth', 'altitude': -43, 'heading': 106, 'long': '-75.1894'}, 'uid': 100, 'name': 'test uid 100'}, 101: {'markerStruct': {'paint_level': 75, 'batteries': [0], 'tank_pressure': 18}, 'posStruct': {'lat': '39.9557', 'planet': 'earth', 'altitude': -12, 'heading': 35, 'long': '-75.1898'}, 'uid': 101, 'name': 'test uid 101'}, 102: {'markerStruct': {'paint_level': 2, 'batteries': [0], 'tank_pressure': 3}, 'posStruct': {'lat': '39.9572', 'planet': 'earth', 'altitude': 90, 'heading': 177, 'long': '-75.1901'}, 'uid': 102, 'name': 'test uid 102'}}
I/python  ( 1190): 1462217192.83 Drawing scope_canvas...
I/python  ( 1190): uid_me:  e0af780d-944f-48e1-90c3-4611fe594d0b
I/python  ( 1190): Painted Users:  False
I/python  ( 1190): 1462217192.84 Done
W/ThrottleService(  293): unable to find stats for iface rmnet0
I/python  ( 1190): Inside updateDisplay
I/python  ( 1190): Trying to draw user...
I/python  ( 1190): Done drawing user icon
I/python  ( 1190): 1462217193.5 Starting...
I/python  ( 1190): Building position update message...
I/python  ( 1190): 1462217193.56 Requesting list of users...
I/python  ( 1190): User List Not Found...
I/python  ( 1190): Dumping:
I/python  ( 1190): {'self.in_json_obj': {}, 'self.users': {100: {'markerStruct': {'paint_level': 74, 'batteries': [0], 'tank_pressure': 84}, 'posStruct': {'lat': '39.9572', 'planet': 'earth', 'altitude': -43, 'heading': 106, 'long': '-75.1894'}, 'uid': 100, 'name': 'test uid 100'}, 101: {'markerStruct': {'paint_level': 75, 'batteries': [0], 'tank_pressure': 18}, 'posStruct': {'lat': '39.9557', 'planet': 'earth', 'altitude': -12, 'heading': 35, 'long': '-75.1898'}, 'uid': 101, 'name': 'test uid 101'}, 102: {'markerStruct': {'paint_level': 2, 'batteries': [0], 'tank_pressure': 3}, 'posStruct': {'lat': '39.9572', 'planet': 'earth', 'altitude': 90, 'heading': 177, 'long': '-75.1901'}, 'uid': 102, 'name': 'test uid 102'}}, 'self.log_file': 'gui_dump.log', 'dump_timestamp': 'EUS 2016-05-02 14:26:33.619179', 'self.errors': {}, 'self.out_json_obj': {}}
I/python  ( 1190): Original myUID:  e0af780d-944f-48e1-90c3-4611fe594d0b
I/python  ( 1190): Dummy myUID:  e0af780d-944f-48e1-90c3-4611fe594d0b
I/python  ( 1190): self.user_data {100: {'markerStruct': {'paint_level': 12, 'batteries': [0], 'tank_pressure': 39}, 'posStruct': {'lat': '39.9565', 'planet': 'earth', 'altitude': 94, 'heading': 242, 'long': '-75.1898'}, 'uid': 100, 'name': 'test uid 100'}, 101: {'markerStruct': {'paint_level': 98, 'batteries': [0], 'tank_pressure': 74}, 'posStruct': {'lat': '39.9567', 'planet': 'earth', 'altitude': 72, 'heading': 86, 'long': '-75.1909'}, 'uid': 101, 'name': 'test uid 101'}, 102: {'markerStruct': {'paint_level': 34, 'batteries': [0], 'tank_pressure': 65}, 'posStruct': {'lat': '39.9559', 'planet': 'earth', 'altitude': -30, 'heading': 7, 'long': '-75.1907'}, 'uid': 102, 'name': 'test uid 102'}}
I/python  ( 1190): 1462217193.65 Drawing scope_canvas...
I/python  ( 1190): uid_me:  e0af780d-944f-48e1-90c3-4611fe594d0b
I/python  ( 1190): Painted Users:  False
I/python  ( 1190): 1462217193.66 Done
I/python  ( 1190): Inside updateDisplay
I/python  ( 1190): Trying to draw user...
I/python  ( 1190): Done drawing user icon
I/python  ( 1190): 1462217194.5 Starting...
I/python  ( 1190): Building position update message...
I/python  ( 1190): 1462217194.55 Requesting list of users...
I/python  ( 1190): User List Not Found...
I/python  ( 1190): Dumping:
I/python  ( 1190): {'self.in_json_obj': {}, 'self.users': {100: {'markerStruct': {'paint_level': 12, 'batteries': [0], 'tank_pressure': 39}, 'posStruct': {'lat': '39.9565', 'planet': 'earth', 'altitude': 94, 'heading': 242, 'long': '-75.1898'}, 'uid': 100, 'name': 'test uid 100'}, 101: {'markerStruct': {'paint_level': 98, 'batteries': [0], 'tank_pressure': 74}, 'posStruct': {'lat': '39.9567', 'planet': 'earth', 'altitude': 72, 'heading': 86, 'long': '-75.1909'}, 'uid': 101, 'name': 'test uid 101'}, 102: {'markerStruct': {'paint_level': 34, 'batteries': [0], 'tank_pressure': 65}, 'posStruct': {'lat': '39.9559', 'planet': 'earth', 'altitude': -30, 'heading': 7, 'long': '-75.1907'}, 'uid': 102, 'name': 'test uid 102'}}, 'self.log_file': 'gui_dump.log', 'dump_timestamp': 'EUS 2016-05-02 14:26:34.796822', 'self.errors': {}, 'self.out_json_obj': {}}
I/python  ( 1190): Original myUID:  e0af780d-944f-48e1-90c3-4611fe594d0b
I/python  ( 1190): Dummy myUID:  e0af780d-944f-48e1-90c3-4611fe594d0b
I/python  ( 1190): self.user_data {100: {'markerStruct': {'paint_level': 75, 'batteries': [0], 'tank_pressure': 64}, 'posStruct': {'lat': '39.9575', 'planet': 'earth', 'altitude': -22, 'heading': 183, 'long': '-75.1902'}, 'uid': 100, 'name': 'test uid 100'}, 101: {'markerStruct': {'paint_level': 94, 'batteries': [0], 'tank_pressure': 80}, 'posStruct': {'lat': '39.9567', 'planet': 'earth', 'altitude': -98, 'heading': 102, 'long': '-75.1906'}, 'uid': 101, 'name': 'test uid 101'}, 102: {'markerStruct': {'paint_level': 18, 'batteries': [0], 'tank_pressure': 81}, 'posStruct': {'lat': '39.9569', 'planet': 'earth', 'altitude': -47, 'heading': 322, 'long': '-75.1905'}, 'uid': 102, 'name': 'test uid 102'}}
I/python  ( 1190): 1462217194.83 Drawing scope_canvas...
I/python  ( 1190): uid_me:  e0af780d-944f-48e1-90c3-4611fe594d0b
I/python  ( 1190): Painted Users:  False
I/python  ( 1190): 1462217194.83 Done
I/python  ( 1190): Inside updateDisplay
I/python  ( 1190): Trying to draw user...
I/python  ( 1190): Done drawing user icon
I/python  ( 1190): 1462217195.51 Starting...
I/python  ( 1190): Building position update message...
I/python  ( 1190): 1462217195.56 Requesting list of users...
I/python  ( 1190): User List Not Found...
I/python  ( 1190): Dumping:
I/python  ( 1190): {'self.in_json_obj': {}, 'self.users': {100: {'markerStruct': {'paint_level': 75, 'batteries': [0], 'tank_pressure': 64}, 'posStruct': {'lat': '39.9575', 'planet': 'earth', 'altitude': -22, 'heading': 183, 'long': '-75.1902'}, 'uid': 100, 'name': 'test uid 100'}, 101: {'markerStruct': {'paint_level': 94, 'batteries': [0], 'tank_pressure': 80}, 'posStruct': {'lat': '39.9567', 'planet': 'earth', 'altitude': -98, 'heading': 102, 'long': '-75.1906'}, 'uid': 101, 'name': 'test uid 101'}, 102: {'markerStruct': {'paint_level': 18, 'batteries': [0], 'tank_pressure': 81}, 'posStruct': {'lat': '39.9569', 'planet': 'earth', 'altitude': -47, 'heading': 322, 'long': '-75.1905'}, 'uid': 102, 'name': 'test uid 102'}}, 'self.log_file': 'gui_dump.log', 'dump_timestamp': 'EUS 2016-05-02 14:26:35.813485', 'self.errors': {}, 'self.out_json_obj': {}}
I/python  ( 1190): Original myUID:  e0af780d-944f-48e1-90c3-4611fe594d0b
I/python  ( 1190): Dummy myUID:  e0af780d-944f-48e1-90c3-4611fe594d0b
I/python  ( 1190): self.user_data {100: {'markerStruct': {'paint_level': 29, 'batteries': [0], 'tank_pressure': 44}, 'posStruct': {'lat': '39.9557', 'planet': 'earth', 'altitude': 11, 'heading': 303, 'long': '-75.1901'}, 'uid': 100, 'name': 'test uid 100'}, 101: {'markerStruct': {'paint_level': 94, 'batteries': [0], 'tank_pressure': 12}, 'posStruct': {'lat': '39.9569', 'planet': 'earth', 'altitude': 67, 'heading': 60, 'long': '-75.1899'}, 'uid': 101, 'name': 'test uid 101'}, 102: {'markerStruct': {'paint_level': 0, 'batteries': [0], 'tank_pressure': 19}, 'posStruct': {'lat': '39.9565', 'planet': 'earth', 'altitude': -58, 'heading': 78, 'long': '-75.1895'}, 'uid': 102, 'name': 'test uid 102'}}
I/python  ( 1190): 1462217195.84 Drawing scope_canvas...
I/python  ( 1190): uid_me:  e0af780d-944f-48e1-90c3-4611fe594d0b
I/python  ( 1190): Painted Users:  False
I/python  ( 1190): 1462217195.84 Done
I/python  ( 1190): Inside updateDisplay
I/python  ( 1190): Trying to draw user...
I/python  ( 1190): Done drawing user icon
I/python  ( 1190): 1462217196.5 Starting...
I/python  ( 1190): Building position update message...
I/python  ( 1190): 1462217196.55 Requesting list of users...
I/python  ( 1190): User List Not Found...
I/python  ( 1190): Dumping:
I/python  ( 1190): {'self.in_json_obj': {}, 'self.users': {100: {'markerStruct': {'paint_level': 29, 'batteries': [0], 'tank_pressure': 44}, 'posStruct': {'lat': '39.9557', 'planet': 'earth', 'altitude': 11, 'heading': 303, 'long': '-75.1901'}, 'uid': 100, 'name': 'test uid 100'}, 101: {'markerStruct': {'paint_level': 94, 'batteries': [0], 'tank_pressure': 12}, 'posStruct': {'lat': '39.9569', 'planet': 'earth', 'altitude': 67, 'heading': 60, 'long': '-75.1899'}, 'uid': 101, 'name': 'test uid 101'}, 102: {'markerStruct': {'paint_level': 0, 'batteries': [0], 'tank_pressure': 19}, 'posStruct': {'lat': '39.9565', 'planet': 'earth', 'altitude': -58, 'heading': 78, 'long': '-75.1895'}, 'uid': 102, 'name': 'test uid 102'}}, 'self.log_file': 'gui_dump.log', 'dump_timestamp': 'EUS 2016-05-02 14:26:36.786934', 'self.errors': {}, 'self.out_json_obj': {}}
I/python  ( 1190): Original myUID:  e0af780d-944f-48e1-90c3-4611fe594d0b
I/python  ( 1190): Dummy myUID:  e0af780d-944f-48e1-90c3-4611fe594d0b
I/python  ( 1190): self.user_data {100: {'markerStruct': {'paint_level': 93, 'batteries': [0], 'tank_pressure': 4}, 'posStruct': {'lat': '39.9567', 'planet': 'earth', 'altitude': 17, 'heading': 167, 'long': '-75.1905'}, 'uid': 100, 'name': 'test uid 100'}, 101: {'markerStruct': {'paint_level': 2, 'batteries': [0], 'tank_pressure': 25}, 'posStruct': {'lat': '39.9559', 'planet': 'earth', 'altitude': -43, 'heading': 227, 'long': '-75.1903'}, 'uid': 101, 'name': 'test uid 101'}, 102: {'markerStruct': {'paint_level': 67, 'batteries': [0], 'tank_pressure': 97}, 'posStruct': {'lat': '39.9575', 'planet': 'earth', 'altitude': 24, 'heading': 19, 'long': '-75.1899'}, 'uid': 102, 'name': 'test uid 102'}}
I/python  ( 1190): 1462217196.81 Drawing scope_canvas...
I/python  ( 1190): uid_me:  e0af780d-944f-48e1-90c3-4611fe594d0b
I/python  ( 1190): Painted Users:  False
I/python  ( 1190): 1462217196.82 Done
I/python  ( 1190): Inside updateDisplay
I/python  ( 1190): Trying to draw user...
I/python  ( 1190): Done drawing user icon
I/python  ( 1190): 1462217197.5 Starting...
I/python  ( 1190): Building position update message...
I/python  ( 1190): 1462217197.56 Requesting list of users...
I/python  ( 1190): User List Not Found...
I/python  ( 1190): Dumping:
I/python  ( 1190): {'self.in_json_obj': {}, 'self.users': {100: {'markerStruct': {'paint_level': 93, 'batteries': [0], 'tank_pressure': 4}, 'posStruct': {'lat': '39.9567', 'planet': 'earth', 'altitude': 17, 'heading': 167, 'long': '-75.1905'}, 'uid': 100, 'name': 'test uid 100'}, 101: {'markerStruct': {'paint_level': 2, 'batteries': [0], 'tank_pressure': 25}, 'posStruct': {'lat': '39.9559', 'planet': 'earth', 'altitude': -43, 'heading': 227, 'long': '-75.1903'}, 'uid': 101, 'name': 'test uid 101'}, 102: {'markerStruct': {'paint_level': 67, 'batteries': [0], 'tank_pressure': 97}, 'posStruct': {'lat': '39.9575', 'planet': 'earth', 'altitude': 24, 'heading': 19, 'long': '-75.1899'}, 'uid': 102, 'name': 'test uid 102'}}, 'self.log_file': 'gui_dump.log', 'dump_timestamp': 'EUS 2016-05-02 14:26:37.727425', 'self.errors': {}, 'self.out_json_obj': {}}
D/PermissionCache(   94): checking android.permission.READ_FRAME_BUFFER for uid=2000 => granted (549 us)
I/python  ( 1190): Original myUID:  e0af780d-944f-48e1-90c3-4611fe594d0b
I/python  ( 1190): Dummy myUID:  e0af780d-944f-48e1-90c3-4611fe594d0b
I/python  ( 1190): self.user_data {100: {'markerStruct': {'paint_level': 17, 'batteries': [0], 'tank_pressure': 72}, 'posStruct': {'lat': '39.9559', 'planet': 'earth', 'altitude': -5, 'heading': 238, 'long': '-75.1898'}, 'uid': 100, 'name': 'test uid 100'}, 101: {'markerStruct': {'paint_level': 59, 'batteries': [0], 'tank_pressure': 72}, 'posStruct': {'lat': '39.9568', 'planet': 'earth', 'altitude': 35, 'heading': 355, 'long': '-75.1895'}, 'uid': 101, 'name': 'test uid 101'}, 102: {'markerStruct': {'paint_level': 42, 'batteries': [0], 'tank_pressure': 25}, 'posStruct': {'lat': '39.9559', 'planet': 'earth', 'altitude': -93, 'heading': 268, 'long': '-75.1893'}, 'uid': 102, 'name': 'test uid 102'}}
I/python  ( 1190): 1462217197.94 Drawing scope_canvas...
I/python  ( 1190): uid_me:  e0af780d-944f-48e1-90c3-4611fe594d0b
I/python  ( 1190): Painted Users:  False
I/python  ( 1190): 1462217197.97 Done
I/python  ( 1190): Inside updateDisplay
I/python  ( 1190): Trying to draw user...
I/python  ( 1190): Done drawing user icon
I/python  ( 1190): 1462217198.51 Starting...
I/python  ( 1190): Building position update message...
I/python  ( 1190): 1462217198.58 Requesting list of users...
I/python  ( 1190): User List Not Found...
I/python  ( 1190): Dumping:
I/python  ( 1190): {'self.in_json_obj': {}, 'self.users': {100: {'markerStruct': {'paint_level': 17, 'batteries': [0], 'tank_pressure': 72}, 'posStruct': {'lat': '39.9559', 'planet': 'earth', 'altitude': -5, 'heading': 238, 'long': '-75.1898'}, 'uid': 100, 'name': 'test uid 100'}, 101: {'markerStruct': {'paint_level': 59, 'batteries': [0], 'tank_pressure': 72}, 'posStruct': {'lat': '39.9568', 'planet': 'earth', 'altitude': 35, 'heading': 355, 'long': '-75.1895'}, 'uid': 101, 'name': 'test uid 101'}, 102: {'markerStruct': {'paint_level': 42, 'batteries': [0], 'tank_pressure': 25}, 'posStruct': {'lat': '39.9559', 'planet': 'earth', 'altitude': -93, 'heading': 268, 'long': '-75.1893'}, 'uid': 102, 'name': 'test uid 102'}}, 'self.log_file': 'gui_dump.log', 'dump_timestamp': 'EUS 2016-05-02 14:26:38.821145', 'self.errors': {}, 'self.out_json_obj': {}}
I/python  ( 1190): Original myUID:  e0af780d-944f-48e1-90c3-4611fe594d0b
I/python  ( 1190): Dummy myUID:  e0af780d-944f-48e1-90c3-4611fe594d0b
I/python  ( 1190): self.user_data {100: {'markerStruct': {'paint_level': 12, 'batteries': [0], 'tank_pressure': 65}, 'posStruct': {'lat': '39.9566', 'planet': 'earth', 'altitude': 66, 'heading': 345, 'long': '-75.1896'}, 'uid': 100, 'name': 'test uid 100'}, 101: {'markerStruct': {'paint_level': 86, 'batteries': [0], 'tank_pressure': 7}, 'posStruct': {'lat': '39.9569', 'planet': 'earth', 'altitude': 55, 'heading': 181, 'long': '-75.1907'}, 'uid': 101, 'name': 'test uid 101'}, 102: {'markerStruct': {'paint_level': 0, 'batteries': [0], 'tank_pressure': 24}, 'posStruct': {'lat': '39.9564', 'planet': 'earth', 'altitude': 15, 'heading': 325, 'long': '-75.1895'}, 'uid': 102, 'name': 'test uid 102'}}
I/python  ( 1190): 1462217198.85 Drawing scope_canvas...
I/python  ( 1190): uid_me:  e0af780d-944f-48e1-90c3-4611fe594d0b
I/python  ( 1190): Painted Users:  False
I/python  ( 1190): 1462217198.85 Done
I/python  ( 1190): Inside updateDisplay
I/python  ( 1190): Trying to draw user...
I/python  ( 1190): Done drawing user icon
I/python  ( 1190): 1462217199.51 Starting...
I/python  ( 1190): Building position update message...
I/python  ( 1190): 1462217199.58 Requesting list of users...
I/python  ( 1190): User List Not Found...
I/python  ( 1190): Dumping:
I/python  ( 1190): {'self.in_json_obj': {}, 'self.users': {100: {'markerStruct': {'paint_level': 12, 'batteries': [0], 'tank_pressure': 65}, 'posStruct': {'lat': '39.9566', 'planet': 'earth', 'altitude': 66, 'heading': 345, 'long': '-75.1896'}, 'uid': 100, 'name': 'test uid 100'}, 101: {'markerStruct': {'paint_level': 86, 'batteries': [0], 'tank_pressure': 7}, 'posStruct': {'lat': '39.9569', 'planet': 'earth', 'altitude': 55, 'heading': 181, 'long': '-75.1907'}, 'uid': 101, 'name': 'test uid 101'}, 102: {'markerStruct': {'paint_level': 0, 'batteries': [0], 'tank_pressure': 24}, 'posStruct': {'lat': '39.9564', 'planet': 'earth', 'altitude': 15, 'heading': 325, 'long': '-75.1895'}, 'uid': 102, 'name': 'test uid 102'}}, 'self.log_file': 'gui_dump.log', 'dump_timestamp': 'EUS 2016-05-02 14:26:39.820260', 'self.errors': {}, 'self.out_json_obj': {}}
I/python  ( 1190): Original myUID:  e0af780d-944f-48e1-90c3-4611fe594d0b
I/python  ( 1190): Dummy myUID:  e0af780d-944f-48e1-90c3-4611fe594d0b
I/python  ( 1190): self.user_data {100: {'markerStruct': {'paint_level': 98, 'batteries': [0], 'tank_pressure': 83}, 'posStruct': {'lat': '39.9574', 'planet': 'earth', 'altitude': 26, 'heading': 211, 'long': '-75.1909'}, 'uid': 100, 'name': 'test uid 100'}, 101: {'markerStruct': {'paint_level': 94, 'batteries': [0], 'tank_pressure': 46}, 'posStruct': {'lat': '39.9569', 'planet': 'earth', 'altitude': 1, 'heading': 60, 'long': '-75.1897'}, 'uid': 101, 'name': 'test uid 101'}, 102: {'markerStruct': {'paint_level': 93, 'batteries': [0], 'tank_pressure': 11}, 'posStruct': {'lat': '39.9566', 'planet': 'earth', 'altitude': -53, 'heading': 323, 'long': '-75.1904'}, 'uid': 102, 'name': 'test uid 102'}}
I/python  ( 1190): 1462217199.85 Drawing scope_canvas...
I/python  ( 1190): uid_me:  e0af780d-944f-48e1-90c3-4611fe594d0b
I/python  ( 1190): Painted Users:  False
I/python  ( 1190): 1462217199.85 Done
D/skia    ( 3745): SkGraphics::Init() - BLTsville (CPU) dlopen success
D/AndroidRuntime( 3745): 
D/AndroidRuntime( 3745): >>>>>> AndroidRuntime START com.android.internal.os.RuntimeInit <<<<<<
D/AndroidRuntime( 3745): CheckJNI is OFF
D/dalvikvm( 3745): Trying to load lib libjavacore.so 0x0
D/dalvikvm( 3745): Added shared lib libjavacore.so 0x0
D/dalvikvm( 3745): Trying to load lib libnativehelper.so 0x0
D/dalvikvm( 3745): Added shared lib libnativehelper.so 0x0
I/python  ( 1190): Inside updateDisplay
I/python  ( 1190): Trying to draw user...
I/python  ( 1190): Done drawing user icon
I/python  ( 1190): 1462217200.62 Starting...
I/python  ( 1190): Building position update message...
D/AndroidRuntime( 3745): Calling main entry com.android.commands.input.Input
I/Input   ( 3745): InjectKeyEvent: KeyEvent { action=ACTION_DOWN, keyCode=KEYCODE_DPAD_CENTER, scanCode=0, metaState=0, flags=0x0, repeatCount=0, eventTime=720789, downTime=720789, deviceId=-1, source=0x101 }
I/python  ( 1190): 1462217200.72 Requesting list of users...
I/Input   ( 3745): InjectKeyEvent: KeyEvent { action=ACTION_UP, keyCode=KEYCODE_DPAD_CENTER, scanCode=0, metaState=0, flags=0x0, repeatCount=0, eventTime=720789, downTime=720789, deviceId=-1, source=0x101 }
D/AndroidRuntime( 3745): Shutting down VM
I/AndroidRuntime( 3745): NOTE: attach of thread 'Binder_3' failed
I/python  ( 1190): User List Not Found...
I/python  ( 1190): Dumping:
I/python  ( 1190): {'self.in_json_obj': {}, 'self.users': {100: {'markerStruct': {'paint_level': 98, 'batteries': [0], 'tank_pressure': 83}, 'posStruct': {'lat': '39.9574', 'planet': 'earth', 'altitude': 26, 'heading': 211, 'long': '-75.1909'}, 'uid': 100, 'name': 'test uid 100'}, 101: {'markerStruct': {'paint_level': 94, 'batteries': [0], 'tank_pressure': 46}, 'posStruct': {'lat': '39.9569', 'planet': 'earth', 'altitude': 1, 'heading': 60, 'long': '-75.1897'}, 'uid': 101, 'name': 'test uid 101'}, 102: {'markerStruct': {'paint_level': 93, 'batteries': [0], 'tank_pressure': 11}, 'posStruct': {'lat': '39.9566', 'planet': 'earth', 'altitude': -53, 'heading': 323, 'long': '-75.1904'}, 'uid': 102, 'name': 'test uid 102'}}, 'self.log_file': 'gui_dump.log', 'dump_timestamp': 'EUS 2016-05-02 14:26:40.794442', 'self.errors': {}, 'self.out_json_obj': {}}
I/python  ( 1190): Original myUID:  e0af780d-944f-48e1-90c3-4611fe594d0b
I/python  ( 1190): Dummy myUID:  e0af780d-944f-48e1-90c3-4611fe594d0b
I/python  ( 1190): self.user_data {100: {'markerStruct': {'paint_level': 0, 'batteries': [0], 'tank_pressure': 39}, 'posStruct': {'lat': '39.9563', 'planet': 'earth', 'altitude': 30, 'heading': 48, 'long': '-75.1893'}, 'uid': 100, 'name': 'test uid 100'}, 101: {'markerStruct': {'paint_level': 64, 'batteries': [0], 'tank_pressure': 27}, 'posStruct': {'lat': '39.9562', 'planet': 'earth', 'altitude': -50, 'heading': 242, 'long': '-75.1893'}, 'uid': 101, 'name': 'test uid 101'}, 102: {'markerStruct': {'paint_level': 50, 'batteries': [0], 'tank_pressure': 40}, 'posStruct': {'lat': '39.9568', 'planet': 'earth', 'altitude': -41, 'heading': 143, 'long': '-75.19'}, 'uid': 102, 'name': 'test uid 102'}}
I/python  ( 1190): 1462217200.95 Drawing scope_canvas...
I/python  ( 1190): uid_me:  e0af780d-944f-48e1-90c3-4611fe594d0b
I/python  ( 1190): Painted Users:  False
I/python  ( 1190): 1462217200.95 Done
D/skia    ( 3745): SkGraphics::Term() dlclose() BLTsville (CPU) 
I/python  ( 1190): ('The key', 13, 'have been pressed')
I/python  ( 1190):  - text is 23
I/python  ( 1190):  - modifiers are []
I/python  ( 1190): Issue adjusting the zoom level
I/python  ( 1190): uid ind/total:  0 3
I/python  ( 1190): Inside updateDisplay
I/python  ( 1190): Trying to draw user...
I/python  ( 1190): Done drawing user icon
I/python  ( 1190): 1462217201.54 Starting...
I/python  ( 1190): Building position update message...
I/python  ( 1190): 1462217201.63 Requesting list of users...
I/python  ( 1190): User List Not Found...
I/python  ( 1190): Dumping:
I/python  ( 1190): {'self.in_json_obj': {}, 'self.users': {100: {'markerStruct': {'paint_level': 0, 'batteries': [0], 'tank_pressure': 39}, 'posStruct': {'lat': '39.9563', 'planet': 'earth', 'altitude': 30, 'heading': 48, 'long': '-75.1893'}, 'uid': 100, 'name': 'test uid 100'}, 101: {'markerStruct': {'paint_level': 64, 'batteries': [0], 'tank_pressure': 27}, 'posStruct': {'lat': '39.9562', 'planet': 'earth', 'altitude': -50, 'heading': 242, 'long': '-75.1893'}, 'uid': 101, 'name': 'test uid 101'}, 102: {'markerStruct': {'paint_level': 50, 'batteries': [0], 'tank_pressure': 40}, 'posStruct': {'lat': '39.9568', 'planet': 'earth', 'altitude': -41, 'heading': 143, 'long': '-75.19'}, 'uid': 102, 'name': 'test uid 102'}}, 'self.log_file': 'gui_dump.log', 'dump_timestamp': 'EUS 2016-05-02 14:26:41.832497', 'self.errors': {}, 'self.out_json_obj': {}}
I/python  ( 1190): Original myUID:  100
I/python  ( 1190): Dummy myUID:  100
I/python  ( 1190): self.user_data {100: {'markerStruct': {'paint_level': 64, 'batteries': [0], 'tank_pressure': 97}, 'posStruct': {'lat': '39.9573', 'planet': 'earth', 'altitude': -32, 'heading': 210, 'long': '-75.1892'}, 'uid': 100, 'name': 'test uid 100'}, 101: {'markerStruct': {'paint_level': 35, 'batteries': [0], 'tank_pressure': 95}, 'posStruct': {'lat': '39.9574', 'planet': 'earth', 'altitude': -34, 'heading': 182, 'long': '-75.1908'}, 'uid': 101, 'name': 'test uid 101'}, 102: {'markerStruct': {'paint_level': 55, 'batteries': [0], 'tank_pressure': 75}, 'posStruct': {'lat': '39.9558', 'planet': 'earth', 'altitude': -94, 'heading': 36, 'long': '-75.1893'}, 'uid': 102, 'name': 'test uid 102'}}
I/python  ( 1190): 1462217201.89 Drawing scope_canvas...
I/python  ( 1190): uid_me:  100
I/python  ( 1190): Bearing = 274.661930667
I/python  ( 1190): Trying to draw user...
I/python  ( 1190): Done drawing user icon
I/python  ( 1190): Bearing = 182.925422735
I/python  ( 1190): Trying to draw user...
I/python  ( 1190): Done drawing user icon
I/python  ( 1190): Painted Users:  True
I/python  ( 1190): 1462217201.93 Done
I/python  ( 1190): Inside updateDisplay
I/python  ( 1190): Trying to draw user...
I/python  ( 1190): Done drawing user icon
I/python  ( 1190): 1462217202.77 Starting...
I/python  ( 1190): Building position update message...
I/python  ( 1190): 1462217202.84 Requesting list of users...
I/python  ( 1190): User List Not Found...
I/python  ( 1190): Dumping:
I/python  ( 1190): {'self.in_json_obj': {}, 'self.users': {100: {'markerStruct': {'paint_level': 64, 'batteries': [0], 'tank_pressure': 97}, 'posStruct': {'lat': '39.9573', 'planet': 'earth', 'altitude': -32, 'heading': 210, 'long': '-75.1892'}, 'uid': 100, 'name': 'test uid 100'}, 101: {'markerStruct': {'paint_level': 35, 'batteries': [0], 'tank_pressure': 95}, 'posStruct': {'lat': '39.9574', 'planet': 'earth', 'altitude': -34, 'heading': 182, 'long': '-75.1908'}, 'uid': 101, 'name': 'test uid 101'}, 102: {'markerStruct': {'paint_level': 55, 'batteries': [0], 'tank_pressure': 75}, 'posStruct': {'lat': '39.9558', 'planet': 'earth', 'altitude': -94, 'heading': 36, 'long': '-75.1893'}, 'uid': 102, 'name': 'test uid 102'}}, 'self.log_file': 'gui_dump.log', 'dump_timestamp': 'EUS 2016-05-02 14:26:43.024147', 'self.errors': {}, 'self.out_json_obj': {}}
I/python  ( 1190): Original myUID:  100
I/python  ( 1190): Dummy myUID:  100
I/python  ( 1190): self.user_data {100: {'markerStruct': {'paint_level': 98, 'batteries': [0], 'tank_pressure': 59}, 'posStruct': {'lat': '39.9576', 'planet': 'earth', 'altitude': 28, 'heading': 220, 'long': '-75.1906'}, 'uid': 100, 'name': 'test uid 100'}, 101: {'markerStruct': {'paint_level': 16, 'batteries': [0], 'tank_pressure': 74}, 'posStruct': {'lat': '39.9561', 'planet': 'earth', 'altitude': 53, 'heading': 334, 'long': '-75.1893'}, 'uid': 101, 'name': 'test uid 101'}, 102: {'markerStruct': {'paint_level': 26, 'batteries': [0], 'tank_pressure': 77}, 'posStruct': {'lat': '39.9562', 'planet': 'earth', 'altitude': -58, 'heading': 22, 'long': '-75.1908'}, 'uid': 102, 'name': 'test uid 102'}}
I/python  ( 1190): 1462217203.05 Drawing scope_canvas...
I/python  ( 1190): uid_me:  100
I/python  ( 1190): Bearing = 146.402519011
I/python  ( 1190): Trying to draw user...
I/python  ( 1190): Done drawing user icon
I/python  ( 1190): Bearing = 186.249280265
I/python  ( 1190): Trying to draw user...
I/python  ( 1190): Done drawing user icon
I/python  ( 1190): Painted Users:  True
I/python  ( 1190): 1462217203.07 Done
I/python  ( 1190): Inside updateDisplay
I/python  ( 1190): Trying to draw user...
I/python  ( 1190): Done drawing user icon
I/python  ( 1190): 1462217203.77 Starting...
I/python  ( 1190): Building position update message...
I/python  ( 1190): 1462217203.84 Requesting list of users...
I/python  ( 1190): User List Not Found...
I/python  ( 1190): Dumping:
I/python  ( 1190): {'self.in_json_obj': {}, 'self.users': {100: {'markerStruct': {'paint_level': 98, 'batteries': [0], 'tank_pressure': 59}, 'posStruct': {'lat': '39.9576', 'planet': 'earth', 'altitude': 28, 'heading': 220, 'long': '-75.1906'}, 'uid': 100, 'name': 'test uid 100'}, 101: {'markerStruct': {'paint_level': 16, 'batteries': [0], 'tank_pressure': 74}, 'posStruct': {'lat': '39.9561', 'planet': 'earth', 'altitude': 53, 'heading': 334, 'long': '-75.1893'}, 'uid': 101, 'name': 'test uid 101'}, 102: {'markerStruct': {'paint_level': 26, 'batteries': [0], 'tank_pressure': 77}, 'posStruct': {'lat': '39.9562', 'planet': 'earth', 'altitude': -58, 'heading': 22, 'long': '-75.1908'}, 'uid': 102, 'name': 'test uid 102'}}, 'self.log_file': 'gui_dump.log', 'dump_timestamp': 'EUS 2016-05-02 14:26:44.052620', 'self.errors': {}, 'self.out_json_obj': {}}
I/python  ( 1190): Original myUID:  100
I/python  ( 1190): Dummy myUID:  100
I/python  ( 1190): self.user_data {100: {'markerStruct': {'paint_level': 63, 'batteries': [0], 'tank_pressure': 28}, 'posStruct': {'lat': '39.9574', 'planet': 'earth', 'altitude': -90, 'heading': 183, 'long': '-75.19'}, 'uid': 100, 'name': 'test uid 100'}, 101: {'markerStruct': {'paint_level': 37, 'batteries': [0], 'tank_pressure': 70}, 'posStruct': {'lat': '39.957', 'planet': 'earth', 'altitude': 46, 'heading': 281, 'long': '-75.1905'}, 'uid': 101, 'name': 'test uid 101'}, 102: {'markerStruct': {'paint_level': 33, 'batteries': [0], 'tank_pressure': 61}, 'posStruct': {'lat': '39.9576', 'planet': 'earth', 'altitude': -79, 'heading': 183, 'long': '-75.1909'}, 'uid': 102, 'name': 'test uid 102'}}
I/python  ( 1190): 1462217204.08 Drawing scope_canvas...
I/python  ( 1190): uid_me:  100
I/python  ( 1190): Bearing = 223.775973318
I/python  ( 1190): Trying to draw user...
I/python  ( 1190): Done drawing user icon
I/python  ( 1190): Bearing = 286.167698929
I/python  ( 1190): Trying to draw user...
I/python  ( 1190): Done drawing user icon
I/python  ( 1190): Painted Users:  True
I/python  ( 1190): 1462217204.25 Done
I/NAVD.GPSC_MGP(  870): +++ gpsc_mgp_process_msg: Almanac Report Received. SV ID: 14 +++
I/python  ( 1190): Inside updateDisplay
I/python  ( 1190): Trying to draw user...
I/python  ( 1190): Done drawing user icon
I/python  ( 1190): 1462217204.83 Starting...
I/python  ( 1190): Building position update message...
I/python  ( 1190): 1462217204.9 Requesting list of users...
I/python  ( 1190): User List Not Found...
I/python  ( 1190): Dumping:
I/python  ( 1190): {'self.in_json_obj': {}, 'self.users': {100: {'markerStruct': {'paint_level': 63, 'batteries': [0], 'tank_pressure': 28}, 'posStruct': {'lat': '39.9574', 'planet': 'earth', 'altitude': -90, 'heading': 183, 'long': '-75.19'}, 'uid': 100, 'name': 'test uid 100'}, 101: {'markerStruct': {'paint_level': 37, 'batteries': [0], 'tank_pressure': 70}, 'posStruct': {'lat': '39.957', 'planet': 'earth', 'altitude': 46, 'heading': 281, 'long': '-75.1905'}, 'uid': 101, 'name': 'test uid 101'}, 102: {'markerStruct': {'paint_level': 33, 'batteries': [0], 'tank_pressure': 61}, 'posStruct': {'lat': '39.9576', 'planet': 'earth', 'altitude': -79, 'heading': 183, 'long': '-75.1909'}, 'uid': 102, 'name': 'test uid 102'}}, 'self.log_file': 'gui_dump.log', 'dump_timestamp': 'EUS 2016-05-02 14:26:44.982949', 'self.errors': {}, 'self.out_json_obj': {}}
I/python  ( 1190): Original myUID:  100
I/python  ( 1190): Dummy myUID:  100
I/python  ( 1190): self.user_data {100: {'markerStruct': {'paint_level': 67, 'batteries': [0], 'tank_pressure': 82}, 'posStruct': {'lat': '39.9575', 'planet': 'earth', 'altitude': 57, 'heading': 65, 'long': '-75.1892'}, 'uid': 100, 'name': 'test uid 100'}, 101: {'markerStruct': {'paint_level': 75, 'batteries': [0], 'tank_pressure': 73}, 'posStruct': {'lat': '39.957', 'planet': 'earth', 'altitude': -14, 'heading': 75, 'long': '-75.1896'}, 'uid': 101, 'name': 'test uid 101'}, 102: {'markerStruct': {'paint_level': 49, 'batteries': [0], 'tank_pressure': 6}, 'posStruct': {'lat': '39.9565', 'planet': 'earth', 'altitude': 20, 'heading': 16, 'long': '-75.19'}, 'uid': 102, 'name': 'test uid 102'}}
I/python  ( 1190): 1462217205.02 Drawing scope_canvas...
I/python  ( 1190): uid_me:  100
I/python  ( 1190): Bearing = 211.51754802
I/python  ( 1190): Trying to draw user...
I/python  ( 1190): Done drawing user icon
I/python  ( 1190): Bearing = 211.517769805
I/python  ( 1190): Trying to draw user...
I/python  ( 1190): Done drawing user icon
I/python  ( 1190): Painted Users:  True
I/python  ( 1190): 1462217205.03 Done
I/python  ( 1190): Inside updateDisplay
I/python  ( 1190): Trying to draw user...
I/python  ( 1190): Done drawing user icon
I/python  ( 1190): 1462217205.93 Starting...
I/python  ( 1190): Building position update message...
I/python  ( 1190): 1462217206.1 Requesting list of users...
I/python  ( 1190): User List Not Found...
I/python  ( 1190): Dumping:
I/python  ( 1190): {'self.in_json_obj': {}, 'self.users': {100: {'markerStruct': {'paint_level': 67, 'batteries': [0], 'tank_pressure': 82}, 'posStruct': {'lat': '39.9575', 'planet': 'earth', 'altitude': 57, 'heading': 65, 'long': '-75.1892'}, 'uid': 100, 'name': 'test uid 100'}, 101: {'markerStruct': {'paint_level': 75, 'batteries': [0], 'tank_pressure': 73}, 'posStruct': {'lat': '39.957', 'planet': 'earth', 'altitude': -14, 'heading': 75, 'long': '-75.1896'}, 'uid': 101, 'name': 'test uid 101'}, 102: {'markerStruct': {'paint_level': 49, 'batteries': [0], 'tank_pressure': 6}, 'posStruct': {'lat': '39.9565', 'planet': 'earth', 'altitude': 20, 'heading': 16, 'long': '-75.19'}, 'uid': 102, 'name': 'test uid 102'}}, 'self.log_file': 'gui_dump.log', 'dump_timestamp': 'EUS 2016-05-02 14:26:46.311562', 'self.errors': {}, 'self.out_json_obj': {}}
I/python  ( 1190): Original myUID:  100
I/python  ( 1190): Dummy myUID:  100
I/python  ( 1190): self.user_data {100: {'markerStruct': {'paint_level': 29, 'batteries': [0], 'tank_pressure': 13}, 'posStruct': {'lat': '39.9573', 'planet': 'earth', 'altitude': -36, 'heading': 237, 'long': '-75.1901'}, 'uid': 100, 'name': 'test uid 100'}, 101: {'markerStruct': {'paint_level': 18, 'batteries': [0], 'tank_pressure': 39}, 'posStruct': {'lat': '39.9567', 'planet': 'earth', 'altitude': 43, 'heading': 32, 'long': '-75.19'}, 'uid': 101, 'name': 'test uid 101'}, 102: {'markerStruct': {'paint_level': 50, 'batteries': [0], 'tank_pressure': 29}, 'posStruct': {'lat': '39.956', 'planet': 'earth', 'altitude': 22, 'heading': 112, 'long': '-75.1901'}, 'uid': 102, 'name': 'test uid 102'}}
I/python  ( 1190): 1462217206.43 Drawing scope_canvas...
I/python  ( 1190): uid_me:  100
I/python  ( 1190): Bearing = 172.719614816
I/python  ( 1190): Trying to draw user...
I/python  ( 1190): Done drawing user icon
I/python  ( 1190): Bearing = 180.0
I/python  ( 1190): Trying to draw user...
I/python  ( 1190): Done drawing user icon
I/python  ( 1190): Painted Users:  True
I/python  ( 1190): 1462217206.8 Done
I/python  ( 1190): Inside updateDisplay
I/python  ( 1190): Trying to draw user...
I/python  ( 1190): Done drawing user icon
I/python  ( 1190): 1462217207.02 Starting...
I/python  ( 1190): Building position update message...
I/python  ( 1190): 1462217207.63 Requesting list of users...
I/python  ( 1190): User List Not Found...
I/python  ( 1190): Dumping:
I/python  ( 1190): {'self.in_json_obj': {}, 'self.users': {100: {'markerStruct': {'paint_level': 29, 'batteries': [0], 'tank_pressure': 13}, 'posStruct': {'lat': '39.9573', 'planet': 'earth', 'altitude': -36, 'heading': 237, 'long': '-75.1901'}, 'uid': 100, 'name': 'test uid 100'}, 101: {'markerStruct': {'paint_level': 18, 'batteries': [0], 'tank_pressure': 39}, 'posStruct': {'lat': '39.9567', 'planet': 'earth', 'altitude': 43, 'heading': 32, 'long': '-75.19'}, 'uid': 101, 'name': 'test uid 101'}, 102: {'markerStruct': {'paint_level': 50, 'batteries': [0], 'tank_pressure': 29}, 'posStruct': {'lat': '39.956', 'planet': 'earth', 'altitude': 22, 'heading': 112, 'long': '-75.1901'}, 'uid': 102, 'name': 'test uid 102'}}, 'self.log_file': 'gui_dump.log', 'dump_timestamp': 'EUS 2016-05-02 14:26:47.838784', 'self.errors': {}, 'self.out_json_obj': {}}
I/python  ( 1190): Original myUID:  100
I/python  ( 1190): Dummy myUID:  100
I/python  ( 1190): self.user_data {100: {'markerStruct': {'paint_level': 32, 'batteries': [0], 'tank_pressure': 3}, 'posStruct': {'lat': '39.9567', 'planet': 'earth', 'altitude': 78, 'heading': 98, 'long': '-75.1889'}, 'uid': 100, 'name': 'test uid 100'}, 101: {'markerStruct': {'paint_level': 98, 'batteries': [0], 'tank_pressure': 65}, 'posStruct': {'lat': '39.9574', 'planet': 'earth', 'altitude': -27, 'heading': 155, 'long': '-75.1902'}, 'uid': 101, 'name': 'test uid 101'}, 102: {'markerStruct': {'paint_level': 72, 'batteries': [0], 'tank_pressure': 86}, 'posStruct': {'lat': '39.956', 'planet': 'earth', 'altitude': 48, 'heading': 21, 'long': '-75.1898'}, 'uid': 102, 'name': 'test uid 102'}}
I/python  ( 1190): 1462217208.23 Drawing scope_canvas...
I/python  ( 1190): uid_me:  100
I/python  ( 1190): Bearing = 305.087306089
I/python  ( 1190): Trying to draw user...
I/python  ( 1190): Done drawing user icon
I/python  ( 1190): Bearing = 224.583136009
I/python  ( 1190): Trying to draw user...
I/python  ( 1190): Done drawing user icon
I/python  ( 1190): Painted Users:  True
I/python  ( 1190): 1462217208.28 Done
I/python  ( 1190): Inside updateDisplay
I/python  ( 1190): Trying to draw user...
I/python  ( 1190): Done drawing user icon
I/python  ( 1190): 1462217208.51 Starting...
I/python  ( 1190): Building position update message...
I/python  ( 1190): 1462217208.72 Requesting list of users...
I/python  ( 1190): User List Not Found...
I/python  ( 1190): Dumping:
I/python  ( 1190): {'self.in_json_obj': {}, 'self.users': {100: {'markerStruct': {'paint_level': 32, 'batteries': [0], 'tank_pressure': 3}, 'posStruct': {'lat': '39.9567', 'planet': 'earth', 'altitude': 78, 'heading': 98, 'long': '-75.1889'}, 'uid': 100, 'name': 'test uid 100'}, 101: {'markerStruct': {'paint_level': 98, 'batteries': [0], 'tank_pressure': 65}, 'posStruct': {'lat': '39.9574', 'planet': 'earth', 'altitude': -27, 'heading': 155, 'long': '-75.1902'}, 'uid': 101, 'name': 'test uid 101'}, 102: {'markerStruct': {'paint_level': 72, 'batteries': [0], 'tank_pressure': 86}, 'posStruct': {'lat': '39.956', 'planet': 'earth', 'altitude': 48, 'heading': 21, 'long': '-75.1898'}, 'uid': 102, 'name': 'test uid 102'}}, 'self.log_file': 'gui_dump.log', 'dump_timestamp': 'EUS 2016-05-02 14:26:49.372414', 'self.errors': {}, 'self.out_json_obj': {}}
I/python  ( 1190): Original myUID:  100
I/python  ( 1190): Dummy myUID:  100
I/python  ( 1190): self.user_data {100: {'markerStruct': {'paint_level': 97, 'batteries': [0], 'tank_pressure': 54}, 'posStruct': {'lat': '39.9576', 'planet': 'earth', 'altitude': -89, 'heading': 271, 'long': '-75.1896'}, 'uid': 100, 'name': 'test uid 100'}, 101: {'markerStruct': {'paint_level': 52, 'batteries': [0], 'tank_pressure': 82}, 'posStruct': {'lat': '39.956', 'planet': 'earth', 'altitude': 15, 'heading': 147, 'long': '-75.1905'}, 'uid': 101, 'name': 'test uid 101'}, 102: {'markerStruct': {'paint_level': 6, 'batteries': [0], 'tank_pressure': 6}, 'posStruct': {'lat': '39.9558', 'planet': 'earth', 'altitude': -35, 'heading': 15, 'long': '-75.1896'}, 'uid': 102, 'name': 'test uid 102'}}
I/python  ( 1190): 1462217209.61 Drawing scope_canvas...
I/python  ( 1190): uid_me:  100
I/python  ( 1190): Bearing = 203.324665495
I/python  ( 1190): Trying to draw user...
I/python  ( 1190): Done drawing user icon
I/python  ( 1190): Bearing = 180.0
I/python  ( 1190): Trying to draw user...
I/python  ( 1190): Done drawing user icon
I/python  ( 1190): Painted Users:  True
I/python  ( 1190): 1462217209.78 Done
I/python  ( 1190): Inside updateDisplay
I/python  ( 1190): Trying to draw user...
I/python  ( 1190): Done drawing user icon
I/python  ( 1190): 1462217210.03 Starting...
I/python  ( 1190): Building position update message...
I/python  ( 1190): 1462217210.79 Requesting list of users...
I/python  ( 1190): User List Not Found...
I/python  ( 1190): Dumping:
I/python  ( 1190): {'self.in_json_obj': {}, 'self.users': {100: {'markerStruct': {'paint_level': 97, 'batteries': [0], 'tank_pressure': 54}, 'posStruct': {'lat': '39.9576', 'planet': 'earth', 'altitude': -89, 'heading': 271, 'long': '-75.1896'}, 'uid': 100, 'name': 'test uid 100'}, 101: {'markerStruct': {'paint_level': 52, 'batteries': [0], 'tank_pressure': 82}, 'posStruct': {'lat': '39.956', 'planet': 'earth', 'altitude': 15, 'heading': 147, 'long': '-75.1905'}, 'uid': 101, 'name': 'test uid 101'}, 102: {'markerStruct': {'paint_level': 6, 'batteries': [0], 'tank_pressure': 6}, 'posStruct': {'lat': '39.9558', 'planet': 'earth', 'altitude': -35, 'heading': 15, 'long': '-75.1896'}, 'uid': 102, 'name': 'test uid 102'}}, 'self.log_file': 'gui_dump.log', 'dump_timestamp': 'EUS 2016-05-02 14:26:50.807808', 'self.errors': {}, 'self.out_json_obj': {}}
I/python  ( 1190): Original myUID:  100
I/python  ( 1190): Dummy myUID:  100
I/python  ( 1190): self.user_data {100: {'markerStruct': {'paint_level': 61, 'batteries': [0], 'tank_pressure': 39}, 'posStruct': {'lat': '39.9571', 'planet': 'earth', 'altitude': 50, 'heading': 230, 'long': '-75.1903'}, 'uid': 100, 'name': 'test uid 100'}, 101: {'markerStruct': {'paint_level': 15, 'batteries': [0], 'tank_pressure': 14}, 'posStruct': {'lat': '39.9571', 'planet': 'earth', 'altitude': -18, 'heading': 278, 'long': '-75.1896'}, 'uid': 101, 'name': 'test uid 101'}, 102: {'markerStruct': {'paint_level': 77, 'batteries': [0], 'tank_pressure': 33}, 'posStruct': {'lat': '39.957', 'planet': 'earth', 'altitude': 97, 'heading': 350, 'long': '-75.1909'}, 'uid': 102, 'name': 'test uid 102'}}
I/python  ( 1190): 1462217211.11 Drawing scope_canvas...
I/python  ( 1190): uid_me:  100
I/python  ( 1190): Bearing = 89.999775225
I/python  ( 1190): Trying to draw user...
I/python  ( 1190): Done drawing user icon
I/python  ( 1190): Bearing = 257.733237493
I/python  ( 1190): Trying to draw user...
I/python  ( 1190): Done drawing user icon
I/python  ( 1190): Painted Users:  True
I/python  ( 1190): 1462217211.15 Done
I/python  ( 1190): Inside updateDisplay
I/python  ( 1190): Trying to draw user...
I/python  ( 1190): Done drawing user icon
I/python  ( 1190): 1462217211.34 Starting...
I/python  ( 1190): Building position update message...
I/python  ( 1190): 1462217211.98 Requesting list of users...
I/python  ( 1190): User List Not Found...
I/python  ( 1190): Dumping:
I/python  ( 1190): {'self.in_json_obj': {}, 'self.users': {100: {'markerStruct': {'paint_level': 61, 'batteries': [0], 'tank_pressure': 39}, 'posStruct': {'lat': '39.9571', 'planet': 'earth', 'altitude': 50, 'heading': 230, 'long': '-75.1903'}, 'uid': 100, 'name': 'test uid 100'}, 101: {'markerStruct': {'paint_level': 15, 'batteries': [0], 'tank_pressure': 14}, 'posStruct': {'lat': '39.9571', 'planet': 'earth', 'altitude': -18, 'heading': 278, 'long': '-75.1896'}, 'uid': 101, 'name': 'test uid 101'}, 102: {'markerStruct': {'paint_level': 77, 'batteries': [0], 'tank_pressure': 33}, 'posStruct': {'lat': '39.957', 'planet': 'earth', 'altitude': 97, 'heading': 350, 'long': '-75.1909'}, 'uid': 102, 'name': 'test uid 102'}}, 'self.log_file': 'gui_dump.log', 'dump_timestamp': 'EUS 2016-05-02 14:26:52.380379', 'self.errors': {}, 'self.out_json_obj': {}}
I/python  ( 1190): Original myUID:  100
I/python  ( 1190): Dummy myUID:  100
I/python  ( 1190): self.user_data {100: {'markerStruct': {'paint_level': 48, 'batteries': [0], 'tank_pressure': 54}, 'posStruct': {'lat': '39.9573', 'planet': 'earth', 'altitude': 75, 'heading': 180, 'long': '-75.1908'}, 'uid': 100, 'name': 'test uid 100'}, 101: {'markerStruct': {'paint_level': 56, 'batteries': [0], 'tank_pressure': 19}, 'posStruct': {'lat': '39.9571', 'planet': 'earth', 'altitude': 36, 'heading': 277, 'long': '-75.1902'}, 'uid': 101, 'name': 'test uid 101'}, 102: {'markerStruct': {'paint_level': 41, 'batteries': [0], 'tank_pressure': 28}, 'posStruct': {'lat': '39.9568', 'planet': 'earth', 'altitude': -86, 'heading': 145, 'long': '-75.1899'}, 'uid': 102, 'name': 'test uid 102'}}
I/python  ( 1190): 1462217212.5 Drawing scope_canvas...
I/python  ( 1190): uid_me:  100
I/python  ( 1190): Bearing = 113.502261562
I/python  ( 1190): Trying to draw user...
I/python  ( 1190): Done drawing user icon
I/python  ( 1190): Bearing = 125.933206349
I/python  ( 1190): Trying to draw user...
I/python  ( 1190): Done drawing user icon
I/python  ( 1190): Painted Users:  True
I/python  ( 1190): 1462217212.69 Done
I/python  ( 1190): Inside updateDisplay
I/python  ( 1190): Trying to draw user...
I/python  ( 1190): Done drawing user icon
I/python  ( 1190): 1462217212.89 Starting...
I/python  ( 1190): Building position update message...
I/python  ( 1190): 1462217213.53 Requesting list of users...
I/python  ( 1190): User List Not Found...
I/python  ( 1190): Dumping:
I/python  ( 1190): {'self.in_json_obj': {}, 'self.users': {100: {'markerStruct': {'paint_level': 48, 'batteries': [0], 'tank_pressure': 54}, 'posStruct': {'lat': '39.9573', 'planet': 'earth', 'altitude': 75, 'heading': 180, 'long': '-75.1908'}, 'uid': 100, 'name': 'test uid 100'}, 101: {'markerStruct': {'paint_level': 56, 'batteries': [0], 'tank_pressure': 19}, 'posStruct': {'lat': '39.9571', 'planet': 'earth', 'altitude': 36, 'heading': 277, 'long': '-75.1902'}, 'uid': 101, 'name': 'test uid 101'}, 102: {'markerStruct': {'paint_level': 41, 'batteries': [0], 'tank_pressure': 28}, 'posStruct': {'lat': '39.9568', 'planet': 'earth', 'altitude': -86, 'heading': 145, 'long': '-75.1899'}, 'uid': 102, 'name': 'test uid 102'}}, 'self.log_file': 'gui_dump.log', 'dump_timestamp': 'EUS 2016-05-02 14:26:53.794686', 'self.errors': {}, 'self.out_json_obj': {}}
I/python  ( 1190): Original myUID:  100
I/python  ( 1190): Dummy myUID:  100
I/python  ( 1190): self.user_data {100: {'markerStruct': {'paint_level': 1, 'batteries': [0], 'tank_pressure': 54}, 'posStruct': {'lat': '39.9568', 'planet': 'earth', 'altitude': 56, 'heading': 88, 'long': '-75.1893'}, 'uid': 100, 'name': 'test uid 100'}, 101: {'markerStruct': {'paint_level': 87, 'batteries': [0], 'tank_pressure': 50}, 'posStruct': {'lat': '39.9562', 'planet': 'earth', 'altitude': -71, 'heading': 246, 'long': '-75.1902'}, 'uid': 101, 'name': 'test uid 101'}, 102: {'markerStruct': {'paint_level': 45, 'batteries': [0], 'tank_pressure': 42}, 'posStruct': {'lat': '39.9564', 'planet': 'earth', 'altitude': -24, 'heading': 304, 'long': '-75.1899'}, 'uid': 102, 'name': 'test uid 102'}}
I/python  ( 1190): 1462217214.21 Drawing scope_canvas...
I/python  ( 1190): uid_me:  100
I/python  ( 1190): Bearing = 228.986227101
I/python  ( 1190): Trying to draw user...
I/python  ( 1190): Done drawing user icon
I/python  ( 1190): Bearing = 228.986089284
I/python  ( 1190): Trying to draw user...
I/python  ( 1190): Done drawing user icon
I/python  ( 1190): Painted Users:  True
I/python  ( 1190): 1462217214.27 Done
I/python  ( 1190): Inside updateDisplay
I/python  ( 1190): Trying to draw user...
I/python  ( 1190): Done drawing user icon
I/python  ( 1190): 1462217214.5 Starting...
I/python  ( 1190): Building position update message...
I/python  ( 1190): 1462217215.16 Requesting list of users...
I/python  ( 1190): User List Not Found...
I/python  ( 1190): Dumping:
I/python  ( 1190): {'self.in_json_obj': {}, 'self.users': {100: {'markerStruct': {'paint_level': 1, 'batteries': [0], 'tank_pressure': 54}, 'posStruct': {'lat': '39.9568', 'planet': 'earth', 'altitude': 56, 'heading': 88, 'long': '-75.1893'}, 'uid': 100, 'name': 'test uid 100'}, 101: {'markerStruct': {'paint_level': 87, 'batteries': [0], 'tank_pressure': 50}, 'posStruct': {'lat': '39.9562', 'planet': 'earth', 'altitude': -71, 'heading': 246, 'long': '-75.1902'}, 'uid': 101, 'name': 'test uid 101'}, 102: {'markerStruct': {'paint_level': 45, 'batteries': [0], 'tank_pressure': 42}, 'posStruct': {'lat': '39.9564', 'planet': 'earth', 'altitude': -24, 'heading': 304, 'long': '-75.1899'}, 'uid': 102, 'name': 'test uid 102'}}, 'self.log_file': 'gui_dump.log', 'dump_timestamp': 'EUS 2016-05-02 14:26:55.465889', 'self.errors': {}, 'self.out_json_obj': {}}
I/python  ( 1190): Original myUID:  100
I/python  ( 1190): Dummy myUID:  100
I/python  ( 1190): self.user_data {100: {'markerStruct': {'paint_level': 34, 'batteries': [0], 'tank_pressure': 10}, 'posStruct': {'lat': '39.9573', 'planet': 'earth', 'altitude': -74, 'heading': 149, 'long': '-75.1904'}, 'uid': 100, 'name': 'test uid 100'}, 101: {'markerStruct': {'paint_level': 85, 'batteries': [0], 'tank_pressure': 39}, 'posStruct': {'lat': '39.9561', 'planet': 'earth', 'altitude': -23, 'heading': 326, 'long': '-75.1893'}, 'uid': 101, 'name': 'test uid 101'}, 102: {'markerStruct': {'paint_level': 91, 'batteries': [0], 'tank_pressure': 61}, 'posStruct': {'lat': '39.9572', 'planet': 'earth', 'altitude': 18, 'heading': 80, 'long': '-75.1908'}, 'uid': 102, 'name': 'test uid 102'}}
I/python  ( 1190): 1462217215.57 Drawing scope_canvas...
I/python  ( 1190): uid_me:  100
I/python  ( 1190): Bearing = 144.905755733
I/python  ( 1190): Trying to draw user...
I/python  ( 1190): Done drawing user icon
I/python  ( 1190): Bearing = 251.936509694
I/python  ( 1190): Trying to draw user...
I/python  ( 1190): Done drawing user icon
I/python  ( 1190): Painted Users:  True
I/python  ( 1190): 1462217215.67 Done
I/python  ( 1190): Inside updateDisplay
I/python  ( 1190): Trying to draw user...
I/python  ( 1190): Done drawing user icon
I/python  ( 1190): 1462217216.13 Starting...
I/python  ( 1190): Building position update message...
I/python  ( 1190): 1462217216.82 Requesting list of users...
I/python  ( 1190): User List Not Found...
I/python  ( 1190): Dumping:
I/python  ( 1190): {'self.in_json_obj': {}, 'self.users': {100: {'markerStruct': {'paint_level': 34, 'batteries': [0], 'tank_pressure': 10}, 'posStruct': {'lat': '39.9573', 'planet': 'earth', 'altitude': -74, 'heading': 149, 'long': '-75.1904'}, 'uid': 100, 'name': 'test uid 100'}, 101: {'markerStruct': {'paint_level': 85, 'batteries': [0], 'tank_pressure': 39}, 'posStruct': {'lat': '39.9561', 'planet': 'earth', 'altitude': -23, 'heading': 326, 'long': '-75.1893'}, 'uid': 101, 'name': 'test uid 101'}, 102: {'markerStruct': {'paint_level': 91, 'batteries': [0], 'tank_pressure': 61}, 'posStruct': {'lat': '39.9572', 'planet': 'earth', 'altitude': 18, 'heading': 80, 'long': '-75.1908'}, 'uid': 102, 'name': 'test uid 102'}}, 'self.log_file': 'gui_dump.log', 'dump_timestamp': 'EUS 2016-05-02 14:26:57.371834', 'self.errors': {}, 'self.out_json_obj': {}}
I/python  ( 1190): Original myUID:  100
I/python  ( 1190): Dummy myUID:  100
