I/python  ( 1190): self.user_data {100: {'markerStruct': {'paint_level': 99, 'batteries': [0], 'tank_pressure': 5}, 'posStruct': {'lat': '39.9557', 'planet': 'earth', 'altitude': 5, 'heading': 238, 'long': '-75.1899'}, 'uid': 100, 'name': 'test uid 100'}, 101: {'markerStruct': {'paint_level': 5, 'batteries': [0], 'tank_pressure': 61}, 'posStruct': {'lat': '39.956', 'planet': 'earth', 'altitude': -37, 'heading': 86, 'long': '-75.1904'}, 'uid': 101, 'name': 'test uid 101'}, 102: {'markerStruct': {'paint_level': 82, 'batteries': [0], 'tank_pressure': 23}, 'posStruct': {'lat': '39.9568', 'planet': 'earth', 'altitude': 47, 'heading': 34, 'long': '-75.1902'}, 'uid': 102, 'name': 'test uid 102'}}
I/python  ( 1190): 1462217243.94 Drawing scope_canvas...
I/python  ( 1190): uid_me:  102
I/python  ( 1190): Bearing = 168.191991378
I/python  ( 1190): Trying to draw user...
I/python  ( 1190): Done drawing user icon
I/python  ( 1190): Bearing = 190.848327012
I/python  ( 1190): Trying to draw user...
I/python  ( 1190): Done drawing user icon
I/python  ( 1190): Painted Users:  True
I/python  ( 1190): 1462217243.96 Done
I/python  ( 1190): Inside updateDisplay
I/python  ( 1190): Trying to draw user...
I/python  ( 1190): Done drawing user icon
I/python  ( 1190): 1462217244.02 Starting...
I/python  ( 1190): Building position update message...
I/python  ( 1190): 1462217244.35 Requesting list of users...
I/python  ( 1190): User List Not Found...
I/python  ( 1190): Dumping:
I/python  ( 1190): {'self.in_json_obj': {}, 'self.users': {100: {'markerStruct': {'paint_level': 99, 'batteries': [0], 'tank_pressure': 5}, 'posStruct': {'lat': '39.9557', 'planet': 'earth', 'altitude': 5, 'heading': 238, 'long': '-75.1899'}, 'uid': 100, 'name': 'test uid 100'}, 101: {'markerStruct': {'paint_level': 5, 'batteries': [0], 'tank_pressure': 61}, 'posStruct': {'lat': '39.956', 'planet': 'earth', 'altitude': -37, 'heading': 86, 'long': '-75.1904'}, 'uid': 101, 'name': 'test uid 101'}, 102: {'markerStruct': {'paint_level': 82, 'batteries': [0], 'tank_pressure': 23}, 'posStruct': {'lat': '39.9568', 'planet': 'earth', 'altitude': 47, 'heading': 34, 'long': '-75.1902'}, 'uid': 102, 'name': 'test uid 102'}}, 'self.log_file': 'gui_dump.log', 'dump_timestamp': 'EUS 2016-05-02 14:27:24.586464', 'self.errors': {}, 'self.out_json_obj': {}}
I/python  ( 1190): Original myUID:  102
I/python  ( 1190): Dummy myUID:  102
I/python  ( 1190): self.user_data {100: {'markerStruct': {'paint_level': 60, 'batteries': [0], 'tank_pressure': 67}, 'posStruct': {'lat': '39.9575', 'planet': 'earth', 'altitude': 15, 'heading': 96, 'long': '-75.1906'}, 'uid': 100, 'name': 'test uid 100'}, 101: {'markerStruct': {'paint_level': 87, 'batteries': [0], 'tank_pressure': 63}, 'posStruct': {'lat': '39.9564', 'planet': 'earth', 'altitude': 52, 'heading': 273, 'long': '-75.1889'}, 'uid': 101, 'name': 'test uid 101'}, 102: {'markerStruct': {'paint_level': 19, 'batteries': [0], 'tank_pressure': 69}, 'posStruct': {'lat': '39.9563', 'planet': 'earth', 'altitude': 29, 'heading': 261, 'long': '-75.1904'}, 'uid': 102, 'name': 'test uid 102'}}
I/python  ( 1190): 1462217244.71 Drawing scope_canvas...
I/python  ( 1190): uid_me:  102
I/python  ( 1190): Bearing = 352.719700616
I/python  ( 1190): Trying to draw user...
I/python  ( 1190): Done drawing user icon
I/python  ( 1190): Bearing = 85.0289212795
I/python  ( 1190): Trying to draw user...
I/python  ( 1190): Done drawing user icon
I/python  ( 1190): Painted Users:  True
I/python  ( 1190): 1462217244.73 Done
I/python  ( 1190): Inside updateDisplay
I/python  ( 1190): Trying to draw user...
I/python  ( 1190): Done drawing user icon
I/python  ( 1190): 1462217245.02 Starting...
I/python  ( 1190): Building position update message...
D/skia    (11327): SkGraphics::Init() - BLTsville (CPU) dlopen success
D/AndroidRuntime(11327): 
D/AndroidRuntime(11327): >>>>>> AndroidRuntime START com.android.internal.os.RuntimeInit <<<<<<
D/AndroidRuntime(11327): CheckJNI is OFF
D/dalvikvm(11327): Trying to load lib libjavacore.so 0x0
D/dalvikvm(11327): Added shared lib libjavacore.so 0x0
D/dalvikvm(11327): Trying to load lib libnativehelper.so 0x0
D/dalvikvm(11327): Added shared lib libnativehelper.so 0x0
D/AndroidRuntime(11327): Calling main entry com.android.commands.input.Input
I/Input   (11327): InjectKeyEvent: KeyEvent { action=ACTION_DOWN, keyCode=KEYCODE_DPAD_CENTER, scanCode=0, metaState=0, flags=0x0, repeatCount=0, eventTime=765624, downTime=765624, deviceId=-1, source=0x101 }
I/Input   (11327): InjectKeyEvent: KeyEvent { action=ACTION_UP, keyCode=KEYCODE_DPAD_CENTER, scanCode=0, metaState=0, flags=0x0, repeatCount=0, eventTime=765624, downTime=765624, deviceId=-1, source=0x101 }
D/AndroidRuntime(11327): Shutting down VM
I/AndroidRuntime(11327): NOTE: attach of thread 'Binder_2' failed
I/python  ( 1190): 1462217245.58 Requesting list of users...
D/skia    (11327): SkGraphics::Term() dlclose() BLTsville (CPU) 
I/python  ( 1190): User List Not Found...
I/python  ( 1190): Dumping:
I/python  ( 1190): {'self.in_json_obj': {}, 'self.users': {100: {'markerStruct': {'paint_level': 60, 'batteries': [0], 'tank_pressure': 67}, 'posStruct': {'lat': '39.9575', 'planet': 'earth', 'altitude': 15, 'heading': 96, 'long': '-75.1906'}, 'uid': 100, 'name': 'test uid 100'}, 101: {'markerStruct': {'paint_level': 87, 'batteries': [0], 'tank_pressure': 63}, 'posStruct': {'lat': '39.9564', 'planet': 'earth', 'altitude': 52, 'heading': 273, 'long': '-75.1889'}, 'uid': 101, 'name': 'test uid 101'}, 102: {'markerStruct': {'paint_level': 19, 'batteries': [0], 'tank_pressure': 69}, 'posStruct': {'lat': '39.9563', 'planet': 'earth', 'altitude': 29, 'heading': 261, 'long': '-75.1904'}, 'uid': 102, 'name': 'test uid 102'}}, 'self.log_file': 'gui_dump.log', 'dump_timestamp': 'EUS 2016-05-02 14:27:25.972023', 'self.errors': {}, 'self.out_json_obj': {}}
I/python  ( 1190): Original myUID:  102
I/python  ( 1190): Dummy myUID:  102
I/python  ( 1190): self.user_data {100: {'markerStruct': {'paint_level': 35, 'batteries': [0], 'tank_pressure': 12}, 'posStruct': {'lat': '39.9558', 'planet': 'earth', 'altitude': 70, 'heading': 243, 'long': '-75.1896'}, 'uid': 100, 'name': 'test uid 100'}, 101: {'markerStruct': {'paint_level': 81, 'batteries': [0], 'tank_pressure': 97}, 'posStruct': {'lat': '39.9565', 'planet': 'earth', 'altitude': -60, 'heading': 351, 'long': '-75.1902'}, 'uid': 101, 'name': 'test uid 101'}, 102: {'markerStruct': {'paint_level': 85, 'batteries': [0], 'tank_pressure': 11}, 'posStruct': {'lat': '39.9558', 'planet': 'earth', 'altitude': -33, 'heading': 202, 'long': '-75.1897'}, 'uid': 102, 'name': 'test uid 102'}}
I/python  ( 1190): 1462217246.01 Drawing scope_canvas...
I/python  ( 1190): uid_me:  102
I/python  ( 1190): Bearing = 89.9999678893
I/python  ( 1190): Trying to draw user...
I/python  ( 1190): Done drawing user icon
I/python  ( 1190): Bearing = 331.298316989
I/python  ( 1190): Trying to draw user...
I/python  ( 1190): Done drawing user icon
I/python  ( 1190): Painted Users:  True
I/python  ( 1190): 1462217246.03 Done
I/python  ( 1190): ('The key', 13, 'have been pressed')
I/python  ( 1190):  - text is 23
I/python  ( 1190):  - modifiers are []
I/python  ( 1190): Issue adjusting the zoom level
I/python  ( 1190): uid ind/total:  0 3
I/python  ( 1190): Inside updateDisplay
I/python  ( 1190): Trying to draw user...
I/python  ( 1190): Done drawing user icon
I/python  ( 1190): 1462217246.13 Starting...
I/python  ( 1190): Building position update message...
I/python  ( 1190): 1462217246.53 Requesting list of users...
I/python  ( 1190): User List Not Found...
I/python  ( 1190): Dumping:
I/python  ( 1190): {'self.in_json_obj': {}, 'self.users': {100: {'markerStruct': {'paint_level': 35, 'batteries': [0], 'tank_pressure': 12}, 'posStruct': {'lat': '39.9558', 'planet': 'earth', 'altitude': 70, 'heading': 243, 'long': '-75.1896'}, 'uid': 100, 'name': 'test uid 100'}, 101: {'markerStruct': {'paint_level': 81, 'batteries': [0], 'tank_pressure': 97}, 'posStruct': {'lat': '39.9565', 'planet': 'earth', 'altitude': -60, 'heading': 351, 'long': '-75.1902'}, 'uid': 101, 'name': 'test uid 101'}, 102: {'markerStruct': {'paint_level': 85, 'batteries': [0], 'tank_pressure': 11}, 'posStruct': {'lat': '39.9558', 'planet': 'earth', 'altitude': -33, 'heading': 202, 'long': '-75.1897'}, 'uid': 102, 'name': 'test uid 102'}}, 'self.log_file': 'gui_dump.log', 'dump_timestamp': 'EUS 2016-05-02 14:27:26.840401', 'self.errors': {}, 'self.out_json_obj': {}}
I/python  ( 1190): Original myUID:  100
I/python  ( 1190): Dummy myUID:  100
I/python  ( 1190): self.user_data {100: {'markerStruct': {'paint_level': 40, 'batteries': [0], 'tank_pressure': 6}, 'posStruct': {'lat': '39.9566', 'planet': 'earth', 'altitude': 41, 'heading': 348, 'long': '-75.1898'}, 'uid': 100, 'name': 'test uid 100'}, 101: {'markerStruct': {'paint_level': 91, 'batteries': [0], 'tank_pressure': 58}, 'posStruct': {'lat': '39.956', 'planet': 'earth', 'altitude': -7, 'heading': 335, 'long': '-75.1898'}, 'uid': 101, 'name': 'test uid 101'}, 102: {'markerStruct': {'paint_level': 85, 'batteries': [0], 'tank_pressure': 10}, 'posStruct': {'lat': '39.956', 'planet': 'earth', 'altitude': 74, 'heading': 237, 'long': '-75.1907'}, 'uid': 102, 'name': 'test uid 102'}}
I/python  ( 1190): 1462217246.87 Drawing scope_canvas...
I/python  ( 1190): uid_me:  100
I/python  ( 1190): Bearing = 180.0
I/python  ( 1190): Trying to draw user...
I/python  ( 1190): Done drawing user icon
I/python  ( 1190): Bearing = 228.986310071
I/python  ( 1190): Trying to draw user...
I/python  ( 1190): Done drawing user icon
I/python  ( 1190): Painted Users:  True
I/python  ( 1190): 1462217246.89 Done
I/python  ( 1190): Inside updateDisplay
I/python  ( 1190): Trying to draw user...
I/python  ( 1190): Done drawing user icon
I/python  ( 1190): 1462217247.13 Starting...
I/python  ( 1190): Building position update message...
I/python  ( 1190): 1462217247.35 Requesting list of users...
I/python  ( 1190): User List Not Found...
I/python  ( 1190): Dumping:
I/python  ( 1190): {'self.in_json_obj': {}, 'self.users': {100: {'markerStruct': {'paint_level': 40, 'batteries': [0], 'tank_pressure': 6}, 'posStruct': {'lat': '39.9566', 'planet': 'earth', 'altitude': 41, 'heading': 348, 'long': '-75.1898'}, 'uid': 100, 'name': 'test uid 100'}, 101: {'markerStruct': {'paint_level': 91, 'batteries': [0], 'tank_pressure': 58}, 'posStruct': {'lat': '39.956', 'planet': 'earth', 'altitude': -7, 'heading': 335, 'long': '-75.1898'}, 'uid': 101, 'name': 'test uid 101'}, 102: {'markerStruct': {'paint_level': 85, 'batteries': [0], 'tank_pressure': 10}, 'posStruct': {'lat': '39.956', 'planet': 'earth', 'altitude': 74, 'heading': 237, 'long': '-75.1907'}, 'uid': 102, 'name': 'test uid 102'}}, 'self.log_file': 'gui_dump.log', 'dump_timestamp': 'EUS 2016-05-02 14:27:27.610909', 'self.errors': {}, 'self.out_json_obj': {}}
I/python  ( 1190): Original myUID:  100
I/python  ( 1190): Dummy myUID:  100
I/python  ( 1190): self.user_data {100: {'markerStruct': {'paint_level': 29, 'batteries': [0], 'tank_pressure': 30}, 'posStruct': {'lat': '39.9567', 'planet': 'earth', 'altitude': 73, 'heading': 3, 'long': '-75.1896'}, 'uid': 100, 'name': 'test uid 100'}, 101: {'markerStruct': {'paint_level': 30, 'batteries': [0], 'tank_pressure': 16}, 'posStruct': {'lat': '39.9568', 'planet': 'earth', 'altitude': 51, 'heading': 237, 'long': '-75.19'}, 'uid': 101, 'name': 'test uid 101'}, 102: {'markerStruct': {'paint_level': 15, 'batteries': [0], 'tank_pressure': 70}, 'posStruct': {'lat': '39.9567', 'planet': 'earth', 'altitude': 76, 'heading': 335, 'long': '-75.1907'}, 'uid': 102, 'name': 'test uid 102'}}
I/python  ( 1190): 1462217247.64 Drawing scope_canvas...
I/python  ( 1190): uid_me:  100
I/python  ( 1190): Bearing = 288.063623702
I/python  ( 1190): Trying to draw user...
I/python  ( 1190): Done drawing user icon
I/python  ( 1190): Bearing = 270.000353215
I/python  ( 1190): Trying to draw user...
I/python  ( 1190): Done drawing user icon
I/python  ( 1190): Painted Users:  True
I/python  ( 1190): 1462217247.68 Done
I/python  ( 1190): Inside updateDisplay
I/python  ( 1190): Trying to draw user...
I/python  ( 1190): Done drawing user icon
I/python  ( 1190): 1462217248.38 Starting...
I/python  ( 1190): Building position update message...
I/python  ( 1190): 1462217248.71 Requesting list of users...
I/python  ( 1190): User List Not Found...
I/python  ( 1190): Dumping:
I/python  ( 1190): {'self.in_json_obj': {}, 'self.users': {100: {'markerStruct': {'paint_level': 29, 'batteries': [0], 'tank_pressure': 30}, 'posStruct': {'lat': '39.9567', 'planet': 'earth', 'altitude': 73, 'heading': 3, 'long': '-75.1896'}, 'uid': 100, 'name': 'test uid 100'}, 101: {'markerStruct': {'paint_level': 30, 'batteries': [0], 'tank_pressure': 16}, 'posStruct': {'lat': '39.9568', 'planet': 'earth', 'altitude': 51, 'heading': 237, 'long': '-75.19'}, 'uid': 101, 'name': 'test uid 101'}, 102: {'markerStruct': {'paint_level': 15, 'batteries': [0], 'tank_pressure': 70}, 'posStruct': {'lat': '39.9567', 'planet': 'earth', 'altitude': 76, 'heading': 335, 'long': '-75.1907'}, 'uid': 102, 'name': 'test uid 102'}}, 'self.log_file': 'gui_dump.log', 'dump_timestamp': 'EUS 2016-05-02 14:27:29.142312', 'self.errors': {}, 'self.out_json_obj': {}}
I/python  ( 1190): Original myUID:  100
I/python  ( 1190): Dummy myUID:  100
I/python  ( 1190): self.user_data {100: {'markerStruct': {'paint_level': 84, 'batteries': [0], 'tank_pressure': 8}, 'posStruct': {'lat': '39.9561', 'planet': 'earth', 'altitude': 10, 'heading': 303, 'long': '-75.1891'}, 'uid': 100, 'name': 'test uid 100'}, 101: {'markerStruct': {'paint_level': 53, 'batteries': [0], 'tank_pressure': 5}, 'posStruct': {'lat': '39.9576', 'planet': 'earth', 'altitude': -45, 'heading': 142, 'long': '-75.1906'}, 'uid': 101, 'name': 'test uid 101'}, 102: {'markerStruct': {'paint_level': 23, 'batteries': [0], 'tank_pressure': 75}, 'posStruct': {'lat': '39.9558', 'planet': 'earth', 'altitude': -87, 'heading': 131, 'long': '-75.189'}, 'uid': 102, 'name': 'test uid 102'}}
I/python  ( 1190): 1462217249.18 Drawing scope_canvas...
I/python  ( 1190): uid_me:  100
I/python  ( 1190): Bearing = 322.529294907
I/python  ( 1190): Trying to draw user...
I/python  ( 1190): Done drawing user icon
I/python  ( 1190): Bearing = 165.666831972
I/python  ( 1190): Trying to draw user...
I/python  ( 1190): Done drawing user icon
I/python  ( 1190): Painted Users:  True
I/python  ( 1190): 1462217249.2 Done
I/python  ( 1190): Inside updateDisplay
I/python  ( 1190): Trying to draw user...
I/python  ( 1190): Done drawing user icon
I/python  ( 1190): 1462217249.29 Starting...
I/python  ( 1190): Building position update message...
I/python  ( 1190): 1462217250.87 Requesting list of users...
I/python  ( 1190): User List Not Found...
I/python  ( 1190): Dumping:
I/python  ( 1190): {'self.in_json_obj': {}, 'self.users': {100: {'markerStruct': {'paint_level': 84, 'batteries': [0], 'tank_pressure': 8}, 'posStruct': {'lat': '39.9561', 'planet': 'earth', 'altitude': 10, 'heading': 303, 'long': '-75.1891'}, 'uid': 100, 'name': 'test uid 100'}, 101: {'markerStruct': {'paint_level': 53, 'batteries': [0], 'tank_pressure': 5}, 'posStruct': {'lat': '39.9576', 'planet': 'earth', 'altitude': -45, 'heading': 142, 'long': '-75.1906'}, 'uid': 101, 'name': 'test uid 101'}, 102: {'markerStruct': {'paint_level': 23, 'batteries': [0], 'tank_pressure': 75}, 'posStruct': {'lat': '39.9558', 'planet': 'earth', 'altitude': -87, 'heading': 131, 'long': '-75.189'}, 'uid': 102, 'name': 'test uid 102'}}, 'self.log_file': 'gui_dump.log', 'dump_timestamp': 'EUS 2016-05-02 14:27:31.247536', 'self.errors': {}, 'self.out_json_obj': {}}
I/python  ( 1190): Original myUID:  100
I/python  ( 1190): Dummy myUID:  100
I/python  ( 1190): self.user_data {100: {'markerStruct': {'paint_level': 43, 'batteries': [0], 'tank_pressure': 61}, 'posStruct': {'lat': '39.9576', 'planet': 'earth', 'altitude': -30, 'heading': 102, 'long': '-75.1905'}, 'uid': 100, 'name': 'test uid 100'}, 101: {'markerStruct': {'paint_level': 27, 'batteries': [0], 'tank_pressure': 14}, 'posStruct': {'lat': '39.957', 'planet': 'earth', 'altitude': 29, 'heading': 53, 'long': '-75.1907'}, 'uid': 101, 'name': 'test uid 101'}, 102: {'markerStruct': {'paint_level': 46, 'batteries': [0], 'tank_pressure': 99}, 'posStruct': {'lat': '39.957', 'planet': 'earth', 'altitude': -73, 'heading': 192, 'long': '-75.1904'}, 'uid': 102, 'name': 'test uid 102'}}
I/python  ( 1190): 1462217251.27 Drawing scope_canvas...
I/python  ( 1190): uid_me:  100
I/python  ( 1190): Bearing = 194.332928857
I/python  ( 1190): Trying to draw user...
I/python  ( 1190): Done drawing user icon
I/python  ( 1190): Bearing = 172.719646411
I/python  ( 1190): Trying to draw user...
I/python  ( 1190): Done drawing user icon
I/python  ( 1190): Painted Users:  True
I/python  ( 1190): 1462217251.3 Done
I/python  ( 1190): Inside updateDisplay
I/python  ( 1190): Trying to draw user...
I/python  ( 1190): Done drawing user icon
I/python  ( 1190): 1462217251.35 Starting...
I/python  ( 1190): Building position update message...
I/python  ( 1190): 1462217251.76 Requesting list of users...
I/python  ( 1190): User List Not Found...
I/python  ( 1190): Dumping:
I/python  ( 1190): {'self.in_json_obj': {}, 'self.users': {100: {'markerStruct': {'paint_level': 43, 'batteries': [0], 'tank_pressure': 61}, 'posStruct': {'lat': '39.9576', 'planet': 'earth', 'altitude': -30, 'heading': 102, 'long': '-75.1905'}, 'uid': 100, 'name': 'test uid 100'}, 101: {'markerStruct': {'paint_level': 27, 'batteries': [0], 'tank_pressure': 14}, 'posStruct': {'lat': '39.957', 'planet': 'earth', 'altitude': 29, 'heading': 53, 'long': '-75.1907'}, 'uid': 101, 'name': 'test uid 101'}, 102: {'markerStruct': {'paint_level': 46, 'batteries': [0], 'tank_pressure': 99}, 'posStruct': {'lat': '39.957', 'planet': 'earth', 'altitude': -73, 'heading': 192, 'long': '-75.1904'}, 'uid': 102, 'name': 'test uid 102'}}, 'self.log_file': 'gui_dump.log', 'dump_timestamp': 'EUS 2016-05-02 14:27:32.121834', 'self.errors': {}, 'self.out_json_obj': {}}
I/python  ( 1190): Original myUID:  100
I/python  ( 1190): Dummy myUID:  100
I/python  ( 1190): self.user_data {100: {'markerStruct': {'paint_level': 55, 'batteries': [0], 'tank_pressure': 73}, 'posStruct': {'lat': '39.9568', 'planet': 'earth', 'altitude': 30, 'heading': 235, 'long': '-75.1908'}, 'uid': 100, 'name': 'test uid 100'}, 101: {'markerStruct': {'paint_level': 44, 'batteries': [0], 'tank_pressure': 29}, 'posStruct': {'lat': '39.9575', 'planet': 'earth', 'altitude': 92, 'heading': 263, 'long': '-75.1891'}, 'uid': 101, 'name': 'test uid 101'}, 102: {'markerStruct': {'paint_level': 49, 'batteries': [0], 'tank_pressure': 71}, 'posStruct': {'lat': '39.9568', 'planet': 'earth', 'altitude': 89, 'heading': 26, 'long': '-75.1892'}, 'uid': 102, 'name': 'test uid 102'}}
I/python  ( 1190): 1462217252.16 Drawing scope_canvas...
I/python  ( 1190): uid_me:  100
I/python  ( 1190): Bearing = 61.755487104
I/python  ( 1190): Trying to draw user...
I/python  ( 1190): Done drawing user icon
I/python  ( 1190): Bearing = 89.9994862321
I/python  ( 1190): Trying to draw user...
I/python  ( 1190): Done drawing user icon
I/python  ( 1190): Painted Users:  True
I/python  ( 1190): 1462217252.19 Done
I/python  ( 1190): Inside updateDisplay
I/python  ( 1190): Trying to draw user...
I/python  ( 1190): Done drawing user icon
I/python  ( 1190): 1462217252.4 Starting...
I/python  ( 1190): Building position update message...
I/python  ( 1190): 1462217253.36 Requesting list of users...
I/python  ( 1190): User List Not Found...
I/python  ( 1190): Dumping:
I/python  ( 1190): {'self.in_json_obj': {}, 'self.users': {100: {'markerStruct': {'paint_level': 55, 'batteries': [0], 'tank_pressure': 73}, 'posStruct': {'lat': '39.9568', 'planet': 'earth', 'altitude': 30, 'heading': 235, 'long': '-75.1908'}, 'uid': 100, 'name': 'test uid 100'}, 101: {'markerStruct': {'paint_level': 44, 'batteries': [0], 'tank_pressure': 29}, 'posStruct': {'lat': '39.9575', 'planet': 'earth', 'altitude': 92, 'heading': 263, 'long': '-75.1891'}, 'uid': 101, 'name': 'test uid 101'}, 102: {'markerStruct': {'paint_level': 49, 'batteries': [0], 'tank_pressure': 71}, 'posStruct': {'lat': '39.9568', 'planet': 'earth', 'altitude': 89, 'heading': 26, 'long': '-75.1892'}, 'uid': 102, 'name': 'test uid 102'}}, 'self.log_file': 'gui_dump.log', 'dump_timestamp': 'EUS 2016-05-02 14:27:34.015664', 'self.errors': {}, 'self.out_json_obj': {}}
I/python  ( 1190): Original myUID:  100
I/python  ( 1190): Dummy myUID:  100
I/python  ( 1190): self.user_data {100: {'markerStruct': {'paint_level': 84, 'batteries': [0], 'tank_pressure': 94}, 'posStruct': {'lat': '39.9564', 'planet': 'earth', 'altitude': 92, 'heading': 31, 'long': '-75.1903'}, 'uid': 100, 'name': 'test uid 100'}, 101: {'markerStruct': {'paint_level': 84, 'batteries': [0], 'tank_pressure': 85}, 'posStruct': {'lat': '39.9575', 'planet': 'earth', 'altitude': -47, 'heading': 333, 'long': '-75.189'}, 'uid': 101, 'name': 'test uid 101'}, 102: {'markerStruct': {'paint_level': 0, 'batteries': [0], 'tank_pressure': 46}, 'posStruct': {'lat': '39.9558', 'planet': 'earth', 'altitude': -57, 'heading': 341, 'long': '-75.1905'}, 'uid': 102, 'name': 'test uid 102'}}
I/python  ( 1190): 1462217254.27 Drawing scope_canvas...
I/python  ( 1190): uid_me:  100
I/python  ( 1190): Bearing = 42.1728803897
I/python  ( 1190): Trying to draw user...
I/python  ( 1190): Done drawing user icon
I/python  ( 1190): Bearing = 194.333169996
I/python  ( 1190): Trying to draw user...
I/python  ( 1190): Done drawing user icon
I/python  ( 1190): Painted Users:  True
I/python  ( 1190): 1462217254.55 Done
I/python  ( 1190): Inside updateDisplay
I/python  ( 1190): Trying to draw user...
I/python  ( 1190): Done drawing user icon
I/python  ( 1190): 1462217254.82 Starting...
I/python  ( 1190): Building position update message...
I/python  ( 1190): 1462217255.78 Requesting list of users...
I/python  ( 1190): User List Not Found...
I/python  ( 1190): Dumping:
I/python  ( 1190): {'self.in_json_obj': {}, 'self.users': {100: {'markerStruct': {'paint_level': 84, 'batteries': [0], 'tank_pressure': 94}, 'posStruct': {'lat': '39.9564', 'planet': 'earth', 'altitude': 92, 'heading': 31, 'long': '-75.1903'}, 'uid': 100, 'name': 'test uid 100'}, 101: {'markerStruct': {'paint_level': 84, 'batteries': [0], 'tank_pressure': 85}, 'posStruct': {'lat': '39.9575', 'planet': 'earth', 'altitude': -47, 'heading': 333, 'long': '-75.189'}, 'uid': 101, 'name': 'test uid 101'}, 102: {'markerStruct': {'paint_level': 0, 'batteries': [0], 'tank_pressure': 46}, 'posStruct': {'lat': '39.9558', 'planet': 'earth', 'altitude': -57, 'heading': 341, 'long': '-75.1905'}, 'uid': 102, 'name': 'test uid 102'}}, 'self.log_file': 'gui_dump.log', 'dump_timestamp': 'EUS 2016-05-02 14:27:35.802193', 'self.errors': {}, 'self.out_json_obj': {}}
I/python  ( 1190): Original myUID:  100
I/python  ( 1190): Dummy myUID:  100
I/python  ( 1190): self.user_data {100: {'markerStruct': {'paint_level': 0, 'batteries': [0], 'tank_pressure': 50}, 'posStruct': {'lat': '39.9563', 'planet': 'earth', 'altitude': 52, 'heading': 167, 'long': '-75.1891'}, 'uid': 100, 'name': 'test uid 100'}, 101: {'markerStruct': {'paint_level': 71, 'batteries': [0], 'tank_pressure': 34}, 'posStruct': {'lat': '39.9571', 'planet': 'earth', 'altitude': -21, 'heading': 249, 'long': '-75.1902'}, 'uid': 101, 'name': 'test uid 101'}, 102: {'markerStruct': {'paint_level': 10, 'batteries': [0], 'tank_pressure': 22}, 'posStruct': {'lat': '39.957', 'planet': 'earth', 'altitude': -82, 'heading': 175, 'long': '-75.1901'}, 'uid': 102, 'name': 'test uid 102'}}
I/python  ( 1190): 1462217255.84 Drawing scope_canvas...
I/python  ( 1190): uid_me:  100
I/python  ( 1190): Bearing = 313.494961496
I/python  ( 1190): Trying to draw user...
I/python  ( 1190): Done drawing user icon
I/python  ( 1190): Bearing = 312.4028244
I/python  ( 1190): Trying to draw user...
I/python  ( 1190): Done drawing user icon
I/python  ( 1190): Painted Users:  True
I/python  ( 1190): 1462217255.89 Done
I/python  ( 1190): Inside updateDisplay
I/python  ( 1190): Trying to draw user...
I/python  ( 1190): Done drawing user icon
I/python  ( 1190): 1462217256.08 Starting...
I/python  ( 1190): Building position update message...
I/python  ( 1190): 1462217257.46 Requesting list of users...
I/python  ( 1190): User List Not Found...
I/python  ( 1190): Dumping:
I/python  ( 1190): {'self.in_json_obj': {}, 'self.users': {100: {'markerStruct': {'paint_level': 0, 'batteries': [0], 'tank_pressure': 50}, 'posStruct': {'lat': '39.9563', 'planet': 'earth', 'altitude': 52, 'heading': 167, 'long': '-75.1891'}, 'uid': 100, 'name': 'test uid 100'}, 101: {'markerStruct': {'paint_level': 71, 'batteries': [0], 'tank_pressure': 34}, 'posStruct': {'lat': '39.9571', 'planet': 'earth', 'altitude': -21, 'heading': 249, 'long': '-75.1902'}, 'uid': 101, 'name': 'test uid 101'}, 102: {'markerStruct': {'paint_level': 10, 'batteries': [0], 'tank_pressure': 22}, 'posStruct': {'lat': '39.957', 'planet': 'earth', 'altitude': -82, 'heading': 175, 'long': '-75.1901'}, 'uid': 102, 'name': 'test uid 102'}}, 'self.log_file': 'gui_dump.log', 'dump_timestamp': 'EUS 2016-05-02 14:27:38.151864', 'self.errors': {}, 'self.out_json_obj': {}}
D/skia    (13588): SkGraphics::Init() - BLTsville (CPU) dlopen success
D/AndroidRuntime(13588): 
D/AndroidRuntime(13588): >>>>>> AndroidRuntime START com.android.internal.os.RuntimeInit <<<<<<
D/AndroidRuntime(13588): CheckJNI is OFF
D/dalvikvm(13588): Trying to load lib libjavacore.so 0x0
D/dalvikvm(13588): Added shared lib libjavacore.so 0x0
D/dalvikvm(13588): Trying to load lib libnativehelper.so 0x0
D/dalvikvm(13588): Added shared lib libnativehelper.so 0x0
D/AndroidRuntime(13588): Calling main entry com.android.commands.input.Input
I/Input   (13588): InjectKeyEvent: KeyEvent { action=ACTION_DOWN, keyCode=KEYCODE_BACK, scanCode=0, metaState=0, flags=0x0, repeatCount=0, eventTime=779546, downTime=779546, deviceId=-1, source=0x101 }
I/Input   (13588): InjectKeyEvent: KeyEvent { action=ACTION_UP, keyCode=KEYCODE_BACK, scanCode=0, metaState=0, flags=0x0, repeatCount=0, eventTime=779546, downTime=779546, deviceId=-1, source=0x101 }
D/AndroidRuntime(13588): Shutting down VM
I/AndroidRuntime(13588): NOTE: attach of thread 'Binder_3' failed
I/python  ( 1190): Original myUID:  100
I/python  ( 1190): Dummy myUID:  100
D/BTProperty(  582): getBTConnectionState from Settings.System
D/BTProperty(  582): BTConnectionState = 0
I/GeodataService(  535): service state: SERVICE_READY_WITH_USER_LOCATION_LOADING_DATA
D/skia    (13588): SkGraphics::Term() dlclose() BLTsville (CPU) 
I/python  ( 1190): self.user_data {100: {'markerStruct': {'paint_level': 53, 'batteries': [0], 'tank_pressure': 54}, 'posStruct': {'lat': '39.9573', 'planet': 'earth', 'altitude': -7, 'heading': 121, 'long': '-75.19'}, 'uid': 100, 'name': 'test uid 100'}, 101: {'markerStruct': {'paint_level': 59, 'batteries': [0], 'tank_pressure': 71}, 'posStruct': {'lat': '39.9566', 'planet': 'earth', 'altitude': 39, 'heading': 351, 'long': '-75.1899'}, 'uid': 101, 'name': 'test uid 101'}, 102: {'markerStruct': {'paint_level': 9, 'batteries': [0], 'tank_pressure': 36}, 'posStruct': {'lat': '39.956', 'planet': 'earth', 'altitude': -11, 'heading': 158, 'long': '-75.1897'}, 'uid': 102, 'name': 'test uid 102'}}
I/python  ( 1190): 1462217260.11 Drawing scope_canvas...
I/python  ( 1190): uid_me:  100
I/python  ( 1190): Bearing = 173.750756378
I/python  ( 1190): Trying to draw user...
I/python  ( 1190): Done drawing user icon
I/python  ( 1190): Bearing = 169.968528156
I/python  ( 1190): Trying to draw user...
I/python  ( 1190): Done drawing user icon
I/python  ( 1190): Painted Users:  True
I/python  ( 1190): 1462217260.17 Done
I/python  ( 1190): ('The key', 27, 'have been pressed')
I/python  ( 1190):  - text is 4
I/python  ( 1190):  - modifiers are []
I/python  ( 1190): Issue adjusting the zoom level
I/python  ( 1190): [INFO              ] [Base        ] Leaving application in progress...
D/BTProperty(  582): getBTConnectionState from Settings.System
D/BTProperty(  582): BTConnectionState = 0
I/NAVD.GPSC_MGP(  870): +++ gpsc_mgp_process_msg: Ephemeris Report Received. SV ID: 7 +++
I/NAVD.GPSC_MGP(  870): +++ gpsc_mgp_process_msg: Ephemeris Report Received. SV ID: 23 +++
D/ReconBaseDataSource(  535): BASE DATA: Preloaded tile# 519008785 load time: 1675 for 3 objects  num left = 48
I/NAVD.GPSC_MGP(  870): +++ gpsc_mgp_process_msg: Almanac Report Received. SV ID: 16 +++
D/ReconBaseDataSource(  535): BASE DATA: Preloaded tile# 519108782 load time: 3717 for 15 objects  num left = 47
D/ReconBaseDataSource(  535): BASE DATA: Preloaded tile# 519008790 load time: 1263 for 3 objects  num left = 46
I/dalvikvm-heap(  535): Grow heap (frag case) to 7.077MB for 8718-byte allocation
D/ReconBaseDataSource(  535): BASE DATA: Preloaded tile# 519008788 load time: 5199 for 19 objects  num left = 45
D/ReconBaseDataSource(  535): BASE DATA: Preloaded tile# 519008786 load time: 5488 for 4 objects  num left = 44
D/ReconBaseDataSource(  535): BASE DATA: Preloaded tile# 519008789 load time: 5406 for 20 objects  num left = 43
I/dalvikvm-heap(  535): Grow heap (frag case) to 7.518MB for 17422-byte allocation
D/ReconBaseDataSource(  535): BASE DATA: Preloaded tile# 519008784 load time: 5443 for 75 objects  num left = 42
D/ReconBaseDataSource(  535): BASE DATA: Preloaded tile# 519108781 load time: 7311 for 42 objects  num left = 41
D/ReconBaseDataSource(  535): BASE DATA: Preloaded tile# 519108785 load time: 8438 for 27 objects  num left = 40
D/ReconBaseDataSource(  535): BASE DATA: Preloaded tile# 519208778 load time: 8938 for 54 objects  num left = 39
D/ReconBaseDataSource(  535): BASE DATA: Preloaded tile# 519108783 load time: 10375 for 28 objects  num left = 38
D/ReconBaseDataSource(  535): BASE DATA: Preloaded tile# 519208779 load time: 10866 for 35 objects  num left = 37
D/ReconBaseDataSource(  535): BASE DATA: Preloaded tile# 519008787 load time: 10120 for 21 objects  num left = 36
D/ReconBaseDataSource(  535): BASE DATA: Preloaded tile# 519308780 load time: 10270 for 26 objects  num left = 35
D/ReconBaseDataSource(  535): BASE DATA: Preloaded tile# 519208783 load time: 10678 for 20 objects  num left = 34
D/ReconBaseDataSource(  535): BASE DATA: Preloaded tile# 519108780 load time: 8840 for 62 objects  num left = 33
D/ReconBaseDataSource(  535): BASE DATA: Preloaded tile# 519108786 load time: 14776 for 17 objects  num left = 32
D/ReconBaseDataSource(  535): BASE DATA: Preloaded tile# 519208782 load time: 17146 for 50 objects  num left = 31
D/skia    (17750): SkGraphics::Init() - BLTsville (CPU) dlopen success
D/AndroidRuntime(17750): 
D/AndroidRuntime(17750): >>>>>> AndroidRuntime START com.android.internal.os.RuntimeInit <<<<<<
D/AndroidRuntime(17750): CheckJNI is OFF
D/dalvikvm(17750): Trying to load lib libjavacore.so 0x0
D/dalvikvm(17750): Added shared lib libjavacore.so 0x0
D/dalvikvm(17750): Trying to load lib libnativehelper.so 0x0
D/dalvikvm(17750): Added shared lib libnativehelper.so 0x0
D/AndroidRuntime(17750): Calling main entry com.android.commands.input.Input
I/Input   (17750): InjectKeyEvent: KeyEvent { action=ACTION_DOWN, keyCode=KEYCODE_BACK, scanCode=0, metaState=0, flags=0x0, repeatCount=0, eventTime=801408, downTime=801408, deviceId=-1, source=0x101 }
D/ReconBaseDataSource(  535): BASE DATA: Preloaded tile# 519108784 load time: 20154 for 54 objects  num left = 30
I/Input   (17750): InjectKeyEvent: KeyEvent { action=ACTION_UP, keyCode=KEYCODE_BACK, scanCode=0, metaState=0, flags=0x0, repeatCount=0, eventTime=801408, downTime=801408, deviceId=-1, source=0x101 }
D/AndroidRuntime(17750): Shutting down VM
V/AndroidLocationListener(  895): Good Streak
I/AndroidRuntime(17750): NOTE: attach of thread 'Binder_3' failed
D/ReconBaseDataSource(  535): BASE DATA: Preloaded tile# 519308779 load time: 20834 for 47 objects  num left = 29
D/skia    (17750): SkGraphics::Term() dlclose() BLTsville (CPU) 
D/ReconBaseDataSource(  535): BASE DATA: Preloaded tile# 519308778 load time: 21667 for 55 objects  num left = 28
I/NAVD.GPSC_MGP(  870): +++ gpsc_mgp_process_msg: Ephemeris Report Received. SV ID: 16 +++
D/ReconBaseDataSource(  535): BASE DATA: Preloaded tile# 519208780 load time: 23636 for 63 objects  num left = 26
D/ReconBaseDataSource(  535): BASE DATA: Preloaded tile# 519408777 load time: 21698 for 69 objects  num left = 26
D/ReconBaseDataSource(  535): BASE DATA: Preloaded tile# 519208781 load time: 24263 for 54 objects  num left = 25
D/skia    (18875): SkGraphics::Init() - BLTsville (CPU) dlopen success
D/AndroidRuntime(18875): 
D/AndroidRuntime(18875): >>>>>> AndroidRuntime START com.android.internal.os.RuntimeInit <<<<<<
D/AndroidRuntime(18875): CheckJNI is OFF
D/dalvikvm(18875): Trying to load lib libjavacore.so 0x0
D/dalvikvm(18875): Added shared lib libjavacore.so 0x0
D/dalvikvm(18875): Trying to load lib libnativehelper.so 0x0
D/dalvikvm(18875): Added shared lib libnativehelper.so 0x0
D/AndroidRuntime(18875): Calling main entry com.android.commands.input.Input
I/Input   (18875): InjectKeyEvent: KeyEvent { action=ACTION_DOWN, keyCode=KEYCODE_BACK, scanCode=0, metaState=0, flags=0x0, repeatCount=0, eventTime=806573, downTime=806573, deviceId=-1, source=0x101 }
D/ReconBaseDataSource(  535): BASE DATA: Preloaded tile# 519508771 load time: 25335 for 100 objects  num left = 24
I/Input   (18875): InjectKeyEvent: KeyEvent { action=ACTION_UP, keyCode=KEYCODE_BACK, scanCode=0, metaState=0, flags=0x0, repeatCount=0, eventTime=806573, downTime=806573, deviceId=-1, source=0x101 }
D/AndroidRuntime(18875): Shutting down VM
I/AndroidRuntime(18875): NOTE: attach of thread 'Binder_3' failed
D/skia    (18875): SkGraphics::Term() dlclose() BLTsville (CPU) 
D/ReconBaseDataSource(  535): BASE DATA: Preloaded tile# 519608767 load time: 25073 for 79 objects  num left = 23
D/ReconBaseDataSource(  535): BASE DATA: Preloaded tile# 519208777 load time: 24807 for 80 objects  num left = 22
D/ReconBaseDataSource(  535): BASE DATA: Preloaded tile# 519608770 load time: 24090 for 104 objects  num left = 21
D/ReconBaseDataSource(  535): BASE DATA: Preloaded tile# 519408775 load time: 28091 for 81 objects  num left = 20
D/ReconBaseDataSource(  535): BASE DATA: Preloaded tile# 519508769 load time: 27638 for 92 objects  num left = 19
D/ReconBaseDataSource(  535): BASE DATA: Preloaded tile# 519308777 load time: 28682 for 120 objects  num left = 18
D/ReconBaseDataSource(  535): BASE DATA: Preloaded tile# 519508774 load time: 25775 for 105 objects  num left = 17
D/ReconBaseDataSource(  535): BASE DATA: Preloaded tile# 519408776 load time: 29356 for 137 objects  num left = 16
D/ReconBaseDataSource(  535): BASE DATA: Preloaded tile# 519408774 load time: 30142 for 145 objects  num left = 14
D/ReconBaseDataSource(  535): BASE DATA: Preloaded tile# 519508770 load time: 29745 for 136 objects  num left = 14
D/ReconBaseDataSource(  535): BASE DATA: Preloaded tile# 519608768 load time: 28864 for 103 objects  num left = 13
D/ReconBaseDataSource(  535): BASE DATA: Preloaded tile# 519508773 load time: 29498 for 109 objects  num left = 12
D/ReconBaseDataSource(  535): BASE DATA: Preloaded tile# 519608765 load time: 28972 for 163 objects  num left = 11
D/skia    (21669): SkGraphics::Init() - BLTsville (CPU) dlopen success
D/AndroidRuntime(21669): 
D/AndroidRuntime(21669): >>>>>> AndroidRuntime START com.android.internal.os.RuntimeInit <<<<<<
D/AndroidRuntime(21669): CheckJNI is OFF
D/dalvikvm(21669): Trying to load lib libjavacore.so 0x0
D/dalvikvm(21669): Added shared lib libjavacore.so 0x0
D/dalvikvm(21669): Trying to load lib libnativehelper.so 0x0
D/dalvikvm(21669): Added shared lib libnativehelper.so 0x0
D/AndroidRuntime(21669): Calling main entry com.android.commands.input.Input
I/Input   (21669): InjectKeyEvent: KeyEvent { action=ACTION_DOWN, keyCode=KEYCODE_BACK, scanCode=0, metaState=0, flags=0x0, repeatCount=0, eventTime=815424, downTime=815424, deviceId=-1, source=0x101 }
I/Input   (21669): InjectKeyEvent: KeyEvent { action=ACTION_UP, keyCode=KEYCODE_BACK, scanCode=0, metaState=0, flags=0x0, repeatCount=0, eventTime=815424, downTime=815424, deviceId=-1, source=0x101 }
D/AndroidRuntime(21669): Shutting down VM
D/skia    (21669): SkGraphics::Term() dlclose() BLTsville (CPU) 
D/ReconBaseDataSource(  535): BASE DATA: Preloaded tile# 519308776 load time: 34992 for 193 objects  num left = 10
D/ReconBaseDataSource(  535): BASE DATA: Preloaded tile# 519608764 load time: 31872 for 146 objects  num left = 9
D/ReconBaseDataSource(  535): BASE DATA: Preloaded tile# 519608766 load time: 35293 for 211 objects  num left = 8
D/ReconBaseDataSource(  535): BASE DATA: Preloaded tile# 519308775 load time: 37139 for 212 objects  num left = 7
D/skia    (22422): SkGraphics::Init() - BLTsville (CPU) dlopen success
D/AndroidRuntime(22422): 
D/AndroidRuntime(22422): >>>>>> AndroidRuntime START com.android.internal.os.RuntimeInit <<<<<<
D/AndroidRuntime(22422): CheckJNI is OFF
D/dalvikvm(22422): Trying to load lib libjavacore.so 0x0
D/dalvikvm(22422): Added shared lib libjavacore.so 0x0
D/dalvikvm(22422): Trying to load lib libnativehelper.so 0x0
D/dalvikvm(22422): Added shared lib libnativehelper.so 0x0
D/ReconBaseDataSource(  535): BASE DATA: Preloaded tile# 519508772 load time: 37973 for 214 objects  num left = 6
D/ReconBaseDataSource(  535): BASE DATA: Preloaded tile# 519308774 load time: 37800 for 209 objects  num left = 5
D/AndroidRuntime(22422): Calling main entry com.android.commands.input.Input
I/Input   (22422): InjectKeyEvent: KeyEvent { action=ACTION_DOWN, keyCode=KEYCODE_BACK, scanCode=0, metaState=0, flags=0x0, repeatCount=0, eventTime=819675, downTime=819675, deviceId=-1, source=0x101 }
I/Input   (22422): InjectKeyEvent: KeyEvent { action=ACTION_UP, keyCode=KEYCODE_BACK, scanCode=0, metaState=0, flags=0x0, repeatCount=0, eventTime=819675, downTime=819675, deviceId=-1, source=0x101 }
D/AndroidRuntime(22422): Shutting down VM
I/AndroidRuntime(22422): NOTE: attach of thread 'Binder_3' failed
D/skia    (22422): SkGraphics::Term() dlclose() BLTsville (CPU) 
D/ReconBaseDataSource(  535): BASE DATA: Preloaded tile# 519408771 load time: 42084 for 284 objects  num left = 4
D/ReconBaseDataSource(  535): BASE DATA: Preloaded tile# 519408773 load time: 43137 for 294 objects  num left = 3
D/ReconBaseDataSource(  535): BASE DATA: Preloaded tile# 519508768 load time: 42528 for 358 objects  num left = 2
D/ReconBaseDataSource(  535): BASE DATA: Preloaded tile# 519608769 load time: 42189 for 369 objects  num left = 1
D/ReconBaseDataSource(  535): BASE DATA: Preloaded tile# 519408772 load time: 44438 for 364 objects  num left = 0
I/GeodataService(  535): service state: SERVICE_READY_WITH_USER_LOCATION
D/skia    (24625): SkGraphics::Init() - BLTsville (CPU) dlopen success
D/AndroidRuntime(24625): 
D/AndroidRuntime(24625): >>>>>> AndroidRuntime START com.android.internal.os.RuntimeInit <<<<<<
D/AndroidRuntime(24625): CheckJNI is OFF
D/dalvikvm(24625): Trying to load lib libjavacore.so 0x0
D/dalvikvm(24625): Added shared lib libjavacore.so 0x0
D/dalvikvm(24625): Trying to load lib libnativehelper.so 0x0
D/dalvikvm(24625): Added shared lib libnativehelper.so 0x0
D/AndroidRuntime(24625): Calling main entry com.android.commands.input.Input
I/Input   (24625): InjectKeyEvent: KeyEvent { action=ACTION_DOWN, keyCode=KEYCODE_BACK, scanCode=0, metaState=0, flags=0x0, repeatCount=0, eventTime=827208, downTime=827208, deviceId=-1, source=0x101 }
I/Input   (24625): InjectKeyEvent: KeyEvent { action=ACTION_UP, keyCode=KEYCODE_BACK, scanCode=0, metaState=0, flags=0x0, repeatCount=0, eventTime=827208, downTime=827208, deviceId=-1, source=0x101 }
D/AndroidRuntime(24625): Shutting down VM
I/AndroidRuntime(24625): NOTE: attach of thread 'Binder_3' failed
D/skia    (24625): SkGraphics::Term() dlclose() BLTsville (CPU) 
I/NAVD.GPSC_MGP(  870): +++ gpsc_mgp_process_msg: Ephemeris Report Received. SV ID: 30 +++
D/skia    (26176): SkGraphics::Init() - BLTsville (CPU) dlopen success
D/AndroidRuntime(26176): 
D/AndroidRuntime(26176): >>>>>> AndroidRuntime START com.android.internal.os.RuntimeInit <<<<<<
D/AndroidRuntime(26176): CheckJNI is OFF
D/dalvikvm(26176): Trying to load lib libjavacore.so 0x0
D/dalvikvm(26176): Added shared lib libjavacore.so 0x0
D/dalvikvm(26176): Trying to load lib libnativehelper.so 0x0
D/dalvikvm(26176): Added shared lib libnativehelper.so 0x0
D/AndroidRuntime(26176): Calling main entry com.android.commands.input.Input
I/Input   (26176): InjectKeyEvent: KeyEvent { action=ACTION_DOWN, keyCode=KEYCODE_BACK, scanCode=0, metaState=0, flags=0x0, repeatCount=0, eventTime=830090, downTime=830090, deviceId=-1, source=0x101 }
I/Input   (26176): InjectKeyEvent: KeyEvent { action=ACTION_UP, keyCode=KEYCODE_BACK, scanCode=0, metaState=0, flags=0x0, repeatCount=0, eventTime=830090, downTime=830090, deviceId=-1, source=0x101 }
D/AndroidRuntime(26176): Shutting down VM
I/AndroidRuntime(26176): NOTE: attach of thread 'Binder_3' failed
D/skia    (26176): SkGraphics::Term() dlclose() BLTsville (CPU) 
D/skia    (27374): SkGraphics::Init() - BLTsville (CPU) dlopen success
D/AndroidRuntime(27374): 
D/AndroidRuntime(27374): >>>>>> AndroidRuntime START com.android.internal.os.RuntimeInit <<<<<<
D/AndroidRuntime(27374): CheckJNI is OFF
D/dalvikvm(27374): Trying to load lib libjavacore.so 0x0
D/dalvikvm(27374): Added shared lib libjavacore.so 0x0
D/dalvikvm(27374): Trying to load lib libnativehelper.so 0x0
D/dalvikvm(27374): Added shared lib libnativehelper.so 0x0
D/AndroidRuntime(27374): Calling main entry com.android.commands.input.Input
I/Input   (27374): InjectKeyEvent: KeyEvent { action=ACTION_DOWN, keyCode=KEYCODE_BACK, scanCode=0, metaState=0, flags=0x0, repeatCount=0, eventTime=832316, downTime=832316, deviceId=-1, source=0x101 }
I/Input   (27374): InjectKeyEvent: KeyEvent { action=ACTION_UP, keyCode=KEYCODE_BACK, scanCode=0, metaState=0, flags=0x0, repeatCount=0, eventTime=832316, downTime=832316, deviceId=-1, source=0x101 }
D/AndroidRuntime(27374): Shutting down VM
I/AndroidRuntime(27374): NOTE: attach of thread 'Binder_3' failed
D/skia    (27374): SkGraphics::Term() dlclose() BLTsville (CPU) 
D/skia    (28512): SkGraphics::Init() - BLTsville (CPU) dlopen success
D/AndroidRuntime(28512): 
D/AndroidRuntime(28512): >>>>>> AndroidRuntime START com.android.internal.os.RuntimeInit <<<<<<
D/AndroidRuntime(28512): CheckJNI is OFF
D/dalvikvm(28512): Trying to load lib libjavacore.so 0x0
D/dalvikvm(28512): Added shared lib libjavacore.so 0x0
D/dalvikvm(28512): Trying to load lib libnativehelper.so 0x0
D/dalvikvm(28512): Added shared lib libnativehelper.so 0x0
D/AndroidRuntime(28512): Calling main entry com.android.commands.input.Input
I/Input   (28512): InjectKeyEvent: KeyEvent { action=ACTION_DOWN, keyCode=KEYCODE_BACK, scanCode=0, metaState=0, flags=0x0, repeatCount=0, eventTime=836891, downTime=836891, deviceId=-1, source=0x101 }
I/Input   (28512): InjectKeyEvent: KeyEvent { action=ACTION_UP, keyCode=KEYCODE_BACK, scanCode=0, metaState=0, flags=0x0, repeatCount=0, eventTime=836891, downTime=836891, deviceId=-1, source=0x101 }
D/AndroidRuntime(28512): Shutting down VM
D/skia    (28512): SkGraphics::Term() dlclose() BLTsville (CPU) 
D/skia    (28819): SkGraphics::Init() - BLTsville (CPU) dlopen success
D/AndroidRuntime(28819): 
D/AndroidRuntime(28819): >>>>>> AndroidRuntime START com.android.internal.os.RuntimeInit <<<<<<
D/AndroidRuntime(28819): CheckJNI is OFF
D/dalvikvm(28819): Trying to load lib libjavacore.so 0x0
D/dalvikvm(28819): Added shared lib libjavacore.so 0x0
D/dalvikvm(28819): Trying to load lib libnativehelper.so 0x0
D/dalvikvm(28819): Added shared lib libnativehelper.so 0x0
D/AndroidRuntime(28819): Calling main entry com.android.commands.input.Input
I/Input   (28819): InjectKeyEvent: KeyEvent { action=ACTION_DOWN, keyCode=KEYCODE_BACK, scanCode=0, metaState=0, flags=0x0, repeatCount=0, eventTime=838319, downTime=838319, deviceId=-1, source=0x101 }
I/Input   (28819): InjectKeyEvent: KeyEvent { action=ACTION_UP, keyCode=KEYCODE_BACK, scanCode=0, metaState=0, flags=0x0, repeatCount=0, eventTime=838319, downTime=838319, deviceId=-1, source=0x101 }
D/AndroidRuntime(28819): Shutting down VM
I/AndroidRuntime(28819): NOTE: attach of thread 'Binder_3' failed
D/skia    (28819): SkGraphics::Term() dlclose() BLTsville (CPU) 
D/skia    (29105): SkGraphics::Init() - BLTsville (CPU) dlopen success
D/AndroidRuntime(29105): 
D/AndroidRuntime(29105): >>>>>> AndroidRuntime START com.android.internal.os.RuntimeInit <<<<<<
D/AndroidRuntime(29105): CheckJNI is OFF
D/dalvikvm(29105): Trying to load lib libjavacore.so 0x0
D/dalvikvm(29105): Added shared lib libjavacore.so 0x0
D/dalvikvm(29105): Trying to load lib libnativehelper.so 0x0
D/dalvikvm(29105): Added shared lib libnativehelper.so 0x0
D/AndroidRuntime(29105): Calling main entry com.android.commands.input.Input
I/Input   (29105): InjectKeyEvent: KeyEvent { action=ACTION_DOWN, keyCode=KEYCODE_BACK, scanCode=0, metaState=0, flags=0x0, repeatCount=0, eventTime=839793, downTime=839793, deviceId=-1, source=0x101 }
I/Input   (29105): InjectKeyEvent: KeyEvent { action=ACTION_UP, keyCode=KEYCODE_BACK, scanCode=0, metaState=0, flags=0x0, repeatCount=0, eventTime=839793, downTime=839793, deviceId=-1, source=0x101 }
D/AndroidRuntime(29105): Shutting down VM
I/AndroidRuntime(29105): NOTE: attach of thread 'Binder_2' failed
D/skia    (29105): SkGraphics::Term() dlclose() BLTsville (CPU) 
D/skia    (29416): SkGraphics::Init() - BLTsville (CPU) dlopen success
D/AndroidRuntime(29416): 
D/AndroidRuntime(29416): >>>>>> AndroidRuntime START com.android.internal.os.RuntimeInit <<<<<<
D/AndroidRuntime(29416): CheckJNI is OFF
D/dalvikvm(29416): Trying to load lib libjavacore.so 0x0
D/dalvikvm(29416): Added shared lib libjavacore.so 0x0
D/dalvikvm(29416): Trying to load lib libnativehelper.so 0x0
D/dalvikvm(29416): Added shared lib libnativehelper.so 0x0
D/AndroidRuntime(29416): Calling main entry com.android.commands.input.Input
I/Input   (29416): InjectKeyEvent: KeyEvent { action=ACTION_DOWN, keyCode=KEYCODE_BACK, scanCode=0, metaState=0, flags=0x0, repeatCount=0, eventTime=841122, downTime=841122, deviceId=-1, source=0x101 }
I/Input   (29416): InjectKeyEvent: KeyEvent { action=ACTION_UP, keyCode=KEYCODE_BACK, scanCode=0, metaState=0, flags=0x0, repeatCount=0, eventTime=841122, downTime=841122, deviceId=-1, source=0x101 }
D/AndroidRuntime(29416): Shutting down VM
I/AndroidRuntime(29416): NOTE: attach of thread 'Binder_2' failed
D/skia    (29416): SkGraphics::Term() dlclose() BLTsville (CPU) 
D/skia    (29722): SkGraphics::Init() - BLTsville (CPU) dlopen success
D/AndroidRuntime(29722): 
D/AndroidRuntime(29722): >>>>>> AndroidRuntime START com.android.internal.os.RuntimeInit <<<<<<
D/AndroidRuntime(29722): CheckJNI is OFF
D/dalvikvm(29722): Trying to load lib libjavacore.so 0x0
D/dalvikvm(29722): Added shared lib libjavacore.so 0x0
D/dalvikvm(29722): Trying to load lib libnativehelper.so 0x0
D/dalvikvm(29722): Added shared lib libnativehelper.so 0x0
D/AndroidRuntime(29722): Calling main entry com.android.commands.input.Input
I/Input   (29722): InjectKeyEvent: KeyEvent { action=ACTION_DOWN, keyCode=KEYCODE_BACK, scanCode=0, metaState=0, flags=0x0, repeatCount=0, eventTime=842521, downTime=842521, deviceId=-1, source=0x101 }
I/Input   (29722): InjectKeyEvent: KeyEvent { action=ACTION_UP, keyCode=KEYCODE_BACK, scanCode=0, metaState=0, flags=0x0, repeatCount=0, eventTime=842521, downTime=842521, deviceId=-1, source=0x101 }
D/AndroidRuntime(29722): Shutting down VM
D/skia    (29722): SkGraphics::Term() dlclose() BLTsville (CPU) 
D/skia    (30017): SkGraphics::Init() - BLTsville (CPU) dlopen success
D/AndroidRuntime(30017): 
D/AndroidRuntime(30017): >>>>>> AndroidRuntime START com.android.internal.os.RuntimeInit <<<<<<
D/AndroidRuntime(30017): CheckJNI is OFF
D/dalvikvm(30017): Trying to load lib libjavacore.so 0x0
D/dalvikvm(30017): Added shared lib libjavacore.so 0x0
D/dalvikvm(30017): Trying to load lib libnativehelper.so 0x0
D/dalvikvm(30017): Added shared lib libnativehelper.so 0x0
D/AndroidRuntime(30017): Calling main entry com.android.commands.input.Input
I/Input   (30017): InjectKeyEvent: KeyEvent { action=ACTION_DOWN, keyCode=KEYCODE_BACK, scanCode=0, metaState=0, flags=0x0, repeatCount=0, eventTime=843900, downTime=843900, deviceId=-1, source=0x101 }
I/Input   (30017): InjectKeyEvent: KeyEvent { action=ACTION_UP, keyCode=KEYCODE_BACK, scanCode=0, metaState=0, flags=0x0, repeatCount=0, eventTime=843900, downTime=843900, deviceId=-1, source=0x101 }
D/AndroidRuntime(30017): Shutting down VM
I/AndroidRuntime(30017): NOTE: attach of thread 'Binder_2' failed
D/skia    (30017): SkGraphics::Term() dlclose() BLTsville (CPU) 
D/skia    (30319): SkGraphics::Init() - BLTsville (CPU) dlopen success
D/AndroidRuntime(30319): 
D/AndroidRuntime(30319): >>>>>> AndroidRuntime START com.android.internal.os.RuntimeInit <<<<<<
D/AndroidRuntime(30319): CheckJNI is OFF
D/dalvikvm(30319): Trying to load lib libjavacore.so 0x0
D/dalvikvm(30319): Added shared lib libjavacore.so 0x0
D/dalvikvm(30319): Trying to load lib libnativehelper.so 0x0
D/dalvikvm(30319): Added shared lib libnativehelper.so 0x0
D/AndroidRuntime(30319): Calling main entry com.android.commands.input.Input
I/Input   (30319): InjectKeyEvent: KeyEvent { action=ACTION_DOWN, keyCode=KEYCODE_BACK, scanCode=0, metaState=0, flags=0x0, repeatCount=0, eventTime=844835, downTime=844835, deviceId=-1, source=0x101 }
I/Input   (30319): InjectKeyEvent: KeyEvent { action=ACTION_UP, keyCode=KEYCODE_BACK, scanCode=0, metaState=0, flags=0x0, repeatCount=0, eventTime=844835, downTime=844835, deviceId=-1, source=0x101 }
D/AndroidRuntime(30319): Shutting down VM
I/AndroidRuntime(30319): NOTE: attach of thread 'Binder_3' failed
