I/NAVD.GPSC_MGP(  870): +++ gpsc_mgp_process_msg: Ephemeris Report Received. SV ID: 9 +++
I/NAVD.GPSC_MGP(  870): +++ gpsc_mgp_process_msg: Ephemeris Report Received. SV ID: 11 +++
I/NAVD.GPSC_MGP(  870): +++ gpsc_mgp_process_msg: Ephemeris Report Received. SV ID: 23 +++
I/NAVD.GPSC_MGP(  870): +++ gpsc_mgp_process_msg: Ephemeris Report Received. SV ID: 26 +++
I/NAVD.GPSC_MGP(  870): +++ gpsc_mgp_process_msg: Ephemeris Report Received. SV ID: 30 +++
W/ThrottleService(  293): unable to find stats for iface rmnet0
W/SocketClient(   92): write error (Broken pipe)
I/NAVD.GPSC_MGP(  870): +++ gpsc_mgp_process_msg: Almanac Report Received. SV ID: 11 +++
I/NAVD.GPSC_MGP_RX(  870): +++ gpsc_check_session_for_fix: Re-Request for MSB assistance. Number of consecutive Time-outs [5] +++/n
I/NAVD.GPSC_APP_API(  870): +++ gpsc_request_assistance: Position Information Not Known +++
I/NAVD.GPSC_APP_API(  870): +++ gpsc_request_assistance: Assist Attempt [0] +++
I/NAVD.GPSC_APP_API(  870): +++ gpsc_request_assistance: GPS Time - Valid [1], Week [1895], MSec [157131000], Unc [0.000063] +++
I/NAVD.GPSC_MGP(  870): +++ recon_request_assistance: Sent Assistance Request [mask = 0xd] to Recon Status Pipe /data/gps/reconcontrol +++
I/NAVD.GPSC_APP_API(  870): +++ gpsc_request_assistance: Successfully requested Assistance from Assistance Provider(s). Request number [1] (maximum 1)  +++
I/RXN_IntApp(  888): Start gpsPrnBitMask: -1, gloSlotBitMask 0
I/RXN_IntApp(  888): EE/BCE callback 0
I/RXN_IntApp(  888): 1, 3, 5, 6, 7, 8, 9, 10, 11, 12, 13, 14, 15, 16, 17, 18, 19, 20, 21, 22, 23, 24, 26, 27, 28, 29, 30, 31, 
I/RXN_IntApp(  888): Finished: 0
I/RECON.GPS(  895): +++ GPSDriver::processAssistanceRequest: Assistance Request Received. Flags: [0xd] +++
I/NAVD.GPSC_APP_API(  870): +++ gpsc_app_assist_inject_req: Assistance set is complete, start the injection +++
I/NAVD.GPSC_STATE(  870): +++ StateGpscActive: State [ACTIVE], Event: [ASSIST_INJECT ] +++
I/NAVD.GPSC_APP_API(  870): +++ gpsc_app_assist_inject_req: Assistance set is complete, start the injection +++
I/NAVD.GPSC_STATE(  870): +++ StateGpscActive: State [ACTIVE], Event: [ASSIST_INJECT ] +++
D/ReconAGPS.Java(  895): +++ GPS Status callback. Status: [0x5], Extra: [0xd] +++
D/ReconAGPS.Java(  895): handleMessage(), msg.what : 2
I/NAVD.GPSC_MGP(  870): +++ gpsc_mgp_process_msg: AI_REP_SV_DIR +++
I/NAVD.GPSC_MGP(  870): +++ gpsc_mgp_process_msg: AI_REP_CLOCK +++
I/NAVD.GPSC_APP_API(  870): +++ gpsc_get_min_toe_diff: good_eph_count 9, toe_min 101 +++
I/NAVD.GPSC_SESS(  870): +++ gpsc_get_assistance_from_network: Requesting Assistance (toe_diff = 101) +++
I/NAVD.GPSC_APP_API(  870): +++ gpsc_request_assistance: Exceeded maximum number of Assistance Attempts (1). Assist Request (1) will not be sent +++
E/NAVD.GPSC_SESS(  870): +++ gpsc_get_assistance_from_network: Assistance Request Failure +++
I/NAVD.GPSC_MGP(  870): +++ gpsc_mgp_process_msg: AI_REP_SV_DIR +++
I/NAVD.GPSC_MGP(  870): +++ gpsc_mgp_process_msg: AI_REP_CLOCK +++
I/NAVD.GPSC_MGP(  870): +++ gpsc_mgp_process_msg: Ephemeris Report Received. SV ID: 7 +++
I/NAVD.GPSC_MGP(  870): +++ gpsc_mgp_process_msg: Ephemeris Report Received. SV ID: 9 +++
I/NAVD.GPSC_MGP(  870): +++ gpsc_mgp_process_msg: Ephemeris Report Received. SV ID: 11 +++
I/NAVD.GPSC_MGP(  870): +++ gpsc_mgp_process_msg: Ephemeris Report Received. SV ID: 23 +++
I/NAVD.GPSC_MGP(  870): +++ gpsc_mgp_process_msg: Ephemeris Report Received. SV ID: 30 +++
I/NAVD.GPSC_TIMER_API(  870): +++ gpsc_os_timer_expired_res: Timer Expired:19, GPSC State:ACTIVE, Sequence:GET ASSISTANCE   +++
I/NAVD.GPSC_MGP(  870): +++ gpsc_mgp_process_msg: AI_REP_CLOCK +++
I/NAVD.GPSC_MGP(  870): C_TIMER_RXN_EPHE_VALID Timer expired: request for assistance
I/NAVD.GPSC_APP_API(  870): +++ gpsc_request_assistance: Position Information Not Known +++
I/NAVD.GPSC_APP_API(  870): +++ gpsc_request_assistance: Assist Attempt [0] +++
I/NAVD.GPSC_APP_API(  870): +++ gpsc_request_assistance: GPS Time - Valid [1], Week [1895], MSec [157169250], Unc [0.000372] +++
I/NAVD.GPSC_MGP(  870): +++ recon_request_assistance: Sent Assistance Request [mask = 0xd] to Recon Status Pipe /data/gps/reconcontrol +++
I/NAVD.GPSC_APP_API(  870): +++ gpsc_request_assistance: Successfully requested Assistance from Assistance Provider(s). Request number [1] (maximum 1)  +++
I/NAVD.GPSC_APP_API(  870): C_TIMER_RXN_EPHE_VALID Timer started
I/RECON.GPS(  895): +++ GPSDriver::processAssistanceRequest: Assistance Request Received. Flags: [0xd] +++
D/ReconAGPS.Java(  895): +++ GPS Status callback. Status: [0x5], Extra: [0xd] +++
D/ReconAGPS.Java(  895): handleMessage(), msg.what : 2
I/RXN_IntApp(  888): Start gpsPrnBitMask: -1, gloSlotBitMask 0
I/RXN_IntApp(  888): EE/BCE callback 0
I/RXN_IntApp(  888): 1, 3, 5, 6, 7, 8, 9, 10, 11, 12, 13, 14, 15, 16, 17, 18, 19, 20, 21, 22, 23, 24, 26, 27, 28, 29, 30, 31, 
I/RXN_IntApp(  888): Finished: 0
I/NAVD.GPSC_APP_API(  870): +++ gpsc_app_assist_inject_req: Assistance set is complete, start the injection +++
I/NAVD.GPSC_STATE(  870): +++ StateGpscActive: State [ACTIVE], Event: [ASSIST_INJECT ] +++
I/NAVD.GPSC_APP_API(  870): +++ gpsc_app_assist_inject_req: Assistance set is complete, start the injection +++
I/NAVD.GPSC_STATE(  870): +++ StateGpscActive: State [ACTIVE], Event: [ASSIST_INJECT ] +++
I/NAVD.GPSC_MGP(  870): +++ gpsc_mgp_process_msg: AI_REP_SV_DIR +++
I/NAVD.GPSC_MGP(  870): +++ gpsc_mgp_process_msg: AI_REP_CLOCK +++
I/NAVD.GPSC_APP_API(  870): +++ gpsc_get_min_toe_diff: good_eph_count 9, toe_min 62 +++
I/NAVD.GPSC_SESS(  870): +++ gpsc_get_assistance_from_network: Requesting Assistance (toe_diff = 62) +++
I/NAVD.GPSC_APP_API(  870): +++ gpsc_request_assistance: Exceeded maximum number of Assistance Attempts (1). Assist Request (1) will not be sent +++
E/NAVD.GPSC_SESS(  870): +++ gpsc_get_assistance_from_network: Assistance Request Failure +++
I/NAVD.GPSC_MGP(  870): +++ gpsc_mgp_process_msg: AI_REP_SV_DIR +++
I/NAVD.GPSC_MGP(  870): +++ gpsc_mgp_process_msg: AI_REP_CLOCK +++
I/NAVD.GPSC_MGP(  870): +++ gpsc_mgp_process_msg: Ephemeris Report Received. SV ID: 7 +++
I/NAVD.GPSC_MGP(  870): +++ gpsc_mgp_process_msg: Ephemeris Report Received. SV ID: 9 +++
I/NAVD.GPSC_MGP(  870): +++ gpsc_mgp_process_msg: Ephemeris Report Received. SV ID: 11 +++
I/NAVD.GPSC_MGP(  870): +++ gpsc_mgp_process_msg: Ephemeris Report Received. SV ID: 23 +++
I/NAVD.GPSC_MGP(  870): +++ gpsc_mgp_process_msg: Ephemeris Report Received. SV ID: 30 +++
D/BTProperty(  582): getBTConnectionState from Settings.System
D/BTProperty(  582): BTConnectionState = 0
D/BTProperty(  582): getBTConnectionState from Settings.System
D/BTProperty(  582): BTConnectionState = 0
I/NAVD.GPSC_MGP_RX(  870): +++ gpsc_check_session_for_fix: Re-Request for MSB assistance. Number of consecutive Time-outs [5] +++/n
I/NAVD.GPSC_APP_API(  870): +++ gpsc_request_assistance: Assist Attempt [0] +++
I/NAVD.GPSC_APP_API(  870): +++ gpsc_request_assistance: GPS Time - Valid [1], Week [1895], MSec [157190000], Unc [0.001778] +++
I/NAVD.GPSC_MGP(  870): +++ recon_request_assistance: Sent Assistance Request [mask = 0xd] to Recon Status Pipe /data/gps/reconcontrol +++
I/NAVD.GPSC_APP_API(  870): +++ gpsc_request_assistance: Successfully requested Assistance from Assistance Provider(s). Request number [1] (maximum 1)  +++
I/RECON.GPS(  895): +++ GPSDriver::processAssistanceRequest: Assistance Request Received. Flags: [0xd] +++
D/ReconAGPS.Java(  895): +++ GPS Status callback. Status: [0x5], Extra: [0xd] +++
D/ReconAGPS.Java(  895): handleMessage(), msg.what : 2
I/RXN_IntApp(  888): Start gpsPrnBitMask: -1, gloSlotBitMask 0
I/RXN_IntApp(  888): EE/BCE callback 0
I/RXN_IntApp(  888): 1, 3, 5, 6, 7, 8, 9, 10, 11, 12, 13, 14, 15, 16, 17, 18, 19, 20, 21, 22, 23, 24, 26, 27, 28, 29, 30, 31, 
I/RXN_IntApp(  888): Finished: 0
I/NAVD.GPSC_APP_API(  870): +++ gpsc_app_assist_inject_req: Assistance set is complete, start the injection +++
I/NAVD.GPSC_STATE(  870): +++ StateGpscActive: State [ACTIVE], Event: [ASSIST_INJECT ] +++
I/NAVD.GPSC_APP_API(  870): +++ gpsc_app_assist_inject_req: Assistance set is complete, start the injection +++
I/NAVD.GPSC_STATE(  870): +++ StateGpscActive: State [ACTIVE], Event: [ASSIST_INJECT ] +++
I/NAVD.GPSC_MGP(  870): +++ gpsc_mgp_process_msg: AI_REP_SV_DIR +++
I/NAVD.GPSC_MGP(  870): +++ gpsc_mgp_process_msg: AI_REP_CLOCK +++
I/NAVD.GPSC_APP_API(  870): +++ gpsc_get_min_toe_diff: good_eph_count 9, toe_min 41 +++
I/NAVD.GPSC_SESS(  870): +++ gpsc_get_assistance_from_network: Requesting Assistance (toe_diff = 41) +++
I/NAVD.GPSC_APP_API(  870): +++ gpsc_request_assistance: Exceeded maximum number of Assistance Attempts (1). Assist Request (1) will not be sent +++
E/NAVD.GPSC_SESS(  870): +++ gpsc_get_assistance_from_network: Assistance Request Failure +++
I/NAVD.GPSC_MGP(  870): +++ gpsc_mgp_process_msg: AI_REP_SV_DIR +++
I/NAVD.GPSC_MGP(  870): +++ gpsc_mgp_process_msg: AI_REP_CLOCK +++
I/NAVD.GPSC_MGP(  870): +++ gpsc_mgp_process_msg: Ephemeris Report Received. SV ID: 7 +++
I/NAVD.GPSC_MGP(  870): +++ gpsc_mgp_process_msg: Ephemeris Report Received. SV ID: 9 +++
I/NAVD.GPSC_MGP(  870): +++ gpsc_mgp_process_msg: Ephemeris Report Received. SV ID: 11 +++
I/NAVD.GPSC_MGP(  870): +++ gpsc_mgp_process_msg: Ephemeris Report Received. SV ID: 23 +++
I/NAVD.GPSC_MGP(  870): +++ gpsc_mgp_process_msg: Ephemeris Report Received. SV ID: 30 +++
D/BTProperty(  582): getBTConnectionState from Settings.System
D/BTProperty(  582): BTConnectionState = 0
D/BTProperty(  582): getBTConnectionState from Settings.System
D/BTProperty(  582): BTConnectionState = 0
I/NAVD.GPSC_MGP_RX(  870): +++ gpsc_check_session_for_fix: Re-Request for MSB assistance. Number of consecutive Time-outs [5] +++/n
I/NAVD.GPSC_APP_API(  870): +++ gpsc_request_assistance: Assist Attempt [0] +++
I/NAVD.GPSC_APP_API(  870): +++ gpsc_request_assistance: GPS Time - Valid [1], Week [1895], MSec [157203000], Unc [0.000962] +++
I/NAVD.GPSC_MGP(  870): +++ recon_request_assistance: Sent Assistance Request [mask = 0xd] to Recon Status Pipe /data/gps/reconcontrol +++
I/NAVD.GPSC_APP_API(  870): +++ gpsc_request_assistance: Successfully requested Assistance from Assistance Provider(s). Request number [1] (maximum 1)  +++
I/RECON.GPS(  895): +++ GPSDriver::processAssistanceRequest: Assistance Request Received. Flags: [0xd] +++
D/ReconAGPS.Java(  895): +++ GPS Status callback. Status: [0x5], Extra: [0xd] +++
D/ReconAGPS.Java(  895): handleMessage(), msg.what : 2
I/RXN_IntApp(  888): Start gpsPrnBitMask: -1, gloSlotBitMask 0
I/RXN_IntApp(  888): EE/BCE callback 0
I/RXN_IntApp(  888): 1, 3, 5, 6, 7, 8, 9, 10, 11, 12, 13, 14, 15, 16, 17, 18, 19, 20, 21, 22, 23, 24, 26, 27, 28, 29, 30, 31, 
I/RXN_IntApp(  888): Finished: 0
I/NAVD.GPSC_APP_API(  870): +++ gpsc_app_assist_inject_req: Assistance set is complete, start the injection +++
I/NAVD.GPSC_STATE(  870): +++ StateGpscActive: State [ACTIVE], Event: [ASSIST_INJECT ] +++
I/NAVD.GPSC_APP_API(  870): +++ gpsc_app_assist_inject_req: Assistance set is complete, start the injection +++
I/NAVD.GPSC_STATE(  870): +++ StateGpscActive: State [ACTIVE], Event: [ASSIST_INJECT ] +++
I/NAVD.GPSC_MGP(  870): +++ gpsc_mgp_process_msg: AI_REP_SV_DIR +++
I/NAVD.GPSC_MGP(  870): +++ gpsc_mgp_process_msg: AI_REP_CLOCK +++
I/NAVD.GPSC_APP_API(  870): +++ gpsc_get_min_toe_diff: good_eph_count 9, toe_min 28 +++
I/NAVD.GPSC_SESS(  870): +++ gpsc_get_assistance_from_network: Requesting Assistance (toe_diff = 28) +++
I/NAVD.GPSC_APP_API(  870): +++ gpsc_request_assistance: Exceeded maximum number of Assistance Attempts (1). Assist Request (1) will not be sent +++
E/NAVD.GPSC_SESS(  870): +++ gpsc_get_assistance_from_network: Assistance Request Failure +++
I/NAVD.GPSC_MGP(  870): +++ gpsc_mgp_process_msg: AI_REP_SV_DIR +++
I/NAVD.GPSC_MGP(  870): +++ gpsc_mgp_process_msg: AI_REP_CLOCK +++
I/NAVD.GPSC_MGP(  870): +++ gpsc_mgp_process_msg: Ephemeris Report Received. SV ID: 7 +++
I/NAVD.GPSC_MGP(  870): +++ gpsc_mgp_process_msg: Ephemeris Report Received. SV ID: 9 +++
I/NAVD.GPSC_MGP(  870): +++ gpsc_mgp_process_msg: Ephemeris Report Received. SV ID: 11 +++
I/NAVD.GPSC_MGP(  870): +++ gpsc_mgp_process_msg: Ephemeris Report Received. SV ID: 23 +++
I/NAVD.GPSC_MGP(  870): +++ gpsc_mgp_process_msg: Ephemeris Report Received. SV ID: 30 +++
D/BTProperty(  582): getBTConnectionState from Settings.System
D/BTProperty(  582): BTConnectionState = 0
D/BTProperty(  582): getBTConnectionState from Settings.System
D/BTProperty(  582): BTConnectionState = 0
I/NAVD.GPSC_MGP_RX(  870): +++ gpsc_check_session_for_fix: Re-Request for MSB assistance. Number of consecutive Time-outs [5] +++/n
I/NAVD.GPSC_APP_API(  870): +++ gpsc_request_assistance: Assist Attempt [0] +++
I/NAVD.GPSC_APP_API(  870): +++ gpsc_request_assistance: GPS Time - Valid [1], Week [1895], MSec [157239000], Unc [0.002890] +++
I/NAVD.GPSC_MGP(  870): +++ recon_request_assistance: Sent Assistance Request [mask = 0xd] to Recon Status Pipe /data/gps/reconcontrol +++
I/NAVD.GPSC_APP_API(  870): +++ gpsc_request_assistance: Successfully requested Assistance from Assistance Provider(s). Request number [1] (maximum 1)  +++
I/RXN_IntApp(  888): Start gpsPrnBitMask: -1, gloSlotBitMask 0
I/RXN_IntApp(  888): EE/BCE callback 0
I/RXN_IntApp(  888): 1, 3, 5, 6, 7, 8, 9, 10, 11, 12, 13, 14, 15, 16, 17, 18, 19, 20, 21, 22, 23, 24, 26, 27, 28, 29, 30, 31, 
I/RXN_IntApp(  888): Finished: 0
I/RECON.GPS(  895): +++ GPSDriver::processAssistanceRequest: Assistance Request Received. Flags: [0xd] +++
D/ReconAGPS.Java(  895): +++ GPS Status callback. Status: [0x5], Extra: [0xd] +++
I/NAVD.GPSC_APP_API(  870): +++ gpsc_app_assist_inject_req: Assistance set is complete, start the injection +++
I/NAVD.GPSC_STATE(  870): +++ StateGpscActive: State [ACTIVE], Event: [ASSIST_INJECT ] +++
I/NAVD.GPSC_APP_API(  870): +++ gpsc_app_assist_inject_req: Assistance set is complete, start the injection +++
I/NAVD.GPSC_STATE(  870): +++ StateGpscActive: State [ACTIVE], Event: [ASSIST_INJECT ] +++
D/ReconAGPS.Java(  895): handleMessage(), msg.what : 2
I/NAVD.GPSC_MGP(  870): +++ gpsc_mgp_process_msg: AI_REP_SV_DIR +++
I/NAVD.GPSC_MGP(  870): +++ gpsc_mgp_process_msg: AI_REP_CLOCK +++
I/NAVD.GPSC_APP_API(  870): +++ gpsc_get_min_toe_diff: good_eph_count 8, toe_min 264 +++
I/NAVD.GPSC_SESS(  870): +++ gpsc_get_assistance_from_network: Requesting Assistance (toe_diff = 264) +++
I/NAVD.GPSC_APP_API(  870): +++ gpsc_request_assistance: Exceeded maximum number of Assistance Attempts (1). Assist Request (1) will not be sent +++
E/NAVD.GPSC_SESS(  870): +++ gpsc_get_assistance_from_network: Assistance Request Failure +++
I/NAVD.GPSC_MGP(  870): +++ gpsc_mgp_process_msg: AI_REP_SV_DIR +++
I/NAVD.GPSC_MGP(  870): +++ gpsc_mgp_process_msg: AI_REP_CLOCK +++
I/NAVD.GPSC_MGP(  870): +++ gpsc_mgp_process_msg: Ephemeris Report Received. SV ID: 7 +++
I/NAVD.GPSC_MGP(  870): +++ gpsc_mgp_process_msg: Ephemeris Report Received. SV ID: 9 +++
I/NAVD.GPSC_MGP(  870): +++ gpsc_mgp_process_msg: Ephemeris Report Received. SV ID: 11 +++
I/NAVD.GPSC_MGP(  870): +++ gpsc_mgp_process_msg: Ephemeris Report Received. SV ID: 23 +++
I/NAVD.GPSC_MGP(  870): +++ gpsc_mgp_process_msg: Ephemeris Report Received. SV ID: 30 +++
D/BTProperty(  582): getBTConnectionState from Settings.System
D/BTProperty(  582): BTConnectionState = 0
D/BTProperty(  582): getBTConnectionState from Settings.System
D/BTProperty(  582): BTConnectionState = 0
I/NAVD.GPSC_MGP_RX(  870): +++ gpsc_check_session_for_fix: Re-Request for MSB assistance. Number of consecutive Time-outs [5] +++/n
I/NAVD.GPSC_APP_API(  870): +++ gpsc_request_assistance: Assist Attempt [0] +++
I/NAVD.GPSC_APP_API(  870): +++ gpsc_request_assistance: GPS Time - Valid [1], Week [1895], MSec [157254000], Unc [0.001234] +++
I/NAVD.GPSC_MGP(  870): +++ recon_request_assistance: Sent Assistance Request [mask = 0xd] to Recon Status Pipe /data/gps/reconcontrol +++
I/NAVD.GPSC_APP_API(  870): +++ gpsc_request_assistance: Successfully requested Assistance from Assistance Provider(s). Request number [1] (maximum 1)  +++
I/RECON.GPS(  895): +++ GPSDriver::processAssistanceRequest: Assistance Request Received. Flags: [0xd] +++
D/ReconAGPS.Java(  895): +++ GPS Status callback. Status: [0x5], Extra: [0xd] +++
I/RXN_IntApp(  888): Start gpsPrnBitMask: -1, gloSlotBitMask 0
D/ReconAGPS.Java(  895): handleMessage(), msg.what : 2
I/RXN_IntApp(  888): EE/BCE callback 0
I/RXN_IntApp(  888): 1, 3, 5, 6, 7, 8, 9, 10, 11, 12, 13, 14, 15, 16, 17, 18, 19, 20, 21, 22, 23, 24, 26, 27, 28, 29, 30, 31, 
I/RXN_IntApp(  888): Finished: 0
I/NAVD.GPSC_APP_API(  870): +++ gpsc_app_assist_inject_req: Assistance set is complete, start the injection +++
I/NAVD.GPSC_STATE(  870): +++ StateGpscActive: State [ACTIVE], Event: [ASSIST_INJECT ] +++
I/NAVD.GPSC_APP_API(  870): +++ gpsc_app_assist_inject_req: Assistance set is complete, start the injection +++
I/NAVD.GPSC_STATE(  870): +++ StateGpscActive: State [ACTIVE], Event: [ASSIST_INJECT ] +++
I/NAVD.GPSC_MGP(  870): +++ gpsc_mgp_process_msg: AI_REP_SV_DIR +++
I/NAVD.GPSC_MGP(  870): +++ gpsc_mgp_process_msg: AI_REP_CLOCK +++
I/NAVD.GPSC_APP_API(  870): +++ gpsc_get_min_toe_diff: good_eph_count 8, toe_min 281 +++
I/NAVD.GPSC_SESS(  870): +++ gpsc_get_assistance_from_network: Requesting Assistance (toe_diff = 281) +++
I/NAVD.GPSC_APP_API(  870): +++ gpsc_request_assistance: Exceeded maximum number of Assistance Attempts (1). Assist Request (1) will not be sent +++
E/NAVD.GPSC_SESS(  870): +++ gpsc_get_assistance_from_network: Assistance Request Failure +++
I/NAVD.GPSC_MGP(  870): +++ gpsc_mgp_process_msg: AI_REP_SV_DIR +++
I/NAVD.GPSC_MGP(  870): +++ gpsc_mgp_process_msg: AI_REP_CLOCK +++
I/NAVD.GPSC_MGP(  870): +++ gpsc_mgp_process_msg: Ephemeris Report Received. SV ID: 7 +++
I/NAVD.GPSC_MGP(  870): +++ gpsc_mgp_process_msg: Ephemeris Report Received. SV ID: 9 +++
I/NAVD.GPSC_MGP(  870): +++ gpsc_mgp_process_msg: Ephemeris Report Received. SV ID: 11 +++
I/NAVD.GPSC_MGP(  870): +++ gpsc_mgp_process_msg: Ephemeris Report Received. SV ID: 23 +++
I/NAVD.GPSC_MGP(  870): +++ gpsc_mgp_process_msg: Ephemeris Report Received. SV ID: 30 +++
D/BTProperty(  582): getBTConnectionState from Settings.System
D/BTProperty(  582): BTConnectionState = 0
D/BTProperty(  582): getBTConnectionState from Settings.System
D/BTProperty(  582): BTConnectionState = 0
I/NAVD.GPSC_MGP_RX(  870): +++ gpsc_check_session_for_fix: Re-Request for MSB assistance. Number of consecutive Time-outs [5] +++/n
I/NAVD.GPSC_APP_API(  870): +++ gpsc_request_assistance: Assist Attempt [0] +++
I/NAVD.GPSC_APP_API(  870): +++ gpsc_request_assistance: GPS Time - Valid [1], Week [1895], MSec [157281000], Unc [0.001505] +++
I/NAVD.GPSC_MGP(  870): +++ recon_request_assistance: Sent Assistance Request [mask = 0xd] to Recon Status Pipe /data/gps/reconcontrol +++
I/NAVD.GPSC_APP_API(  870): +++ gpsc_request_assistance: Successfully requested Assistance from Assistance Provider(s). Request number [1] (maximum 1)  +++
I/RECON.GPS(  895): +++ GPSDriver::processAssistanceRequest: Assistance Request Received. Flags: [0xd] +++
D/ReconAGPS.Java(  895): +++ GPS Status callback. Status: [0x5], Extra: [0xd] +++
D/ReconAGPS.Java(  895): handleMessage(), msg.what : 2
I/RXN_IntApp(  888): Start gpsPrnBitMask: -1, gloSlotBitMask 0
I/RXN_IntApp(  888): EE/BCE callback 0
I/RXN_IntApp(  888): 1, 3, 5, 6, 7, 8, 9, 10, 11, 12, 13, 14, 15, 16, 17, 18, 19, 20, 21, 22, 23, 24, 26, 27, 28, 29, 30, 31, 
I/RXN_IntApp(  888): Finished: 0
I/NAVD.GPSC_APP_API(  870): +++ gpsc_app_assist_inject_req: Assistance set is complete, start the injection +++
I/NAVD.GPSC_STATE(  870): +++ StateGpscActive: State [ACTIVE], Event: [ASSIST_INJECT ] +++
I/NAVD.GPSC_APP_API(  870): +++ gpsc_app_assist_inject_req: Assistance set is complete, start the injection +++
I/NAVD.GPSC_STATE(  870): +++ StateGpscActive: State [ACTIVE], Event: [ASSIST_INJECT ] +++
I/NAVD.GPSC_MGP(  870): +++ gpsc_mgp_process_msg: AI_REP_SV_DIR +++
I/NAVD.GPSC_MGP(  870): +++ gpsc_mgp_process_msg: AI_REP_CLOCK +++
I/NAVD.GPSC_APP_API(  870): +++ gpsc_get_min_toe_diff: good_eph_count 8, toe_min 270 +++
I/NAVD.GPSC_SESS(  870): +++ gpsc_get_assistance_from_network: Requesting Assistance (toe_diff = 270) +++
I/NAVD.GPSC_APP_API(  870): +++ gpsc_request_assistance: Exceeded maximum number of Assistance Attempts (1). Assist Request (1) will not be sent +++
E/NAVD.GPSC_SESS(  870): +++ gpsc_get_assistance_from_network: Assistance Request Failure +++
I/NAVD.GPSC_MGP(  870): +++ gpsc_mgp_process_msg: AI_REP_SV_DIR +++
I/NAVD.GPSC_MGP(  870): +++ gpsc_mgp_process_msg: AI_REP_CLOCK +++
I/NAVD.GPSC_MGP(  870): +++ gpsc_mgp_process_msg: Ephemeris Report Received. SV ID: 1 +++
I/NAVD.GPSC_MGP(  870): +++ gpsc_mgp_process_msg: Ephemeris Report Received. SV ID: 7 +++
I/NAVD.GPSC_MGP(  870): +++ gpsc_mgp_process_msg: Ephemeris Report Received. SV ID: 9 +++
I/NAVD.GPSC_MGP(  870): +++ gpsc_mgp_process_msg: Ephemeris Report Received. SV ID: 11 +++
I/NAVD.GPSC_MGP(  870): +++ gpsc_mgp_process_msg: Ephemeris Report Received. SV ID: 23 +++
I/NAVD.GPSC_MGP(  870): +++ gpsc_mgp_process_msg: Ephemeris Report Received. SV ID: 30 +++
D/BTProperty(  582): getBTConnectionState from Settings.System
D/BTProperty(  582): BTConnectionState = 0
D/BTProperty(  582): getBTConnectionState from Settings.System
D/BTProperty(  582): BTConnectionState = 0
I/NAVD.GPSC_TIMER_API(  870): +++ gpsc_os_timer_expired_res: Timer Expired:19, GPSC State:ACTIVE, Sequence:GET ASSISTANCE   +++
I/NAVD.GPSC_MGP(  870): +++ gpsc_mgp_process_msg: AI_REP_CLOCK +++
I/NAVD.GPSC_MGP(  870): C_TIMER_RXN_EPHE_VALID Timer expired: request for assistance
I/NAVD.GPSC_APP_API(  870): +++ gpsc_request_assistance: Assist Attempt [0] +++
I/NAVD.GPSC_APP_API(  870): +++ gpsc_request_assistance: GPS Time - Valid [1], Week [1895], MSec [157409500], Unc [0.000045] +++
I/NAVD.GPSC_MGP(  870): +++ recon_request_assistance: Sent Assistance Request [mask = 0xd] to Recon Status Pipe /data/gps/reconcontrol +++
I/NAVD.GPSC_APP_API(  870): +++ gpsc_request_assistance: Successfully requested Assistance from Assistance Provider(s). Request number [1] (maximum 1)  +++
I/NAVD.GPSC_APP_API(  870): C_TIMER_RXN_EPHE_VALID Timer started
I/RECON.GPS(  895): +++ GPSDriver::processAssistanceRequest: Assistance Request Received. Flags: [0xd] +++
D/ReconAGPS.Java(  895): +++ GPS Status callback. Status: [0x5], Extra: [0xd] +++
D/ReconAGPS.Java(  895): handleMessage(), msg.what : 2
I/RXN_IntApp(  888): Start gpsPrnBitMask: -1, gloSlotBitMask 0
I/RXN_IntApp(  888): EE/BCE callback 1
I/RXN_IntApp(  888): 1, 3, 5, 6, 7, 8, 9, 10, 11, 12, 13, 14, 15, 16, 17, 18, 19, 20, 21, 22, 23, 24, 26, 27, 28, 29, 30, 31, 
I/RXN_IntApp(  888): Finished: 1
I/NAVD.GPSC_APP_API(  870): +++ gpsc_app_assist_inject_req: Assistance set is complete, start the injection +++
I/NAVD.GPSC_STATE(  870): +++ StateGpscActive: State [ACTIVE], Event: [ASSIST_INJECT ] +++
I/NAVD.GPSC_APP_API(  870): +++ gpsc_app_assist_inject_req: Assistance set is complete, start the injection +++
I/NAVD.GPSC_STATE(  870): +++ StateGpscActive: State [ACTIVE], Event: [ASSIST_INJECT ] +++
I/NAVD.GPSC_MGP(  870): +++ gpsc_mgp_process_msg: AI_REP_SV_DIR +++
I/NAVD.GPSC_MGP(  870): +++ gpsc_mgp_process_msg: AI_REP_CLOCK +++
I/NAVD.GPSC_APP_API(  870): +++ gpsc_get_min_toe_diff: good_eph_count 9, toe_min 174 +++
I/NAVD.GPSC_SESS(  870): +++ gpsc_get_assistance_from_network: Requesting Assistance (toe_diff = 174) +++
I/NAVD.GPSC_APP_API(  870): +++ gpsc_request_assistance: Exceeded maximum number of Assistance Attempts (1). Assist Request (1) will not be sent +++
E/NAVD.GPSC_SESS(  870): +++ gpsc_get_assistance_from_network: Assistance Request Failure +++
I/NAVD.GPSC_MGP(  870): +++ gpsc_mgp_process_msg: AI_REP_SV_DIR +++
I/NAVD.GPSC_MGP(  870): +++ gpsc_mgp_process_msg: AI_REP_CLOCK +++
I/NAVD.GPSC_MGP(  870): +++ gpsc_mgp_process_msg: Ephemeris Report Received. SV ID: 1 +++
I/NAVD.GPSC_MGP(  870): +++ gpsc_mgp_process_msg: Ephemeris Report Received. SV ID: 7 +++
I/NAVD.GPSC_MGP(  870): +++ gpsc_mgp_process_msg: Ephemeris Report Received. SV ID: 9 +++
I/NAVD.GPSC_MGP(  870): +++ gpsc_mgp_process_msg: Ephemeris Report Received. SV ID: 11 +++
I/NAVD.GPSC_MGP(  870): +++ gpsc_mgp_process_msg: Ephemeris Report Received. SV ID: 23 +++
I/NAVD.GPSC_MGP(  870): +++ gpsc_mgp_process_msg: Ephemeris Report Received. SV ID: 30 +++
I/NAVD.GPSC_MGP(  870): +++ gpsc_mgp_process_msg: Ephemeris Report Received. SV ID: 9 +++
V/ReconTranscend_service(  582): Periodic save
D/ReconTimeManager(  582): Saving state
V/SimpleLocationLogger(  582): dumping buffers to file
D/ReconAltManager(  582): Saving state
D/ReconSpeedManager(  582): Saving state
D/Distance Manager(  582): Saving state
D/ReconGradeManager(  582): Saving state
D/ReconRunManager(  582): Saving state
D/ReconRunManager(  582): Saving all time runs
D/ReconRunManager(  582): saving run info
D/ReconRunManager(  582): Attempt to marshal and write
D/ReconRunManager(  582): Attempt to flush
D/ReconTemperatureManager(  582): Saving state
D/ReconVerticalManager(  582): Saving state
D/ReconHRManager(  582): Saving state
D/ReconCadenceManager(  582): Saving state
D/ReconPowerManager(  582): Saving state
D/SportsActivityManager(  582): Saving state
D/ReconCalorieManager(  582): Saving state
I/NAVD.GPSC_TIMER_API(  870): +++ gpsc_os_timer_expired_res: Timer Expired:20, GPSC State:ACTIVE, Sequence:GET ASSISTANCE   +++
I/NAVD.GPSC_TIMER_API(  870): C_TIMER_NVS_SAVE timer expired, saving NVS state
I/NAVD.GPSC_DATABASE(  870): +++ Updated [/data/gps/aiding/GPSCPositionFile] Binary Position File. Data: +++
I/NAVD.GPSC_DATABASE(  870): +++ Updated [/data/gps/aiding/GPSCEphFile] Binary Ephemeris File. Data: +++
I/NAVD.GPSC_DATABASE(  870): +++ Updated [/data/gps/aiding/GPSCIonoFile] Binary Iono  File. Data: +++
I/NAVD.GPSC_DATABASE(  870): +++ Updated [/data/gps/aiding/GPSCUtcFile] Binary UTC File. Data: +++
I/NAVD.GPSC_DATABASE(  870): +++ Updated [/data/gps/aiding/GPSCAlmanacFile] Binary Almanac File. Data: +++
I/NAVD.GPSC_DATABASE(  870): +++ Updated [/data/gps/aiding/GPSCHealthFile] Binary Health File. Data: +++
I/NAVD.GPSC_DATABASE(  870): +++ Updated [/data/gps/aiding/GPSCTcxoFile] Binary TCXO File. Data: +++
I/NAVD.GPSC_TIMER_API(  870): C_TIMER_NVS_SAVE Timer started
W/ThrottleService(  293): unable to find stats for iface rmnet0
W/SocketClient(   92): write error (Broken pipe)
I/NAVD.GPSC_TIMER_API(  870): +++ gpsc_os_timer_expired_res: Timer Expired:19, GPSC State:ACTIVE, Sequence:GET ASSISTANCE   +++
I/NAVD.GPSC_MGP(  870): +++ gpsc_mgp_process_msg: AI_REP_CLOCK +++
I/NAVD.GPSC_MGP(  870): C_TIMER_RXN_EPHE_VALID Timer expired: request for assistance
I/NAVD.GPSC_APP_API(  870): +++ gpsc_request_assistance: Assist Attempt [0] +++
I/NAVD.GPSC_APP_API(  870): +++ gpsc_request_assistance: GPS Time - Valid [1], Week [1895], MSec [157649500], Unc [0.000146] +++
I/NAVD.GPSC_MGP(  870): +++ recon_request_assistance: Sent Assistance Request [mask = 0xd] to Recon Status Pipe /data/gps/reconcontrol +++
I/NAVD.GPSC_APP_API(  870): +++ gpsc_request_assistance: Successfully requested Assistance from Assistance Provider(s). Request number [1] (maximum 1)  +++
I/NAVD.GPSC_APP_API(  870): C_TIMER_RXN_EPHE_VALID Timer started
I/RECON.GPS(  895): +++ GPSDriver::processAssistanceRequest: Assistance Request Received. Flags: [0xd] +++
D/ReconAGPS.Java(  895): +++ GPS Status callback. Status: [0x5], Extra: [0xd] +++
D/ReconAGPS.Java(  895): handleMessage(), msg.what : 2
I/RXN_IntApp(  888): Start gpsPrnBitMask: -1, gloSlotBitMask 0
I/RXN_IntApp(  888): EE/BCE callback 1
I/RXN_IntApp(  888): 1, 3, 5, 6, 7, 8, 9, 10, 11, 12, 13, 14, 15, 16, 17, 18, 19, 20, 21, 22, 23, 24, 26, 27, 28, 29, 30, 31, 
I/RXN_IntApp(  888): Finished: 1
I/NAVD.GPSC_APP_API(  870): +++ gpsc_app_assist_inject_req: Assistance set is complete, start the injection +++
I/NAVD.GPSC_STATE(  870): +++ StateGpscActive: State [ACTIVE], Event: [ASSIST_INJECT ] +++
I/NAVD.GPSC_APP_API(  870): +++ gpsc_app_assist_inject_req: Assistance set is complete, start the injection +++
I/NAVD.GPSC_STATE(  870): +++ StateGpscActive: State [ACTIVE], Event: [ASSIST_INJECT ] +++
I/NAVD.GPSC_MGP(  870): +++ gpsc_mgp_process_msg: AI_REP_SV_DIR +++
I/NAVD.GPSC_MGP(  870): +++ gpsc_mgp_process_msg: AI_REP_CLOCK +++
I/NAVD.GPSC_APP_API(  870): +++ gpsc_get_min_toe_diff: good_eph_count 9, toe_min 62 +++
I/NAVD.GPSC_SESS(  870): +++ gpsc_get_assistance_from_network: Requesting Assistance (toe_diff = 62) +++
I/NAVD.GPSC_APP_API(  870): +++ gpsc_request_assistance: Exceeded maximum number of Assistance Attempts (1). Assist Request (1) will not be sent +++
E/NAVD.GPSC_SESS(  870): +++ gpsc_get_assistance_from_network: Assistance Request Failure +++
I/NAVD.GPSC_MGP(  870): +++ gpsc_mgp_process_msg: Ephemeris Report Received. SV ID: 1 +++
I/NAVD.GPSC_MGP(  870): +++ gpsc_mgp_process_msg: Ephemeris Report Received. SV ID: 7 +++
I/NAVD.GPSC_MGP(  870): +++ gpsc_mgp_process_msg: Ephemeris Report Received. SV ID: 11 +++
I/NAVD.GPSC_MGP(  870): +++ gpsc_mgp_process_msg: Ephemeris Report Received. SV ID: 23 +++
I/NAVD.GPSC_MGP(  870): +++ gpsc_mgp_process_msg: Ephemeris Report Received. SV ID: 28 +++
I/NAVD.GPSC_MGP(  870): +++ gpsc_mgp_process_msg: Ephemeris Report Received. SV ID: 30 +++
I/NAVD.GPSC_TIMER_API(  870): +++ gpsc_os_timer_expired_res: Timer Expired:19, GPSC State:ACTIVE, Sequence:GET ASSISTANCE   +++
I/NAVD.GPSC_MGP(  870): +++ gpsc_mgp_process_msg: AI_REP_CLOCK +++
I/NAVD.GPSC_MGP(  870): C_TIMER_RXN_EPHE_VALID Timer expired: request for assistance
I/NAVD.GPSC_APP_API(  870): +++ gpsc_request_assistance: Assist Attempt [0] +++
I/NAVD.GPSC_APP_API(  870): +++ gpsc_request_assistance: GPS Time - Valid [1], Week [1895], MSec [157889500], Unc [0.000245] +++
I/NAVD.GPSC_MGP(  870): +++ recon_request_assistance: Sent Assistance Request [mask = 0xd] to Recon Status Pipe /data/gps/reconcontrol +++
I/NAVD.GPSC_APP_API(  870): +++ gpsc_request_assistance: Successfully requested Assistance from Assistance Provider(s). Request number [1] (maximum 1)  +++
I/NAVD.GPSC_APP_API(  870): C_TIMER_RXN_EPHE_VALID Timer started
I/RECON.GPS(  895): +++ GPSDriver::processAssistanceRequest: Assistance Request Received. Flags: [0xd] +++
D/ReconAGPS.Java(  895): +++ GPS Status callback. Status: [0x5], Extra: [0xd] +++
D/ReconAGPS.Java(  895): handleMessage(), msg.what : 2
I/RXN_IntApp(  888): Start gpsPrnBitMask: -1, gloSlotBitMask 0
I/RXN_IntApp(  888): EE/BCE callback 1
I/RXN_IntApp(  888): 1, 3, 5, 6, 7, 8, 9, 10, 11, 12, 13, 14, 15, 16, 17, 18, 19, 20, 21, 22, 23, 24, 26, 27, 28, 29, 30, 31, 
I/RXN_IntApp(  888): Finished: 1
I/NAVD.GPSC_APP_API(  870): +++ gpsc_app_assist_inject_req: Assistance set is complete, start the injection +++
I/NAVD.GPSC_STATE(  870): +++ StateGpscActive: State [ACTIVE], Event: [ASSIST_INJECT ] +++
I/NAVD.GPSC_APP_API(  870): +++ gpsc_app_assist_inject_req: Assistance set is complete, start the injection +++
I/NAVD.GPSC_STATE(  870): +++ StateGpscActive: State [ACTIVE], Event: [ASSIST_INJECT ] +++
I/NAVD.GPSC_MGP(  870): +++ gpsc_mgp_process_msg: AI_REP_SV_DIR +++
I/NAVD.GPSC_MGP(  870): +++ gpsc_mgp_process_msg: AI_REP_CLOCK +++
I/NAVD.GPSC_APP_API(  870): +++ gpsc_get_min_toe_diff: good_eph_count 10, toe_min 62 +++
I/NAVD.GPSC_SESS(  870): +++ gpsc_get_assistance_from_network: Requesting Assistance (toe_diff = 62) +++
I/NAVD.GPSC_APP_API(  870): +++ gpsc_request_assistance: Exceeded maximum number of Assistance Attempts (1). Assist Request (1) will not be sent +++
E/NAVD.GPSC_SESS(  870): +++ gpsc_get_assistance_from_network: Assistance Request Failure +++
I/NAVD.GPSC_MGP(  870): +++ gpsc_mgp_process_msg: AI_REP_SV_DIR +++
I/NAVD.GPSC_MGP(  870): +++ gpsc_mgp_process_msg: AI_REP_CLOCK +++
I/NAVD.GPSC_MGP(  870): +++ gpsc_mgp_process_msg: Ephemeris Report Received. SV ID: 1 +++
I/NAVD.GPSC_MGP(  870): +++ gpsc_mgp_process_msg: Ephemeris Report Received. SV ID: 7 +++
I/NAVD.GPSC_MGP(  870): +++ gpsc_mgp_process_msg: Ephemeris Report Received. SV ID: 11 +++
I/NAVD.GPSC_MGP(  870): +++ gpsc_mgp_process_msg: Ephemeris Report Received. SV ID: 23 +++
I/NAVD.GPSC_MGP(  870): +++ gpsc_mgp_process_msg: Ephemeris Report Received. SV ID: 28 +++
I/NAVD.GPSC_MGP(  870): +++ gpsc_mgp_process_msg: Ephemeris Report Received. SV ID: 30 +++
I/NAVD.GPSC_MGP_RX(  870): +++ gpsc_check_session_for_fix: Re-Request for MSB assistance. Number of consecutive Time-outs [5] +++/n
I/NAVD.GPSC_APP_API(  870): +++ gpsc_request_assistance: Position Information Not Known +++
I/NAVD.GPSC_APP_API(  870): +++ gpsc_request_assistance: Assist Attempt [0] +++
I/NAVD.GPSC_APP_API(  870): +++ gpsc_request_assistance: GPS Time - Valid [1], Week [1895], MSec [157913000], Unc [0.000063] +++
I/NAVD.GPSC_MGP(  870): +++ recon_request_assistance: Sent Assistance Request [mask = 0xd] to Recon Status Pipe /data/gps/reconcontrol +++
I/NAVD.GPSC_APP_API(  870): +++ gpsc_request_assistance: Successfully requested Assistance from Assistance Provider(s). Request number [1] (maximum 1)  +++
I/RECON.GPS(  895): +++ GPSDriver::processAssistanceRequest: Assistance Request Received. Flags: [0xd] +++
D/ReconAGPS.Java(  895): +++ GPS Status callback. Status: [0x5], Extra: [0xd] +++
D/ReconAGPS.Java(  895): handleMessage(), msg.what : 2
I/RXN_IntApp(  888): Start gpsPrnBitMask: -1, gloSlotBitMask 0
I/RXN_IntApp(  888): EE/BCE callback 0
I/RXN_IntApp(  888): 1, 3, 5, 6, 7, 8, 9, 10, 11, 12, 13, 14, 15, 16, 17, 18, 19, 20, 21, 22, 23, 24, 26, 27, 28, 29, 30, 31, 
I/RXN_IntApp(  888): Finished: 0
I/NAVD.GPSC_APP_API(  870): +++ gpsc_app_assist_inject_req: Assistance set is complete, start the injection +++
I/NAVD.GPSC_STATE(  870): +++ StateGpscActive: State [ACTIVE], Event: [ASSIST_INJECT ] +++
I/NAVD.GPSC_APP_API(  870): +++ gpsc_app_assist_inject_req: Assistance set is complete, start the injection +++
I/NAVD.GPSC_STATE(  870): +++ StateGpscActive: State [ACTIVE], Event: [ASSIST_INJECT ] +++
I/NAVD.GPSC_MGP(  870): +++ gpsc_mgp_process_msg: AI_REP_SV_DIR +++
I/NAVD.GPSC_MGP(  870): +++ gpsc_mgp_process_msg: AI_REP_CLOCK +++
I/NAVD.GPSC_APP_API(  870): +++ gpsc_get_min_toe_diff: good_eph_count 10, toe_min 279 +++
I/NAVD.GPSC_SESS(  870): +++ gpsc_get_assistance_from_network: Requesting Assistance (toe_diff = 279) +++
I/NAVD.GPSC_APP_API(  870): +++ gpsc_request_assistance: Exceeded maximum number of Assistance Attempts (1). Assist Request (1) will not be sent +++
E/NAVD.GPSC_SESS(  870): +++ gpsc_get_assistance_from_network: Assistance Request Failure +++
I/NAVD.GPSC_MGP(  870): +++ gpsc_mgp_process_msg: AI_REP_SV_DIR +++
I/NAVD.GPSC_MGP(  870): +++ gpsc_mgp_process_msg: AI_REP_CLOCK +++
I/NAVD.GPSC_MGP(  870): +++ gpsc_mgp_process_msg: Ephemeris Report Received. SV ID: 1 +++
I/NAVD.GPSC_MGP(  870): +++ gpsc_mgp_process_msg: Ephemeris Report Received. SV ID: 7 +++
I/NAVD.GPSC_MGP(  870): +++ gpsc_mgp_process_msg: Ephemeris Report Received. SV ID: 11 +++
I/NAVD.GPSC_MGP(  870): +++ gpsc_mgp_process_msg: Ephemeris Report Received. SV ID: 23 +++
I/NAVD.GPSC_MGP(  870): +++ gpsc_mgp_process_msg: Ephemeris Report Received. SV ID: 28 +++
I/NAVD.GPSC_MGP(  870): +++ gpsc_mgp_process_msg: Ephemeris Report Received. SV ID: 30 +++
D/BTProperty(  582): getBTConnectionState from Settings.System
D/BTProperty(  582): BTConnectionState = 0
D/BTProperty(  582): getBTConnectionState from Settings.System
D/BTProperty(  582): BTConnectionState = 0
I/NAVD.GPSC_MGP(  870): +++ gpsc_mgp_process_msg: Ephemeris Report Received. SV ID: 11 +++
I/NAVD.GPSC_MGP(  870): +++ gpsc_mgp_process_msg: Almanac Report Received. SV ID: 19 +++
V/ReconTranscend_service(  582): Periodic save
D/ReconTimeManager(  582): Saving state
V/SimpleLocationLogger(  582): dumping buffers to file
D/ReconAltManager(  582): Saving state
D/ReconSpeedManager(  582): Saving state
D/Distance Manager(  582): Saving state
D/ReconGradeManager(  582): Saving state
D/ReconRunManager(  582): Saving state
D/ReconRunManager(  582): Saving all time runs
D/ReconRunManager(  582): saving run info
D/ReconRunManager(  582): Attempt to marshal and write
D/ReconRunManager(  582): Attempt to flush
D/ReconTemperatureManager(  582): Saving state
D/ReconVerticalManager(  582): Saving state
D/ReconHRManager(  582): Saving state
D/ReconCadenceManager(  582): Saving state
D/ReconPowerManager(  582): Saving state
D/SportsActivityManager(  582): Saving state
D/ReconCalorieManager(  582): Saving state
I/NAVD.GPSC_TIMER_API(  870): +++ gpsc_os_timer_expired_res: Timer Expired:20, GPSC State:ACTIVE, Sequence:GET ASSISTANCE   +++
I/NAVD.GPSC_TIMER_API(  870): C_TIMER_NVS_SAVE timer expired, saving NVS state
I/NAVD.GPSC_DATABASE(  870): +++ Updated [/data/gps/aiding/GPSCPositionFile] Binary Position File. Data: +++
I/NAVD.GPSC_DATABASE(  870): +++ Updated [/data/gps/aiding/GPSCEphFile] Binary Ephemeris File. Data: +++
I/NAVD.GPSC_DATABASE(  870): +++ Updated [/data/gps/aiding/GPSCIonoFile] Binary Iono  File. Data: +++
I/NAVD.GPSC_DATABASE(  870): +++ Updated [/data/gps/aiding/GPSCUtcFile] Binary UTC File. Data: +++
I/NAVD.GPSC_DATABASE(  870): +++ Updated [/data/gps/aiding/GPSCAlmanacFile] Binary Almanac File. Data: +++
I/NAVD.GPSC_DATABASE(  870): +++ Updated [/data/gps/aiding/GPSCHealthFile] Binary Health File. Data: +++
I/NAVD.GPSC_DATABASE(  870): +++ Updated [/data/gps/aiding/GPSCTcxoFile] Binary TCXO File. Data: +++
I/NAVD.GPSC_TIMER_API(  870): C_TIMER_NVS_SAVE Timer started
I/NAVD.GPSC_TIMER_API(  870): +++ gpsc_os_timer_expired_res: Timer Expired:19, GPSC State:ACTIVE, Sequence:GET ASSISTANCE   +++
I/NAVD.GPSC_MGP(  870): +++ gpsc_mgp_process_msg: AI_REP_CLOCK +++
I/NAVD.GPSC_MGP(  870): C_TIMER_RXN_EPHE_VALID Timer expired: request for assistance
I/NAVD.GPSC_APP_API(  870): +++ gpsc_request_assistance: Assist Attempt [0] +++
I/NAVD.GPSC_APP_API(  870): +++ gpsc_request_assistance: GPS Time - Valid [1], Week [1895], MSec [158129500], Unc [0.006928] +++
I/NAVD.GPSC_MGP(  870): +++ recon_request_assistance: Sent Assistance Request [mask = 0xd] to Recon Status Pipe /data/gps/reconcontrol +++
I/RECON.GPS(  895): +++ GPSDriver::processAssistanceRequest: Assistance Request Received. Flags: [0xd] +++
I/NAVD.GPSC_APP_API(  870): +++ gpsc_request_assistance: Successfully requested Assistance from Assistance Provider(s). Request number [1] (maximum 1)  +++
I/NAVD.GPSC_APP_API(  870): C_TIMER_RXN_EPHE_VALID Timer started
D/ReconAGPS.Java(  895): +++ GPS Status callback. Status: [0x5], Extra: [0xd] +++
D/ReconAGPS.Java(  895): handleMessage(), msg.what : 2
I/RXN_IntApp(  888): Start gpsPrnBitMask: -1, gloSlotBitMask 0
I/RXN_IntApp(  888): EE/BCE callback 1
I/RXN_IntApp(  888): 1, 3, 5, 6, 7, 8, 9, 10, 11, 12, 13, 14, 15, 16, 17, 18, 19, 20, 21, 22, 23, 24, 26, 27, 28, 29, 30, 31, 
I/RXN_IntApp(  888): Finished: 1
I/NAVD.GPSC_APP_API(  870): +++ gpsc_app_assist_inject_req: Assistance set is complete, start the injection +++
I/NAVD.GPSC_STATE(  870): +++ StateGpscActive: State [ACTIVE], Event: [ASSIST_INJECT ] +++
I/NAVD.GPSC_APP_API(  870): +++ gpsc_app_assist_inject_req: Assistance set is complete, start the injection +++
I/NAVD.GPSC_STATE(  870): +++ StateGpscActive: State [ACTIVE], Event: [ASSIST_INJECT ] +++
I/NAVD.GPSC_MGP(  870): +++ gpsc_mgp_process_msg: AI_REP_SV_DIR +++
I/NAVD.GPSC_MGP(  870): +++ gpsc_mgp_process_msg: AI_REP_CLOCK +++
I/NAVD.GPSC_APP_API(  870): +++ gpsc_get_min_toe_diff: good_eph_count 10, toe_min 78 +++
I/NAVD.GPSC_SESS(  870): +++ gpsc_get_assistance_from_network: Requesting Assistance (toe_diff = 78) +++
I/NAVD.GPSC_APP_API(  870): +++ gpsc_request_assistance: Exceeded maximum number of Assistance Attempts (1). Assist Request (1) will not be sent +++
E/NAVD.GPSC_SESS(  870): +++ gpsc_get_assistance_from_network: Assistance Request Failure +++
I/NAVD.GPSC_MGP(  870): +++ gpsc_mgp_process_msg: AI_REP_SV_DIR +++
I/NAVD.GPSC_MGP(  870): +++ gpsc_mgp_process_msg: AI_REP_CLOCK +++
I/NAVD.GPSC_MGP(  870): +++ gpsc_mgp_process_msg: Ephemeris Report Received. SV ID: 1 +++
I/NAVD.GPSC_MGP(  870): +++ gpsc_mgp_process_msg: Ephemeris Report Received. SV ID: 7 +++
I/NAVD.GPSC_MGP(  870): +++ gpsc_mgp_process_msg: Ephemeris Report Received. SV ID: 23 +++
I/NAVD.GPSC_MGP(  870): +++ gpsc_mgp_process_msg: Ephemeris Report Received. SV ID: 28 +++
I/NAVD.GPSC_MGP(  870): +++ gpsc_mgp_process_msg: Ephemeris Report Received. SV ID: 30 +++
W/ThrottleService(  293): unable to find stats for iface rmnet0
W/SocketClient(   92): write error (Broken pipe)
I/NAVD.GPSC_MGP_RX(  870): +++ gpsc_check_session_for_fix: Re-Request for MSB assistance. Number of consecutive Time-outs [5] +++/n
I/NAVD.GPSC_APP_API(  870): +++ gpsc_request_assistance: Position Information Not Known +++
I/NAVD.GPSC_APP_API(  870): +++ gpsc_request_assistance: Assist Attempt [0] +++
I/NAVD.GPSC_APP_API(  870): +++ gpsc_request_assistance: GPS Time - Valid [1], Week [1895], MSec [158228000], Unc [0.000061] +++
I/NAVD.GPSC_MGP(  870): +++ recon_request_assistance: Sent Assistance Request [mask = 0xd] to Recon Status Pipe /data/gps/reconcontrol +++
I/NAVD.GPSC_APP_API(  870): +++ gpsc_request_assistance: Successfully requested Assistance from Assistance Provider(s). Request number [1] (maximum 1)  +++
I/RECON.GPS(  895): +++ GPSDriver::processAssistanceRequest: Assistance Request Received. Flags: [0xd] +++
D/ReconAGPS.Java(  895): +++ GPS Status callback. Status: [0x5], Extra: [0xd] +++
D/ReconAGPS.Java(  895): handleMessage(), msg.what : 2
I/RXN_IntApp(  888): Start gpsPrnBitMask: -1, gloSlotBitMask 0
I/RXN_IntApp(  888): EE/BCE callback 0
I/RXN_IntApp(  888): 1, 3, 5, 6, 7, 8, 9, 10, 11, 12, 13, 14, 15, 16, 17, 18, 19, 20, 21, 22, 23, 24, 26, 27, 28, 29, 30, 31, 
I/RXN_IntApp(  888): Finished: 0
I/NAVD.GPSC_APP_API(  870): +++ gpsc_app_assist_inject_req: Assistance set is complete, start the injection +++
I/NAVD.GPSC_STATE(  870): +++ StateGpscActive: State [ACTIVE], Event: [ASSIST_INJECT ] +++
I/NAVD.GPSC_APP_API(  870): +++ gpsc_app_assist_inject_req: Assistance set is complete, start the injection +++
I/NAVD.GPSC_STATE(  870): +++ StateGpscActive: State [ACTIVE], Event: [ASSIST_INJECT ] +++
I/NAVD.GPSC_MGP(  870): +++ gpsc_mgp_process_msg: AI_REP_SV_DIR +++
I/NAVD.GPSC_MGP(  870): +++ gpsc_mgp_process_msg: AI_REP_CLOCK +++
I/NAVD.GPSC_APP_API(  870): +++ gpsc_get_min_toe_diff: good_eph_count 10, toe_min 204 +++
I/NAVD.GPSC_SESS(  870): +++ gpsc_get_assistance_from_network: Requesting Assistance (toe_diff = 204) +++
I/NAVD.GPSC_APP_API(  870): +++ gpsc_request_assistance: Exceeded maximum number of Assistance Attempts (1). Assist Request (1) will not be sent +++
E/NAVD.GPSC_SESS(  870): +++ gpsc_get_assistance_from_network: Assistance Request Failure +++
I/NAVD.GPSC_MGP(  870): +++ gpsc_mgp_process_msg: AI_REP_SV_DIR +++
I/NAVD.GPSC_MGP(  870): +++ gpsc_mgp_process_msg: AI_REP_CLOCK +++
I/NAVD.GPSC_MGP(  870): +++ gpsc_mgp_process_msg: Ephemeris Report Received. SV ID: 1 +++
I/NAVD.GPSC_MGP(  870): +++ gpsc_mgp_process_msg: Ephemeris Report Received. SV ID: 7 +++
I/NAVD.GPSC_MGP(  870): +++ gpsc_mgp_process_msg: Ephemeris Report Received. SV ID: 23 +++
I/NAVD.GPSC_MGP(  870): +++ gpsc_mgp_process_msg: Ephemeris Report Received. SV ID: 28 +++
I/NAVD.GPSC_MGP(  870): +++ gpsc_mgp_process_msg: Ephemeris Report Received. SV ID: 30 +++
D/BTProperty(  582): getBTConnectionState from Settings.System
D/BTProperty(  582): BTConnectionState = 0
D/BTProperty(  582): getBTConnectionState from Settings.System
D/BTProperty(  582): BTConnectionState = 0
I/NAVD.GPSC_TIMER_API(  870): +++ gpsc_os_timer_expired_res: Timer Expired:19, GPSC State:ACTIVE, Sequence:GET ASSISTANCE   +++
I/NAVD.GPSC_MGP(  870): +++ gpsc_mgp_process_msg: AI_REP_CLOCK +++
I/NAVD.GPSC_MGP(  870): C_TIMER_RXN_EPHE_VALID Timer expired: request for assistance
I/NAVD.GPSC_APP_API(  870): +++ gpsc_request_assistance: Assist Attempt [0] +++
I/NAVD.GPSC_APP_API(  870): +++ gpsc_request_assistance: GPS Time - Valid [1], Week [1895], MSec [158369500], Unc [0.000040] +++
I/NAVD.GPSC_MGP(  870): +++ recon_request_assistance: Sent Assistance Request [mask = 0xd] to Recon Status Pipe /data/gps/reconcontrol +++
I/NAVD.GPSC_APP_API(  870): +++ gpsc_request_assistance: Successfully requested Assistance from Assistance Provider(s). Request number [1] (maximum 1)  +++
I/NAVD.GPSC_APP_API(  870): C_TIMER_RXN_EPHE_VALID Timer started
I/RECON.GPS(  895): +++ GPSDriver::processAssistanceRequest: Assistance Request Received. Flags: [0xd] +++
D/ReconAGPS.Java(  895): +++ GPS Status callback. Status: [0x5], Extra: [0xd] +++
D/ReconAGPS.Java(  895): handleMessage(), msg.what : 2
I/RXN_IntApp(  888): Start gpsPrnBitMask: -1, gloSlotBitMask 0
I/RXN_IntApp(  888): EE/BCE callback 0
I/RXN_IntApp(  888): 1, 3, 5, 6, 7, 8, 9, 10, 11, 12, 13, 14, 15, 16, 17, 18, 19, 20, 21, 22, 23, 24, 26, 27, 28, 29, 30, 31, 
I/RXN_IntApp(  888): Finished: 0
I/NAVD.GPSC_APP_API(  870): +++ gpsc_app_assist_inject_req: Assistance set is complete, start the injection +++
I/NAVD.GPSC_STATE(  870): +++ StateGpscActive: State [ACTIVE], Event: [ASSIST_INJECT ] +++
I/NAVD.GPSC_APP_API(  870): +++ gpsc_app_assist_inject_req: Assistance set is complete, start the injection +++
I/NAVD.GPSC_STATE(  870): +++ StateGpscActive: State [ACTIVE], Event: [ASSIST_INJECT ] +++
I/NAVD.GPSC_MGP(  870): +++ gpsc_mgp_process_msg: AI_REP_SV_DIR +++
I/NAVD.GPSC_MGP(  870): +++ gpsc_mgp_process_msg: AI_REP_CLOCK +++
I/NAVD.GPSC_APP_API(  870): +++ gpsc_get_min_toe_diff: good_eph_count 10, toe_min 158 +++
I/NAVD.GPSC_SESS(  870): +++ gpsc_get_assistance_from_network: Requesting Assistance (toe_diff = 158) +++
I/NAVD.GPSC_APP_API(  870): +++ gpsc_request_assistance: Exceeded maximum number of Assistance Attempts (1). Assist Request (1) will not be sent +++
E/NAVD.GPSC_SESS(  870): +++ gpsc_get_assistance_from_network: Assistance Request Failure +++
I/NAVD.GPSC_MGP(  870): +++ gpsc_mgp_process_msg: AI_REP_SV_DIR +++
I/NAVD.GPSC_MGP(  870): +++ gpsc_mgp_process_msg: AI_REP_CLOCK +++
I/NAVD.GPSC_MGP(  870): +++ gpsc_mgp_process_msg: Ephemeris Report Received. SV ID: 1 +++
I/NAVD.GPSC_MGP(  870): +++ gpsc_mgp_process_msg: Ephemeris Report Received. SV ID: 7 +++
I/NAVD.GPSC_MGP(  870): +++ gpsc_mgp_process_msg: Ephemeris Report Received. SV ID: 23 +++
I/NAVD.GPSC_MGP(  870): +++ gpsc_mgp_process_msg: Ephemeris Report Received. SV ID: 28 +++
I/NAVD.GPSC_MGP(  870): +++ gpsc_mgp_process_msg: Ephemeris Report Received. SV ID: 30 +++
W/SocketClient(   92): write error (Broken pipe)
I/NAVD.GPSC_MGP(  870): +++ gpsc_mgp_process_msg: Ephemeris Report Received. SV ID: 27 +++
I/NAVD.GPSC_TIMER_API(  870): +++ gpsc_os_timer_expired_res: Timer Expired:19, GPSC State:ACTIVE, Sequence:GET ASSISTANCE   +++
I/NAVD.GPSC_MGP(  870): +++ gpsc_mgp_process_msg: AI_REP_CLOCK +++
I/NAVD.GPSC_MGP(  870): C_TIMER_RXN_EPHE_VALID Timer expired: request for assistance
I/NAVD.GPSC_APP_API(  870): +++ gpsc_request_assistance: Assist Attempt [0] +++
I/NAVD.GPSC_APP_API(  870): +++ gpsc_request_assistance: GPS Time - Valid [1], Week [1895], MSec [158609500], Unc [0.000058] +++
I/NAVD.GPSC_MGP(  870): +++ recon_request_assistance: Sent Assistance Request [mask = 0xd] to Recon Status Pipe /data/gps/reconcontrol +++
I/NAVD.GPSC_APP_API(  870): +++ gpsc_request_assistance: Successfully requested Assistance from Assistance Provider(s). Request number [1] (maximum 1)  +++
I/NAVD.GPSC_APP_API(  870): C_TIMER_RXN_EPHE_VALID Timer started
I/RECON.GPS(  895): +++ GPSDriver::processAssistanceRequest: Assistance Request Received. Flags: [0xd] +++
D/ReconAGPS.Java(  895): +++ GPS Status callback. Status: [0x5], Extra: [0xd] +++
D/ReconAGPS.Java(  895): handleMessage(), msg.what : 2
I/RXN_IntApp(  888): Start gpsPrnBitMask: -1, gloSlotBitMask 0
I/RXN_IntApp(  888): EE/BCE callback 0
I/RXN_IntApp(  888): 1, 3, 5, 6, 7, 8, 9, 10, 11, 12, 13, 14, 15, 16, 17, 18, 19, 20, 21, 22, 23, 24, 26, 27, 28, 29, 30, 31, 
I/RXN_IntApp(  888): Finished: 0
I/NAVD.GPSC_APP_API(  870): +++ gpsc_app_assist_inject_req: Assistance set is complete, start the injection +++
I/NAVD.GPSC_STATE(  870): +++ StateGpscActive: State [ACTIVE], Event: [ASSIST_INJECT ] +++
I/NAVD.GPSC_APP_API(  870): +++ gpsc_app_assist_inject_req: Assistance set is complete, start the injection +++
I/NAVD.GPSC_STATE(  870): +++ StateGpscActive: State [ACTIVE], Event: [ASSIST_INJECT ] +++
I/NAVD.GPSC_MGP(  870): +++ gpsc_mgp_process_msg: AI_REP_SV_DIR +++
I/NAVD.GPSC_MGP(  870): +++ gpsc_mgp_process_msg: AI_REP_CLOCK +++
I/NAVD.GPSC_APP_API(  870): +++ gpsc_get_min_toe_diff: good_eph_count 10, toe_min 62 +++
I/NAVD.GPSC_SESS(  870): +++ gpsc_get_assistance_from_network: Requesting Assistance (toe_diff = 62) +++
I/NAVD.GPSC_APP_API(  870): +++ gpsc_request_assistance: Exceeded maximum number of Assistance Attempts (1). Assist Request (1) will not be sent +++
E/NAVD.GPSC_SESS(  870): +++ gpsc_get_assistance_from_network: Assistance Request Failure +++
I/NAVD.GPSC_MGP(  870): +++ gpsc_mgp_process_msg: AI_REP_SV_DIR +++
I/NAVD.GPSC_MGP(  870): +++ gpsc_mgp_process_msg: AI_REP_CLOCK +++
I/NAVD.GPSC_MGP(  870): +++ gpsc_mgp_process_msg: Ephemeris Report Received. SV ID: 1 +++
I/NAVD.GPSC_MGP(  870): +++ gpsc_mgp_process_msg: Ephemeris Report Received. SV ID: 7 +++
I/NAVD.GPSC_MGP(  870): +++ gpsc_mgp_process_msg: Ephemeris Report Received. SV ID: 23 +++
I/NAVD.GPSC_MGP(  870): +++ gpsc_mgp_process_msg: Ephemeris Report Received. SV ID: 28 +++
I/NAVD.GPSC_MGP(  870): +++ gpsc_mgp_process_msg: Ephemeris Report Received. SV ID: 30 +++
I/NAVD.GPSC_MGP(  870): +++ gpsc_mgp_process_msg: Almanac Report Received. SV ID: 13 +++
V/ReconTranscend_service(  582): Periodic save
D/ReconTimeManager(  582): Saving state
V/SimpleLocationLogger(  582): dumping buffers to file
D/ReconAltManager(  582): Saving state
D/ReconSpeedManager(  582): Saving state
D/Distance Manager(  582): Saving state
D/ReconGradeManager(  582): Saving state
D/ReconRunManager(  582): Saving state
D/ReconRunManager(  582): Saving all time runs
D/ReconRunManager(  582): saving run info
